Archive member included because of file (symbol)

/usr/local/cross/i586-elf/lib/libx86.a(int86.o)
                              /home/antonio/Projects/aPlus/src/arch/screen.o (int86)
/usr/local/cross/i586-elf/lib/libc.a(lib_a-errno.o)
                              /home/antonio/Projects/aPlus/src/arch/task.o (__errno)
/usr/local/cross/i586-elf/lib/libc.a(lib_a-impure.o)
                              /usr/local/cross/i586-elf/lib/libc.a(lib_a-errno.o) (_impure_ptr)
/usr/local/cross/i586-elf/lib/libc.a(lib_a-memcpy.o)
                              /home/antonio/Projects/aPlus/src/arch/syscall.o (memcpy)
/usr/local/cross/i586-elf/lib/libc.a(lib_a-memset.o)
                              /home/antonio/Projects/aPlus/src/arch/task.o (memset)
/usr/local/cross/i586-elf/lib/libc.a(lib_a-mktime.o)
                              /home/antonio/Projects/aPlus/src/arch/desc.o (mktime)
/usr/local/cross/i586-elf/lib/libc.a(lib_a-mktm_r.o)
                              /usr/local/cross/i586-elf/lib/libc.a(lib_a-mktime.o) (__tzcalc_limits)
/usr/local/cross/i586-elf/lib/libc.a(lib_a-signal.o)
                              /home/antonio/Projects/aPlus/src/crt0.o (raise)
/usr/local/cross/i586-elf/lib/libc.a(lib_a-signalr.o)
                              /usr/local/cross/i586-elf/lib/libc.a(lib_a-signal.o) (_kill_r)
/usr/local/cross/i586-elf/lib/libc.a(lib_a-sprintf.o)
                              /home/antonio/Projects/aPlus/src/arch/syscall.o (sprintf)
/usr/local/cross/i586-elf/lib/libc.a(lib_a-strcat.o)
                              /home/antonio/Projects/aPlus/src/fs/procfs/procfs_cmdline.o (strcat)
/usr/local/cross/i586-elf/lib/libc.a(lib_a-strchr.o)
                              /home/antonio/Projects/aPlus/src/arch/syscall.o (strchr)
/usr/local/cross/i586-elf/lib/libc.a(lib_a-strcmp.o)
                              /home/antonio/Projects/aPlus/src/vfs.o (strcmp)
/usr/local/cross/i586-elf/lib/libc.a(lib_a-strcpy.o)
                              /home/antonio/Projects/aPlus/src/vfs.o (strcpy)
/usr/local/cross/i586-elf/lib/libc.a(lib_a-strdup.o)
                              /home/antonio/Projects/aPlus/src/arch/syscall.o (strdup)
/usr/local/cross/i586-elf/lib/libc.a(lib_a-strdup_r.o)
                              /usr/local/cross/i586-elf/lib/libc.a(lib_a-strdup.o) (_strdup_r)
/usr/local/cross/i586-elf/lib/libc.a(lib_a-strlen.o)
                              /home/antonio/Projects/aPlus/src/arch/syscall.o (strlen)
/usr/local/cross/i586-elf/lib/libc.a(lib_a-strncpy.o)
                              /home/antonio/Projects/aPlus/src/arch/syscall.o (strncpy)
/usr/local/cross/i586-elf/lib/libc.a(lib_a-svfprintf.o)
                              /usr/local/cross/i586-elf/lib/libc.a(lib_a-sprintf.o) (_svfprintf_r)
/usr/local/cross/i586-elf/lib/libc.a(lib_a-time.o)
                              /home/antonio/Projects/aPlus/src/vfs.o (time)
/usr/local/cross/i586-elf/lib/libc.a(lib_a-tzlock.o)
                              /usr/local/cross/i586-elf/lib/libc.a(lib_a-mktime.o) (__tz_lock)
/usr/local/cross/i586-elf/lib/libc.a(lib_a-tzvars.o)
                              /usr/local/cross/i586-elf/lib/libc.a(lib_a-mktime.o) (_daylight)
/usr/local/cross/i586-elf/lib/libc.a(lib_a-vsprintf.o)
                              /home/antonio/Projects/aPlus/src/arch/syscall.o (vsprintf)
/usr/local/cross/i586-elf/lib/libc.a(lib_a-div.o)
                              /usr/local/cross/i586-elf/lib/libc.a(lib_a-mktime.o) (div)
/usr/local/cross/i586-elf/lib/libc.a(lib_a-dtoa.o)
                              /usr/local/cross/i586-elf/lib/libc.a(lib_a-svfprintf.o) (_dtoa_r)
/usr/local/cross/i586-elf/lib/libc.a(lib_a-gettimeofdayr.o)
                              /usr/local/cross/i586-elf/lib/libc.a(lib_a-time.o) (_gettimeofday_r)
/usr/local/cross/i586-elf/lib/libc.a(lib_a-gettzinfo.o)
                              /usr/local/cross/i586-elf/lib/libc.a(lib_a-mktime.o) (__gettzinfo)
/usr/local/cross/i586-elf/lib/libc.a(lib_a-locale.o)
                              /usr/local/cross/i586-elf/lib/libc.a(lib_a-svfprintf.o) (_localeconv_r)
/usr/local/cross/i586-elf/lib/libc.a(lib_a-memchr.o)
                              /usr/local/cross/i586-elf/lib/libc.a(lib_a-svfprintf.o) (memchr)
/usr/local/cross/i586-elf/lib/libc.a(lib_a-mprec.o)
                              /usr/local/cross/i586-elf/lib/libc.a(lib_a-dtoa.o) (_Balloc)
/usr/local/cross/i586-elf/lib/libc.a(lib_a-s_fpclassify.o)
                              /usr/local/cross/i586-elf/lib/libc.a(lib_a-svfprintf.o) (__fpclassifyd)
/usr/local/cross/i586-elf/lib/libc.a(lib_a-svfiprintf.o)
                              /usr/local/cross/i586-elf/lib/libc.a(lib_a-svfprintf.o) (__ssprint_r)
/usr/local/cross/i586-elf/lib/libc.a(lib_a-memmove.o)
                              /usr/local/cross/i586-elf/lib/libc.a(lib_a-svfiprintf.o) (memmove)

Allocating common symbols
Common symbol       size              file

errno               0x4               /home/antonio/Projects/aPlus/src/crt0.o
fs_root             0x4               /home/antonio/Projects/aPlus/src/vfs.o

Memory Configuration

Name             Origin             Length             Attributes
*default*        0x0000000000000000 0xffffffffffffffff

Linker script and memory map

                0x0000000000100000                . = 0x100000

.multiboot      0x0000000000100000       0x20
                0x0000000000100000                multiboot = .
                0x0000000000100000                _multiboot = .
                0x0000000000100000                __multiboot = .
 *(.multiboot)
 .multiboot     0x0000000000100000       0x20 /home/antonio/Projects/aPlus/src/arch/loader.o

.text           0x0000000000100020    0x1050d
                0x0000000000100020                text = .
                0x0000000000100020                _text = .
                0x0000000000100020                __text = .
 *(.text)
 .text          0x0000000000100020      0x717 /home/antonio/Projects/aPlus/src/arch/task.o
                0x0000000000100105                task_init
                0x000000000010020b                task_create_with_data
                0x000000000010039a                task_zombie
                0x00000000001003b6                task_idle
                0x00000000001003d4                task_wakeup
                0x00000000001003f0                task_setpriority
                0x000000000010040b                sched_enable
                0x0000000000100417                sched_disable
                0x0000000000100423                task_dosignal
                0x00000000001004a2                schedule
                0x00000000001005af                task_create
                0x00000000001005d1                task_exit2
                0x0000000000100667                task_exit
                0x0000000000100683                task_getbypid
                0x00000000001006bd                task_wait
                0x000000000010071c                task_waitpid
 .text          0x0000000000100737     0x15d9 /home/antonio/Projects/aPlus/src/arch/syscall.o
                0x00000000001008fd                syscall__exit
                0x0000000000100920                syscall__chown
                0x0000000000100986                syscall__close
                0x0000000000100a09                syscall(...)(long long,...)(char, void,...)
                0x0000000000100d42                syscall__fork
                0x0000000000100d5a                syscall__fstat
                0x0000000000100f15                syscall__getpid
                0x0000000000100f31                syscall_gettimeofday
                0x0000000000100f91                syscall__kill
                0x0000000000100fec                syscall__link
                0x0000000000101004                syscall__lseek
                0x0000000000101123                syscall__open
                0x00000000001011d6                syscall__read
                0x0000000000101299                syscall__readlink
                0x0000000000101314                syscall__stat
                0x0000000000101418                syscall__symlink
                0x0000000000101523                syscall__times
                0x000000000010158e                syscall__unlink
                0x0000000000101593                syscall__wait
                0x00000000001015b4                syscall__write
                0x0000000000101677                syscall__readdir
                0x000000000010173f                syscall_ioctl
                0x00000000001017e2                syscall_mount
                0x00000000001018da                syscall_umount
                0x0000000000101944                syscall_tell
                0x00000000001019d4                syscall___get_argv
                0x00000000001019f1                syscall___get_env
                0x0000000000101a0e                syscall_pipe
                0x0000000000101b4e                syscall_chdir
                0x0000000000101bb1                syscall___install_signal_handler
                0x0000000000101be6                syscall_malloc
                0x0000000000101bf9                syscall_free
                0x0000000000101c0c                syscall_aplus_thread_create
                0x0000000000101c43                syscall_aplus_thread_idle
                0x0000000000101c50                syscall_aplus_thread_wakeup
                0x0000000000101c5d                syscall_aplus_thread_zombie
                0x0000000000101c6a                syscall_handler
 .text          0x0000000000101d10      0x600 /home/antonio/Projects/aPlus/src/arch/mm.o
                0x0000000000101db4                mm_alloc
                0x0000000000101df9                mm_free
                0x0000000000101e19                mm_enablepaging
                0x0000000000101e43                mm_disablepaging
                0x0000000000101e5d                vmm_switch
                0x0000000000101e8d                vmm_map
                0x0000000000101f5a                vmm_unmap
                0x0000000000101fc2                mm_create_addrspace
                0x000000000010201f                mm_map_kernel
                0x000000000010204e                kmalloc
                0x00000000001020d2                kfree
                0x000000000010217a                mm_init
                0x0000000000102239                pagefault_handler
 .text          0x0000000000102310     0x10fe /home/antonio/Projects/aPlus/src/arch/desc.o
                0x000000000010232c                gdt_load
                0x0000000000102349                idt_load
                0x0000000000102351                isr_stub
                0x0000000000102379                irq_stub
                0x00000000001023a1                isr_handler
                0x0000000000102483                irq_handler
                0x00000000001024ea                pit_handler
                0x00000000001025b1                desc_init
                0x00000000001031a6                irq_set
                0x00000000001031d8                irq_unset
                0x000000000010323d                pit_gettime
                0x00000000001033fe                pit_getticks
 .text          0x000000000010340e      0x9a2 /home/antonio/Projects/aPlus/src/arch/screen.o
                0x0000000000103565                video_putc
                0x000000000010383b                video_puts
                0x000000000010387c                video_getc
                0x0000000000103903                video_clear
                0x000000000010397a                video_init
 .text          0x0000000000103db0      0x66d /home/antonio/Projects/aPlus/src/vfs.o
                0x0000000000103e32                fs_ioctl
                0x0000000000103e78                fs_read
                0x0000000000103ebe                fs_write
                0x0000000000103f04                fs_trunc
                0x0000000000103f3c                fs_allocate
                0x0000000000103f7b                fs_readdir
                0x0000000000103fb3                fs_finddir
                0x0000000000103ff2                fs_creat
                0x0000000000104038                fs_remove
                0x0000000000104077                fs_destroy
                0x00000000001040af                fs_nextinode
                0x00000000001040c2                fs_chroot
                0x0000000000104105                fs_mount
                0x00000000001041a3                fs_umount
                0x000000000010420d                vfs_init
 .text          0x000000000010441d      0x70f /home/antonio/Projects/aPlus/src/elf.o
                0x000000000010446d                elf_check_file
                0x0000000000104506                elf_check_supported
                0x0000000000104ad2                elf_load_file
 .text          0x0000000000104b2c       0xbd /home/antonio/Projects/aPlus/src/panic.o
                0x0000000000104b7c                __panic
 .text          0x0000000000104be9      0x95b /home/antonio/Projects/aPlus/src/crt0.o
                0x0000000000104be9                _exit
                0x0000000000104c0f                chown
                0x0000000000104c4e                close
                0x0000000000104c83                execve
                0x0000000000104cb4                fork
                0x0000000000104ceb                fstat
                0x0000000000104d1e                getpid
                0x0000000000104d55                gettimeofday
                0x0000000000104d88                isatty
                0x0000000000104d99                kill
                0x0000000000104dcc                link
                0x0000000000104dff                lseek
                0x0000000000104e30                open
                0x0000000000104e61                read
                0x0000000000104e92                readlink
                0x0000000000104ec3                sbrk
                0x0000000000104ef9                stat
                0x0000000000104f2c                symlink
                0x0000000000104f5f                times
                0x0000000000104f94                unlink
                0x0000000000104fc9                wait
                0x0000000000104ffe                write
                0x000000000010502f                readdir
                0x0000000000105079                ioctl
                0x00000000001050aa                mount
                0x00000000001050d7                umount2
                0x000000000010510a                umount
                0x0000000000105125                tell
                0x000000000010515a                __get_argv
                0x0000000000105191                __get_env
                0x00000000001051c8                pipe
                0x00000000001051fd                chdir
                0x0000000000105232                __install_signal_handler
                0x0000000000105267                malloc
                0x000000000010529c                free
                0x00000000001052c5                aplus_thread_create
                0x00000000001052f6                aplus_thread_idle
                0x0000000000105321                aplus_thread_wakeup
                0x000000000010534c                aplus_thread_zombie
                0x0000000000105377                opendir
                0x00000000001053d8                closedir
                0x0000000000105414                rewinddir
                0x0000000000105436                seekdir
                0x0000000000105456                telldir
                0x0000000000105478                scandir
                0x0000000000105482                _malloc_r
                0x0000000000105495                _free_r
                0x00000000001054a8                _calloc_r
                0x00000000001054c6                _realloc_r
                0x0000000000105531                __signal_handler__
 .text          0x0000000000105544      0x674 /home/antonio/Projects/aPlus/src/rootfs.o
                0x0000000000105544                rootfs_readdir
                0x0000000000105635                rootfs_finddir
                0x000000000010570a                rootfs_remove
                0x000000000010585a                rootfs_creat
                0x0000000000105b22                rootfs_init
 .text          0x0000000000105bb8      0x2dc /home/antonio/Projects/aPlus/src/tty.o
                0x0000000000105c08                tty_ioctl
                0x0000000000105c8b                tty_read
                0x0000000000105d4e                tty_write
                0x0000000000105dad                tty_trunc
                0x0000000000105dce                tty_init
 .text          0x0000000000105e94       0xc3 /home/antonio/Projects/aPlus/src/spinlock.o
                0x0000000000105e94                spinlock_lock
                0x0000000000105ee0                spinlock_unlock
                0x0000000000105f0e                spinlock_trylock
 .text          0x0000000000105f57       0xab /home/antonio/Projects/aPlus/src/main.o
                0x0000000000105f57                sysidle
                0x0000000000105f72                main
 .text          0x0000000000106002       0x58 /home/antonio/Projects/aPlus/src/fs/initfs/initfs_mount.o
                0x0000000000106002                initfs_mount
 .text          0x000000000010605a      0x510 /home/antonio/Projects/aPlus/src/fs/initfs/initfs.o
                0x000000000010605a                initfs_read
                0x0000000000106164                initfs_readdir
                0x0000000000106257                initfs_finddir
 .text          0x000000000010656a      0x30b /home/antonio/Projects/aPlus/src/fs/ramdev.o
                0x00000000001065ba                ramdev_read
                0x00000000001066a9                ramdev_write
                0x0000000000106798                ramdev_destroy
                0x00000000001067c3                ramdev_create
 .text          0x0000000000106875      0x2af /home/antonio/Projects/aPlus/src/fs/procfs/procfs_task.o
                0x0000000000106875                procfs_task_create
 .text          0x0000000000106b24      0x305 /home/antonio/Projects/aPlus/src/fs/procfs/procfs_cmdline.o
                0x0000000000106b24                procfs_cmdline_read
                0x0000000000106b7d                procfs_cmdline_destroy
                0x0000000000106ba8                procfs_cmdline_create
 .text          0x0000000000106e29       0xe4 /home/antonio/Projects/aPlus/src/fs/procfs/procfs_mount.o
                0x0000000000106e29                procfs_mount
 .text          0x0000000000106f0d      0x1fb /home/antonio/Projects/aPlus/src/fs/procfs/procfs_cwd.o
                0x0000000000106f0d                procfs_cwd_create
 .text          0x0000000000107108      0x352 /home/antonio/Projects/aPlus/src/fs/procfs/procfs_filesystems.o
                0x0000000000107108                procfs_filesystems_updatebuf
                0x00000000001071ac                procfs_filesystems_read
                0x0000000000107205                procfs_filesystems_destroy
                0x0000000000107230                procfs_filesystems_create
 .text          0x000000000010745a      0x2ff /home/antonio/Projects/aPlus/src/fs/procfs/procfs_environ.o
                0x000000000010745a                procfs_environ_read
                0x00000000001074b3                procfs_environ_destroy
                0x00000000001074de                procfs_environ_create
 .text          0x0000000000107759      0x33a /home/antonio/Projects/aPlus/src/fs/procfs/procfs_meminfo.o
                0x00000000001077ef                procfs_meminfo_read
                0x0000000000107859                procfs_meminfo_destroy
                0x0000000000107884                procfs_meminfo_create
 .text          0x0000000000107a93      0x92e /home/antonio/Projects/aPlus/src/fs/procfs/procfs.o
                0x0000000000107b2a                procfs_add_inode
                0x0000000000107bbb                procfs_readdir
                0x0000000000107d74                procfs_finddir
                0x0000000000107f17                procfs_remove
                0x0000000000108086                procfs_creat
                0x000000000010834f                procfs_destroy
 .text          0x00000000001083c1      0x650 /home/antonio/Projects/aPlus/src/fs/procfs/procfs_fd.o
                0x00000000001083c1                procfs_fd_readdir
                0x00000000001084f6                procfs_fd_finddir
                0x0000000000108827                procfs_fd_create
 .text          0x0000000000108a11      0x30a /home/antonio/Projects/aPlus/src/fs/pipe.o
                0x0000000000108a11                pipe_read
                0x0000000000108b23                pipe_write
                0x0000000000108bf8                pipe_destroy
                0x0000000000108c36                pipe_create
 .text          0x0000000000108d1b      0x138 /home/antonio/Projects/aPlus/src/initrd.o
                0x0000000000108d6b                initrd_init
 *fill*         0x0000000000108e53        0xd 
 .text          0x0000000000108e60       0x68 /home/antonio/Projects/aPlus/src/arch/loader.o
                0x0000000000108e60                _start
                0x0000000000108ec0                mbd
                0x0000000000108ec4                magic
 *fill*         0x0000000000108ec8        0x8 
 .text          0x0000000000108ed0      0x220 /home/antonio/Projects/aPlus/src/arch/_desc.o
                0x0000000000108ed0                isr0
                0x0000000000108ed9                isr1
                0x0000000000108ee2                isr2
                0x0000000000108eeb                isr3
                0x0000000000108ef4                isr4
                0x0000000000108efd                isr5
                0x0000000000108f06                isr6
                0x0000000000108f0f                isr7
                0x0000000000108f18                isr8
                0x0000000000108f1f                isr9
                0x0000000000108f28                isr10
                0x0000000000108f2f                isr11
                0x0000000000108f36                isr12
                0x0000000000108f3d                isr13
                0x0000000000108f44                isr15
                0x0000000000108f4d                isr16
                0x0000000000108f56                isr17
                0x0000000000108f5f                isr18
                0x0000000000108f68                isr19
                0x0000000000108f71                isr20
                0x0000000000108f7a                isr21
                0x0000000000108f83                isr22
                0x0000000000108f8c                isr23
                0x0000000000108f95                isr24
                0x0000000000108f9e                isr25
                0x0000000000108fa7                isr26
                0x0000000000108fb0                isr27
                0x0000000000108fb9                isr28
                0x0000000000108fc2                isr29
                0x0000000000108fcb                isr30
                0x0000000000108fd4                isr31
                0x0000000000108fdd                irq1
                0x0000000000108fe6                irq2
                0x0000000000108fef                irq3
                0x0000000000108ff8                irq4
                0x0000000000109001                irq5
                0x000000000010900a                irq6
                0x0000000000109013                irq7
                0x000000000010901c                irq8
                0x0000000000109025                irq9
                0x000000000010902e                irq10
                0x0000000000109037                irq11
                0x0000000000109040                irq12
                0x0000000000109049                irq13
                0x0000000000109052                irq14
                0x000000000010905b                irq15
                0x0000000000109064                irq0
                0x0000000000109095                isr0x80
                0x00000000001090c6                isr14
 .text          0x00000000001090f0      0x14c /usr/local/cross/i586-elf/lib/libx86.a(int86.o)
                0x00000000001090f0                int86
 *fill*         0x000000000010923c        0x4 
 .text          0x0000000000109240        0x6 /usr/local/cross/i586-elf/lib/libc.a(lib_a-errno.o)
                0x0000000000109240                __errno
 .text          0x0000000000109246        0x0 /usr/local/cross/i586-elf/lib/libc.a(lib_a-impure.o)
 *fill*         0x0000000000109246        0x2 
 .text          0x0000000000109248       0x48 /usr/local/cross/i586-elf/lib/libc.a(lib_a-memcpy.o)
                0x0000000000109248                memcpy
 .text          0x0000000000109290       0x88 /usr/local/cross/i586-elf/lib/libc.a(lib_a-memset.o)
                0x0000000000109290                memset
 *fill*         0x0000000000109318        0x8 
 .text          0x0000000000109320      0x78a /usr/local/cross/i586-elf/lib/libc.a(lib_a-mktime.o)
                0x0000000000109630                mktime
 *fill*         0x0000000000109aaa        0x6 
 .text          0x0000000000109ab0      0x6a0 /usr/local/cross/i586-elf/lib/libc.a(lib_a-mktm_r.o)
                0x0000000000109ab0                __tzcalc_limits
                0x0000000000109cf0                _mktm_r
 .text          0x000000000010a150      0x29c /usr/local/cross/i586-elf/lib/libc.a(lib_a-signal.o)
                0x000000000010a150                _init_signal_r
                0x000000000010a1b0                _signal_r
                0x000000000010a210                _raise_r
                0x000000000010a2c0                __sigtramp_r
                0x000000000010a360                raise
                0x000000000010a380                signal
                0x000000000010a3b0                _init_signal
                0x000000000010a3d0                __sigtramp
 *fill*         0x000000000010a3ec        0x4 
 .text          0x000000000010a3f0       0x55 /usr/local/cross/i586-elf/lib/libc.a(lib_a-signalr.o)
                0x000000000010a3f0                _kill_r
                0x000000000010a440                _getpid_r
 *fill*         0x000000000010a445        0xb 
 .text          0x000000000010a450       0xdc /usr/local/cross/i586-elf/lib/libc.a(lib_a-sprintf.o)
                0x000000000010a450                _sprintf_r
                0x000000000010a4c0                sprintf
 *fill*         0x000000000010a52c        0x4 
 .text          0x000000000010a530       0x6e /usr/local/cross/i586-elf/lib/libc.a(lib_a-strcat.o)
                0x000000000010a530                strcat
 *fill*         0x000000000010a59e        0x2 
 .text          0x000000000010a5a0       0xfc /usr/local/cross/i586-elf/lib/libc.a(lib_a-strchr.o)
                0x000000000010a5a0                strchr
 *fill*         0x000000000010a69c        0x4 
 .text          0x000000000010a6a0       0x73 /usr/local/cross/i586-elf/lib/libc.a(lib_a-strcmp.o)
                0x000000000010a6a0                strcmp
 *fill*         0x000000000010a713        0xd 
 .text          0x000000000010a720       0x60 /usr/local/cross/i586-elf/lib/libc.a(lib_a-strcpy.o)
                0x000000000010a720                strcpy
 .text          0x000000000010a780       0x1c /usr/local/cross/i586-elf/lib/libc.a(lib_a-strdup.o)
                0x000000000010a780                strdup
 *fill*         0x000000000010a79c        0x4 
 .text          0x000000000010a7a0       0x44 /usr/local/cross/i586-elf/lib/libc.a(lib_a-strdup_r.o)
                0x000000000010a7a0                _strdup_r
 *fill*         0x000000000010a7e4        0xc 
 .text          0x000000000010a7f0       0x79 /usr/local/cross/i586-elf/lib/libc.a(lib_a-strlen.o)
                0x000000000010a7f0                strlen
 *fill*         0x000000000010a869        0x7 
 .text          0x000000000010a870       0xa0 /usr/local/cross/i586-elf/lib/libc.a(lib_a-strncpy.o)
                0x000000000010a870                strncpy
 .text          0x000000000010a910     0x20de /usr/local/cross/i586-elf/lib/libc.a(lib_a-svfprintf.o)
                0x000000000010a910                _svfprintf_r
 *fill*         0x000000000010c9ee        0x2 
 .text          0x000000000010c9f0       0x45 /usr/local/cross/i586-elf/lib/libc.a(lib_a-time.o)
                0x000000000010c9f0                time
 *fill*         0x000000000010ca35        0xb 
 .text          0x000000000010ca40       0x11 /usr/local/cross/i586-elf/lib/libc.a(lib_a-tzlock.o)
                0x000000000010ca40                __tz_lock
                0x000000000010ca50                __tz_unlock
 .text          0x000000000010ca51        0x0 /usr/local/cross/i586-elf/lib/libc.a(lib_a-tzvars.o)
 *fill*         0x000000000010ca51        0xf 
 .text          0x000000000010ca60       0x9c /usr/local/cross/i586-elf/lib/libc.a(lib_a-vsprintf.o)
                0x000000000010ca60                _vsprintf_r
                0x000000000010cad0                vsprintf
 *fill*         0x000000000010cafc        0x4 
 .text          0x000000000010cb00       0x5f /usr/local/cross/i586-elf/lib/libc.a(lib_a-div.o)
                0x000000000010cb00                div
 *fill*         0x000000000010cb5f        0x1 
 .text          0x000000000010cb60     0x16f7 /usr/local/cross/i586-elf/lib/libc.a(lib_a-dtoa.o)
                0x000000000010cd70                _dtoa_r
 *fill*         0x000000000010e257        0x9 
 .text          0x000000000010e260       0x44 /usr/local/cross/i586-elf/lib/libc.a(lib_a-gettimeofdayr.o)
                0x000000000010e260                _gettimeofday_r
 *fill*         0x000000000010e2a4        0xc 
 .text          0x000000000010e2b0        0x6 /usr/local/cross/i586-elf/lib/libc.a(lib_a-gettzinfo.o)
                0x000000000010e2b0                __gettzinfo
 *fill*         0x000000000010e2b6        0xa 
 .text          0x000000000010e2c0       0xf6 /usr/local/cross/i586-elf/lib/libc.a(lib_a-locale.o)
                0x000000000010e2c0                _setlocale_r
                0x000000000010e330                __locale_charset
                0x000000000010e340                __locale_mb_cur_max
                0x000000000010e350                __locale_msgcharset
                0x000000000010e360                __locale_cjk_lang
                0x000000000010e370                _localeconv_r
                0x000000000010e380                setlocale
                0x000000000010e3b0                localeconv
 *fill*         0x000000000010e3b6        0xa 
 .text          0x000000000010e3c0       0x95 /usr/local/cross/i586-elf/lib/libc.a(lib_a-memchr.o)
                0x000000000010e3c0                memchr
 *fill*         0x000000000010e455        0xb 
 .text          0x000000000010e460      0xf38 /usr/local/cross/i586-elf/lib/libc.a(lib_a-mprec.o)
                0x000000000010e460                _Balloc
                0x000000000010e500                _Bfree
                0x000000000010e520                __multadd
                0x000000000010e630                __s2b
                0x000000000010e740                __hi0bits
                0x000000000010e7b0                __lo0bits
                0x000000000010e840                __i2b
                0x000000000010e870                __multiply
                0x000000000010ea90                __pow5mult
                0x000000000010ebb0                __lshift
                0x000000000010ed00                __mcmp
                0x000000000010ed60                __mdiff
                0x000000000010eef0                __ulp
                0x000000000010ef80                __b2d
                0x000000000010f090                __d2b
                0x000000000010f1c0                __ratio
                0x000000000010f260                _mprec_log10
                0x000000000010f2a0                __copybits
                0x000000000010f310                __any_on
 *fill*         0x000000000010f398        0x8 
 .text          0x000000000010f3a0       0x61 /usr/local/cross/i586-elf/lib/libc.a(lib_a-s_fpclassify.o)
                0x000000000010f3a0                __fpclassifyd
 *fill*         0x000000000010f401        0xf 
 .text          0x000000000010f410     0x1082 /usr/local/cross/i586-elf/lib/libc.a(lib_a-svfiprintf.o)
                0x000000000010f410                __ssprint_r
                0x000000000010f650                _svfiprintf_r
 *fill*         0x0000000000110492        0xe 
 .text          0x00000000001104a0       0x8d /usr/local/cross/i586-elf/lib/libc.a(lib_a-memmove.o)
                0x00000000001104a0                memmove

.iplt           0x0000000000110530        0x0
 .iplt          0x0000000000000000        0x0 /home/antonio/Projects/aPlus/src/arch/task.o

.rodata         0x0000000000110540      0xe6c
                0x0000000000110540                rodata = .
                0x0000000000110540                _rodata = .
                0x0000000000110540                __rodata = .
 *(.rodata*)
 .rodata        0x0000000000110540       0x5b /home/antonio/Projects/aPlus/src/arch/task.o
 *fill*         0x000000000011059b        0x1 
 .rodata        0x000000000011059c       0x97 /home/antonio/Projects/aPlus/src/arch/syscall.o
 *fill*         0x0000000000110633        0x1 
 .rodata        0x0000000000110634       0xfc /home/antonio/Projects/aPlus/src/arch/mm.o
 .rodata        0x0000000000110730      0x183 /home/antonio/Projects/aPlus/src/arch/desc.o
 *fill*         0x00000000001108b3        0x1 
 .rodata        0x00000000001108b4       0x38 /home/antonio/Projects/aPlus/src/arch/screen.o
 .rodata        0x00000000001108ec        0x2 /home/antonio/Projects/aPlus/src/vfs.o
 *fill*         0x00000000001108ee        0x2 
 .rodata        0x00000000001108f0      0x1f7 /home/antonio/Projects/aPlus/src/elf.o
 *fill*         0x0000000000110ae7        0x1 
 .rodata        0x0000000000110ae8       0x20 /home/antonio/Projects/aPlus/src/panic.o
 .rodata        0x0000000000110b08       0x34 /home/antonio/Projects/aPlus/src/rootfs.o
 .rodata        0x0000000000110b3c       0x50 /home/antonio/Projects/aPlus/src/tty.o
 .rodata        0x0000000000110b8c       0x4f /home/antonio/Projects/aPlus/src/main.o
 .rodata        0x0000000000110bdb        0x5 /home/antonio/Projects/aPlus/src/fs/initfs/initfs.o
 .rodata        0x0000000000110be0       0x29 /home/antonio/Projects/aPlus/src/fs/ramdev.o
 .rodata        0x0000000000110c09        0x3 /home/antonio/Projects/aPlus/src/fs/procfs/procfs_task.o
 .rodata        0x0000000000110c0c        0xa /home/antonio/Projects/aPlus/src/fs/procfs/procfs_cmdline.o
 .rodata        0x0000000000110c16        0x4 /home/antonio/Projects/aPlus/src/fs/procfs/procfs_cwd.o
 .rodata        0x0000000000110c1a       0x10 /home/antonio/Projects/aPlus/src/fs/procfs/procfs_filesystems.o
 .rodata        0x0000000000110c2a        0xa /home/antonio/Projects/aPlus/src/fs/procfs/procfs_environ.o
 .rodata        0x0000000000110c34       0x90 /home/antonio/Projects/aPlus/src/fs/procfs/procfs_meminfo.o
 .rodata        0x0000000000110cc4        0x8 /home/antonio/Projects/aPlus/src/fs/procfs/procfs.o
 .rodata        0x0000000000110ccc        0xb /home/antonio/Projects/aPlus/src/fs/procfs/procfs_fd.o
 *fill*         0x0000000000110cd7        0x1 
 .rodata        0x0000000000110cd8       0xa5 /home/antonio/Projects/aPlus/src/initrd.o
 *fill*         0x0000000000110d7d        0x3 
 .rodata        0x0000000000110d80        0x4 /usr/local/cross/i586-elf/lib/libc.a(lib_a-impure.o)
                0x0000000000110d80                _global_impure_ptr
 .rodata.str1.1
                0x0000000000110d84        0x2 /usr/local/cross/i586-elf/lib/libc.a(lib_a-impure.o)
 *fill*         0x0000000000110d86       0x1a 
 .rodata        0x0000000000110da0       0x70 /usr/local/cross/i586-elf/lib/libc.a(lib_a-mktime.o)
 *fill*         0x0000000000110e10       0x10 
 .rodata        0x0000000000110e20       0x80 /usr/local/cross/i586-elf/lib/libc.a(lib_a-mktm_r.o)
 .rodata.str1.1
                0x0000000000110ea0       0x3b /usr/local/cross/i586-elf/lib/libc.a(lib_a-svfprintf.o)
 *fill*         0x0000000000110edb        0x1 
 .rodata        0x0000000000110edc      0x184 /usr/local/cross/i586-elf/lib/libc.a(lib_a-svfprintf.o)
 .rodata.str1.1
                0x0000000000111060        0x4 /usr/local/cross/i586-elf/lib/libc.a(lib_a-tzvars.o)
 .rodata.str1.1
                0x0000000000111064        0xd /usr/local/cross/i586-elf/lib/libc.a(lib_a-dtoa.o)
                                          0xf (size before relaxing)
 *fill*         0x0000000000111071        0x3 
 .rodata.cst4   0x0000000000111074       0x18 /usr/local/cross/i586-elf/lib/libc.a(lib_a-dtoa.o)
 *fill*         0x000000000011108c        0x4 
 .rodata.cst8   0x0000000000111090       0x18 /usr/local/cross/i586-elf/lib/libc.a(lib_a-dtoa.o)
 .rodata.str1.1
                0x00000000001110a8        0x8 /usr/local/cross/i586-elf/lib/libc.a(lib_a-locale.o)
                                          0xb (size before relaxing)
 *fill*         0x00000000001110b0       0x10 
 .rodata        0x00000000001110c0      0x168 /usr/local/cross/i586-elf/lib/libc.a(lib_a-mprec.o)
                0x00000000001110e0                __mprec_tinytens
                0x0000000000111120                __mprec_bigtens
                0x0000000000111160                __mprec_tens
 .rodata.cst4   0x0000000000000000        0x4 /usr/local/cross/i586-elf/lib/libc.a(lib_a-mprec.o)
 .rodata.str1.1
                0x0000000000000000       0x29 /usr/local/cross/i586-elf/lib/libc.a(lib_a-svfiprintf.o)
 .rodata        0x0000000000111228      0x184 /usr/local/cross/i586-elf/lib/libc.a(lib_a-svfiprintf.o)

.eh_frame       0x00000000001113ac     0x2b14
 .eh_frame      0x00000000001113ac      0x260 /home/antonio/Projects/aPlus/src/arch/task.o
 .eh_frame      0x000000000011160c      0x4f4 /home/antonio/Projects/aPlus/src/arch/syscall.o
                                        0x50c (size before relaxing)
 .eh_frame      0x0000000000111b00      0x280 /home/antonio/Projects/aPlus/src/arch/mm.o
                                        0x298 (size before relaxing)
 .eh_frame      0x0000000000111d80      0x154 /home/antonio/Projects/aPlus/src/arch/desc.o
                                        0x16c (size before relaxing)
 .eh_frame      0x0000000000111ed4      0x128 /home/antonio/Projects/aPlus/src/arch/screen.o
                                        0x140 (size before relaxing)
 .eh_frame      0x0000000000111ffc      0x20c /home/antonio/Projects/aPlus/src/vfs.o
                                        0x224 (size before relaxing)
 .eh_frame      0x0000000000112208      0x1c4 /home/antonio/Projects/aPlus/src/elf.o
                                        0x1dc (size before relaxing)
 .eh_frame      0x00000000001123cc       0x3c /home/antonio/Projects/aPlus/src/panic.o
                                         0x54 (size before relaxing)
 .eh_frame      0x0000000000112408      0x7e4 /home/antonio/Projects/aPlus/src/crt0.o
                                        0x7fc (size before relaxing)
 .eh_frame      0x0000000000112bec       0xa0 /home/antonio/Projects/aPlus/src/rootfs.o
                                         0xb8 (size before relaxing)
 .eh_frame      0x0000000000112c8c       0xc0 /home/antonio/Projects/aPlus/src/tty.o
                                         0xd8 (size before relaxing)
 .eh_frame      0x0000000000112d4c       0x60 /home/antonio/Projects/aPlus/src/spinlock.o
                                         0x78 (size before relaxing)
 .eh_frame      0x0000000000112dac       0x3c /home/antonio/Projects/aPlus/src/main.o
                                         0x54 (size before relaxing)
 .eh_frame      0x0000000000112de8       0x20 /home/antonio/Projects/aPlus/src/fs/initfs/initfs_mount.o
                                         0x38 (size before relaxing)
 .eh_frame      0x0000000000112e08       0x60 /home/antonio/Projects/aPlus/src/fs/initfs/initfs.o
                                         0x78 (size before relaxing)
 .eh_frame      0x0000000000112e68       0xa0 /home/antonio/Projects/aPlus/src/fs/ramdev.o
                                         0xb8 (size before relaxing)
 .eh_frame      0x0000000000112f08       0x20 /home/antonio/Projects/aPlus/src/fs/procfs/procfs_task.o
                                         0x38 (size before relaxing)
 .eh_frame      0x0000000000112f28       0x60 /home/antonio/Projects/aPlus/src/fs/procfs/procfs_cmdline.o
                                         0x78 (size before relaxing)
 .eh_frame      0x0000000000112f88       0x20 /home/antonio/Projects/aPlus/src/fs/procfs/procfs_mount.o
                                         0x38 (size before relaxing)
 .eh_frame      0x0000000000112fa8       0x20 /home/antonio/Projects/aPlus/src/fs/procfs/procfs_cwd.o
                                         0x38 (size before relaxing)
 .eh_frame      0x0000000000112fc8       0x80 /home/antonio/Projects/aPlus/src/fs/procfs/procfs_filesystems.o
                                         0x98 (size before relaxing)
 .eh_frame      0x0000000000113048       0x60 /home/antonio/Projects/aPlus/src/fs/procfs/procfs_environ.o
                                         0x78 (size before relaxing)
 .eh_frame      0x00000000001130a8       0x80 /home/antonio/Projects/aPlus/src/fs/procfs/procfs_meminfo.o
                                         0x98 (size before relaxing)
 .eh_frame      0x0000000000113128      0x100 /home/antonio/Projects/aPlus/src/fs/procfs/procfs.o
                                        0x118 (size before relaxing)
 .eh_frame      0x0000000000113228       0x60 /home/antonio/Projects/aPlus/src/fs/procfs/procfs_fd.o
                                         0x78 (size before relaxing)
 .eh_frame      0x0000000000113288       0x8c /home/antonio/Projects/aPlus/src/fs/pipe.o
                                         0xa4 (size before relaxing)
 .eh_frame      0x0000000000113314       0x40 /home/antonio/Projects/aPlus/src/initrd.o
                                         0x58 (size before relaxing)
 .eh_frame      0x0000000000113354       0x14 /usr/local/cross/i586-elf/lib/libc.a(lib_a-errno.o)
                                         0x2c (size before relaxing)
 .eh_frame      0x0000000000113368       0x70 /usr/local/cross/i586-elf/lib/libc.a(lib_a-mktime.o)
                                         0x88 (size before relaxing)
 .eh_frame      0x00000000001133d8       0x98 /usr/local/cross/i586-elf/lib/libc.a(lib_a-mktm_r.o)
                                         0xb0 (size before relaxing)
 .eh_frame      0x0000000000113470      0x138 /usr/local/cross/i586-elf/lib/libc.a(lib_a-signal.o)
                                        0x150 (size before relaxing)
 .eh_frame      0x00000000001135a8       0x34 /usr/local/cross/i586-elf/lib/libc.a(lib_a-signalr.o)
                                         0x4c (size before relaxing)
 .eh_frame      0x00000000001135dc       0x38 /usr/local/cross/i586-elf/lib/libc.a(lib_a-sprintf.o)
                                         0x50 (size before relaxing)
 .eh_frame      0x0000000000113614       0x2c /usr/local/cross/i586-elf/lib/libc.a(lib_a-strcat.o)
                                         0x44 (size before relaxing)
 .eh_frame      0x0000000000113640       0x24 /usr/local/cross/i586-elf/lib/libc.a(lib_a-strcmp.o)
                                         0x3c (size before relaxing)
 .eh_frame      0x0000000000113664       0x30 /usr/local/cross/i586-elf/lib/libc.a(lib_a-strcpy.o)
                                         0x48 (size before relaxing)
 .eh_frame      0x0000000000113694       0x18 /usr/local/cross/i586-elf/lib/libc.a(lib_a-strdup.o)
                                         0x30 (size before relaxing)
 .eh_frame      0x00000000001136ac       0x34 /usr/local/cross/i586-elf/lib/libc.a(lib_a-strdup_r.o)
                                         0x4c (size before relaxing)
 .eh_frame      0x00000000001136e0       0x4c /usr/local/cross/i586-elf/lib/libc.a(lib_a-strncpy.o)
                                         0x64 (size before relaxing)
 .eh_frame      0x000000000011372c       0x44 /usr/local/cross/i586-elf/lib/libc.a(lib_a-svfprintf.o)
                                         0x5c (size before relaxing)
 .eh_frame      0x0000000000113770       0x24 /usr/local/cross/i586-elf/lib/libc.a(lib_a-time.o)
                                         0x3c (size before relaxing)
 .eh_frame      0x0000000000113794       0x28 /usr/local/cross/i586-elf/lib/libc.a(lib_a-tzlock.o)
                                         0x40 (size before relaxing)
 .eh_frame      0x00000000001137bc       0x34 /usr/local/cross/i586-elf/lib/libc.a(lib_a-vsprintf.o)
                                         0x4c (size before relaxing)
 .eh_frame      0x00000000001137f0       0x14 /usr/local/cross/i586-elf/lib/libc.a(lib_a-div.o)
                                         0x2c (size before relaxing)
 .eh_frame      0x0000000000113804       0xc4 /usr/local/cross/i586-elf/lib/libc.a(lib_a-dtoa.o)
                                         0xdc (size before relaxing)
 .eh_frame      0x00000000001138c8       0x20 /usr/local/cross/i586-elf/lib/libc.a(lib_a-gettimeofdayr.o)
                                         0x38 (size before relaxing)
 .eh_frame      0x00000000001138e8       0x14 /usr/local/cross/i586-elf/lib/libc.a(lib_a-gettzinfo.o)
                                         0x2c (size before relaxing)
 .eh_frame      0x00000000001138fc       0xbc /usr/local/cross/i586-elf/lib/libc.a(lib_a-locale.o)
                                         0xd4 (size before relaxing)
 .eh_frame      0x00000000001139b8      0x438 /usr/local/cross/i586-elf/lib/libc.a(lib_a-mprec.o)
                                        0x450 (size before relaxing)
 .eh_frame      0x0000000000113df0       0x20 /usr/local/cross/i586-elf/lib/libc.a(lib_a-s_fpclassify.o)
                                         0x38 (size before relaxing)
 .eh_frame      0x0000000000113e10       0xb0 /usr/local/cross/i586-elf/lib/libc.a(lib_a-svfiprintf.o)
                                         0xc8 (size before relaxing)

.rel.dyn        0x0000000000113ec0        0x0
 .rel.iplt      0x0000000000000000        0x0 /home/antonio/Projects/aPlus/src/arch/task.o
 .rel.text      0x0000000000000000        0x0 /home/antonio/Projects/aPlus/src/arch/task.o
 .rel.multiboot
                0x0000000000000000        0x0 /home/antonio/Projects/aPlus/src/arch/task.o

.data           0x0000000000113ec0      0x7dc
                0x0000000000113ec0                data = .
                0x0000000000113ec0                _data = .
                0x0000000000113ec0                __data = .
 *(.data)
 .data          0x0000000000113ec0        0x0 /home/antonio/Projects/aPlus/src/arch/task.o
 .data          0x0000000000113ec0        0x0 /home/antonio/Projects/aPlus/src/arch/syscall.o
 .data          0x0000000000113ec0        0x0 /home/antonio/Projects/aPlus/src/arch/mm.o
 .data          0x0000000000113ec0       0x80 /home/antonio/Projects/aPlus/src/arch/desc.o
 .data          0x0000000000113f40      0x206 /home/antonio/Projects/aPlus/src/arch/screen.o
                0x0000000000113f40                vkscan
                0x0000000000114140                videoattr
 .data          0x0000000000114146        0x0 /home/antonio/Projects/aPlus/src/vfs.o
 .data          0x0000000000114146        0x0 /home/antonio/Projects/aPlus/src/elf.o
 .data          0x0000000000114146        0x0 /home/antonio/Projects/aPlus/src/panic.o
 .data          0x0000000000114146        0x0 /home/antonio/Projects/aPlus/src/crt0.o
 .data          0x0000000000114146        0x0 /home/antonio/Projects/aPlus/src/rootfs.o
 .data          0x0000000000114146        0x1 /home/antonio/Projects/aPlus/src/tty.o
 .data          0x0000000000114147        0x0 /home/antonio/Projects/aPlus/src/spinlock.o
 *fill*         0x0000000000114147        0x1 
 .data          0x0000000000114148       0x20 /home/antonio/Projects/aPlus/src/main.o
 .data          0x0000000000114168        0x0 /home/antonio/Projects/aPlus/src/fs/initfs/initfs_mount.o
 .data          0x0000000000114168        0x0 /home/antonio/Projects/aPlus/src/fs/initfs/initfs.o
 .data          0x0000000000114168        0x0 /home/antonio/Projects/aPlus/src/fs/ramdev.o
 .data          0x0000000000114168        0x0 /home/antonio/Projects/aPlus/src/fs/procfs/procfs_task.o
 .data          0x0000000000114168        0x0 /home/antonio/Projects/aPlus/src/fs/procfs/procfs_cmdline.o
 .data          0x0000000000114168        0x0 /home/antonio/Projects/aPlus/src/fs/procfs/procfs_mount.o
 .data          0x0000000000114168        0x0 /home/antonio/Projects/aPlus/src/fs/procfs/procfs_cwd.o
 .data          0x0000000000114168        0x0 /home/antonio/Projects/aPlus/src/fs/procfs/procfs_filesystems.o
 .data          0x0000000000114168        0x0 /home/antonio/Projects/aPlus/src/fs/procfs/procfs_environ.o
 .data          0x0000000000114168        0x0 /home/antonio/Projects/aPlus/src/fs/procfs/procfs_meminfo.o
 .data          0x0000000000114168        0x0 /home/antonio/Projects/aPlus/src/fs/procfs/procfs.o
 .data          0x0000000000114168        0x0 /home/antonio/Projects/aPlus/src/fs/procfs/procfs_fd.o
 .data          0x0000000000114168        0x0 /home/antonio/Projects/aPlus/src/fs/pipe.o
 .data          0x0000000000114168        0x0 /home/antonio/Projects/aPlus/src/initrd.o
 .data          0x0000000000114168        0x0 /usr/local/cross/i586-elf/lib/libc.a(lib_a-errno.o)
 *fill*         0x0000000000114168       0x18 
 .data          0x0000000000114180      0x444 /usr/local/cross/i586-elf/lib/libc.a(lib_a-impure.o)
                0x0000000000114180                _impure_ptr
 .data          0x00000000001145c4        0x0 /usr/local/cross/i586-elf/lib/libc.a(lib_a-memcpy.o)
 .data          0x00000000001145c4        0x0 /usr/local/cross/i586-elf/lib/libc.a(lib_a-memset.o)
 .data          0x00000000001145c4        0x0 /usr/local/cross/i586-elf/lib/libc.a(lib_a-mktime.o)
 .data          0x00000000001145c4        0x0 /usr/local/cross/i586-elf/lib/libc.a(lib_a-mktm_r.o)
 .data          0x00000000001145c4        0x0 /usr/local/cross/i586-elf/lib/libc.a(lib_a-signal.o)
 .data          0x00000000001145c4        0x0 /usr/local/cross/i586-elf/lib/libc.a(lib_a-signalr.o)
 .data          0x00000000001145c4        0x0 /usr/local/cross/i586-elf/lib/libc.a(lib_a-sprintf.o)
 .data          0x00000000001145c4        0x0 /usr/local/cross/i586-elf/lib/libc.a(lib_a-strcat.o)
 .data          0x00000000001145c4        0x0 /usr/local/cross/i586-elf/lib/libc.a(lib_a-strchr.o)
 .data          0x00000000001145c4        0x0 /usr/local/cross/i586-elf/lib/libc.a(lib_a-strcmp.o)
 .data          0x00000000001145c4        0x0 /usr/local/cross/i586-elf/lib/libc.a(lib_a-strcpy.o)
 .data          0x00000000001145c4        0x0 /usr/local/cross/i586-elf/lib/libc.a(lib_a-strdup.o)
 .data          0x00000000001145c4        0x0 /usr/local/cross/i586-elf/lib/libc.a(lib_a-strdup_r.o)
 .data          0x00000000001145c4        0x0 /usr/local/cross/i586-elf/lib/libc.a(lib_a-strlen.o)
 .data          0x00000000001145c4        0x0 /usr/local/cross/i586-elf/lib/libc.a(lib_a-strncpy.o)
 .data          0x00000000001145c4        0x0 /usr/local/cross/i586-elf/lib/libc.a(lib_a-svfprintf.o)
 .data          0x00000000001145c4        0x0 /usr/local/cross/i586-elf/lib/libc.a(lib_a-time.o)
 .data          0x00000000001145c4        0x0 /usr/local/cross/i586-elf/lib/libc.a(lib_a-tzlock.o)
 .data          0x00000000001145c4        0x8 /usr/local/cross/i586-elf/lib/libc.a(lib_a-tzvars.o)
                0x00000000001145c4                _tzname
 .data          0x00000000001145cc        0x0 /usr/local/cross/i586-elf/lib/libc.a(lib_a-vsprintf.o)
 .data          0x00000000001145cc        0x0 /usr/local/cross/i586-elf/lib/libc.a(lib_a-div.o)
 .data          0x00000000001145cc        0x0 /usr/local/cross/i586-elf/lib/libc.a(lib_a-dtoa.o)
 .data          0x00000000001145cc        0x0 /usr/local/cross/i586-elf/lib/libc.a(lib_a-gettimeofdayr.o)
 *fill*         0x00000000001145cc       0x14 
 .data          0x00000000001145e0       0x40 /usr/local/cross/i586-elf/lib/libc.a(lib_a-gettzinfo.o)
 .data          0x0000000000114620       0x7c /usr/local/cross/i586-elf/lib/libc.a(lib_a-locale.o)
                0x0000000000114698                __mb_cur_max
 .data          0x000000000011469c        0x0 /usr/local/cross/i586-elf/lib/libc.a(lib_a-memchr.o)
 .data          0x000000000011469c        0x0 /usr/local/cross/i586-elf/lib/libc.a(lib_a-mprec.o)
 .data          0x000000000011469c        0x0 /usr/local/cross/i586-elf/lib/libc.a(lib_a-s_fpclassify.o)
 .data          0x000000000011469c        0x0 /usr/local/cross/i586-elf/lib/libc.a(lib_a-svfiprintf.o)
 .data          0x000000000011469c        0x0 /usr/local/cross/i586-elf/lib/libc.a(lib_a-memmove.o)

.igot.plt       0x000000000011469c        0x0
 .igot.plt      0x0000000000000000        0x0 /home/antonio/Projects/aPlus/src/arch/task.o

.bss            0x00000000001146a0     0x6614
                0x00000000001146a0                bss = .
                0x00000000001146a0                _bss = .
                0x00000000001146a0                __bss = .
 *(COMMON)
 COMMON         0x00000000001146a0        0x4 /home/antonio/Projects/aPlus/src/vfs.o
                0x00000000001146a0                fs_root
 COMMON         0x00000000001146a4        0x4 /home/antonio/Projects/aPlus/src/crt0.o
                0x00000000001146a4                errno
 *(.bss)
 .bss           0x00000000001146a8       0x20 /home/antonio/Projects/aPlus/src/arch/task.o
                0x00000000001146a8                current_task
                0x00000000001146ac                task_queue
                0x00000000001146b0                kernel_task
 *fill*         0x00000000001146c8       0x18 
 .bss           0x00000000001146e0      0x404 /home/antonio/Projects/aPlus/src/arch/syscall.o
 *fill*         0x0000000000114ae4       0x1c 
 .bss           0x0000000000114b00      0x420 /home/antonio/Projects/aPlus/src/arch/mm.o
                0x0000000000114b00                mm_totalmemory
                0x0000000000114b04                mm_usedmemory
                0x0000000000114b08                mm_directory
                0x0000000000114b0c                kernel_directory
 .bss           0x0000000000114f20      0x8e4 /home/antonio/Projects/aPlus/src/arch/desc.o
                0x0000000000114f20                keyboard_ready
 .bss           0x0000000000115804       0x1c /home/antonio/Projects/aPlus/src/arch/screen.o
                0x0000000000115804                videopos
 .bss           0x0000000000115820        0x4 /home/antonio/Projects/aPlus/src/vfs.o
 *fill*         0x0000000000115824       0x1c 
 .bss           0x0000000000115840      0x400 /home/antonio/Projects/aPlus/src/elf.o
 .bss           0x0000000000115c40      0x400 /home/antonio/Projects/aPlus/src/panic.o
 .bss           0x0000000000116040        0x4 /home/antonio/Projects/aPlus/src/crt0.o
 .bss           0x0000000000116044        0x4 /home/antonio/Projects/aPlus/src/rootfs.o
                0x0000000000116044                rootfs_queue
 *fill*         0x0000000000116048       0x18 
 .bss           0x0000000000116060      0x400 /home/antonio/Projects/aPlus/src/tty.o
 .bss           0x0000000000116460        0x0 /home/antonio/Projects/aPlus/src/spinlock.o
 .bss           0x0000000000116460        0x4 /home/antonio/Projects/aPlus/src/main.o
                0x0000000000116460                end_kernel
 .bss           0x0000000000116464        0x0 /home/antonio/Projects/aPlus/src/fs/initfs/initfs_mount.o
 .bss           0x0000000000116464        0x0 /home/antonio/Projects/aPlus/src/fs/initfs/initfs.o
 *fill*         0x0000000000116464       0x1c 
 .bss           0x0000000000116480      0x400 /home/antonio/Projects/aPlus/src/fs/ramdev.o
 .bss           0x0000000000116880        0x0 /home/antonio/Projects/aPlus/src/fs/procfs/procfs_task.o
 .bss           0x0000000000116880        0x0 /home/antonio/Projects/aPlus/src/fs/procfs/procfs_cmdline.o
 .bss           0x0000000000116880        0x0 /home/antonio/Projects/aPlus/src/fs/procfs/procfs_mount.o
 .bss           0x0000000000116880        0x0 /home/antonio/Projects/aPlus/src/fs/procfs/procfs_cwd.o
 .bss           0x0000000000116880        0x0 /home/antonio/Projects/aPlus/src/fs/procfs/procfs_filesystems.o
 .bss           0x0000000000116880        0x0 /home/antonio/Projects/aPlus/src/fs/procfs/procfs_environ.o
 .bss           0x0000000000116880        0x0 /home/antonio/Projects/aPlus/src/fs/procfs/procfs_meminfo.o
 .bss           0x0000000000116880       0x10 /home/antonio/Projects/aPlus/src/fs/procfs/procfs.o
 .bss           0x0000000000116890       0x10 /home/antonio/Projects/aPlus/src/fs/procfs/procfs_fd.o
 .bss           0x00000000001168a0        0x0 /home/antonio/Projects/aPlus/src/fs/pipe.o
 .bss           0x00000000001168a0      0x400 /home/antonio/Projects/aPlus/src/initrd.o
 .bss           0x0000000000116ca0     0x4000 /home/antonio/Projects/aPlus/src/arch/loader.o
                0x000000000011aca0                initial_stack_ptr
 .bss           0x000000000011aca0        0x0 /usr/local/cross/i586-elf/lib/libc.a(lib_a-errno.o)
 .bss           0x000000000011aca0        0x0 /usr/local/cross/i586-elf/lib/libc.a(lib_a-impure.o)
 .bss           0x000000000011aca0        0x0 /usr/local/cross/i586-elf/lib/libc.a(lib_a-memcpy.o)
 .bss           0x000000000011aca0        0x0 /usr/local/cross/i586-elf/lib/libc.a(lib_a-memset.o)
 .bss           0x000000000011aca0        0x0 /usr/local/cross/i586-elf/lib/libc.a(lib_a-mktime.o)
 .bss           0x000000000011aca0        0x0 /usr/local/cross/i586-elf/lib/libc.a(lib_a-mktm_r.o)
 .bss           0x000000000011aca0        0x0 /usr/local/cross/i586-elf/lib/libc.a(lib_a-signal.o)
 .bss           0x000000000011aca0        0x0 /usr/local/cross/i586-elf/lib/libc.a(lib_a-signalr.o)
 .bss           0x000000000011aca0        0x0 /usr/local/cross/i586-elf/lib/libc.a(lib_a-sprintf.o)
 .bss           0x000000000011aca0        0x0 /usr/local/cross/i586-elf/lib/libc.a(lib_a-strcat.o)
 .bss           0x000000000011aca0        0x0 /usr/local/cross/i586-elf/lib/libc.a(lib_a-strchr.o)
 .bss           0x000000000011aca0        0x0 /usr/local/cross/i586-elf/lib/libc.a(lib_a-strcmp.o)
 .bss           0x000000000011aca0        0x0 /usr/local/cross/i586-elf/lib/libc.a(lib_a-strcpy.o)
 .bss           0x000000000011aca0        0x0 /usr/local/cross/i586-elf/lib/libc.a(lib_a-strdup.o)
 .bss           0x000000000011aca0        0x0 /usr/local/cross/i586-elf/lib/libc.a(lib_a-strdup_r.o)
 .bss           0x000000000011aca0        0x0 /usr/local/cross/i586-elf/lib/libc.a(lib_a-strlen.o)
 .bss           0x000000000011aca0        0x0 /usr/local/cross/i586-elf/lib/libc.a(lib_a-strncpy.o)
 .bss           0x000000000011aca0        0x0 /usr/local/cross/i586-elf/lib/libc.a(lib_a-svfprintf.o)
 .bss           0x000000000011aca0        0x0 /usr/local/cross/i586-elf/lib/libc.a(lib_a-time.o)
 .bss           0x000000000011aca0        0x0 /usr/local/cross/i586-elf/lib/libc.a(lib_a-tzlock.o)
 .bss           0x000000000011aca0        0x8 /usr/local/cross/i586-elf/lib/libc.a(lib_a-tzvars.o)
                0x000000000011aca0                _timezone
                0x000000000011aca4                _daylight
 .bss           0x000000000011aca8        0x0 /usr/local/cross/i586-elf/lib/libc.a(lib_a-vsprintf.o)
 .bss           0x000000000011aca8        0x0 /usr/local/cross/i586-elf/lib/libc.a(lib_a-div.o)
 .bss           0x000000000011aca8        0x0 /usr/local/cross/i586-elf/lib/libc.a(lib_a-dtoa.o)
 .bss           0x000000000011aca8        0x0 /usr/local/cross/i586-elf/lib/libc.a(lib_a-gettimeofdayr.o)
 .bss           0x000000000011aca8        0x0 /usr/local/cross/i586-elf/lib/libc.a(lib_a-gettzinfo.o)
 .bss           0x000000000011aca8        0xc /usr/local/cross/i586-elf/lib/libc.a(lib_a-locale.o)
                0x000000000011aca8                _PathLocale
                0x000000000011acac                __mlocale_changed
                0x000000000011acb0                __nlocale_changed
 .bss           0x000000000011acb4        0x0 /usr/local/cross/i586-elf/lib/libc.a(lib_a-memchr.o)
 .bss           0x000000000011acb4        0x0 /usr/local/cross/i586-elf/lib/libc.a(lib_a-mprec.o)
 .bss           0x000000000011acb4        0x0 /usr/local/cross/i586-elf/lib/libc.a(lib_a-s_fpclassify.o)
 .bss           0x000000000011acb4        0x0 /usr/local/cross/i586-elf/lib/libc.a(lib_a-svfiprintf.o)
 .bss           0x000000000011acb4        0x0 /usr/local/cross/i586-elf/lib/libc.a(lib_a-memmove.o)
                0x000000000011b000                . = ALIGN (0x1000)
                0x000000000011c000                . = (. + 0x1000)

.syscall_handlers
                0x000000000011c000      0x1b0
                0x000000000011c000                syscall_handlers_start = .
                0x000000000011c000                _syscall_handlers_start = .
                0x000000000011c000                __syscall_handlers_start = .
 *(.syscall_handlers)
 .syscall_handlers
                0x000000000011c000      0x1b0 /home/antonio/Projects/aPlus/src/arch/syscall.o
                0x000000000011c000                syscall_handler__exit
                0x000000000011c00c                syscall_handler__chown
                0x000000000011c018                syscall_handler__close
                0x000000000011c024                syscall_handler(...)(long long,...)(char, void,...)
                0x000000000011c030                syscall_handler__fork
                0x000000000011c03c                syscall_handler__fstat
                0x000000000011c048                syscall_handler__getpid
                0x000000000011c054                syscall_handler_gettimeofday
                0x000000000011c060                syscall_handler__kill
                0x000000000011c06c                syscall_handler__link
                0x000000000011c078                syscall_handler__lseek
                0x000000000011c084                syscall_handler__open
                0x000000000011c090                syscall_handler__read
                0x000000000011c09c                syscall_handler__readlink
                0x000000000011c0a8                syscall_handler__stat
                0x000000000011c0b4                syscall_handler__symlink
                0x000000000011c0c0                syscall_handler__times
                0x000000000011c0cc                syscall_handler__unlink
                0x000000000011c0d8                syscall_handler__wait
                0x000000000011c0e4                syscall_handler__write
                0x000000000011c0f0                syscall_handler__readdir
                0x000000000011c0fc                syscall_handler_ioctl
                0x000000000011c108                syscall_handler_mount
                0x000000000011c114                syscall_handler_umount
                0x000000000011c120                syscall_handler_tell
                0x000000000011c12c                syscall_handler___get_argv
                0x000000000011c138                syscall_handler___get_env
                0x000000000011c144                syscall_handler_pipe
                0x000000000011c150                syscall_handler_chdir
                0x000000000011c15c                syscall_handler___install_signal_handler
                0x000000000011c168                syscall_handler_malloc
                0x000000000011c174                syscall_handler_free
                0x000000000011c180                syscall_handler_aplus_thread_create
                0x000000000011c18c                syscall_handler_aplus_thread_idle
                0x000000000011c198                syscall_handler_aplus_thread_wakeup
                0x000000000011c1a4                syscall_handler_aplus_thread_zombie
                0x000000000011c1b0                syscall_handlers_end = .
                0x000000000011c1b0                _syscall_handlers_end = .
                0x000000000011c1b0                __syscall_handlers_end = .
                0x000000000011d1b0                . = (. + 0x1000)
                0x000000000011e000                . = ALIGN (0x1000)

.fsys           0x000000000011e000      0x240
                0x000000000011e000                fsys_start = .
                0x000000000011e000                _fsys_start = .
                0x000000000011e000                __fsys_start = .
 *(.fsys)
 .fsys          0x000000000011e000      0x120 /home/antonio/Projects/aPlus/src/fs/initfs/initfs_mount.o
                0x000000000011e000                fsys_initfs
 .fsys          0x000000000011e120      0x120 /home/antonio/Projects/aPlus/src/fs/procfs/procfs_mount.o
                0x000000000011e120                fsys_procfs
                0x000000000011e240                fsys_end = .
                0x000000000011e240                _fsys_end = .
                0x000000000011e240                __fsys_end = .
                0x000000000011f000                . = ALIGN (0x1000)
                0x0000000000120000                . = (. + 0x1000)

.kernel_symbols
                0x0000000000120000       0x70
                0x0000000000120000                kernel_symbols_start = .
                0x0000000000120000                _kernel_symbols_start = .
                0x0000000000120000                __kernel_symbols_start = .
 *(.kernel_symbols)
 .kernel_symbols
                0x0000000000120000       0x38 /home/antonio/Projects/aPlus/src/arch/task.o
                0x0000000000120000                kernel_symbol__task_zombie
                0x0000000000120008                kernel_symbol__task_idle
                0x0000000000120010                kernel_symbol__task_wakeup
                0x0000000000120018                kernel_symbol__task_waitpid
                0x0000000000120020                kernel_symbol__task_setpriority
                0x0000000000120028                kernel_symbol__sched_enable
                0x0000000000120030                kernel_symbol__sched_disable
 .kernel_symbols
                0x0000000000120038       0x38 /home/antonio/Projects/aPlus/src/arch/mm.o
                0x0000000000120038                kernel_symbol__mm_create_addrspace
                0x0000000000120040                kernel_symbol__mm_map_kernel
                0x0000000000120048                kernel_symbol__mm_enablepaging
                0x0000000000120050                kernel_symbol__mm_disablepaging
                0x0000000000120058                kernel_symbol__vmm_switch
                0x0000000000120060                kernel_symbol__vmm_map
                0x0000000000120068                kernel_symbol__vmm_unmap
                0x0000000000120070                kernel_symbols_end = .
                0x0000000000120070                _kernel_symbols_end = .
                0x0000000000120070                __kernel_symbols_end = .
                0x0000000000121000                . = ALIGN (0x1000)
                0x0000000000122000                . = (. + 0x1000)
                0x0000000000122000                end = .
                0x0000000000122000                _end = .
                0x0000000000122000                __end = .
LOAD /home/antonio/Projects/aPlus/src/arch/task.o
LOAD /home/antonio/Projects/aPlus/src/arch/syscall.o
LOAD /home/antonio/Projects/aPlus/src/arch/mm.o
LOAD /home/antonio/Projects/aPlus/src/arch/desc.o
LOAD /home/antonio/Projects/aPlus/src/arch/screen.o
LOAD /home/antonio/Projects/aPlus/src/vfs.o
LOAD /home/antonio/Projects/aPlus/src/elf.o
LOAD /home/antonio/Projects/aPlus/src/panic.o
LOAD /home/antonio/Projects/aPlus/src/crt0.o
LOAD /home/antonio/Projects/aPlus/src/rootfs.o
LOAD /home/antonio/Projects/aPlus/src/tty.o
LOAD /home/antonio/Projects/aPlus/src/spinlock.o
LOAD /home/antonio/Projects/aPlus/src/main.o
LOAD /home/antonio/Projects/aPlus/src/fs/initfs/initfs_mount.o
LOAD /home/antonio/Projects/aPlus/src/fs/initfs/initfs.o
LOAD /home/antonio/Projects/aPlus/src/fs/ramdev.o
LOAD /home/antonio/Projects/aPlus/src/fs/procfs/procfs_task.o
LOAD /home/antonio/Projects/aPlus/src/fs/procfs/procfs_cmdline.o
LOAD /home/antonio/Projects/aPlus/src/fs/procfs/procfs_mount.o
LOAD /home/antonio/Projects/aPlus/src/fs/procfs/procfs_cwd.o
LOAD /home/antonio/Projects/aPlus/src/fs/procfs/procfs_filesystems.o
LOAD /home/antonio/Projects/aPlus/src/fs/procfs/procfs_environ.o
LOAD /home/antonio/Projects/aPlus/src/fs/procfs/procfs_meminfo.o
LOAD /home/antonio/Projects/aPlus/src/fs/procfs/procfs.o
LOAD /home/antonio/Projects/aPlus/src/fs/procfs/procfs_fd.o
LOAD /home/antonio/Projects/aPlus/src/fs/pipe.o
LOAD /home/antonio/Projects/aPlus/src/initrd.o
LOAD /home/antonio/Projects/aPlus/src/arch/loader.o
LOAD /home/antonio/Projects/aPlus/src/arch/_desc.o
LOAD /usr/local/cross/i586-elf/lib/libx86.a
LOAD /usr/local/cross/i586-elf/lib/libm.a
LOAD /usr/local/cross/i586-elf/lib/libc.a
LOAD /usr/local/cross/lib/gcc/i586-elf/4.8.2//libgcc.a
OUTPUT(/home/antonio/Projects/aPlus/bin/aplus.elf elf32-i386)

.comment        0x0000000000000000       0x11
 .comment       0x0000000000000000       0x11 /home/antonio/Projects/aPlus/src/arch/task.o
                                         0x12 (size before relaxing)
 .comment       0x0000000000000000       0x12 /home/antonio/Projects/aPlus/src/arch/syscall.o
 .comment       0x0000000000000000       0x12 /home/antonio/Projects/aPlus/src/arch/mm.o
 .comment       0x0000000000000000       0x12 /home/antonio/Projects/aPlus/src/arch/desc.o
 .comment       0x0000000000000000       0x12 /home/antonio/Projects/aPlus/src/arch/screen.o
 .comment       0x0000000000000000       0x12 /home/antonio/Projects/aPlus/src/vfs.o
 .comment       0x0000000000000000       0x12 /home/antonio/Projects/aPlus/src/elf.o
 .comment       0x0000000000000000       0x12 /home/antonio/Projects/aPlus/src/panic.o
 .comment       0x0000000000000000       0x12 /home/antonio/Projects/aPlus/src/crt0.o
 .comment       0x0000000000000000       0x12 /home/antonio/Projects/aPlus/src/rootfs.o
 .comment       0x0000000000000000       0x12 /home/antonio/Projects/aPlus/src/tty.o
 .comment       0x0000000000000000       0x12 /home/antonio/Projects/aPlus/src/spinlock.o
 .comment       0x0000000000000000       0x12 /home/antonio/Projects/aPlus/src/main.o
 .comment       0x0000000000000000       0x12 /home/antonio/Projects/aPlus/src/fs/initfs/initfs_mount.o
 .comment       0x0000000000000000       0x12 /home/antonio/Projects/aPlus/src/fs/initfs/initfs.o
 .comment       0x0000000000000000       0x12 /home/antonio/Projects/aPlus/src/fs/ramdev.o
 .comment       0x0000000000000000       0x12 /home/antonio/Projects/aPlus/src/fs/procfs/procfs_task.o
 .comment       0x0000000000000000       0x12 /home/antonio/Projects/aPlus/src/fs/procfs/procfs_cmdline.o
 .comment       0x0000000000000000       0x12 /home/antonio/Projects/aPlus/src/fs/procfs/procfs_mount.o
 .comment       0x0000000000000000       0x12 /home/antonio/Projects/aPlus/src/fs/procfs/procfs_cwd.o
 .comment       0x0000000000000000       0x12 /home/antonio/Projects/aPlus/src/fs/procfs/procfs_filesystems.o
 .comment       0x0000000000000000       0x12 /home/antonio/Projects/aPlus/src/fs/procfs/procfs_environ.o
 .comment       0x0000000000000000       0x12 /home/antonio/Projects/aPlus/src/fs/procfs/procfs_meminfo.o
 .comment       0x0000000000000000       0x12 /home/antonio/Projects/aPlus/src/fs/procfs/procfs.o
 .comment       0x0000000000000000       0x12 /home/antonio/Projects/aPlus/src/fs/procfs/procfs_fd.o
 .comment       0x0000000000000000       0x12 /home/antonio/Projects/aPlus/src/fs/pipe.o
 .comment       0x0000000000000000       0x12 /home/antonio/Projects/aPlus/src/initrd.o
 .comment       0x0000000000000000       0x12 /usr/local/cross/i586-elf/lib/libc.a(lib_a-errno.o)
 .comment       0x0000000000000000       0x12 /usr/local/cross/i586-elf/lib/libc.a(lib_a-impure.o)
 .comment       0x0000000000000000       0x12 /usr/local/cross/i586-elf/lib/libc.a(lib_a-mktime.o)
 .comment       0x0000000000000000       0x12 /usr/local/cross/i586-elf/lib/libc.a(lib_a-mktm_r.o)
 .comment       0x0000000000000000       0x12 /usr/local/cross/i586-elf/lib/libc.a(lib_a-signal.o)
 .comment       0x0000000000000000       0x12 /usr/local/cross/i586-elf/lib/libc.a(lib_a-signalr.o)
 .comment       0x0000000000000000       0x12 /usr/local/cross/i586-elf/lib/libc.a(lib_a-sprintf.o)
 .comment       0x0000000000000000       0x12 /usr/local/cross/i586-elf/lib/libc.a(lib_a-strcat.o)
 .comment       0x0000000000000000       0x12 /usr/local/cross/i586-elf/lib/libc.a(lib_a-strcmp.o)
 .comment       0x0000000000000000       0x12 /usr/local/cross/i586-elf/lib/libc.a(lib_a-strcpy.o)
 .comment       0x0000000000000000       0x12 /usr/local/cross/i586-elf/lib/libc.a(lib_a-strdup.o)
 .comment       0x0000000000000000       0x12 /usr/local/cross/i586-elf/lib/libc.a(lib_a-strdup_r.o)
 .comment       0x0000000000000000       0x12 /usr/local/cross/i586-elf/lib/libc.a(lib_a-strncpy.o)
 .comment       0x0000000000000000       0x12 /usr/local/cross/i586-elf/lib/libc.a(lib_a-svfprintf.o)
 .comment       0x0000000000000000       0x12 /usr/local/cross/i586-elf/lib/libc.a(lib_a-time.o)
 .comment       0x0000000000000000       0x12 /usr/local/cross/i586-elf/lib/libc.a(lib_a-tzlock.o)
 .comment       0x0000000000000000       0x12 /usr/local/cross/i586-elf/lib/libc.a(lib_a-tzvars.o)
 .comment       0x0000000000000000       0x12 /usr/local/cross/i586-elf/lib/libc.a(lib_a-vsprintf.o)
 .comment       0x0000000000000000       0x12 /usr/local/cross/i586-elf/lib/libc.a(lib_a-div.o)
 .comment       0x0000000000000000       0x12 /usr/local/cross/i586-elf/lib/libc.a(lib_a-dtoa.o)
 .comment       0x0000000000000000       0x12 /usr/local/cross/i586-elf/lib/libc.a(lib_a-gettimeofdayr.o)
 .comment       0x0000000000000000       0x12 /usr/local/cross/i586-elf/lib/libc.a(lib_a-gettzinfo.o)
 .comment       0x0000000000000000       0x12 /usr/local/cross/i586-elf/lib/libc.a(lib_a-locale.o)
 .comment       0x0000000000000000       0x12 /usr/local/cross/i586-elf/lib/libc.a(lib_a-mprec.o)
 .comment       0x0000000000000000       0x12 /usr/local/cross/i586-elf/lib/libc.a(lib_a-s_fpclassify.o)
 .comment       0x0000000000000000       0x12 /usr/local/cross/i586-elf/lib/libc.a(lib_a-svfiprintf.o)

.debug_info     0x0000000000000000     0xd0e7
 .debug_info    0x0000000000000000      0x889 /usr/local/cross/i586-elf/lib/libc.a(lib_a-errno.o)
 .debug_info    0x0000000000000889      0x894 /usr/local/cross/i586-elf/lib/libc.a(lib_a-impure.o)
 .debug_info    0x000000000000111d       0x9f /usr/local/cross/i586-elf/lib/libc.a(lib_a-memcpy.o)
 .debug_info    0x00000000000011bc       0x9f /usr/local/cross/i586-elf/lib/libc.a(lib_a-memset.o)
 .debug_info    0x000000000000125b      0x462 /usr/local/cross/i586-elf/lib/libc.a(lib_a-mktime.o)
 .debug_info    0x00000000000016bd      0x439 /usr/local/cross/i586-elf/lib/libc.a(lib_a-mktm_r.o)
 .debug_info    0x0000000000001af6      0xb83 /usr/local/cross/i586-elf/lib/libc.a(lib_a-signal.o)
 .debug_info    0x0000000000002679      0x94c /usr/local/cross/i586-elf/lib/libc.a(lib_a-signalr.o)
 .debug_info    0x0000000000002fc5      0x9e5 /usr/local/cross/i586-elf/lib/libc.a(lib_a-sprintf.o)
 .debug_info    0x00000000000039aa      0x118 /usr/local/cross/i586-elf/lib/libc.a(lib_a-strcat.o)
 .debug_info    0x0000000000003ac2       0x9f /usr/local/cross/i586-elf/lib/libc.a(lib_a-strchr.o)
 .debug_info    0x0000000000003b61       0xdd /usr/local/cross/i586-elf/lib/libc.a(lib_a-strcmp.o)
 .debug_info    0x0000000000003c3e      0x10f /usr/local/cross/i586-elf/lib/libc.a(lib_a-strcpy.o)
 .debug_info    0x0000000000003d4d      0x8be /usr/local/cross/i586-elf/lib/libc.a(lib_a-strdup.o)
 .debug_info    0x000000000000460b      0x963 /usr/local/cross/i586-elf/lib/libc.a(lib_a-strdup_r.o)
 .debug_info    0x0000000000004f6e       0x9f /usr/local/cross/i586-elf/lib/libc.a(lib_a-strlen.o)
 .debug_info    0x000000000000500d      0x129 /usr/local/cross/i586-elf/lib/libc.a(lib_a-strncpy.o)
 .debug_info    0x0000000000005136     0x16e3 /usr/local/cross/i586-elf/lib/libc.a(lib_a-svfprintf.o)
 .debug_info    0x0000000000006819      0x920 /usr/local/cross/i586-elf/lib/libc.a(lib_a-time.o)
 .debug_info    0x0000000000007139       0xa8 /usr/local/cross/i586-elf/lib/libc.a(lib_a-tzlock.o)
 .debug_info    0x00000000000071e1       0xbb /usr/local/cross/i586-elf/lib/libc.a(lib_a-tzvars.o)
 .debug_info    0x000000000000729c      0x9be /usr/local/cross/i586-elf/lib/libc.a(lib_a-vsprintf.o)
 .debug_info    0x0000000000007c5a       0xe5 /usr/local/cross/i586-elf/lib/libc.a(lib_a-div.o)
 .debug_info    0x0000000000007d3f     0x1398 /usr/local/cross/i586-elf/lib/libc.a(lib_a-dtoa.o)
 .debug_info    0x00000000000090d7      0x930 /usr/local/cross/i586-elf/lib/libc.a(lib_a-gettimeofdayr.o)
 .debug_info    0x0000000000009a07      0x160 /usr/local/cross/i586-elf/lib/libc.a(lib_a-gettzinfo.o)
 .debug_info    0x0000000000009b67      0xbe7 /usr/local/cross/i586-elf/lib/libc.a(lib_a-locale.o)
 .debug_info    0x000000000000a74e       0x9f /usr/local/cross/i586-elf/lib/libc.a(lib_a-memchr.o)
 .debug_info    0x000000000000a7ed     0x16c0 /usr/local/cross/i586-elf/lib/libc.a(lib_a-mprec.o)
 .debug_info    0x000000000000bead      0x145 /usr/local/cross/i586-elf/lib/libc.a(lib_a-s_fpclassify.o)
 .debug_info    0x000000000000bff2     0x1055 /usr/local/cross/i586-elf/lib/libc.a(lib_a-svfiprintf.o)
 .debug_info    0x000000000000d047       0xa0 /usr/local/cross/i586-elf/lib/libc.a(lib_a-memmove.o)

.debug_abbrev   0x0000000000000000     0x2b52
 .debug_abbrev  0x0000000000000000      0x18f /usr/local/cross/i586-elf/lib/libc.a(lib_a-errno.o)
 .debug_abbrev  0x000000000000018f      0x180 /usr/local/cross/i586-elf/lib/libc.a(lib_a-impure.o)
 .debug_abbrev  0x000000000000030f       0x14 /usr/local/cross/i586-elf/lib/libc.a(lib_a-memcpy.o)
 .debug_abbrev  0x0000000000000323       0x14 /usr/local/cross/i586-elf/lib/libc.a(lib_a-memset.o)
 .debug_abbrev  0x0000000000000337      0x1c6 /usr/local/cross/i586-elf/lib/libc.a(lib_a-mktime.o)
 .debug_abbrev  0x00000000000004fd      0x15c /usr/local/cross/i586-elf/lib/libc.a(lib_a-mktm_r.o)
 .debug_abbrev  0x0000000000000659      0x28c /usr/local/cross/i586-elf/lib/libc.a(lib_a-signal.o)
 .debug_abbrev  0x00000000000008e5      0x20c /usr/local/cross/i586-elf/lib/libc.a(lib_a-signalr.o)
 .debug_abbrev  0x0000000000000af1      0x216 /usr/local/cross/i586-elf/lib/libc.a(lib_a-sprintf.o)
 .debug_abbrev  0x0000000000000d07       0xce /usr/local/cross/i586-elf/lib/libc.a(lib_a-strcat.o)
 .debug_abbrev  0x0000000000000dd5       0x14 /usr/local/cross/i586-elf/lib/libc.a(lib_a-strchr.o)
 .debug_abbrev  0x0000000000000de9       0x74 /usr/local/cross/i586-elf/lib/libc.a(lib_a-strcmp.o)
 .debug_abbrev  0x0000000000000e5d       0x92 /usr/local/cross/i586-elf/lib/libc.a(lib_a-strcpy.o)
 .debug_abbrev  0x0000000000000eef      0x1ca /usr/local/cross/i586-elf/lib/libc.a(lib_a-strdup.o)
 .debug_abbrev  0x00000000000010b9      0x20d /usr/local/cross/i586-elf/lib/libc.a(lib_a-strdup_r.o)
 .debug_abbrev  0x00000000000012c6       0x14 /usr/local/cross/i586-elf/lib/libc.a(lib_a-strlen.o)
 .debug_abbrev  0x00000000000012da       0x9f /usr/local/cross/i586-elf/lib/libc.a(lib_a-strncpy.o)
 .debug_abbrev  0x0000000000001379      0x371 /usr/local/cross/i586-elf/lib/libc.a(lib_a-svfprintf.o)
 .debug_abbrev  0x00000000000016ea      0x1db /usr/local/cross/i586-elf/lib/libc.a(lib_a-time.o)
 .debug_abbrev  0x00000000000018c5       0x51 /usr/local/cross/i586-elf/lib/libc.a(lib_a-tzlock.o)
 .debug_abbrev  0x0000000000001916       0x52 /usr/local/cross/i586-elf/lib/libc.a(lib_a-tzvars.o)
 .debug_abbrev  0x0000000000001968      0x202 /usr/local/cross/i586-elf/lib/libc.a(lib_a-vsprintf.o)
 .debug_abbrev  0x0000000000001b6a       0xa9 /usr/local/cross/i586-elf/lib/libc.a(lib_a-div.o)
 .debug_abbrev  0x0000000000001c13      0x2da /usr/local/cross/i586-elf/lib/libc.a(lib_a-dtoa.o)
 .debug_abbrev  0x0000000000001eed      0x1e8 /usr/local/cross/i586-elf/lib/libc.a(lib_a-gettimeofdayr.o)
 .debug_abbrev  0x00000000000020d5       0xa8 /usr/local/cross/i586-elf/lib/libc.a(lib_a-gettzinfo.o)
 .debug_abbrev  0x000000000000217d      0x295 /usr/local/cross/i586-elf/lib/libc.a(lib_a-locale.o)
 .debug_abbrev  0x0000000000002412       0x14 /usr/local/cross/i586-elf/lib/libc.a(lib_a-memchr.o)
 .debug_abbrev  0x0000000000002426      0x3a3 /usr/local/cross/i586-elf/lib/libc.a(lib_a-mprec.o)
 .debug_abbrev  0x00000000000027c9       0xca /usr/local/cross/i586-elf/lib/libc.a(lib_a-s_fpclassify.o)
 .debug_abbrev  0x0000000000002893      0x2ab /usr/local/cross/i586-elf/lib/libc.a(lib_a-svfiprintf.o)
 .debug_abbrev  0x0000000000002b3e       0x14 /usr/local/cross/i586-elf/lib/libc.a(lib_a-memmove.o)

.debug_aranges  0x0000000000000000      0x3f0
 .debug_aranges
                0x0000000000000000       0x20 /usr/local/cross/i586-elf/lib/libc.a(lib_a-errno.o)
 .debug_aranges
                0x0000000000000020       0x18 /usr/local/cross/i586-elf/lib/libc.a(lib_a-impure.o)
 .debug_aranges
                0x0000000000000038       0x20 /usr/local/cross/i586-elf/lib/libc.a(lib_a-memcpy.o)
 .debug_aranges
                0x0000000000000058       0x20 /usr/local/cross/i586-elf/lib/libc.a(lib_a-memset.o)
 .debug_aranges
                0x0000000000000078       0x20 /usr/local/cross/i586-elf/lib/libc.a(lib_a-mktime.o)
 .debug_aranges
                0x0000000000000098       0x20 /usr/local/cross/i586-elf/lib/libc.a(lib_a-mktm_r.o)
 .debug_aranges
                0x00000000000000b8       0x20 /usr/local/cross/i586-elf/lib/libc.a(lib_a-signal.o)
 .debug_aranges
                0x00000000000000d8       0x20 /usr/local/cross/i586-elf/lib/libc.a(lib_a-signalr.o)
 .debug_aranges
                0x00000000000000f8       0x20 /usr/local/cross/i586-elf/lib/libc.a(lib_a-sprintf.o)
 .debug_aranges
                0x0000000000000118       0x20 /usr/local/cross/i586-elf/lib/libc.a(lib_a-strcat.o)
 .debug_aranges
                0x0000000000000138       0x20 /usr/local/cross/i586-elf/lib/libc.a(lib_a-strchr.o)
 .debug_aranges
                0x0000000000000158       0x20 /usr/local/cross/i586-elf/lib/libc.a(lib_a-strcmp.o)
 .debug_aranges
                0x0000000000000178       0x20 /usr/local/cross/i586-elf/lib/libc.a(lib_a-strcpy.o)
 .debug_aranges
                0x0000000000000198       0x20 /usr/local/cross/i586-elf/lib/libc.a(lib_a-strdup.o)
 .debug_aranges
                0x00000000000001b8       0x20 /usr/local/cross/i586-elf/lib/libc.a(lib_a-strdup_r.o)
 .debug_aranges
                0x00000000000001d8       0x20 /usr/local/cross/i586-elf/lib/libc.a(lib_a-strlen.o)
 .debug_aranges
                0x00000000000001f8       0x20 /usr/local/cross/i586-elf/lib/libc.a(lib_a-strncpy.o)
 .debug_aranges
                0x0000000000000218       0x20 /usr/local/cross/i586-elf/lib/libc.a(lib_a-svfprintf.o)
 .debug_aranges
                0x0000000000000238       0x20 /usr/local/cross/i586-elf/lib/libc.a(lib_a-time.o)
 .debug_aranges
                0x0000000000000258       0x20 /usr/local/cross/i586-elf/lib/libc.a(lib_a-tzlock.o)
 .debug_aranges
                0x0000000000000278       0x18 /usr/local/cross/i586-elf/lib/libc.a(lib_a-tzvars.o)
 .debug_aranges
                0x0000000000000290       0x20 /usr/local/cross/i586-elf/lib/libc.a(lib_a-vsprintf.o)
 .debug_aranges
                0x00000000000002b0       0x20 /usr/local/cross/i586-elf/lib/libc.a(lib_a-div.o)
 .debug_aranges
                0x00000000000002d0       0x20 /usr/local/cross/i586-elf/lib/libc.a(lib_a-dtoa.o)
 .debug_aranges
                0x00000000000002f0       0x20 /usr/local/cross/i586-elf/lib/libc.a(lib_a-gettimeofdayr.o)
 .debug_aranges
                0x0000000000000310       0x20 /usr/local/cross/i586-elf/lib/libc.a(lib_a-gettzinfo.o)
 .debug_aranges
                0x0000000000000330       0x20 /usr/local/cross/i586-elf/lib/libc.a(lib_a-locale.o)
 .debug_aranges
                0x0000000000000350       0x20 /usr/local/cross/i586-elf/lib/libc.a(lib_a-memchr.o)
 .debug_aranges
                0x0000000000000370       0x20 /usr/local/cross/i586-elf/lib/libc.a(lib_a-mprec.o)
 .debug_aranges
                0x0000000000000390       0x20 /usr/local/cross/i586-elf/lib/libc.a(lib_a-s_fpclassify.o)
 .debug_aranges
                0x00000000000003b0       0x20 /usr/local/cross/i586-elf/lib/libc.a(lib_a-svfiprintf.o)
 .debug_aranges
                0x00000000000003d0       0x20 /usr/local/cross/i586-elf/lib/libc.a(lib_a-memmove.o)

.debug_line     0x0000000000000000     0x3a5e
 .debug_line    0x0000000000000000       0xfc /usr/local/cross/i586-elf/lib/libc.a(lib_a-errno.o)
 .debug_line    0x00000000000000fc       0xe2 /usr/local/cross/i586-elf/lib/libc.a(lib_a-impure.o)
 .debug_line    0x00000000000001de       0x93 /usr/local/cross/i586-elf/lib/libc.a(lib_a-memcpy.o)
 .debug_line    0x0000000000000271       0xac /usr/local/cross/i586-elf/lib/libc.a(lib_a-memset.o)
 .debug_line    0x000000000000031d      0x2ed /usr/local/cross/i586-elf/lib/libc.a(lib_a-mktime.o)
 .debug_line    0x000000000000060a      0x30a /usr/local/cross/i586-elf/lib/libc.a(lib_a-mktm_r.o)
 .debug_line    0x0000000000000914      0x1d6 /usr/local/cross/i586-elf/lib/libc.a(lib_a-signal.o)
 .debug_line    0x0000000000000aea      0x14d /usr/local/cross/i586-elf/lib/libc.a(lib_a-signalr.o)
 .debug_line    0x0000000000000c37      0x15e /usr/local/cross/i586-elf/lib/libc.a(lib_a-sprintf.o)
 .debug_line    0x0000000000000d95       0xb1 /usr/local/cross/i586-elf/lib/libc.a(lib_a-strcat.o)
 .debug_line    0x0000000000000e46       0xd7 /usr/local/cross/i586-elf/lib/libc.a(lib_a-strchr.o)
 .debug_line    0x0000000000000f1d       0xc0 /usr/local/cross/i586-elf/lib/libc.a(lib_a-strcmp.o)
 .debug_line    0x0000000000000fdd       0xb6 /usr/local/cross/i586-elf/lib/libc.a(lib_a-strcpy.o)
 .debug_line    0x0000000000001093      0x129 /usr/local/cross/i586-elf/lib/libc.a(lib_a-strdup.o)
 .debug_line    0x00000000000011bc      0x13b /usr/local/cross/i586-elf/lib/libc.a(lib_a-strdup_r.o)
 .debug_line    0x00000000000012f7       0xa3 /usr/local/cross/i586-elf/lib/libc.a(lib_a-strlen.o)
 .debug_line    0x000000000000139a      0x110 /usr/local/cross/i586-elf/lib/libc.a(lib_a-strncpy.o)
 .debug_line    0x00000000000014aa      0x8c9 /usr/local/cross/i586-elf/lib/libc.a(lib_a-svfprintf.o)
 .debug_line    0x0000000000001d73      0x141 /usr/local/cross/i586-elf/lib/libc.a(lib_a-time.o)
 .debug_line    0x0000000000001eb4       0x66 /usr/local/cross/i586-elf/lib/libc.a(lib_a-tzlock.o)
 .debug_line    0x0000000000001f1a       0x51 /usr/local/cross/i586-elf/lib/libc.a(lib_a-tzvars.o)
 .debug_line    0x0000000000001f6b      0x152 /usr/local/cross/i586-elf/lib/libc.a(lib_a-vsprintf.o)
 .debug_line    0x00000000000020bd       0xba /usr/local/cross/i586-elf/lib/libc.a(lib_a-div.o)
 .debug_line    0x0000000000002177      0x6ed /usr/local/cross/i586-elf/lib/libc.a(lib_a-dtoa.o)
 .debug_line    0x0000000000002864      0x14e /usr/local/cross/i586-elf/lib/libc.a(lib_a-gettimeofdayr.o)
 .debug_line    0x00000000000029b2       0xd6 /usr/local/cross/i586-elf/lib/libc.a(lib_a-gettzinfo.o)
 .debug_line    0x0000000000002a88      0x17f /usr/local/cross/i586-elf/lib/libc.a(lib_a-locale.o)
 .debug_line    0x0000000000002c07       0xb0 /usr/local/cross/i586-elf/lib/libc.a(lib_a-memchr.o)
 .debug_line    0x0000000000002cb7      0x625 /usr/local/cross/i586-elf/lib/libc.a(lib_a-mprec.o)
 .debug_line    0x00000000000032dc      0x10e /usr/local/cross/i586-elf/lib/libc.a(lib_a-s_fpclassify.o)
 .debug_line    0x00000000000033ea      0x5b8 /usr/local/cross/i586-elf/lib/libc.a(lib_a-svfiprintf.o)
 .debug_line    0x00000000000039a2       0xbc /usr/local/cross/i586-elf/lib/libc.a(lib_a-memmove.o)

.debug_str      0x0000000000000000     0x147d
 .debug_str     0x0000000000000000      0x497 /usr/local/cross/i586-elf/lib/libc.a(lib_a-errno.o)
                                        0x501 (size before relaxing)
 .debug_str     0x0000000000000497       0x87 /usr/local/cross/i586-elf/lib/libc.a(lib_a-impure.o)
                                        0x519 (size before relaxing)
 .debug_str     0x000000000000051e      0x187 /usr/local/cross/i586-elf/lib/libc.a(lib_a-mktime.o)
                                        0x2be (size before relaxing)
 .debug_str     0x00000000000006a5       0x9f /usr/local/cross/i586-elf/lib/libc.a(lib_a-mktm_r.o)
                                        0x2a5 (size before relaxing)
 .debug_str     0x0000000000000744       0xe7 /usr/local/cross/i586-elf/lib/libc.a(lib_a-signal.o)
                                        0x58f (size before relaxing)
 .debug_str     0x000000000000082b       0x4a /usr/local/cross/i586-elf/lib/libc.a(lib_a-signalr.o)
                                        0x519 (size before relaxing)
 .debug_str     0x0000000000000875       0xa2 /usr/local/cross/i586-elf/lib/libc.a(lib_a-sprintf.o)
                                        0x549 (size before relaxing)
 .debug_str     0x0000000000000917       0x83 /usr/local/cross/i586-elf/lib/libc.a(lib_a-strcat.o)
                                        0x153 (size before relaxing)
 .debug_str     0x000000000000099a       0x3f /usr/local/cross/i586-elf/lib/libc.a(lib_a-strcmp.o)
                                        0x141 (size before relaxing)
 .debug_str     0x00000000000009d9       0x5a /usr/local/cross/i586-elf/lib/libc.a(lib_a-strcpy.o)
                                        0x163 (size before relaxing)
 .debug_str     0x0000000000000a33       0x49 /usr/local/cross/i586-elf/lib/libc.a(lib_a-strdup.o)
                                        0x50d (size before relaxing)
 .debug_str     0x0000000000000a7c       0x57 /usr/local/cross/i586-elf/lib/libc.a(lib_a-strdup_r.o)
                                        0x52a (size before relaxing)
 .debug_str     0x0000000000000ad3       0x41 /usr/local/cross/i586-elf/lib/libc.a(lib_a-strncpy.o)
                                        0x172 (size before relaxing)
 .debug_str     0x0000000000000b14      0x31f /usr/local/cross/i586-elf/lib/libc.a(lib_a-svfprintf.o)
                                        0x8a6 (size before relaxing)
 .debug_str     0x0000000000000e33       0x5f /usr/local/cross/i586-elf/lib/libc.a(lib_a-time.o)
                                        0x535 (size before relaxing)
 .debug_str     0x0000000000000e92       0x47 /usr/local/cross/i586-elf/lib/libc.a(lib_a-tzlock.o)
                                        0x15d (size before relaxing)
 .debug_str     0x0000000000000ed9       0x48 /usr/local/cross/i586-elf/lib/libc.a(lib_a-tzvars.o)
                                        0x152 (size before relaxing)
 .debug_str     0x0000000000000f21       0x4e /usr/local/cross/i586-elf/lib/libc.a(lib_a-vsprintf.o)
                                        0x54c (size before relaxing)
 .debug_str     0x0000000000000f6f       0x6d /usr/local/cross/i586-elf/lib/libc.a(lib_a-div.o)
                                        0x148 (size before relaxing)
 .debug_str     0x0000000000000fdc      0x154 /usr/local/cross/i586-elf/lib/libc.a(lib_a-dtoa.o)
                                        0x66b (size before relaxing)
 .debug_str     0x0000000000001130       0x5e /usr/local/cross/i586-elf/lib/libc.a(lib_a-gettimeofdayr.o)
                                        0x555 (size before relaxing)
 .debug_str     0x000000000000118e       0x39 /usr/local/cross/i586-elf/lib/libc.a(lib_a-gettzinfo.o)
                                        0x1b9 (size before relaxing)
 .debug_str     0x00000000000011c7      0x14a /usr/local/cross/i586-elf/lib/libc.a(lib_a-locale.o)
                                        0x776 (size before relaxing)
 .debug_str     0x0000000000001311       0xa2 /usr/local/cross/i586-elf/lib/libc.a(lib_a-mprec.o)
                                        0x625 (size before relaxing)
 .debug_str     0x00000000000013b3       0x92 /usr/local/cross/i586-elf/lib/libc.a(lib_a-s_fpclassify.o)
                                        0x19a (size before relaxing)
 .debug_str     0x0000000000001445       0x38 /usr/local/cross/i586-elf/lib/libc.a(lib_a-svfiprintf.o)
                                        0x6a9 (size before relaxing)

.debug_loc      0x0000000000000000     0x8a0a
 .debug_loc     0x0000000000000000      0x557 /usr/local/cross/i586-elf/lib/libc.a(lib_a-mktime.o)
 .debug_loc     0x0000000000000557      0x4ec /usr/local/cross/i586-elf/lib/libc.a(lib_a-mktm_r.o)
 .debug_loc     0x0000000000000a43       0x72 /usr/local/cross/i586-elf/lib/libc.a(lib_a-signal.o)
 .debug_loc     0x0000000000000ab5       0x5a /usr/local/cross/i586-elf/lib/libc.a(lib_a-sprintf.o)
 .debug_loc     0x0000000000000b0f       0x5c /usr/local/cross/i586-elf/lib/libc.a(lib_a-strcat.o)
 .debug_loc     0x0000000000000b6b       0x94 /usr/local/cross/i586-elf/lib/libc.a(lib_a-strcmp.o)
 .debug_loc     0x0000000000000bff       0xbe /usr/local/cross/i586-elf/lib/libc.a(lib_a-strcpy.o)
 .debug_loc     0x0000000000000cbd       0x3c /usr/local/cross/i586-elf/lib/libc.a(lib_a-strdup_r.o)
 .debug_loc     0x0000000000000cf9      0x180 /usr/local/cross/i586-elf/lib/libc.a(lib_a-strncpy.o)
 .debug_loc     0x0000000000000e79     0x27af /usr/local/cross/i586-elf/lib/libc.a(lib_a-svfprintf.o)
 .debug_loc     0x0000000000003628       0xb7 /usr/local/cross/i586-elf/lib/libc.a(lib_a-div.o)
 .debug_loc     0x00000000000036df     0x26c4 /usr/local/cross/i586-elf/lib/libc.a(lib_a-dtoa.o)
 .debug_loc     0x0000000000005da3     0x17c5 /usr/local/cross/i586-elf/lib/libc.a(lib_a-mprec.o)
 .debug_loc     0x0000000000007568       0x7c /usr/local/cross/i586-elf/lib/libc.a(lib_a-s_fpclassify.o)
 .debug_loc     0x00000000000075e4     0x1426 /usr/local/cross/i586-elf/lib/libc.a(lib_a-svfiprintf.o)

.debug_ranges   0x0000000000000000      0x238
 .debug_ranges  0x0000000000000000       0x50 /usr/local/cross/i586-elf/lib/libc.a(lib_a-mktime.o)
 .debug_ranges  0x0000000000000050       0x48 /usr/local/cross/i586-elf/lib/libc.a(lib_a-mktm_r.o)
 .debug_ranges  0x0000000000000098      0x120 /usr/local/cross/i586-elf/lib/libc.a(lib_a-svfprintf.o)
 .debug_ranges  0x00000000000001b8       0x48 /usr/local/cross/i586-elf/lib/libc.a(lib_a-mprec.o)
 .debug_ranges  0x0000000000000200       0x38 /usr/local/cross/i586-elf/lib/libc.a(lib_a-svfiprintf.o)
