Archive member included because of file (symbol)

/usr/local/cross/i586-elf/lib/libx86.a(int86.o)
                              /home/antonio/Projects/aPlus/src/arch/screen.o (int86)
/usr/local/cross/i586-elf/lib/libc.a(lib_a-errno.o)
                              /home/antonio/Projects/aPlus/src/arch/task.o (__errno)
/usr/local/cross/i586-elf/lib/libc.a(lib_a-impure.o)
                              /usr/local/cross/i586-elf/lib/libc.a(lib_a-errno.o) (_impure_ptr)
/usr/local/cross/i586-elf/lib/libc.a(lib_a-malloc.o)
                              /home/antonio/Projects/aPlus/src/crt0.o (malloc)
/usr/local/cross/i586-elf/lib/libc.a(lib_a-memcpy.o)
                              /home/antonio/Projects/aPlus/src/arch/syscall.o (memcpy)
/usr/local/cross/i586-elf/lib/libc.a(lib_a-memset.o)
                              /home/antonio/Projects/aPlus/src/arch/task.o (memset)
/usr/local/cross/i586-elf/lib/libc.a(lib_a-mktime.o)
                              /home/antonio/Projects/aPlus/src/arch/desc.o (mktime)
/usr/local/cross/i586-elf/lib/libc.a(lib_a-mktm_r.o)
                              /usr/local/cross/i586-elf/lib/libc.a(lib_a-mktime.o) (__tzcalc_limits)
/usr/local/cross/i586-elf/lib/libc.a(lib_a-signal.o)
                              /home/antonio/Projects/aPlus/src/crt0.o (raise)
/usr/local/cross/i586-elf/lib/libc.a(lib_a-signalr.o)
                              /usr/local/cross/i586-elf/lib/libc.a(lib_a-signal.o) (_kill_r)
/usr/local/cross/i586-elf/lib/libc.a(lib_a-sprintf.o)
                              /home/antonio/Projects/aPlus/src/arch/syscall.o (sprintf)
/usr/local/cross/i586-elf/lib/libc.a(lib_a-strcat.o)
                              /home/antonio/Projects/aPlus/src/fs/procfs/procfs_cmdline.o (strcat)
/usr/local/cross/i586-elf/lib/libc.a(lib_a-strchr.o)
                              /home/antonio/Projects/aPlus/src/arch/syscall.o (strchr)
/usr/local/cross/i586-elf/lib/libc.a(lib_a-strcmp.o)
                              /home/antonio/Projects/aPlus/src/vfs.o (strcmp)
/usr/local/cross/i586-elf/lib/libc.a(lib_a-strcpy.o)
                              /home/antonio/Projects/aPlus/src/vfs.o (strcpy)
/usr/local/cross/i586-elf/lib/libc.a(lib_a-strdup.o)
                              /home/antonio/Projects/aPlus/src/arch/syscall.o (strdup)
/usr/local/cross/i586-elf/lib/libc.a(lib_a-strdup_r.o)
                              /usr/local/cross/i586-elf/lib/libc.a(lib_a-strdup.o) (_strdup_r)
/usr/local/cross/i586-elf/lib/libc.a(lib_a-strlen.o)
                              /home/antonio/Projects/aPlus/src/arch/syscall.o (strlen)
/usr/local/cross/i586-elf/lib/libc.a(lib_a-strncpy.o)
                              /home/antonio/Projects/aPlus/src/arch/syscall.o (strncpy)
/usr/local/cross/i586-elf/lib/libc.a(lib_a-svfprintf.o)
                              /usr/local/cross/i586-elf/lib/libc.a(lib_a-sprintf.o) (_svfprintf_r)
/usr/local/cross/i586-elf/lib/libc.a(lib_a-time.o)
                              /home/antonio/Projects/aPlus/src/vfs.o (time)
/usr/local/cross/i586-elf/lib/libc.a(lib_a-tzlock.o)
                              /usr/local/cross/i586-elf/lib/libc.a(lib_a-mktime.o) (__tz_lock)
/usr/local/cross/i586-elf/lib/libc.a(lib_a-tzvars.o)
                              /usr/local/cross/i586-elf/lib/libc.a(lib_a-mktime.o) (_daylight)
/usr/local/cross/i586-elf/lib/libc.a(lib_a-vsprintf.o)
                              /home/antonio/Projects/aPlus/src/arch/syscall.o (vsprintf)
/usr/local/cross/i586-elf/lib/libc.a(lib_a-div.o)
                              /usr/local/cross/i586-elf/lib/libc.a(lib_a-mktime.o) (div)
/usr/local/cross/i586-elf/lib/libc.a(lib_a-dtoa.o)
                              /usr/local/cross/i586-elf/lib/libc.a(lib_a-svfprintf.o) (_dtoa_r)
/usr/local/cross/i586-elf/lib/libc.a(lib_a-gettimeofdayr.o)
                              /usr/local/cross/i586-elf/lib/libc.a(lib_a-time.o) (_gettimeofday_r)
/usr/local/cross/i586-elf/lib/libc.a(lib_a-gettzinfo.o)
                              /usr/local/cross/i586-elf/lib/libc.a(lib_a-mktime.o) (__gettzinfo)
/usr/local/cross/i586-elf/lib/libc.a(lib_a-locale.o)
                              /usr/local/cross/i586-elf/lib/libc.a(lib_a-svfprintf.o) (_localeconv_r)
/usr/local/cross/i586-elf/lib/libc.a(lib_a-memchr.o)
                              /usr/local/cross/i586-elf/lib/libc.a(lib_a-svfprintf.o) (memchr)
/usr/local/cross/i586-elf/lib/libc.a(lib_a-mprec.o)
                              /usr/local/cross/i586-elf/lib/libc.a(lib_a-dtoa.o) (_Balloc)
/usr/local/cross/i586-elf/lib/libc.a(lib_a-s_fpclassify.o)
                              /usr/local/cross/i586-elf/lib/libc.a(lib_a-svfprintf.o) (__fpclassifyd)
/usr/local/cross/i586-elf/lib/libc.a(lib_a-svfiprintf.o)
                              /usr/local/cross/i586-elf/lib/libc.a(lib_a-svfprintf.o) (__ssprint_r)
/usr/local/cross/i586-elf/lib/libc.a(lib_a-memmove.o)
                              /usr/local/cross/i586-elf/lib/libc.a(lib_a-svfiprintf.o) (memmove)

Allocating common symbols
Common symbol       size              file

errno               0x4               /home/antonio/Projects/aPlus/src/crt0.o
fs_root             0x4               /home/antonio/Projects/aPlus/src/vfs.o

Memory Configuration

Name             Origin             Length             Attributes
*default*        0x0000000000000000 0xffffffffffffffff

Linker script and memory map

                0x0000000000100000                . = 0x100000

.multiboot      0x0000000000100000       0x20
                0x0000000000100000                multiboot = .
                0x0000000000100000                _multiboot = .
                0x0000000000100000                __multiboot = .
 *(.multiboot)
 .multiboot     0x0000000000100000       0x20 /home/antonio/Projects/aPlus/src/arch/loader.o

.text           0x0000000000100020    0x1055d
                0x0000000000100020                text = .
                0x0000000000100020                _text = .
                0x0000000000100020                __text = .
 *(.text)
 .text          0x0000000000100020      0x717 /home/antonio/Projects/aPlus/src/arch/task.o
                0x0000000000100105                task_init
                0x000000000010020b                task_create_with_data
                0x000000000010039a                task_zombie
                0x00000000001003b6                task_idle
                0x00000000001003d4                task_wakeup
                0x00000000001003f0                task_setpriority
                0x000000000010040b                sched_enable
                0x0000000000100417                sched_disable
                0x0000000000100423                task_dosignal
                0x00000000001004a2                schedule
                0x00000000001005af                task_create
                0x00000000001005d1                task_exit2
                0x0000000000100667                task_exit
                0x0000000000100683                task_getbypid
                0x00000000001006bd                task_wait
                0x000000000010071c                task_waitpid
 .text          0x0000000000100737     0x15ab /home/antonio/Projects/aPlus/src/arch/syscall.o
                0x00000000001008fd                syscall__exit
                0x0000000000100920                syscall__chown
                0x0000000000100986                syscall__close
                0x0000000000100a09                syscall(...)(long long,...)(char, void,...)
                0x0000000000100bce                syscall__fork
                0x0000000000100d2c                syscall__fstat
                0x0000000000100ee7                syscall__getpid
                0x0000000000100f03                syscall_gettimeofday
                0x0000000000100f63                syscall__kill
                0x0000000000100fbe                syscall__link
                0x0000000000100fd6                syscall__lseek
                0x00000000001010f5                syscall__open
                0x00000000001011a8                syscall__read
                0x000000000010126b                syscall__readlink
                0x00000000001012e6                syscall__stat
                0x00000000001013ea                syscall__symlink
                0x00000000001014f5                syscall__times
                0x0000000000101560                syscall__unlink
                0x0000000000101565                syscall__wait
                0x0000000000101586                syscall__write
                0x0000000000101649                syscall__readdir
                0x0000000000101711                syscall_ioctl
                0x00000000001017b4                syscall_mount
                0x00000000001018ac                syscall_umount
                0x0000000000101916                syscall_tell
                0x00000000001019a6                syscall___get_argv
                0x00000000001019c3                syscall___get_env
                0x00000000001019e0                syscall_pipe
                0x0000000000101b20                syscall_chdir
                0x0000000000101b83                syscall___install_signal_handler
                0x0000000000101bb8                syscall_malloc
                0x0000000000101bcb                syscall_free
                0x0000000000101bde                syscall_aplus_thread_create
                0x0000000000101c15                syscall_aplus_thread_idle
                0x0000000000101c22                syscall_aplus_thread_wakeup
                0x0000000000101c2f                syscall_aplus_thread_zombie
                0x0000000000101c3c                syscall_handler
 .text          0x0000000000101ce2      0x600 /home/antonio/Projects/aPlus/src/arch/mm.o
                0x0000000000101d86                mm_alloc
                0x0000000000101dcb                mm_free
                0x0000000000101deb                mm_enablepaging
                0x0000000000101e15                mm_disablepaging
                0x0000000000101e2f                vmm_switch
                0x0000000000101e5f                vmm_map
                0x0000000000101f2c                vmm_unmap
                0x0000000000101f94                mm_create_addrspace
                0x0000000000101ff1                mm_map_kernel
                0x0000000000102020                kmalloc
                0x00000000001020a4                kfree
                0x000000000010214c                mm_init
                0x000000000010220b                pagefault_handler
 .text          0x00000000001022e2     0x10fe /home/antonio/Projects/aPlus/src/arch/desc.o
                0x00000000001022fe                gdt_load
                0x000000000010231b                idt_load
                0x0000000000102323                isr_stub
                0x000000000010234b                irq_stub
                0x0000000000102373                isr_handler
                0x0000000000102455                irq_handler
                0x00000000001024bc                pit_handler
                0x0000000000102583                desc_init
                0x0000000000103178                irq_set
                0x00000000001031aa                irq_unset
                0x000000000010320f                pit_gettime
                0x00000000001033d0                pit_getticks
 .text          0x00000000001033e0      0x9a2 /home/antonio/Projects/aPlus/src/arch/screen.o
                0x0000000000103537                video_putc
                0x000000000010380d                video_puts
                0x000000000010384e                video_getc
                0x00000000001038d5                video_clear
                0x000000000010394c                video_init
 .text          0x0000000000103d82      0x66d /home/antonio/Projects/aPlus/src/vfs.o
                0x0000000000103e04                fs_ioctl
                0x0000000000103e4a                fs_read
                0x0000000000103e90                fs_write
                0x0000000000103ed6                fs_trunc
                0x0000000000103f0e                fs_allocate
                0x0000000000103f4d                fs_readdir
                0x0000000000103f85                fs_finddir
                0x0000000000103fc4                fs_creat
                0x000000000010400a                fs_remove
                0x0000000000104049                fs_destroy
                0x0000000000104081                fs_nextinode
                0x0000000000104094                fs_chroot
                0x00000000001040d7                fs_mount
                0x0000000000104175                fs_umount
                0x00000000001041df                vfs_init
 .text          0x00000000001043ef      0x70f /home/antonio/Projects/aPlus/src/elf.o
                0x000000000010443f                elf_check_file
                0x00000000001044d8                elf_check_supported
                0x0000000000104aa4                elf_load_file
 .text          0x0000000000104afe       0xbd /home/antonio/Projects/aPlus/src/panic.o
                0x0000000000104b4e                __panic
 .text          0x0000000000104bbb      0x934 /home/antonio/Projects/aPlus/src/crt0.o
                0x0000000000104bbb                _exit
                0x0000000000104be1                chown
                0x0000000000104c20                close
                0x0000000000104c55                execve
                0x0000000000104c86                fork
                0x0000000000104cbd                fstat
                0x0000000000104cf0                getpid
                0x0000000000104d27                gettimeofday
                0x0000000000104d5a                isatty
                0x0000000000104d6b                kill
                0x0000000000104d9e                link
                0x0000000000104dd1                lseek
                0x0000000000104e02                open
                0x0000000000104e33                read
                0x0000000000104e64                readlink
                0x0000000000104e95                sbrk
                0x0000000000104ecb                stat
                0x0000000000104efe                symlink
                0x0000000000104f31                times
                0x0000000000104f66                unlink
                0x0000000000104f9b                wait
                0x0000000000104fd0                write
                0x0000000000105001                readdir
                0x000000000010504b                ioctl
                0x000000000010507c                mount
                0x00000000001050a9                umount2
                0x00000000001050dc                umount
                0x00000000001050f7                tell
                0x000000000010512c                __get_argv
                0x0000000000105163                __get_env
                0x000000000010519a                pipe
                0x00000000001051cf                chdir
                0x0000000000105204                __install_signal_handler
                0x0000000000105239                _malloc_r
                0x000000000010526e                _free_r
                0x0000000000105297                _calloc_r
                0x00000000001052b5                _realloc_r
                0x000000000010531f                aplus_thread_create
                0x0000000000105350                aplus_thread_idle
                0x000000000010537b                aplus_thread_wakeup
                0x00000000001053a6                aplus_thread_zombie
                0x00000000001053d1                opendir
                0x0000000000105432                closedir
                0x000000000010546e                rewinddir
                0x0000000000105490                seekdir
                0x00000000001054b0                telldir
                0x00000000001054d2                scandir
                0x00000000001054dc                __signal_handler__
 .text          0x00000000001054ef      0x674 /home/antonio/Projects/aPlus/src/rootfs.o
                0x00000000001054ef                rootfs_readdir
                0x00000000001055e0                rootfs_finddir
                0x00000000001056b5                rootfs_remove
                0x0000000000105805                rootfs_creat
                0x0000000000105acd                rootfs_init
 .text          0x0000000000105b63      0x2dc /home/antonio/Projects/aPlus/src/tty.o
                0x0000000000105bb3                tty_ioctl
                0x0000000000105c36                tty_read
                0x0000000000105cf9                tty_write
                0x0000000000105d58                tty_trunc
                0x0000000000105d79                tty_init
 .text          0x0000000000105e3f       0xc3 /home/antonio/Projects/aPlus/src/spinlock.o
                0x0000000000105e3f                spinlock_lock
                0x0000000000105e8b                spinlock_unlock
                0x0000000000105eb9                spinlock_trylock
 .text          0x0000000000105f02       0xfe /home/antonio/Projects/aPlus/src/main.o
                0x0000000000105f52                sysidle
                0x0000000000105f8c                main
 .text          0x0000000000106000       0x58 /home/antonio/Projects/aPlus/src/fs/initfs/initfs_mount.o
                0x0000000000106000                initfs_mount
 .text          0x0000000000106058      0x510 /home/antonio/Projects/aPlus/src/fs/initfs/initfs.o
                0x0000000000106058                initfs_read
                0x0000000000106162                initfs_readdir
                0x0000000000106255                initfs_finddir
 .text          0x0000000000106568      0x30b /home/antonio/Projects/aPlus/src/fs/ramdev.o
                0x00000000001065b8                ramdev_read
                0x00000000001066a7                ramdev_write
                0x0000000000106796                ramdev_destroy
                0x00000000001067c1                ramdev_create
 .text          0x0000000000106873      0x2af /home/antonio/Projects/aPlus/src/fs/procfs/procfs_task.o
                0x0000000000106873                procfs_task_create
 .text          0x0000000000106b22      0x305 /home/antonio/Projects/aPlus/src/fs/procfs/procfs_cmdline.o
                0x0000000000106b22                procfs_cmdline_read
                0x0000000000106b7b                procfs_cmdline_destroy
                0x0000000000106ba6                procfs_cmdline_create
 .text          0x0000000000106e27       0xe4 /home/antonio/Projects/aPlus/src/fs/procfs/procfs_mount.o
                0x0000000000106e27                procfs_mount
 .text          0x0000000000106f0b      0x1fb /home/antonio/Projects/aPlus/src/fs/procfs/procfs_cwd.o
                0x0000000000106f0b                procfs_cwd_create
 .text          0x0000000000107106      0x352 /home/antonio/Projects/aPlus/src/fs/procfs/procfs_filesystems.o
                0x0000000000107106                procfs_filesystems_updatebuf
                0x00000000001071aa                procfs_filesystems_read
                0x0000000000107203                procfs_filesystems_destroy
                0x000000000010722e                procfs_filesystems_create
 .text          0x0000000000107458      0x2ff /home/antonio/Projects/aPlus/src/fs/procfs/procfs_environ.o
                0x0000000000107458                procfs_environ_read
                0x00000000001074b1                procfs_environ_destroy
                0x00000000001074dc                procfs_environ_create
 .text          0x0000000000107757      0x33a /home/antonio/Projects/aPlus/src/fs/procfs/procfs_meminfo.o
                0x00000000001077ed                procfs_meminfo_read
                0x0000000000107857                procfs_meminfo_destroy
                0x0000000000107882                procfs_meminfo_create
 .text          0x0000000000107a91      0x92e /home/antonio/Projects/aPlus/src/fs/procfs/procfs.o
                0x0000000000107b28                procfs_add_inode
                0x0000000000107bb9                procfs_readdir
                0x0000000000107d72                procfs_finddir
                0x0000000000107f15                procfs_remove
                0x0000000000108084                procfs_creat
                0x000000000010834d                procfs_destroy
 .text          0x00000000001083bf      0x650 /home/antonio/Projects/aPlus/src/fs/procfs/procfs_fd.o
                0x00000000001083bf                procfs_fd_readdir
                0x00000000001084f4                procfs_fd_finddir
                0x0000000000108825                procfs_fd_create
 .text          0x0000000000108a0f      0x30a /home/antonio/Projects/aPlus/src/fs/pipe.o
                0x0000000000108a0f                pipe_read
                0x0000000000108b21                pipe_write
                0x0000000000108bf6                pipe_destroy
                0x0000000000108c34                pipe_create
 .text          0x0000000000108d19      0x138 /home/antonio/Projects/aPlus/src/initrd.o
                0x0000000000108d69                initrd_init
 *fill*         0x0000000000108e51        0xf 
 .text          0x0000000000108e60       0x68 /home/antonio/Projects/aPlus/src/arch/loader.o
                0x0000000000108e60                _start
                0x0000000000108ec0                mbd
                0x0000000000108ec4                magic
 *fill*         0x0000000000108ec8        0x8 
 .text          0x0000000000108ed0      0x220 /home/antonio/Projects/aPlus/src/arch/_desc.o
                0x0000000000108ed0                isr0
                0x0000000000108ed9                isr1
                0x0000000000108ee2                isr2
                0x0000000000108eeb                isr3
                0x0000000000108ef4                isr4
                0x0000000000108efd                isr5
                0x0000000000108f06                isr6
                0x0000000000108f0f                isr7
                0x0000000000108f18                isr8
                0x0000000000108f1f                isr9
                0x0000000000108f28                isr10
                0x0000000000108f2f                isr11
                0x0000000000108f36                isr12
                0x0000000000108f3d                isr13
                0x0000000000108f44                isr15
                0x0000000000108f4d                isr16
                0x0000000000108f56                isr17
                0x0000000000108f5f                isr18
                0x0000000000108f68                isr19
                0x0000000000108f71                isr20
                0x0000000000108f7a                isr21
                0x0000000000108f83                isr22
                0x0000000000108f8c                isr23
                0x0000000000108f95                isr24
                0x0000000000108f9e                isr25
                0x0000000000108fa7                isr26
                0x0000000000108fb0                isr27
                0x0000000000108fb9                isr28
                0x0000000000108fc2                isr29
                0x0000000000108fcb                isr30
                0x0000000000108fd4                isr31
                0x0000000000108fdd                irq1
                0x0000000000108fe6                irq2
                0x0000000000108fef                irq3
                0x0000000000108ff8                irq4
                0x0000000000109001                irq5
                0x000000000010900a                irq6
                0x0000000000109013                irq7
                0x000000000010901c                irq8
                0x0000000000109025                irq9
                0x000000000010902e                irq10
                0x0000000000109037                irq11
                0x0000000000109040                irq12
                0x0000000000109049                irq13
                0x0000000000109052                irq14
                0x000000000010905b                irq15
                0x0000000000109064                irq0
                0x0000000000109095                isr0x80
                0x00000000001090c6                isr14
 .text          0x00000000001090f0        0x9 /home/antonio/Projects/aPlus/src/arch/process.o
                0x00000000001090f0                read_eip
                0x00000000001090f4                forkchild
 *fill*         0x00000000001090f9        0x7 
 .text          0x0000000000109100      0x14c /usr/local/cross/i586-elf/lib/libx86.a(int86.o)
                0x0000000000109100                int86
 *fill*         0x000000000010924c        0x4 
 .text          0x0000000000109250        0x6 /usr/local/cross/i586-elf/lib/libc.a(lib_a-errno.o)
                0x0000000000109250                __errno
 .text          0x0000000000109256        0x0 /usr/local/cross/i586-elf/lib/libc.a(lib_a-impure.o)
 *fill*         0x0000000000109256        0xa 
 .text          0x0000000000109260       0x3c /usr/local/cross/i586-elf/lib/libc.a(lib_a-malloc.o)
                0x0000000000109260                malloc
                0x0000000000109280                free
 .text          0x000000000010929c       0x48 /usr/local/cross/i586-elf/lib/libc.a(lib_a-memcpy.o)
                0x000000000010929c                memcpy
 .text          0x00000000001092e4       0x88 /usr/local/cross/i586-elf/lib/libc.a(lib_a-memset.o)
                0x00000000001092e4                memset
 *fill*         0x000000000010936c        0x4 
 .text          0x0000000000109370      0x78a /usr/local/cross/i586-elf/lib/libc.a(lib_a-mktime.o)
                0x0000000000109680                mktime
 *fill*         0x0000000000109afa        0x6 
 .text          0x0000000000109b00      0x6a0 /usr/local/cross/i586-elf/lib/libc.a(lib_a-mktm_r.o)
                0x0000000000109b00                __tzcalc_limits
                0x0000000000109d40                _mktm_r
 .text          0x000000000010a1a0      0x29c /usr/local/cross/i586-elf/lib/libc.a(lib_a-signal.o)
                0x000000000010a1a0                _init_signal_r
                0x000000000010a200                _signal_r
                0x000000000010a260                _raise_r
                0x000000000010a310                __sigtramp_r
                0x000000000010a3b0                raise
                0x000000000010a3d0                signal
                0x000000000010a400                _init_signal
                0x000000000010a420                __sigtramp
 *fill*         0x000000000010a43c        0x4 
 .text          0x000000000010a440       0x55 /usr/local/cross/i586-elf/lib/libc.a(lib_a-signalr.o)
                0x000000000010a440                _kill_r
                0x000000000010a490                _getpid_r
 *fill*         0x000000000010a495        0xb 
 .text          0x000000000010a4a0       0xdc /usr/local/cross/i586-elf/lib/libc.a(lib_a-sprintf.o)
                0x000000000010a4a0                _sprintf_r
                0x000000000010a510                sprintf
 *fill*         0x000000000010a57c        0x4 
 .text          0x000000000010a580       0x6e /usr/local/cross/i586-elf/lib/libc.a(lib_a-strcat.o)
                0x000000000010a580                strcat
 *fill*         0x000000000010a5ee        0x2 
 .text          0x000000000010a5f0       0xfc /usr/local/cross/i586-elf/lib/libc.a(lib_a-strchr.o)
                0x000000000010a5f0                strchr
 *fill*         0x000000000010a6ec        0x4 
 .text          0x000000000010a6f0       0x73 /usr/local/cross/i586-elf/lib/libc.a(lib_a-strcmp.o)
                0x000000000010a6f0                strcmp
 *fill*         0x000000000010a763        0xd 
 .text          0x000000000010a770       0x60 /usr/local/cross/i586-elf/lib/libc.a(lib_a-strcpy.o)
                0x000000000010a770                strcpy
 .text          0x000000000010a7d0       0x1c /usr/local/cross/i586-elf/lib/libc.a(lib_a-strdup.o)
                0x000000000010a7d0                strdup
 *fill*         0x000000000010a7ec        0x4 
 .text          0x000000000010a7f0       0x44 /usr/local/cross/i586-elf/lib/libc.a(lib_a-strdup_r.o)
                0x000000000010a7f0                _strdup_r
 *fill*         0x000000000010a834        0xc 
 .text          0x000000000010a840       0x79 /usr/local/cross/i586-elf/lib/libc.a(lib_a-strlen.o)
                0x000000000010a840                strlen
 *fill*         0x000000000010a8b9        0x7 
 .text          0x000000000010a8c0       0xa0 /usr/local/cross/i586-elf/lib/libc.a(lib_a-strncpy.o)
                0x000000000010a8c0                strncpy
 .text          0x000000000010a960     0x20de /usr/local/cross/i586-elf/lib/libc.a(lib_a-svfprintf.o)
                0x000000000010a960                _svfprintf_r
 *fill*         0x000000000010ca3e        0x2 
 .text          0x000000000010ca40       0x45 /usr/local/cross/i586-elf/lib/libc.a(lib_a-time.o)
                0x000000000010ca40                time
 *fill*         0x000000000010ca85        0xb 
 .text          0x000000000010ca90       0x11 /usr/local/cross/i586-elf/lib/libc.a(lib_a-tzlock.o)
                0x000000000010ca90                __tz_lock
                0x000000000010caa0                __tz_unlock
 .text          0x000000000010caa1        0x0 /usr/local/cross/i586-elf/lib/libc.a(lib_a-tzvars.o)
 *fill*         0x000000000010caa1        0xf 
 .text          0x000000000010cab0       0x9c /usr/local/cross/i586-elf/lib/libc.a(lib_a-vsprintf.o)
                0x000000000010cab0                _vsprintf_r
                0x000000000010cb20                vsprintf
 *fill*         0x000000000010cb4c        0x4 
 .text          0x000000000010cb50       0x5f /usr/local/cross/i586-elf/lib/libc.a(lib_a-div.o)
                0x000000000010cb50                div
 *fill*         0x000000000010cbaf        0x1 
 .text          0x000000000010cbb0     0x16f7 /usr/local/cross/i586-elf/lib/libc.a(lib_a-dtoa.o)
                0x000000000010cdc0                _dtoa_r
 *fill*         0x000000000010e2a7        0x9 
 .text          0x000000000010e2b0       0x44 /usr/local/cross/i586-elf/lib/libc.a(lib_a-gettimeofdayr.o)
                0x000000000010e2b0                _gettimeofday_r
 *fill*         0x000000000010e2f4        0xc 
 .text          0x000000000010e300        0x6 /usr/local/cross/i586-elf/lib/libc.a(lib_a-gettzinfo.o)
                0x000000000010e300                __gettzinfo
 *fill*         0x000000000010e306        0xa 
 .text          0x000000000010e310       0xf6 /usr/local/cross/i586-elf/lib/libc.a(lib_a-locale.o)
                0x000000000010e310                _setlocale_r
                0x000000000010e380                __locale_charset
                0x000000000010e390                __locale_mb_cur_max
                0x000000000010e3a0                __locale_msgcharset
                0x000000000010e3b0                __locale_cjk_lang
                0x000000000010e3c0                _localeconv_r
                0x000000000010e3d0                setlocale
                0x000000000010e400                localeconv
 *fill*         0x000000000010e406        0xa 
 .text          0x000000000010e410       0x95 /usr/local/cross/i586-elf/lib/libc.a(lib_a-memchr.o)
                0x000000000010e410                memchr
 *fill*         0x000000000010e4a5        0xb 
 .text          0x000000000010e4b0      0xf38 /usr/local/cross/i586-elf/lib/libc.a(lib_a-mprec.o)
                0x000000000010e4b0                _Balloc
                0x000000000010e550                _Bfree
                0x000000000010e570                __multadd
                0x000000000010e680                __s2b
                0x000000000010e790                __hi0bits
                0x000000000010e800                __lo0bits
                0x000000000010e890                __i2b
                0x000000000010e8c0                __multiply
                0x000000000010eae0                __pow5mult
                0x000000000010ec00                __lshift
                0x000000000010ed50                __mcmp
                0x000000000010edb0                __mdiff
                0x000000000010ef40                __ulp
                0x000000000010efd0                __b2d
                0x000000000010f0e0                __d2b
                0x000000000010f210                __ratio
                0x000000000010f2b0                _mprec_log10
                0x000000000010f2f0                __copybits
                0x000000000010f360                __any_on
 *fill*         0x000000000010f3e8        0x8 
 .text          0x000000000010f3f0       0x61 /usr/local/cross/i586-elf/lib/libc.a(lib_a-s_fpclassify.o)
                0x000000000010f3f0                __fpclassifyd
 *fill*         0x000000000010f451        0xf 
 .text          0x000000000010f460     0x1082 /usr/local/cross/i586-elf/lib/libc.a(lib_a-svfiprintf.o)
                0x000000000010f460                __ssprint_r
                0x000000000010f6a0                _svfiprintf_r
 *fill*         0x00000000001104e2        0xe 
 .text          0x00000000001104f0       0x8d /usr/local/cross/i586-elf/lib/libc.a(lib_a-memmove.o)
                0x00000000001104f0                memmove

.iplt           0x0000000000110580        0x0
 .iplt          0x0000000000000000        0x0 /home/antonio/Projects/aPlus/src/arch/task.o

.rodata         0x0000000000110580      0xe6c
                0x0000000000110580                rodata = .
                0x0000000000110580                _rodata = .
                0x0000000000110580                __rodata = .
 *(.rodata*)
 .rodata        0x0000000000110580       0x5b /home/antonio/Projects/aPlus/src/arch/task.o
 *fill*         0x00000000001105db        0x1 
 .rodata        0x00000000001105dc       0x97 /home/antonio/Projects/aPlus/src/arch/syscall.o
 *fill*         0x0000000000110673        0x1 
 .rodata        0x0000000000110674       0xfc /home/antonio/Projects/aPlus/src/arch/mm.o
 .rodata        0x0000000000110770      0x183 /home/antonio/Projects/aPlus/src/arch/desc.o
 *fill*         0x00000000001108f3        0x1 
 .rodata        0x00000000001108f4       0x38 /home/antonio/Projects/aPlus/src/arch/screen.o
 .rodata        0x000000000011092c        0x2 /home/antonio/Projects/aPlus/src/vfs.o
 *fill*         0x000000000011092e        0x2 
 .rodata        0x0000000000110930      0x1f7 /home/antonio/Projects/aPlus/src/elf.o
 *fill*         0x0000000000110b27        0x1 
 .rodata        0x0000000000110b28       0x20 /home/antonio/Projects/aPlus/src/panic.o
 .rodata        0x0000000000110b48       0x34 /home/antonio/Projects/aPlus/src/rootfs.o
 .rodata        0x0000000000110b7c       0x50 /home/antonio/Projects/aPlus/src/tty.o
 .rodata        0x0000000000110bcc       0x5b /home/antonio/Projects/aPlus/src/main.o
 .rodata        0x0000000000110c27        0x5 /home/antonio/Projects/aPlus/src/fs/initfs/initfs.o
 .rodata        0x0000000000110c2c       0x29 /home/antonio/Projects/aPlus/src/fs/ramdev.o
 .rodata        0x0000000000110c55        0x3 /home/antonio/Projects/aPlus/src/fs/procfs/procfs_task.o
 .rodata        0x0000000000110c58        0xa /home/antonio/Projects/aPlus/src/fs/procfs/procfs_cmdline.o
 .rodata        0x0000000000110c62        0x4 /home/antonio/Projects/aPlus/src/fs/procfs/procfs_cwd.o
 .rodata        0x0000000000110c66       0x10 /home/antonio/Projects/aPlus/src/fs/procfs/procfs_filesystems.o
 .rodata        0x0000000000110c76        0xa /home/antonio/Projects/aPlus/src/fs/procfs/procfs_environ.o
 .rodata        0x0000000000110c80       0x90 /home/antonio/Projects/aPlus/src/fs/procfs/procfs_meminfo.o
 .rodata        0x0000000000110d10        0x8 /home/antonio/Projects/aPlus/src/fs/procfs/procfs.o
 .rodata        0x0000000000110d18        0xb /home/antonio/Projects/aPlus/src/fs/procfs/procfs_fd.o
 *fill*         0x0000000000110d23        0x1 
 .rodata        0x0000000000110d24       0xa5 /home/antonio/Projects/aPlus/src/initrd.o
 *fill*         0x0000000000110dc9        0x3 
 .rodata        0x0000000000110dcc        0x4 /usr/local/cross/i586-elf/lib/libc.a(lib_a-impure.o)
                0x0000000000110dcc                _global_impure_ptr
 .rodata.str1.1
                0x0000000000110dd0        0x2 /usr/local/cross/i586-elf/lib/libc.a(lib_a-impure.o)
 *fill*         0x0000000000110dd2        0xe 
 .rodata        0x0000000000110de0       0x70 /usr/local/cross/i586-elf/lib/libc.a(lib_a-mktime.o)
 *fill*         0x0000000000110e50       0x10 
 .rodata        0x0000000000110e60       0x80 /usr/local/cross/i586-elf/lib/libc.a(lib_a-mktm_r.o)
 .rodata.str1.1
                0x0000000000110ee0       0x3b /usr/local/cross/i586-elf/lib/libc.a(lib_a-svfprintf.o)
 *fill*         0x0000000000110f1b        0x1 
 .rodata        0x0000000000110f1c      0x184 /usr/local/cross/i586-elf/lib/libc.a(lib_a-svfprintf.o)
 .rodata.str1.1
                0x00000000001110a0        0x4 /usr/local/cross/i586-elf/lib/libc.a(lib_a-tzvars.o)
 .rodata.str1.1
                0x00000000001110a4        0xd /usr/local/cross/i586-elf/lib/libc.a(lib_a-dtoa.o)
                                          0xf (size before relaxing)
 *fill*         0x00000000001110b1        0x3 
 .rodata.cst4   0x00000000001110b4       0x18 /usr/local/cross/i586-elf/lib/libc.a(lib_a-dtoa.o)
 *fill*         0x00000000001110cc        0x4 
 .rodata.cst8   0x00000000001110d0       0x18 /usr/local/cross/i586-elf/lib/libc.a(lib_a-dtoa.o)
 .rodata.str1.1
                0x00000000001110e8        0x8 /usr/local/cross/i586-elf/lib/libc.a(lib_a-locale.o)
                                          0xb (size before relaxing)
 *fill*         0x00000000001110f0       0x10 
 .rodata        0x0000000000111100      0x168 /usr/local/cross/i586-elf/lib/libc.a(lib_a-mprec.o)
                0x0000000000111120                __mprec_tinytens
                0x0000000000111160                __mprec_bigtens
                0x00000000001111a0                __mprec_tens
 .rodata.cst4   0x0000000000000000        0x4 /usr/local/cross/i586-elf/lib/libc.a(lib_a-mprec.o)
 .rodata.str1.1
                0x0000000000000000       0x29 /usr/local/cross/i586-elf/lib/libc.a(lib_a-svfiprintf.o)
 .rodata        0x0000000000111268      0x184 /usr/local/cross/i586-elf/lib/libc.a(lib_a-svfiprintf.o)

.eh_frame       0x00000000001113ec     0x2b1c
 .eh_frame      0x00000000001113ec      0x260 /home/antonio/Projects/aPlus/src/arch/task.o
 .eh_frame      0x000000000011164c      0x4ec /home/antonio/Projects/aPlus/src/arch/syscall.o
                                        0x504 (size before relaxing)
 .eh_frame      0x0000000000111b38      0x280 /home/antonio/Projects/aPlus/src/arch/mm.o
                                        0x298 (size before relaxing)
 .eh_frame      0x0000000000111db8      0x154 /home/antonio/Projects/aPlus/src/arch/desc.o
                                        0x16c (size before relaxing)
 .eh_frame      0x0000000000111f0c      0x128 /home/antonio/Projects/aPlus/src/arch/screen.o
                                        0x140 (size before relaxing)
 .eh_frame      0x0000000000112034      0x20c /home/antonio/Projects/aPlus/src/vfs.o
                                        0x224 (size before relaxing)
 .eh_frame      0x0000000000112240      0x1c4 /home/antonio/Projects/aPlus/src/elf.o
                                        0x1dc (size before relaxing)
 .eh_frame      0x0000000000112404       0x3c /home/antonio/Projects/aPlus/src/panic.o
                                         0x54 (size before relaxing)
 .eh_frame      0x0000000000112440      0x7a4 /home/antonio/Projects/aPlus/src/crt0.o
                                        0x7bc (size before relaxing)
 .eh_frame      0x0000000000112be4       0xa0 /home/antonio/Projects/aPlus/src/rootfs.o
                                         0xb8 (size before relaxing)
 .eh_frame      0x0000000000112c84       0xc0 /home/antonio/Projects/aPlus/src/tty.o
                                         0xd8 (size before relaxing)
 .eh_frame      0x0000000000112d44       0x60 /home/antonio/Projects/aPlus/src/spinlock.o
                                         0x78 (size before relaxing)
 .eh_frame      0x0000000000112da4       0x5c /home/antonio/Projects/aPlus/src/main.o
                                         0x74 (size before relaxing)
 .eh_frame      0x0000000000112e00       0x20 /home/antonio/Projects/aPlus/src/fs/initfs/initfs_mount.o
                                         0x38 (size before relaxing)
 .eh_frame      0x0000000000112e20       0x60 /home/antonio/Projects/aPlus/src/fs/initfs/initfs.o
                                         0x78 (size before relaxing)
 .eh_frame      0x0000000000112e80       0xa0 /home/antonio/Projects/aPlus/src/fs/ramdev.o
                                         0xb8 (size before relaxing)
 .eh_frame      0x0000000000112f20       0x20 /home/antonio/Projects/aPlus/src/fs/procfs/procfs_task.o
                                         0x38 (size before relaxing)
 .eh_frame      0x0000000000112f40       0x60 /home/antonio/Projects/aPlus/src/fs/procfs/procfs_cmdline.o
                                         0x78 (size before relaxing)
 .eh_frame      0x0000000000112fa0       0x20 /home/antonio/Projects/aPlus/src/fs/procfs/procfs_mount.o
                                         0x38 (size before relaxing)
 .eh_frame      0x0000000000112fc0       0x20 /home/antonio/Projects/aPlus/src/fs/procfs/procfs_cwd.o
                                         0x38 (size before relaxing)
 .eh_frame      0x0000000000112fe0       0x80 /home/antonio/Projects/aPlus/src/fs/procfs/procfs_filesystems.o
                                         0x98 (size before relaxing)
 .eh_frame      0x0000000000113060       0x60 /home/antonio/Projects/aPlus/src/fs/procfs/procfs_environ.o
                                         0x78 (size before relaxing)
 .eh_frame      0x00000000001130c0       0x80 /home/antonio/Projects/aPlus/src/fs/procfs/procfs_meminfo.o
                                         0x98 (size before relaxing)
 .eh_frame      0x0000000000113140      0x100 /home/antonio/Projects/aPlus/src/fs/procfs/procfs.o
                                        0x118 (size before relaxing)
 .eh_frame      0x0000000000113240       0x60 /home/antonio/Projects/aPlus/src/fs/procfs/procfs_fd.o
                                         0x78 (size before relaxing)
 .eh_frame      0x00000000001132a0       0x8c /home/antonio/Projects/aPlus/src/fs/pipe.o
                                         0xa4 (size before relaxing)
 .eh_frame      0x000000000011332c       0x40 /home/antonio/Projects/aPlus/src/initrd.o
                                         0x58 (size before relaxing)
 .eh_frame      0x000000000011336c       0x14 /usr/local/cross/i586-elf/lib/libc.a(lib_a-errno.o)
                                         0x2c (size before relaxing)
 .eh_frame      0x0000000000113380       0x30 /usr/local/cross/i586-elf/lib/libc.a(lib_a-malloc.o)
                                         0x48 (size before relaxing)
 .eh_frame      0x00000000001133b0       0x70 /usr/local/cross/i586-elf/lib/libc.a(lib_a-mktime.o)
                                         0x88 (size before relaxing)
 .eh_frame      0x0000000000113420       0x98 /usr/local/cross/i586-elf/lib/libc.a(lib_a-mktm_r.o)
                                         0xb0 (size before relaxing)
 .eh_frame      0x00000000001134b8      0x138 /usr/local/cross/i586-elf/lib/libc.a(lib_a-signal.o)
                                        0x150 (size before relaxing)
 .eh_frame      0x00000000001135f0       0x34 /usr/local/cross/i586-elf/lib/libc.a(lib_a-signalr.o)
                                         0x4c (size before relaxing)
 .eh_frame      0x0000000000113624       0x38 /usr/local/cross/i586-elf/lib/libc.a(lib_a-sprintf.o)
                                         0x50 (size before relaxing)
 .eh_frame      0x000000000011365c       0x2c /usr/local/cross/i586-elf/lib/libc.a(lib_a-strcat.o)
                                         0x44 (size before relaxing)
 .eh_frame      0x0000000000113688       0x24 /usr/local/cross/i586-elf/lib/libc.a(lib_a-strcmp.o)
                                         0x3c (size before relaxing)
 .eh_frame      0x00000000001136ac       0x30 /usr/local/cross/i586-elf/lib/libc.a(lib_a-strcpy.o)
                                         0x48 (size before relaxing)
 .eh_frame      0x00000000001136dc       0x18 /usr/local/cross/i586-elf/lib/libc.a(lib_a-strdup.o)
                                         0x30 (size before relaxing)
 .eh_frame      0x00000000001136f4       0x34 /usr/local/cross/i586-elf/lib/libc.a(lib_a-strdup_r.o)
                                         0x4c (size before relaxing)
 .eh_frame      0x0000000000113728       0x4c /usr/local/cross/i586-elf/lib/libc.a(lib_a-strncpy.o)
                                         0x64 (size before relaxing)
 .eh_frame      0x0000000000113774       0x44 /usr/local/cross/i586-elf/lib/libc.a(lib_a-svfprintf.o)
                                         0x5c (size before relaxing)
 .eh_frame      0x00000000001137b8       0x24 /usr/local/cross/i586-elf/lib/libc.a(lib_a-time.o)
                                         0x3c (size before relaxing)
 .eh_frame      0x00000000001137dc       0x28 /usr/local/cross/i586-elf/lib/libc.a(lib_a-tzlock.o)
                                         0x40 (size before relaxing)
 .eh_frame      0x0000000000113804       0x34 /usr/local/cross/i586-elf/lib/libc.a(lib_a-vsprintf.o)
                                         0x4c (size before relaxing)
 .eh_frame      0x0000000000113838       0x14 /usr/local/cross/i586-elf/lib/libc.a(lib_a-div.o)
                                         0x2c (size before relaxing)
 .eh_frame      0x000000000011384c       0xc4 /usr/local/cross/i586-elf/lib/libc.a(lib_a-dtoa.o)
                                         0xdc (size before relaxing)
 .eh_frame      0x0000000000113910       0x20 /usr/local/cross/i586-elf/lib/libc.a(lib_a-gettimeofdayr.o)
                                         0x38 (size before relaxing)
 .eh_frame      0x0000000000113930       0x14 /usr/local/cross/i586-elf/lib/libc.a(lib_a-gettzinfo.o)
                                         0x2c (size before relaxing)
 .eh_frame      0x0000000000113944       0xbc /usr/local/cross/i586-elf/lib/libc.a(lib_a-locale.o)
                                         0xd4 (size before relaxing)
 .eh_frame      0x0000000000113a00      0x438 /usr/local/cross/i586-elf/lib/libc.a(lib_a-mprec.o)
                                        0x450 (size before relaxing)
 .eh_frame      0x0000000000113e38       0x20 /usr/local/cross/i586-elf/lib/libc.a(lib_a-s_fpclassify.o)
                                         0x38 (size before relaxing)
 .eh_frame      0x0000000000113e58       0xb0 /usr/local/cross/i586-elf/lib/libc.a(lib_a-svfiprintf.o)
                                         0xc8 (size before relaxing)

.rel.dyn        0x0000000000113f08        0x0
 .rel.iplt      0x0000000000000000        0x0 /home/antonio/Projects/aPlus/src/arch/task.o
 .rel.text      0x0000000000000000        0x0 /home/antonio/Projects/aPlus/src/arch/task.o
 .rel.multiboot
                0x0000000000000000        0x0 /home/antonio/Projects/aPlus/src/arch/task.o

.data           0x0000000000113f20      0x7dc
                0x0000000000113f20                data = .
                0x0000000000113f20                _data = .
                0x0000000000113f20                __data = .
 *(.data)
 .data          0x0000000000113f20        0x0 /home/antonio/Projects/aPlus/src/arch/task.o
 .data          0x0000000000113f20        0x0 /home/antonio/Projects/aPlus/src/arch/syscall.o
 .data          0x0000000000113f20        0x0 /home/antonio/Projects/aPlus/src/arch/mm.o
 .data          0x0000000000113f20       0x80 /home/antonio/Projects/aPlus/src/arch/desc.o
 .data          0x0000000000113fa0      0x206 /home/antonio/Projects/aPlus/src/arch/screen.o
                0x0000000000113fa0                vkscan
                0x00000000001141a0                videoattr
 .data          0x00000000001141a6        0x0 /home/antonio/Projects/aPlus/src/vfs.o
 .data          0x00000000001141a6        0x0 /home/antonio/Projects/aPlus/src/elf.o
 .data          0x00000000001141a6        0x0 /home/antonio/Projects/aPlus/src/panic.o
 .data          0x00000000001141a6        0x0 /home/antonio/Projects/aPlus/src/crt0.o
 .data          0x00000000001141a6        0x0 /home/antonio/Projects/aPlus/src/rootfs.o
 .data          0x00000000001141a6        0x1 /home/antonio/Projects/aPlus/src/tty.o
 .data          0x00000000001141a7        0x0 /home/antonio/Projects/aPlus/src/spinlock.o
 *fill*         0x00000000001141a7        0x1 
 .data          0x00000000001141a8       0x20 /home/antonio/Projects/aPlus/src/main.o
 .data          0x00000000001141c8        0x0 /home/antonio/Projects/aPlus/src/fs/initfs/initfs_mount.o
 .data          0x00000000001141c8        0x0 /home/antonio/Projects/aPlus/src/fs/initfs/initfs.o
 .data          0x00000000001141c8        0x0 /home/antonio/Projects/aPlus/src/fs/ramdev.o
 .data          0x00000000001141c8        0x0 /home/antonio/Projects/aPlus/src/fs/procfs/procfs_task.o
 .data          0x00000000001141c8        0x0 /home/antonio/Projects/aPlus/src/fs/procfs/procfs_cmdline.o
 .data          0x00000000001141c8        0x0 /home/antonio/Projects/aPlus/src/fs/procfs/procfs_mount.o
 .data          0x00000000001141c8        0x0 /home/antonio/Projects/aPlus/src/fs/procfs/procfs_cwd.o
 .data          0x00000000001141c8        0x0 /home/antonio/Projects/aPlus/src/fs/procfs/procfs_filesystems.o
 .data          0x00000000001141c8        0x0 /home/antonio/Projects/aPlus/src/fs/procfs/procfs_environ.o
 .data          0x00000000001141c8        0x0 /home/antonio/Projects/aPlus/src/fs/procfs/procfs_meminfo.o
 .data          0x00000000001141c8        0x0 /home/antonio/Projects/aPlus/src/fs/procfs/procfs.o
 .data          0x00000000001141c8        0x0 /home/antonio/Projects/aPlus/src/fs/procfs/procfs_fd.o
 .data          0x00000000001141c8        0x0 /home/antonio/Projects/aPlus/src/fs/pipe.o
 .data          0x00000000001141c8        0x0 /home/antonio/Projects/aPlus/src/initrd.o
 .data          0x00000000001141c8        0x0 /usr/local/cross/i586-elf/lib/libc.a(lib_a-errno.o)
 *fill*         0x00000000001141c8       0x18 
 .data          0x00000000001141e0      0x444 /usr/local/cross/i586-elf/lib/libc.a(lib_a-impure.o)
                0x00000000001141e0                _impure_ptr
 .data          0x0000000000114624        0x0 /usr/local/cross/i586-elf/lib/libc.a(lib_a-malloc.o)
 .data          0x0000000000114624        0x0 /usr/local/cross/i586-elf/lib/libc.a(lib_a-memcpy.o)
 .data          0x0000000000114624        0x0 /usr/local/cross/i586-elf/lib/libc.a(lib_a-memset.o)
 .data          0x0000000000114624        0x0 /usr/local/cross/i586-elf/lib/libc.a(lib_a-mktime.o)
 .data          0x0000000000114624        0x0 /usr/local/cross/i586-elf/lib/libc.a(lib_a-mktm_r.o)
 .data          0x0000000000114624        0x0 /usr/local/cross/i586-elf/lib/libc.a(lib_a-signal.o)
 .data          0x0000000000114624        0x0 /usr/local/cross/i586-elf/lib/libc.a(lib_a-signalr.o)
 .data          0x0000000000114624        0x0 /usr/local/cross/i586-elf/lib/libc.a(lib_a-sprintf.o)
 .data          0x0000000000114624        0x0 /usr/local/cross/i586-elf/lib/libc.a(lib_a-strcat.o)
 .data          0x0000000000114624        0x0 /usr/local/cross/i586-elf/lib/libc.a(lib_a-strchr.o)
 .data          0x0000000000114624        0x0 /usr/local/cross/i586-elf/lib/libc.a(lib_a-strcmp.o)
 .data          0x0000000000114624        0x0 /usr/local/cross/i586-elf/lib/libc.a(lib_a-strcpy.o)
 .data          0x0000000000114624        0x0 /usr/local/cross/i586-elf/lib/libc.a(lib_a-strdup.o)
 .data          0x0000000000114624        0x0 /usr/local/cross/i586-elf/lib/libc.a(lib_a-strdup_r.o)
 .data          0x0000000000114624        0x0 /usr/local/cross/i586-elf/lib/libc.a(lib_a-strlen.o)
 .data          0x0000000000114624        0x0 /usr/local/cross/i586-elf/lib/libc.a(lib_a-strncpy.o)
 .data          0x0000000000114624        0x0 /usr/local/cross/i586-elf/lib/libc.a(lib_a-svfprintf.o)
 .data          0x0000000000114624        0x0 /usr/local/cross/i586-elf/lib/libc.a(lib_a-time.o)
 .data          0x0000000000114624        0x0 /usr/local/cross/i586-elf/lib/libc.a(lib_a-tzlock.o)
 .data          0x0000000000114624        0x8 /usr/local/cross/i586-elf/lib/libc.a(lib_a-tzvars.o)
                0x0000000000114624                _tzname
 .data          0x000000000011462c        0x0 /usr/local/cross/i586-elf/lib/libc.a(lib_a-vsprintf.o)
 .data          0x000000000011462c        0x0 /usr/local/cross/i586-elf/lib/libc.a(lib_a-div.o)
 .data          0x000000000011462c        0x0 /usr/local/cross/i586-elf/lib/libc.a(lib_a-dtoa.o)
 .data          0x000000000011462c        0x0 /usr/local/cross/i586-elf/lib/libc.a(lib_a-gettimeofdayr.o)
 *fill*         0x000000000011462c       0x14 
 .data          0x0000000000114640       0x40 /usr/local/cross/i586-elf/lib/libc.a(lib_a-gettzinfo.o)
 .data          0x0000000000114680       0x7c /usr/local/cross/i586-elf/lib/libc.a(lib_a-locale.o)
                0x00000000001146f8                __mb_cur_max
 .data          0x00000000001146fc        0x0 /usr/local/cross/i586-elf/lib/libc.a(lib_a-memchr.o)
 .data          0x00000000001146fc        0x0 /usr/local/cross/i586-elf/lib/libc.a(lib_a-mprec.o)
 .data          0x00000000001146fc        0x0 /usr/local/cross/i586-elf/lib/libc.a(lib_a-s_fpclassify.o)
 .data          0x00000000001146fc        0x0 /usr/local/cross/i586-elf/lib/libc.a(lib_a-svfiprintf.o)
 .data          0x00000000001146fc        0x0 /usr/local/cross/i586-elf/lib/libc.a(lib_a-memmove.o)

.igot.plt       0x00000000001146fc        0x0
 .igot.plt      0x0000000000000000        0x0 /home/antonio/Projects/aPlus/src/arch/task.o

.bss            0x0000000000115000     0x4014
                0x0000000000115000                bss = .
                0x0000000000115000                _bss = .
                0x0000000000115000                __bss = .
 *(COMMON)
 COMMON         0x0000000000115000        0x4 /home/antonio/Projects/aPlus/src/vfs.o
                0x0000000000115000                fs_root
 COMMON         0x0000000000115004        0x4 /home/antonio/Projects/aPlus/src/crt0.o
                0x0000000000115004                errno
 *(.bss)
 .bss           0x0000000000115008       0x20 /home/antonio/Projects/aPlus/src/arch/task.o
                0x0000000000115008                current_task
                0x000000000011500c                task_queue
                0x0000000000115010                kernel_task
 *fill*         0x0000000000115028       0x18 
 .bss           0x0000000000115040      0x404 /home/antonio/Projects/aPlus/src/arch/syscall.o
 *fill*         0x0000000000115444       0x1c 
 .bss           0x0000000000115460      0x420 /home/antonio/Projects/aPlus/src/arch/mm.o
                0x0000000000115460                mm_totalmemory
                0x0000000000115464                mm_usedmemory
                0x0000000000115468                mm_directory
                0x000000000011546c                kernel_directory
 .bss           0x0000000000115880      0x8e4 /home/antonio/Projects/aPlus/src/arch/desc.o
                0x0000000000115880                keyboard_ready
 .bss           0x0000000000116164       0x1c /home/antonio/Projects/aPlus/src/arch/screen.o
                0x0000000000116164                videopos
 .bss           0x0000000000116180        0x4 /home/antonio/Projects/aPlus/src/vfs.o
 *fill*         0x0000000000116184       0x1c 
 .bss           0x00000000001161a0      0x400 /home/antonio/Projects/aPlus/src/elf.o
 .bss           0x00000000001165a0      0x400 /home/antonio/Projects/aPlus/src/panic.o
 .bss           0x00000000001169a0        0x4 /home/antonio/Projects/aPlus/src/crt0.o
 .bss           0x00000000001169a4        0x4 /home/antonio/Projects/aPlus/src/rootfs.o
                0x00000000001169a4                rootfs_queue
 *fill*         0x00000000001169a8       0x18 
 .bss           0x00000000001169c0      0x400 /home/antonio/Projects/aPlus/src/tty.o
 .bss           0x0000000000116dc0        0x0 /home/antonio/Projects/aPlus/src/spinlock.o
 .bss           0x0000000000116dc0      0x420 /home/antonio/Projects/aPlus/src/main.o
                0x0000000000116dc0                end_kernel
 .bss           0x00000000001171e0        0x0 /home/antonio/Projects/aPlus/src/fs/initfs/initfs_mount.o
 .bss           0x00000000001171e0        0x0 /home/antonio/Projects/aPlus/src/fs/initfs/initfs.o
 .bss           0x00000000001171e0      0x400 /home/antonio/Projects/aPlus/src/fs/ramdev.o
 .bss           0x00000000001175e0        0x0 /home/antonio/Projects/aPlus/src/fs/procfs/procfs_task.o
 .bss           0x00000000001175e0        0x0 /home/antonio/Projects/aPlus/src/fs/procfs/procfs_cmdline.o
 .bss           0x00000000001175e0        0x0 /home/antonio/Projects/aPlus/src/fs/procfs/procfs_mount.o
 .bss           0x00000000001175e0        0x0 /home/antonio/Projects/aPlus/src/fs/procfs/procfs_cwd.o
 .bss           0x00000000001175e0        0x0 /home/antonio/Projects/aPlus/src/fs/procfs/procfs_filesystems.o
 .bss           0x00000000001175e0        0x0 /home/antonio/Projects/aPlus/src/fs/procfs/procfs_environ.o
 .bss           0x00000000001175e0        0x0 /home/antonio/Projects/aPlus/src/fs/procfs/procfs_meminfo.o
 .bss           0x00000000001175e0       0x10 /home/antonio/Projects/aPlus/src/fs/procfs/procfs.o
 .bss           0x00000000001175f0       0x10 /home/antonio/Projects/aPlus/src/fs/procfs/procfs_fd.o
 .bss           0x0000000000117600        0x0 /home/antonio/Projects/aPlus/src/fs/pipe.o
 .bss           0x0000000000117600      0x400 /home/antonio/Projects/aPlus/src/initrd.o
 *fill*         0x0000000000117a00      0x600 
 .bss           0x0000000000118000     0x1000 /home/antonio/Projects/aPlus/src/arch/loader.o
                0x0000000000119000                kernel_initial_stack
 .bss           0x0000000000119000        0x0 /usr/local/cross/i586-elf/lib/libc.a(lib_a-errno.o)
 .bss           0x0000000000119000        0x0 /usr/local/cross/i586-elf/lib/libc.a(lib_a-impure.o)
 .bss           0x0000000000119000        0x0 /usr/local/cross/i586-elf/lib/libc.a(lib_a-malloc.o)
 .bss           0x0000000000119000        0x0 /usr/local/cross/i586-elf/lib/libc.a(lib_a-memcpy.o)
 .bss           0x0000000000119000        0x0 /usr/local/cross/i586-elf/lib/libc.a(lib_a-memset.o)
 .bss           0x0000000000119000        0x0 /usr/local/cross/i586-elf/lib/libc.a(lib_a-mktime.o)
 .bss           0x0000000000119000        0x0 /usr/local/cross/i586-elf/lib/libc.a(lib_a-mktm_r.o)
 .bss           0x0000000000119000        0x0 /usr/local/cross/i586-elf/lib/libc.a(lib_a-signal.o)
 .bss           0x0000000000119000        0x0 /usr/local/cross/i586-elf/lib/libc.a(lib_a-signalr.o)
 .bss           0x0000000000119000        0x0 /usr/local/cross/i586-elf/lib/libc.a(lib_a-sprintf.o)
 .bss           0x0000000000119000        0x0 /usr/local/cross/i586-elf/lib/libc.a(lib_a-strcat.o)
 .bss           0x0000000000119000        0x0 /usr/local/cross/i586-elf/lib/libc.a(lib_a-strchr.o)
 .bss           0x0000000000119000        0x0 /usr/local/cross/i586-elf/lib/libc.a(lib_a-strcmp.o)
 .bss           0x0000000000119000        0x0 /usr/local/cross/i586-elf/lib/libc.a(lib_a-strcpy.o)
 .bss           0x0000000000119000        0x0 /usr/local/cross/i586-elf/lib/libc.a(lib_a-strdup.o)
 .bss           0x0000000000119000        0x0 /usr/local/cross/i586-elf/lib/libc.a(lib_a-strdup_r.o)
 .bss           0x0000000000119000        0x0 /usr/local/cross/i586-elf/lib/libc.a(lib_a-strlen.o)
 .bss           0x0000000000119000        0x0 /usr/local/cross/i586-elf/lib/libc.a(lib_a-strncpy.o)
 .bss           0x0000000000119000        0x0 /usr/local/cross/i586-elf/lib/libc.a(lib_a-svfprintf.o)
 .bss           0x0000000000119000        0x0 /usr/local/cross/i586-elf/lib/libc.a(lib_a-time.o)
 .bss           0x0000000000119000        0x0 /usr/local/cross/i586-elf/lib/libc.a(lib_a-tzlock.o)
 .bss           0x0000000000119000        0x8 /usr/local/cross/i586-elf/lib/libc.a(lib_a-tzvars.o)
                0x0000000000119000                _timezone
                0x0000000000119004                _daylight
 .bss           0x0000000000119008        0x0 /usr/local/cross/i586-elf/lib/libc.a(lib_a-vsprintf.o)
 .bss           0x0000000000119008        0x0 /usr/local/cross/i586-elf/lib/libc.a(lib_a-div.o)
 .bss           0x0000000000119008        0x0 /usr/local/cross/i586-elf/lib/libc.a(lib_a-dtoa.o)
 .bss           0x0000000000119008        0x0 /usr/local/cross/i586-elf/lib/libc.a(lib_a-gettimeofdayr.o)
 .bss           0x0000000000119008        0x0 /usr/local/cross/i586-elf/lib/libc.a(lib_a-gettzinfo.o)
 .bss           0x0000000000119008        0xc /usr/local/cross/i586-elf/lib/libc.a(lib_a-locale.o)
                0x0000000000119008                _PathLocale
                0x000000000011900c                __mlocale_changed
                0x0000000000119010                __nlocale_changed
 .bss           0x0000000000119014        0x0 /usr/local/cross/i586-elf/lib/libc.a(lib_a-memchr.o)
 .bss           0x0000000000119014        0x0 /usr/local/cross/i586-elf/lib/libc.a(lib_a-mprec.o)
 .bss           0x0000000000119014        0x0 /usr/local/cross/i586-elf/lib/libc.a(lib_a-s_fpclassify.o)
 .bss           0x0000000000119014        0x0 /usr/local/cross/i586-elf/lib/libc.a(lib_a-svfiprintf.o)
 .bss           0x0000000000119014        0x0 /usr/local/cross/i586-elf/lib/libc.a(lib_a-memmove.o)
                0x000000000011a000                . = ALIGN (0x1000)
                0x000000000011b000                . = (. + 0x1000)

.syscall_handlers
                0x000000000011b000      0x1b0
                0x000000000011b000                syscall_handlers_start = .
                0x000000000011b000                _syscall_handlers_start = .
                0x000000000011b000                __syscall_handlers_start = .
 *(.syscall_handlers)
 .syscall_handlers
                0x000000000011b000      0x1b0 /home/antonio/Projects/aPlus/src/arch/syscall.o
                0x000000000011b000                syscall_handler__exit
                0x000000000011b00c                syscall_handler__chown
                0x000000000011b018                syscall_handler__close
                0x000000000011b024                syscall_handler(...)(long long,...)(char, void,...)
                0x000000000011b030                syscall_handler__fork
                0x000000000011b03c                syscall_handler__fstat
                0x000000000011b048                syscall_handler__getpid
                0x000000000011b054                syscall_handler_gettimeofday
                0x000000000011b060                syscall_handler__kill
                0x000000000011b06c                syscall_handler__link
                0x000000000011b078                syscall_handler__lseek
                0x000000000011b084                syscall_handler__open
                0x000000000011b090                syscall_handler__read
                0x000000000011b09c                syscall_handler__readlink
                0x000000000011b0a8                syscall_handler__stat
                0x000000000011b0b4                syscall_handler__symlink
                0x000000000011b0c0                syscall_handler__times
                0x000000000011b0cc                syscall_handler__unlink
                0x000000000011b0d8                syscall_handler__wait
                0x000000000011b0e4                syscall_handler__write
                0x000000000011b0f0                syscall_handler__readdir
                0x000000000011b0fc                syscall_handler_ioctl
                0x000000000011b108                syscall_handler_mount
                0x000000000011b114                syscall_handler_umount
                0x000000000011b120                syscall_handler_tell
                0x000000000011b12c                syscall_handler___get_argv
                0x000000000011b138                syscall_handler___get_env
                0x000000000011b144                syscall_handler_pipe
                0x000000000011b150                syscall_handler_chdir
                0x000000000011b15c                syscall_handler___install_signal_handler
                0x000000000011b168                syscall_handler_malloc
                0x000000000011b174                syscall_handler_free
                0x000000000011b180                syscall_handler_aplus_thread_create
                0x000000000011b18c                syscall_handler_aplus_thread_idle
                0x000000000011b198                syscall_handler_aplus_thread_wakeup
                0x000000000011b1a4                syscall_handler_aplus_thread_zombie
                0x000000000011b1b0                syscall_handlers_end = .
                0x000000000011b1b0                _syscall_handlers_end = .
                0x000000000011b1b0                __syscall_handlers_end = .
                0x000000000011c1b0                . = (. + 0x1000)
                0x000000000011d000                . = ALIGN (0x1000)

.fsys           0x000000000011d000      0x240
                0x000000000011d000                fsys_start = .
                0x000000000011d000                _fsys_start = .
                0x000000000011d000                __fsys_start = .
 *(.fsys)
 .fsys          0x000000000011d000      0x120 /home/antonio/Projects/aPlus/src/fs/initfs/initfs_mount.o
                0x000000000011d000                fsys_initfs
 .fsys          0x000000000011d120      0x120 /home/antonio/Projects/aPlus/src/fs/procfs/procfs_mount.o
                0x000000000011d120                fsys_procfs
                0x000000000011d240                fsys_end = .
                0x000000000011d240                _fsys_end = .
                0x000000000011d240                __fsys_end = .
                0x000000000011e000                . = ALIGN (0x1000)
                0x000000000011f000                . = (. + 0x1000)

.kernel_symbols
                0x000000000011f000       0x70
                0x000000000011f000                kernel_symbols_start = .
                0x000000000011f000                _kernel_symbols_start = .
                0x000000000011f000                __kernel_symbols_start = .
 *(.kernel_symbols)
 .kernel_symbols
                0x000000000011f000       0x38 /home/antonio/Projects/aPlus/src/arch/task.o
                0x000000000011f000                kernel_symbol__task_zombie
                0x000000000011f008                kernel_symbol__task_idle
                0x000000000011f010                kernel_symbol__task_wakeup
                0x000000000011f018                kernel_symbol__task_waitpid
                0x000000000011f020                kernel_symbol__task_setpriority
                0x000000000011f028                kernel_symbol__sched_enable
                0x000000000011f030                kernel_symbol__sched_disable
 .kernel_symbols
                0x000000000011f038       0x38 /home/antonio/Projects/aPlus/src/arch/mm.o
                0x000000000011f038                kernel_symbol__mm_create_addrspace
                0x000000000011f040                kernel_symbol__mm_map_kernel
                0x000000000011f048                kernel_symbol__mm_enablepaging
                0x000000000011f050                kernel_symbol__mm_disablepaging
                0x000000000011f058                kernel_symbol__vmm_switch
                0x000000000011f060                kernel_symbol__vmm_map
                0x000000000011f068                kernel_symbol__vmm_unmap
                0x000000000011f070                kernel_symbols_end = .
                0x000000000011f070                _kernel_symbols_end = .
                0x000000000011f070                __kernel_symbols_end = .
                0x0000000000120000                . = ALIGN (0x1000)
                0x0000000000121000                . = (. + 0x1000)
                0x0000000000121000                end = .
                0x0000000000121000                _end = .
                0x0000000000121000                __end = .
LOAD /home/antonio/Projects/aPlus/src/arch/task.o
LOAD /home/antonio/Projects/aPlus/src/arch/syscall.o
LOAD /home/antonio/Projects/aPlus/src/arch/mm.o
LOAD /home/antonio/Projects/aPlus/src/arch/desc.o
LOAD /home/antonio/Projects/aPlus/src/arch/screen.o
LOAD /home/antonio/Projects/aPlus/src/vfs.o
LOAD /home/antonio/Projects/aPlus/src/elf.o
LOAD /home/antonio/Projects/aPlus/src/panic.o
LOAD /home/antonio/Projects/aPlus/src/crt0.o
LOAD /home/antonio/Projects/aPlus/src/rootfs.o
LOAD /home/antonio/Projects/aPlus/src/tty.o
LOAD /home/antonio/Projects/aPlus/src/spinlock.o
LOAD /home/antonio/Projects/aPlus/src/main.o
LOAD /home/antonio/Projects/aPlus/src/fs/initfs/initfs_mount.o
LOAD /home/antonio/Projects/aPlus/src/fs/initfs/initfs.o
LOAD /home/antonio/Projects/aPlus/src/fs/ramdev.o
LOAD /home/antonio/Projects/aPlus/src/fs/procfs/procfs_task.o
LOAD /home/antonio/Projects/aPlus/src/fs/procfs/procfs_cmdline.o
LOAD /home/antonio/Projects/aPlus/src/fs/procfs/procfs_mount.o
LOAD /home/antonio/Projects/aPlus/src/fs/procfs/procfs_cwd.o
LOAD /home/antonio/Projects/aPlus/src/fs/procfs/procfs_filesystems.o
LOAD /home/antonio/Projects/aPlus/src/fs/procfs/procfs_environ.o
LOAD /home/antonio/Projects/aPlus/src/fs/procfs/procfs_meminfo.o
LOAD /home/antonio/Projects/aPlus/src/fs/procfs/procfs.o
LOAD /home/antonio/Projects/aPlus/src/fs/procfs/procfs_fd.o
LOAD /home/antonio/Projects/aPlus/src/fs/pipe.o
LOAD /home/antonio/Projects/aPlus/src/initrd.o
LOAD /home/antonio/Projects/aPlus/src/arch/loader.o
LOAD /home/antonio/Projects/aPlus/src/arch/_desc.o
LOAD /home/antonio/Projects/aPlus/src/arch/process.o
LOAD /usr/local/cross/i586-elf/lib/libx86.a
LOAD /usr/local/cross/i586-elf/lib/libm.a
LOAD /usr/local/cross/i586-elf/lib/libc.a
LOAD /usr/local/cross/lib/gcc/i586-elf/4.8.2//libgcc.a
OUTPUT(/home/antonio/Projects/aPlus/bin/aplus.elf elf32-i386)

.comment        0x0000000000000000       0x11
 .comment       0x0000000000000000       0x11 /home/antonio/Projects/aPlus/src/arch/task.o
                                         0x12 (size before relaxing)
 .comment       0x0000000000000000       0x12 /home/antonio/Projects/aPlus/src/arch/syscall.o
 .comment       0x0000000000000000       0x12 /home/antonio/Projects/aPlus/src/arch/mm.o
 .comment       0x0000000000000000       0x12 /home/antonio/Projects/aPlus/src/arch/desc.o
 .comment       0x0000000000000000       0x12 /home/antonio/Projects/aPlus/src/arch/screen.o
 .comment       0x0000000000000000       0x12 /home/antonio/Projects/aPlus/src/vfs.o
 .comment       0x0000000000000000       0x12 /home/antonio/Projects/aPlus/src/elf.o
 .comment       0x0000000000000000       0x12 /home/antonio/Projects/aPlus/src/panic.o
 .comment       0x0000000000000000       0x12 /home/antonio/Projects/aPlus/src/crt0.o
 .comment       0x0000000000000000       0x12 /home/antonio/Projects/aPlus/src/rootfs.o
 .comment       0x0000000000000000       0x12 /home/antonio/Projects/aPlus/src/tty.o
 .comment       0x0000000000000000       0x12 /home/antonio/Projects/aPlus/src/spinlock.o
 .comment       0x0000000000000000       0x12 /home/antonio/Projects/aPlus/src/main.o
 .comment       0x0000000000000000       0x12 /home/antonio/Projects/aPlus/src/fs/initfs/initfs_mount.o
 .comment       0x0000000000000000       0x12 /home/antonio/Projects/aPlus/src/fs/initfs/initfs.o
 .comment       0x0000000000000000       0x12 /home/antonio/Projects/aPlus/src/fs/ramdev.o
 .comment       0x0000000000000000       0x12 /home/antonio/Projects/aPlus/src/fs/procfs/procfs_task.o
 .comment       0x0000000000000000       0x12 /home/antonio/Projects/aPlus/src/fs/procfs/procfs_cmdline.o
 .comment       0x0000000000000000       0x12 /home/antonio/Projects/aPlus/src/fs/procfs/procfs_mount.o
 .comment       0x0000000000000000       0x12 /home/antonio/Projects/aPlus/src/fs/procfs/procfs_cwd.o
 .comment       0x0000000000000000       0x12 /home/antonio/Projects/aPlus/src/fs/procfs/procfs_filesystems.o
 .comment       0x0000000000000000       0x12 /home/antonio/Projects/aPlus/src/fs/procfs/procfs_environ.o
 .comment       0x0000000000000000       0x12 /home/antonio/Projects/aPlus/src/fs/procfs/procfs_meminfo.o
 .comment       0x0000000000000000       0x12 /home/antonio/Projects/aPlus/src/fs/procfs/procfs.o
 .comment       0x0000000000000000       0x12 /home/antonio/Projects/aPlus/src/fs/procfs/procfs_fd.o
 .comment       0x0000000000000000       0x12 /home/antonio/Projects/aPlus/src/fs/pipe.o
 .comment       0x0000000000000000       0x12 /home/antonio/Projects/aPlus/src/initrd.o
 .comment       0x0000000000000000       0x12 /usr/local/cross/i586-elf/lib/libc.a(lib_a-errno.o)
 .comment       0x0000000000000000       0x12 /usr/local/cross/i586-elf/lib/libc.a(lib_a-impure.o)
 .comment       0x0000000000000000       0x12 /usr/local/cross/i586-elf/lib/libc.a(lib_a-malloc.o)
 .comment       0x0000000000000000       0x12 /usr/local/cross/i586-elf/lib/libc.a(lib_a-mktime.o)
 .comment       0x0000000000000000       0x12 /usr/local/cross/i586-elf/lib/libc.a(lib_a-mktm_r.o)
 .comment       0x0000000000000000       0x12 /usr/local/cross/i586-elf/lib/libc.a(lib_a-signal.o)
 .comment       0x0000000000000000       0x12 /usr/local/cross/i586-elf/lib/libc.a(lib_a-signalr.o)
 .comment       0x0000000000000000       0x12 /usr/local/cross/i586-elf/lib/libc.a(lib_a-sprintf.o)
 .comment       0x0000000000000000       0x12 /usr/local/cross/i586-elf/lib/libc.a(lib_a-strcat.o)
 .comment       0x0000000000000000       0x12 /usr/local/cross/i586-elf/lib/libc.a(lib_a-strcmp.o)
 .comment       0x0000000000000000       0x12 /usr/local/cross/i586-elf/lib/libc.a(lib_a-strcpy.o)
 .comment       0x0000000000000000       0x12 /usr/local/cross/i586-elf/lib/libc.a(lib_a-strdup.o)
 .comment       0x0000000000000000       0x12 /usr/local/cross/i586-elf/lib/libc.a(lib_a-strdup_r.o)
 .comment       0x0000000000000000       0x12 /usr/local/cross/i586-elf/lib/libc.a(lib_a-strncpy.o)
 .comment       0x0000000000000000       0x12 /usr/local/cross/i586-elf/lib/libc.a(lib_a-svfprintf.o)
 .comment       0x0000000000000000       0x12 /usr/local/cross/i586-elf/lib/libc.a(lib_a-time.o)
 .comment       0x0000000000000000       0x12 /usr/local/cross/i586-elf/lib/libc.a(lib_a-tzlock.o)
 .comment       0x0000000000000000       0x12 /usr/local/cross/i586-elf/lib/libc.a(lib_a-tzvars.o)
 .comment       0x0000000000000000       0x12 /usr/local/cross/i586-elf/lib/libc.a(lib_a-vsprintf.o)
 .comment       0x0000000000000000       0x12 /usr/local/cross/i586-elf/lib/libc.a(lib_a-div.o)
 .comment       0x0000000000000000       0x12 /usr/local/cross/i586-elf/lib/libc.a(lib_a-dtoa.o)
 .comment       0x0000000000000000       0x12 /usr/local/cross/i586-elf/lib/libc.a(lib_a-gettimeofdayr.o)
 .comment       0x0000000000000000       0x12 /usr/local/cross/i586-elf/lib/libc.a(lib_a-gettzinfo.o)
 .comment       0x0000000000000000       0x12 /usr/local/cross/i586-elf/lib/libc.a(lib_a-locale.o)
 .comment       0x0000000000000000       0x12 /usr/local/cross/i586-elf/lib/libc.a(lib_a-mprec.o)
 .comment       0x0000000000000000       0x12 /usr/local/cross/i586-elf/lib/libc.a(lib_a-s_fpclassify.o)
 .comment       0x0000000000000000       0x12 /usr/local/cross/i586-elf/lib/libc.a(lib_a-svfiprintf.o)

.debug_info     0x0000000000000000     0xd9fc
 .debug_info    0x0000000000000000      0x889 /usr/local/cross/i586-elf/lib/libc.a(lib_a-errno.o)
 .debug_info    0x0000000000000889      0x894 /usr/local/cross/i586-elf/lib/libc.a(lib_a-impure.o)
 .debug_info    0x000000000000111d      0x915 /usr/local/cross/i586-elf/lib/libc.a(lib_a-malloc.o)
 .debug_info    0x0000000000001a32       0x9f /usr/local/cross/i586-elf/lib/libc.a(lib_a-memcpy.o)
 .debug_info    0x0000000000001ad1       0x9f /usr/local/cross/i586-elf/lib/libc.a(lib_a-memset.o)
 .debug_info    0x0000000000001b70      0x462 /usr/local/cross/i586-elf/lib/libc.a(lib_a-mktime.o)
 .debug_info    0x0000000000001fd2      0x439 /usr/local/cross/i586-elf/lib/libc.a(lib_a-mktm_r.o)
 .debug_info    0x000000000000240b      0xb83 /usr/local/cross/i586-elf/lib/libc.a(lib_a-signal.o)
 .debug_info    0x0000000000002f8e      0x94c /usr/local/cross/i586-elf/lib/libc.a(lib_a-signalr.o)
 .debug_info    0x00000000000038da      0x9e5 /usr/local/cross/i586-elf/lib/libc.a(lib_a-sprintf.o)
 .debug_info    0x00000000000042bf      0x118 /usr/local/cross/i586-elf/lib/libc.a(lib_a-strcat.o)
 .debug_info    0x00000000000043d7       0x9f /usr/local/cross/i586-elf/lib/libc.a(lib_a-strchr.o)
 .debug_info    0x0000000000004476       0xdd /usr/local/cross/i586-elf/lib/libc.a(lib_a-strcmp.o)
 .debug_info    0x0000000000004553      0x10f /usr/local/cross/i586-elf/lib/libc.a(lib_a-strcpy.o)
 .debug_info    0x0000000000004662      0x8be /usr/local/cross/i586-elf/lib/libc.a(lib_a-strdup.o)
 .debug_info    0x0000000000004f20      0x963 /usr/local/cross/i586-elf/lib/libc.a(lib_a-strdup_r.o)
 .debug_info    0x0000000000005883       0x9f /usr/local/cross/i586-elf/lib/libc.a(lib_a-strlen.o)
 .debug_info    0x0000000000005922      0x129 /usr/local/cross/i586-elf/lib/libc.a(lib_a-strncpy.o)
 .debug_info    0x0000000000005a4b     0x16e3 /usr/local/cross/i586-elf/lib/libc.a(lib_a-svfprintf.o)
 .debug_info    0x000000000000712e      0x920 /usr/local/cross/i586-elf/lib/libc.a(lib_a-time.o)
 .debug_info    0x0000000000007a4e       0xa8 /usr/local/cross/i586-elf/lib/libc.a(lib_a-tzlock.o)
 .debug_info    0x0000000000007af6       0xbb /usr/local/cross/i586-elf/lib/libc.a(lib_a-tzvars.o)
 .debug_info    0x0000000000007bb1      0x9be /usr/local/cross/i586-elf/lib/libc.a(lib_a-vsprintf.o)
 .debug_info    0x000000000000856f       0xe5 /usr/local/cross/i586-elf/lib/libc.a(lib_a-div.o)
 .debug_info    0x0000000000008654     0x1398 /usr/local/cross/i586-elf/lib/libc.a(lib_a-dtoa.o)
 .debug_info    0x00000000000099ec      0x930 /usr/local/cross/i586-elf/lib/libc.a(lib_a-gettimeofdayr.o)
 .debug_info    0x000000000000a31c      0x160 /usr/local/cross/i586-elf/lib/libc.a(lib_a-gettzinfo.o)
 .debug_info    0x000000000000a47c      0xbe7 /usr/local/cross/i586-elf/lib/libc.a(lib_a-locale.o)
 .debug_info    0x000000000000b063       0x9f /usr/local/cross/i586-elf/lib/libc.a(lib_a-memchr.o)
 .debug_info    0x000000000000b102     0x16c0 /usr/local/cross/i586-elf/lib/libc.a(lib_a-mprec.o)
 .debug_info    0x000000000000c7c2      0x145 /usr/local/cross/i586-elf/lib/libc.a(lib_a-s_fpclassify.o)
 .debug_info    0x000000000000c907     0x1055 /usr/local/cross/i586-elf/lib/libc.a(lib_a-svfiprintf.o)
 .debug_info    0x000000000000d95c       0xa0 /usr/local/cross/i586-elf/lib/libc.a(lib_a-memmove.o)

.debug_abbrev   0x0000000000000000     0x2d49
 .debug_abbrev  0x0000000000000000      0x18f /usr/local/cross/i586-elf/lib/libc.a(lib_a-errno.o)
 .debug_abbrev  0x000000000000018f      0x180 /usr/local/cross/i586-elf/lib/libc.a(lib_a-impure.o)
 .debug_abbrev  0x000000000000030f      0x1f7 /usr/local/cross/i586-elf/lib/libc.a(lib_a-malloc.o)
 .debug_abbrev  0x0000000000000506       0x14 /usr/local/cross/i586-elf/lib/libc.a(lib_a-memcpy.o)
 .debug_abbrev  0x000000000000051a       0x14 /usr/local/cross/i586-elf/lib/libc.a(lib_a-memset.o)
 .debug_abbrev  0x000000000000052e      0x1c6 /usr/local/cross/i586-elf/lib/libc.a(lib_a-mktime.o)
 .debug_abbrev  0x00000000000006f4      0x15c /usr/local/cross/i586-elf/lib/libc.a(lib_a-mktm_r.o)
 .debug_abbrev  0x0000000000000850      0x28c /usr/local/cross/i586-elf/lib/libc.a(lib_a-signal.o)
 .debug_abbrev  0x0000000000000adc      0x20c /usr/local/cross/i586-elf/lib/libc.a(lib_a-signalr.o)
 .debug_abbrev  0x0000000000000ce8      0x216 /usr/local/cross/i586-elf/lib/libc.a(lib_a-sprintf.o)
 .debug_abbrev  0x0000000000000efe       0xce /usr/local/cross/i586-elf/lib/libc.a(lib_a-strcat.o)
 .debug_abbrev  0x0000000000000fcc       0x14 /usr/local/cross/i586-elf/lib/libc.a(lib_a-strchr.o)
 .debug_abbrev  0x0000000000000fe0       0x74 /usr/local/cross/i586-elf/lib/libc.a(lib_a-strcmp.o)
 .debug_abbrev  0x0000000000001054       0x92 /usr/local/cross/i586-elf/lib/libc.a(lib_a-strcpy.o)
 .debug_abbrev  0x00000000000010e6      0x1ca /usr/local/cross/i586-elf/lib/libc.a(lib_a-strdup.o)
 .debug_abbrev  0x00000000000012b0      0x20d /usr/local/cross/i586-elf/lib/libc.a(lib_a-strdup_r.o)
 .debug_abbrev  0x00000000000014bd       0x14 /usr/local/cross/i586-elf/lib/libc.a(lib_a-strlen.o)
 .debug_abbrev  0x00000000000014d1       0x9f /usr/local/cross/i586-elf/lib/libc.a(lib_a-strncpy.o)
 .debug_abbrev  0x0000000000001570      0x371 /usr/local/cross/i586-elf/lib/libc.a(lib_a-svfprintf.o)
 .debug_abbrev  0x00000000000018e1      0x1db /usr/local/cross/i586-elf/lib/libc.a(lib_a-time.o)
 .debug_abbrev  0x0000000000001abc       0x51 /usr/local/cross/i586-elf/lib/libc.a(lib_a-tzlock.o)
 .debug_abbrev  0x0000000000001b0d       0x52 /usr/local/cross/i586-elf/lib/libc.a(lib_a-tzvars.o)
 .debug_abbrev  0x0000000000001b5f      0x202 /usr/local/cross/i586-elf/lib/libc.a(lib_a-vsprintf.o)
 .debug_abbrev  0x0000000000001d61       0xa9 /usr/local/cross/i586-elf/lib/libc.a(lib_a-div.o)
 .debug_abbrev  0x0000000000001e0a      0x2da /usr/local/cross/i586-elf/lib/libc.a(lib_a-dtoa.o)
 .debug_abbrev  0x00000000000020e4      0x1e8 /usr/local/cross/i586-elf/lib/libc.a(lib_a-gettimeofdayr.o)
 .debug_abbrev  0x00000000000022cc       0xa8 /usr/local/cross/i586-elf/lib/libc.a(lib_a-gettzinfo.o)
 .debug_abbrev  0x0000000000002374      0x295 /usr/local/cross/i586-elf/lib/libc.a(lib_a-locale.o)
 .debug_abbrev  0x0000000000002609       0x14 /usr/local/cross/i586-elf/lib/libc.a(lib_a-memchr.o)
 .debug_abbrev  0x000000000000261d      0x3a3 /usr/local/cross/i586-elf/lib/libc.a(lib_a-mprec.o)
 .debug_abbrev  0x00000000000029c0       0xca /usr/local/cross/i586-elf/lib/libc.a(lib_a-s_fpclassify.o)
 .debug_abbrev  0x0000000000002a8a      0x2ab /usr/local/cross/i586-elf/lib/libc.a(lib_a-svfiprintf.o)
 .debug_abbrev  0x0000000000002d35       0x14 /usr/local/cross/i586-elf/lib/libc.a(lib_a-memmove.o)

.debug_aranges  0x0000000000000000      0x410
 .debug_aranges
                0x0000000000000000       0x20 /usr/local/cross/i586-elf/lib/libc.a(lib_a-errno.o)
 .debug_aranges
                0x0000000000000020       0x18 /usr/local/cross/i586-elf/lib/libc.a(lib_a-impure.o)
 .debug_aranges
                0x0000000000000038       0x20 /usr/local/cross/i586-elf/lib/libc.a(lib_a-malloc.o)
 .debug_aranges
                0x0000000000000058       0x20 /usr/local/cross/i586-elf/lib/libc.a(lib_a-memcpy.o)
 .debug_aranges
                0x0000000000000078       0x20 /usr/local/cross/i586-elf/lib/libc.a(lib_a-memset.o)
 .debug_aranges
                0x0000000000000098       0x20 /usr/local/cross/i586-elf/lib/libc.a(lib_a-mktime.o)
 .debug_aranges
                0x00000000000000b8       0x20 /usr/local/cross/i586-elf/lib/libc.a(lib_a-mktm_r.o)
 .debug_aranges
                0x00000000000000d8       0x20 /usr/local/cross/i586-elf/lib/libc.a(lib_a-signal.o)
 .debug_aranges
                0x00000000000000f8       0x20 /usr/local/cross/i586-elf/lib/libc.a(lib_a-signalr.o)
 .debug_aranges
                0x0000000000000118       0x20 /usr/local/cross/i586-elf/lib/libc.a(lib_a-sprintf.o)
 .debug_aranges
                0x0000000000000138       0x20 /usr/local/cross/i586-elf/lib/libc.a(lib_a-strcat.o)
 .debug_aranges
                0x0000000000000158       0x20 /usr/local/cross/i586-elf/lib/libc.a(lib_a-strchr.o)
 .debug_aranges
                0x0000000000000178       0x20 /usr/local/cross/i586-elf/lib/libc.a(lib_a-strcmp.o)
 .debug_aranges
                0x0000000000000198       0x20 /usr/local/cross/i586-elf/lib/libc.a(lib_a-strcpy.o)
 .debug_aranges
                0x00000000000001b8       0x20 /usr/local/cross/i586-elf/lib/libc.a(lib_a-strdup.o)
 .debug_aranges
                0x00000000000001d8       0x20 /usr/local/cross/i586-elf/lib/libc.a(lib_a-strdup_r.o)
 .debug_aranges
                0x00000000000001f8       0x20 /usr/local/cross/i586-elf/lib/libc.a(lib_a-strlen.o)
 .debug_aranges
                0x0000000000000218       0x20 /usr/local/cross/i586-elf/lib/libc.a(lib_a-strncpy.o)
 .debug_aranges
                0x0000000000000238       0x20 /usr/local/cross/i586-elf/lib/libc.a(lib_a-svfprintf.o)
 .debug_aranges
                0x0000000000000258       0x20 /usr/local/cross/i586-elf/lib/libc.a(lib_a-time.o)
 .debug_aranges
                0x0000000000000278       0x20 /usr/local/cross/i586-elf/lib/libc.a(lib_a-tzlock.o)
 .debug_aranges
                0x0000000000000298       0x18 /usr/local/cross/i586-elf/lib/libc.a(lib_a-tzvars.o)
 .debug_aranges
                0x00000000000002b0       0x20 /usr/local/cross/i586-elf/lib/libc.a(lib_a-vsprintf.o)
 .debug_aranges
                0x00000000000002d0       0x20 /usr/local/cross/i586-elf/lib/libc.a(lib_a-div.o)
 .debug_aranges
                0x00000000000002f0       0x20 /usr/local/cross/i586-elf/lib/libc.a(lib_a-dtoa.o)
 .debug_aranges
                0x0000000000000310       0x20 /usr/local/cross/i586-elf/lib/libc.a(lib_a-gettimeofdayr.o)
 .debug_aranges
                0x0000000000000330       0x20 /usr/local/cross/i586-elf/lib/libc.a(lib_a-gettzinfo.o)
 .debug_aranges
                0x0000000000000350       0x20 /usr/local/cross/i586-elf/lib/libc.a(lib_a-locale.o)
 .debug_aranges
                0x0000000000000370       0x20 /usr/local/cross/i586-elf/lib/libc.a(lib_a-memchr.o)
 .debug_aranges
                0x0000000000000390       0x20 /usr/local/cross/i586-elf/lib/libc.a(lib_a-mprec.o)
 .debug_aranges
                0x00000000000003b0       0x20 /usr/local/cross/i586-elf/lib/libc.a(lib_a-s_fpclassify.o)
 .debug_aranges
                0x00000000000003d0       0x20 /usr/local/cross/i586-elf/lib/libc.a(lib_a-svfiprintf.o)
 .debug_aranges
                0x00000000000003f0       0x20 /usr/local/cross/i586-elf/lib/libc.a(lib_a-memmove.o)

.debug_line     0x0000000000000000     0x3b8e
 .debug_line    0x0000000000000000       0xfc /usr/local/cross/i586-elf/lib/libc.a(lib_a-errno.o)
 .debug_line    0x00000000000000fc       0xe2 /usr/local/cross/i586-elf/lib/libc.a(lib_a-impure.o)
 .debug_line    0x00000000000001de      0x130 /usr/local/cross/i586-elf/lib/libc.a(lib_a-malloc.o)
 .debug_line    0x000000000000030e       0x93 /usr/local/cross/i586-elf/lib/libc.a(lib_a-memcpy.o)
 .debug_line    0x00000000000003a1       0xac /usr/local/cross/i586-elf/lib/libc.a(lib_a-memset.o)
 .debug_line    0x000000000000044d      0x2ed /usr/local/cross/i586-elf/lib/libc.a(lib_a-mktime.o)
 .debug_line    0x000000000000073a      0x30a /usr/local/cross/i586-elf/lib/libc.a(lib_a-mktm_r.o)
 .debug_line    0x0000000000000a44      0x1d6 /usr/local/cross/i586-elf/lib/libc.a(lib_a-signal.o)
 .debug_line    0x0000000000000c1a      0x14d /usr/local/cross/i586-elf/lib/libc.a(lib_a-signalr.o)
 .debug_line    0x0000000000000d67      0x15e /usr/local/cross/i586-elf/lib/libc.a(lib_a-sprintf.o)
 .debug_line    0x0000000000000ec5       0xb1 /usr/local/cross/i586-elf/lib/libc.a(lib_a-strcat.o)
 .debug_line    0x0000000000000f76       0xd7 /usr/local/cross/i586-elf/lib/libc.a(lib_a-strchr.o)
 .debug_line    0x000000000000104d       0xc0 /usr/local/cross/i586-elf/lib/libc.a(lib_a-strcmp.o)
 .debug_line    0x000000000000110d       0xb6 /usr/local/cross/i586-elf/lib/libc.a(lib_a-strcpy.o)
 .debug_line    0x00000000000011c3      0x129 /usr/local/cross/i586-elf/lib/libc.a(lib_a-strdup.o)
 .debug_line    0x00000000000012ec      0x13b /usr/local/cross/i586-elf/lib/libc.a(lib_a-strdup_r.o)
 .debug_line    0x0000000000001427       0xa3 /usr/local/cross/i586-elf/lib/libc.a(lib_a-strlen.o)
 .debug_line    0x00000000000014ca      0x110 /usr/local/cross/i586-elf/lib/libc.a(lib_a-strncpy.o)
 .debug_line    0x00000000000015da      0x8c9 /usr/local/cross/i586-elf/lib/libc.a(lib_a-svfprintf.o)
 .debug_line    0x0000000000001ea3      0x141 /usr/local/cross/i586-elf/lib/libc.a(lib_a-time.o)
 .debug_line    0x0000000000001fe4       0x66 /usr/local/cross/i586-elf/lib/libc.a(lib_a-tzlock.o)
 .debug_line    0x000000000000204a       0x51 /usr/local/cross/i586-elf/lib/libc.a(lib_a-tzvars.o)
 .debug_line    0x000000000000209b      0x152 /usr/local/cross/i586-elf/lib/libc.a(lib_a-vsprintf.o)
 .debug_line    0x00000000000021ed       0xba /usr/local/cross/i586-elf/lib/libc.a(lib_a-div.o)
 .debug_line    0x00000000000022a7      0x6ed /usr/local/cross/i586-elf/lib/libc.a(lib_a-dtoa.o)
 .debug_line    0x0000000000002994      0x14e /usr/local/cross/i586-elf/lib/libc.a(lib_a-gettimeofdayr.o)
 .debug_line    0x0000000000002ae2       0xd6 /usr/local/cross/i586-elf/lib/libc.a(lib_a-gettzinfo.o)
 .debug_line    0x0000000000002bb8      0x17f /usr/local/cross/i586-elf/lib/libc.a(lib_a-locale.o)
 .debug_line    0x0000000000002d37       0xb0 /usr/local/cross/i586-elf/lib/libc.a(lib_a-memchr.o)
 .debug_line    0x0000000000002de7      0x625 /usr/local/cross/i586-elf/lib/libc.a(lib_a-mprec.o)
 .debug_line    0x000000000000340c      0x10e /usr/local/cross/i586-elf/lib/libc.a(lib_a-s_fpclassify.o)
 .debug_line    0x000000000000351a      0x5b8 /usr/local/cross/i586-elf/lib/libc.a(lib_a-svfiprintf.o)
 .debug_line    0x0000000000003ad2       0xbc /usr/local/cross/i586-elf/lib/libc.a(lib_a-memmove.o)

.debug_str      0x0000000000000000     0x14c1
 .debug_str     0x0000000000000000      0x497 /usr/local/cross/i586-elf/lib/libc.a(lib_a-errno.o)
                                        0x501 (size before relaxing)
 .debug_str     0x0000000000000497       0x87 /usr/local/cross/i586-elf/lib/libc.a(lib_a-impure.o)
                                        0x519 (size before relaxing)
 .debug_str     0x000000000000051e       0x8f /usr/local/cross/i586-elf/lib/libc.a(lib_a-malloc.o)
                                        0x52d (size before relaxing)
 .debug_str     0x00000000000005ad      0x187 /usr/local/cross/i586-elf/lib/libc.a(lib_a-mktime.o)
                                        0x2be (size before relaxing)
 .debug_str     0x0000000000000734       0x9f /usr/local/cross/i586-elf/lib/libc.a(lib_a-mktm_r.o)
                                        0x2a5 (size before relaxing)
 .debug_str     0x00000000000007d3       0xd6 /usr/local/cross/i586-elf/lib/libc.a(lib_a-signal.o)
                                        0x58f (size before relaxing)
 .debug_str     0x00000000000008a9       0x4a /usr/local/cross/i586-elf/lib/libc.a(lib_a-signalr.o)
                                        0x519 (size before relaxing)
 .debug_str     0x00000000000008f3       0xa2 /usr/local/cross/i586-elf/lib/libc.a(lib_a-sprintf.o)
                                        0x549 (size before relaxing)
 .debug_str     0x0000000000000995       0x83 /usr/local/cross/i586-elf/lib/libc.a(lib_a-strcat.o)
                                        0x153 (size before relaxing)
 .debug_str     0x0000000000000a18       0x3f /usr/local/cross/i586-elf/lib/libc.a(lib_a-strcmp.o)
                                        0x141 (size before relaxing)
 .debug_str     0x0000000000000a57       0x5a /usr/local/cross/i586-elf/lib/libc.a(lib_a-strcpy.o)
                                        0x163 (size before relaxing)
 .debug_str     0x0000000000000ab1       0x49 /usr/local/cross/i586-elf/lib/libc.a(lib_a-strdup.o)
                                        0x50d (size before relaxing)
 .debug_str     0x0000000000000afa       0x57 /usr/local/cross/i586-elf/lib/libc.a(lib_a-strdup_r.o)
                                        0x52a (size before relaxing)
 .debug_str     0x0000000000000b51       0x41 /usr/local/cross/i586-elf/lib/libc.a(lib_a-strncpy.o)
                                        0x172 (size before relaxing)
 .debug_str     0x0000000000000b92      0x31f /usr/local/cross/i586-elf/lib/libc.a(lib_a-svfprintf.o)
                                        0x8a6 (size before relaxing)
 .debug_str     0x0000000000000eb1       0x5f /usr/local/cross/i586-elf/lib/libc.a(lib_a-time.o)
                                        0x535 (size before relaxing)
 .debug_str     0x0000000000000f10       0x47 /usr/local/cross/i586-elf/lib/libc.a(lib_a-tzlock.o)
                                        0x15d (size before relaxing)
 .debug_str     0x0000000000000f57       0x48 /usr/local/cross/i586-elf/lib/libc.a(lib_a-tzvars.o)
                                        0x152 (size before relaxing)
 .debug_str     0x0000000000000f9f       0x4e /usr/local/cross/i586-elf/lib/libc.a(lib_a-vsprintf.o)
                                        0x54c (size before relaxing)
 .debug_str     0x0000000000000fed       0x3b /usr/local/cross/i586-elf/lib/libc.a(lib_a-div.o)
                                        0x148 (size before relaxing)
 .debug_str     0x0000000000001028      0x154 /usr/local/cross/i586-elf/lib/libc.a(lib_a-dtoa.o)
                                        0x66b (size before relaxing)
 .debug_str     0x000000000000117c       0x5e /usr/local/cross/i586-elf/lib/libc.a(lib_a-gettimeofdayr.o)
                                        0x555 (size before relaxing)
 .debug_str     0x00000000000011da       0x39 /usr/local/cross/i586-elf/lib/libc.a(lib_a-gettzinfo.o)
                                        0x1b9 (size before relaxing)
 .debug_str     0x0000000000001213      0x14a /usr/local/cross/i586-elf/lib/libc.a(lib_a-locale.o)
                                        0x776 (size before relaxing)
 .debug_str     0x000000000000135d       0xa2 /usr/local/cross/i586-elf/lib/libc.a(lib_a-mprec.o)
                                        0x625 (size before relaxing)
 .debug_str     0x00000000000013ff       0x92 /usr/local/cross/i586-elf/lib/libc.a(lib_a-s_fpclassify.o)
                                        0x19a (size before relaxing)
 .debug_str     0x0000000000001491       0x30 /usr/local/cross/i586-elf/lib/libc.a(lib_a-svfiprintf.o)
                                        0x6a9 (size before relaxing)

.debug_loc      0x0000000000000000     0x8a0a
 .debug_loc     0x0000000000000000      0x557 /usr/local/cross/i586-elf/lib/libc.a(lib_a-mktime.o)
 .debug_loc     0x0000000000000557      0x4ec /usr/local/cross/i586-elf/lib/libc.a(lib_a-mktm_r.o)
 .debug_loc     0x0000000000000a43       0x72 /usr/local/cross/i586-elf/lib/libc.a(lib_a-signal.o)
 .debug_loc     0x0000000000000ab5       0x5a /usr/local/cross/i586-elf/lib/libc.a(lib_a-sprintf.o)
 .debug_loc     0x0000000000000b0f       0x5c /usr/local/cross/i586-elf/lib/libc.a(lib_a-strcat.o)
 .debug_loc     0x0000000000000b6b       0x94 /usr/local/cross/i586-elf/lib/libc.a(lib_a-strcmp.o)
 .debug_loc     0x0000000000000bff       0xbe /usr/local/cross/i586-elf/lib/libc.a(lib_a-strcpy.o)
 .debug_loc     0x0000000000000cbd       0x3c /usr/local/cross/i586-elf/lib/libc.a(lib_a-strdup_r.o)
 .debug_loc     0x0000000000000cf9      0x180 /usr/local/cross/i586-elf/lib/libc.a(lib_a-strncpy.o)
 .debug_loc     0x0000000000000e79     0x27af /usr/local/cross/i586-elf/lib/libc.a(lib_a-svfprintf.o)
 .debug_loc     0x0000000000003628       0xb7 /usr/local/cross/i586-elf/lib/libc.a(lib_a-div.o)
 .debug_loc     0x00000000000036df     0x26c4 /usr/local/cross/i586-elf/lib/libc.a(lib_a-dtoa.o)
 .debug_loc     0x0000000000005da3     0x17c5 /usr/local/cross/i586-elf/lib/libc.a(lib_a-mprec.o)
 .debug_loc     0x0000000000007568       0x7c /usr/local/cross/i586-elf/lib/libc.a(lib_a-s_fpclassify.o)
 .debug_loc     0x00000000000075e4     0x1426 /usr/local/cross/i586-elf/lib/libc.a(lib_a-svfiprintf.o)

.debug_ranges   0x0000000000000000      0x238
 .debug_ranges  0x0000000000000000       0x50 /usr/local/cross/i586-elf/lib/libc.a(lib_a-mktime.o)
 .debug_ranges  0x0000000000000050       0x48 /usr/local/cross/i586-elf/lib/libc.a(lib_a-mktm_r.o)
 .debug_ranges  0x0000000000000098      0x120 /usr/local/cross/i586-elf/lib/libc.a(lib_a-svfprintf.o)
 .debug_ranges  0x00000000000001b8       0x48 /usr/local/cross/i586-elf/lib/libc.a(lib_a-mprec.o)
 .debug_ranges  0x0000000000000200       0x38 /usr/local/cross/i586-elf/lib/libc.a(lib_a-svfiprintf.o)
