Archive member included because of file (symbol)

/usr/local/cross/i586-elf/lib/libelfldr.a(elf-module.o)
                              /home/antonio/Projects/aPlus/src/elf.o (elf_module_init)
/usr/local/cross/i586-elf/lib/libelfldr.a(elf-module-i386.o)
                              /usr/local/cross/i586-elf/lib/libelfldr.a(elf-module.o) (elf_module_check_machine)
/usr/local/cross/i586-elf/lib/libx86.a(int86.o)
                              /home/antonio/Projects/aPlus/src/arch/screen.o (int86)
/usr/local/cross/i586-elf/lib/libposix.a(execlp.o)
                              /home/antonio/Projects/aPlus/src/main.o (execlp)
/usr/local/cross/i586-elf/lib/libposix.a(execvp.o)
                              /usr/local/cross/i586-elf/lib/libposix.a(execlp.o) (execvp)
/usr/local/cross/i586-elf/lib/libposix.a(execv.o)
                              /usr/local/cross/i586-elf/lib/libposix.a(execvp.o) (execv)
/usr/local/cross/i586-elf/lib/libposix.a(_execve.o)
                              /usr/local/cross/i586-elf/lib/libposix.a(execv.o) (_execve)
/usr/local/cross/i586-elf/lib/libc.a(lib_a-environ.o)
                              /home/antonio/Projects/aPlus/src/main.o (environ)
/usr/local/cross/i586-elf/lib/libc.a(lib_a-errno.o)
                              /home/antonio/Projects/aPlus/src/arch/task.o (__errno)
/usr/local/cross/i586-elf/lib/libc.a(lib_a-getenv.o)
                              /usr/local/cross/i586-elf/lib/libposix.a(execvp.o) (getenv)
/usr/local/cross/i586-elf/lib/libc.a(lib_a-getenv_r.o)
                              /usr/local/cross/i586-elf/lib/libc.a(lib_a-getenv.o) (_findenv_r)
/usr/local/cross/i586-elf/lib/libc.a(lib_a-impure.o)
                              /usr/local/cross/i586-elf/lib/libc.a(lib_a-errno.o) (_impure_ptr)
/usr/local/cross/i586-elf/lib/libc.a(lib_a-malloc.o)
                              /home/antonio/Projects/aPlus/src/elf.o (malloc)
/usr/local/cross/i586-elf/lib/libc.a(lib_a-memcmp.o)
                              /usr/local/cross/i586-elf/lib/libelfldr.a(elf-module.o) (memcmp)
/usr/local/cross/i586-elf/lib/libc.a(lib_a-memcpy.o)
                              /home/antonio/Projects/aPlus/src/arch/syscall.o (memcpy)
/usr/local/cross/i586-elf/lib/libc.a(lib_a-memset.o)
                              /home/antonio/Projects/aPlus/src/arch/task.o (memset)
/usr/local/cross/i586-elf/lib/libc.a(lib_a-mktime.o)
                              /home/antonio/Projects/aPlus/src/arch/desc.o (mktime)
/usr/local/cross/i586-elf/lib/libc.a(lib_a-mktm_r.o)
                              /usr/local/cross/i586-elf/lib/libc.a(lib_a-mktime.o) (__tzcalc_limits)
/usr/local/cross/i586-elf/lib/libc.a(lib_a-setjmp.o)
                              /home/antonio/Projects/aPlus/src/arch/syscall.o (setjmp)
/usr/local/cross/i586-elf/lib/libc.a(lib_a-sprintf.o)
                              /home/antonio/Projects/aPlus/src/arch/syscall.o (sprintf)
/usr/local/cross/i586-elf/lib/libc.a(lib_a-strcat.o)
                              /home/antonio/Projects/aPlus/src/fs/procfs/procfs_cmdline.o (strcat)
/usr/local/cross/i586-elf/lib/libc.a(lib_a-strchr.o)
                              /home/antonio/Projects/aPlus/src/arch/syscall.o (strchr)
/usr/local/cross/i586-elf/lib/libc.a(lib_a-strcmp.o)
                              /home/antonio/Projects/aPlus/src/vfs.o (strcmp)
/usr/local/cross/i586-elf/lib/libc.a(lib_a-strcpy.o)
                              /home/antonio/Projects/aPlus/src/vfs.o (strcpy)
/usr/local/cross/i586-elf/lib/libc.a(lib_a-strdup.o)
                              /home/antonio/Projects/aPlus/src/arch/syscall.o (strdup)
/usr/local/cross/i586-elf/lib/libc.a(lib_a-strdup_r.o)
                              /usr/local/cross/i586-elf/lib/libc.a(lib_a-strdup.o) (_strdup_r)
/usr/local/cross/i586-elf/lib/libc.a(lib_a-strlen.o)
                              /home/antonio/Projects/aPlus/src/arch/syscall.o (strlen)
/usr/local/cross/i586-elf/lib/libc.a(lib_a-strncmp.o)
                              /home/antonio/Projects/aPlus/src/fs/iso9660/iso9660_check.o (strncmp)
/usr/local/cross/i586-elf/lib/libc.a(lib_a-strncpy.o)
                              /home/antonio/Projects/aPlus/src/arch/syscall.o (strncpy)
/usr/local/cross/i586-elf/lib/libc.a(lib_a-svfprintf.o)
                              /usr/local/cross/i586-elf/lib/libc.a(lib_a-sprintf.o) (_svfprintf_r)
/usr/local/cross/i586-elf/lib/libc.a(lib_a-time.o)
                              /home/antonio/Projects/aPlus/src/vfs.o (time)
/usr/local/cross/i586-elf/lib/libc.a(lib_a-tolower.o)
                              /home/antonio/Projects/aPlus/src/fs/iso9660/iso9660.o (tolower)
/usr/local/cross/i586-elf/lib/libc.a(lib_a-toupper.o)
                              /home/antonio/Projects/aPlus/src/tty.o (toupper)
/usr/local/cross/i586-elf/lib/libc.a(lib_a-tzlock.o)
                              /usr/local/cross/i586-elf/lib/libc.a(lib_a-mktime.o) (__tz_lock)
/usr/local/cross/i586-elf/lib/libc.a(lib_a-tzvars.o)
[...]
Memory Configuration

Name             Origin             Length             Attributes
*default*        0x0000000000000000 0xffffffffffffffff

Linker script and memory map

                0x0000000000100000                . = 0x100000

.multiboot      0x0000000000100000       0x20
                0x0000000000100000                multiboot = .
                0x0000000000100000                _multiboot = .
                0x0000000000100000                __multiboot = .
 *(.multiboot)
 .multiboot     0x0000000000100000       0x20 /home/antonio/Projects/aPlus/src/arch/loader.o

.text           0x0000000000100020    0x1214d
                0x0000000000100020                text = .
                0x0000000000100020                _text = .
                0x0000000000100020                __text = .
 *(.text)
 .text          0x0000000000100020      0x7be /home/antonio/Projects/aPlus/src/arch/task.o
                0x0000000000100154                task_init
                0x000000000010025a                task_create_with_data
                0x00000000001003df                task_zombie
                0x00000000001003fb                task_idle
                0x0000000000100419                task_wakeup
                0x0000000000100435                task_setpriority
                0x0000000000100450                sched_enable
                0x000000000010045c                sched_disable
                0x0000000000100468                task_dosignal
                0x00000000001004ed                schedule
                0x00000000001005fa                task_create
                0x000000000010061c                task_exit2
                0x00000000001006b2                task_exit
                0x00000000001006ce                task_getbypid
                0x0000000000100708                task_wait
                0x000000000010075c                task_child
                0x000000000010079c                task_clonefd
 .text          0x00000000001007de     0x1a2f /home/antonio/Projects/aPlus/src/arch/syscall.o
                0x00000000001009f2                syscall__exit
                0x0000000000100a15                syscall__chown
                0x0000000000100a7b                syscall__close
                0x0000000000100afe                syscall(...)(long long,...)(char, void,...)
                0x0000000000100e5a                syscall__fork
                0x0000000000101082                syscall__fstat
                0x000000000010123d                syscall__getpid
                0x0000000000101259                syscall_gettimeofday
                0x00000000001012b9                syscall__kill
                0x0000000000101314                syscall__link
                0x000000000010132e                syscall__lseek
                0x000000000010144d                syscall__open
                0x00000000001014f0                syscall__read
                0x00000000001015b3                syscall__readlink
                0x000000000010162e                syscall__stat
                0x0000000000101732                syscall__symlink
                0x000000000010183d                syscall__times
                0x00000000001018a8                syscall__unlink
                0x00000000001019a1                syscall__wait
                0x00000000001019fa                syscall__write
                0x0000000000101abd                syscall__readdir
                0x0000000000101b85                syscall_ioctl
                0x0000000000101c28                syscall_mount
                0x0000000000101d20                syscall_umount
                0x0000000000101d8a                syscall_tell
                0x0000000000101e1a                syscall___get_argv
                0x0000000000101e37                syscall___get_env
                0x0000000000101e54                syscall_pipe
                0x0000000000101f94                syscall_chdir
                0x0000000000101ff7                syscall___install_signal_handler
                0x000000000010202c                syscall_malloc
                0x000000000010203f                syscall_free
                0x0000000000102052                syscall_aplus_thread_create
                0x0000000000102094                syscall_(int, double, long,...)
                0x00000000001020a1                syscall___wakeup
                0x00000000001020ae                syscall___zombie
                0x00000000001020bb                syscall_aplus_device_create
                0x000000000010211c                syscall_fcntl
                0x0000000000102134                syscall_chroot
                0x000000000010217d                syscall_handler
 .text          0x000000000010220d      0x629 /home/antonio/Projects/aPlus/src/arch/mm.o
                0x00000000001022b1                mm_alloc
                0x00000000001022f6                mm_free
                0x0000000000102316                mm_enablepaging
                0x0000000000102340                mm_disablepaging
                0x000000000010235a                vmm_switch
                0x000000000010238a                vmm_map
                0x0000000000102457                vmm_unmap
                0x00000000001024bf                mm_create_addrspace
                0x000000000010251c                mm_map_kernel
                0x000000000010254b                kmalloc
                0x00000000001025f5                kfree
                0x00000000001026a0                mm_init
                0x000000000010275f                pagefault_handler
 .text          0x0000000000102836     0x115c /home/antonio/Projects/aPlus/src/arch/desc.o
                0x0000000000102852                gdt_load
                0x000000000010286f                idt_load
                0x0000000000102877                isr_stub
                0x000000000010289f                irq_stub
                0x00000000001028c7                isr_handler
                0x00000000001029dd                irq_handler
                0x0000000000102a44                pit_handler
                0x0000000000102b0b                desc_init
                0x0000000000103700                irq_set
                0x0000000000103732                irq_unset
                0x0000000000103765                irq_get
                0x00000000001037c1                pit_gettime
                0x0000000000103982                pit_getticks
 .text          0x0000000000103992      0x7e0 /home/antonio/Projects/aPlus/src/arch/screen.o
                0x00000000001039ae                video_putc
                0x0000000000103c84                video_puts
                0x0000000000103cc5                video_clear
                0x0000000000103d3c                video_init
 .text          0x0000000000104172      0x65f /home/antonio/Projects/aPlus/src/vfs.o
                0x00000000001041f4                fs_ioctl
                0x000000000010423a                fs_read
                0x0000000000104280                fs_write
                0x00000000001042c6                fs_trunc
                0x00000000001042fe                fs_allocate
                0x000000000010433d                fs_readdir
                0x0000000000104375                fs_finddir
                0x00000000001043b4                fs_creat
                0x00000000001043fa                fs_remove
                0x0000000000104439                fs_destroy
                0x0000000000104471                fs_geninode
                0x0000000000104484                fs_chroot
                0x00000000001044b1                fs_mount
                0x000000000010454f                fs_umount
                0x00000000001045b9                vfs_init
 .text          0x00000000001047d1      0x337 /home/antonio/Projects/aPlus/src/elf.o
                0x00000000001047d1                elf_check_file
                0x000000000010482b                elf_check_supported
                0x00000000001049ed                elf_load_rel
                0x0000000000104a9f                elf_load_file
 .text          0x0000000000104b08       0xf9 /home/antonio/Projects/aPlus/src/panic.o
                0x0000000000104b58                __panic
 .text          0x0000000000104c01      0xc62 /home/antonio/Projects/aPlus/src/crt0.o
                0x0000000000104c01                _exit
                0x0000000000104c39                chown
                0x0000000000104c87                close
                0x0000000000104ccb                execve
                0x0000000000104d0b                fork
                0x0000000000104d51                fstat
                0x0000000000104d93                getpid
                0x0000000000104dd9                gettimeofday
                0x0000000000104e1b                isatty
                0x0000000000104e2c                kill
                0x0000000000104e6e                link
                0x0000000000104eb0                lseek
                0x0000000000104ef0                open
                0x0000000000104f44                read
                0x0000000000104f84                readlink
                0x0000000000104fc4                sbrk
                0x0000000000104ffa                stat
                0x000000000010503c                symlink
                0x000000000010507e                times
                0x00000000001050c2                unlink
                0x0000000000105106                wait
                0x000000000010514a                write
                0x000000000010518a                readdir
                0x00000000001051e3                ioctl
                0x0000000000105223                mount
                0x000000000010525f                umount2
                0x00000000001052a1                umount
                0x00000000001052bc                tell
                0x0000000000105300                __get_argv
                0x0000000000105346                __get_env
                0x000000000010538c                pipe
                0x00000000001053d0                chdir
                0x0000000000105414                __install_signal_handler
                0x0000000000105458                _malloc_r
                0x000000000010549c                _free_r
                0x00000000001054da                _calloc_r
                0x00000000001054f8                _realloc_r
                0x0000000000105562                aplus_thread_create
                0x00000000001055a2                __idle
                0x00000000001055e2                __wakeup
                0x0000000000105622                __zombie
                0x0000000000105662                aplus_device_create
                0x00000000001056a4                fcntl
                0x00000000001056f8                chroot
                0x000000000010573c                opendir
                0x000000000010579e                closedir
                0x00000000001057db                rewinddir
                0x0000000000105801                seekdir
                0x0000000000105825                telldir
                0x000000000010584b                scandir
 .text          0x0000000000105863      0x67a /home/antonio/Projects/aPlus/src/rootfs.o
                0x0000000000105863                rootfs_readdir
                0x0000000000105954                rootfs_finddir
                0x0000000000105a29                rootfs_remove
                0x0000000000105b79                rootfs_creat
                0x0000000000105e47                rootfs_init
 .text          0x0000000000105edd      0x41e /home/antonio/Projects/aPlus/src/tty.o
                0x000000000010600f                tty_getc
                0x0000000000106075                tty_ioctl
                0x00000000001060ff                tty_read
                0x00000000001061c1                tty_write
                0x0000000000106220                tty_trunc
                0x0000000000106241                tty_init
 .text          0x00000000001062fb       0xc3 /home/antonio/Projects/aPlus/src/spinlock.o
                0x00000000001062fb                spinlock_lock
                0x0000000000106347                spinlock_unlock
                0x0000000000106375                spinlock_trylock
 .text          0x00000000001063be      0x101 /home/antonio/Projects/aPlus/src/main.o
                0x00000000001063be                sysidle
                0x00000000001063d4                main
 .text          0x00000000001064bf       0x58 /home/antonio/Projects/aPlus/src/fs/initfs/initfs_mount.o
                0x00000000001064bf                initfs_mount
 .text          0x0000000000106517      0x51c /home/antonio/Projects/aPlus/src/fs/initfs/initfs.o
                0x0000000000106517                initfs_read
                0x0000000000106621                initfs_readdir
                0x000000000010671a                initfs_finddir
 .text          0x0000000000106a33      0x29a /home/antonio/Projects/aPlus/src/fs/ramdev.o
                0x0000000000106a33                ramdev_read
                0x0000000000106b22                ramdev_write
                0x0000000000106c11                ramdev_destroy
                0x0000000000106c3c                ramdev_create
 .text          0x0000000000106ccd      0x2ad /home/antonio/Projects/aPlus/src/fs/procfs/procfs_task.o
                0x0000000000106ccd                procfs_task_create
 .text          0x0000000000106f7a      0x387 /home/antonio/Projects/aPlus/src/fs/procfs/procfs_cmdline.o
                0x0000000000106f7a                procfs_cmdline_read
                0x000000000010704f                procfs_cmdline_destroy
                0x000000000010707a                procfs_cmdline_create
 .text          0x0000000000107301       0xe4 /home/antonio/Projects/aPlus/src/fs/procfs/procfs_mount.o
                0x0000000000107301                procfs_mount
 .text          0x00000000001073e5      0x201 /home/antonio/Projects/aPlus/src/fs/procfs/procfs_cwd.o
                0x00000000001073e5                procfs_cwd_create
 .text          0x00000000001075e6      0x3d4 /home/antonio/Projects/aPlus/src/fs/procfs/procfs_filesystems.o
                0x00000000001075e6                procfs_filesystems_updatebuf
                0x000000000010768a                procfs_filesystems_read
                0x000000000010775f                procfs_filesystems_destroy
                0x000000000010778a                procfs_filesystems_create
 .text          0x00000000001079ba      0x381 /home/antonio/Projects/aPlus/src/fs/procfs/procfs_environ.o
                0x00000000001079ba                procfs_environ_read
                0x0000000000107a8f                procfs_environ_destroy
                0x0000000000107aba                procfs_environ_create
 .text          0x0000000000107d3b      0x3b6 /home/antonio/Projects/aPlus/src/fs/procfs/procfs_meminfo.o
                0x0000000000107dd1                procfs_meminfo_read
                0x0000000000107ea6                procfs_meminfo_destroy
                0x0000000000107ed1                procfs_meminfo_create
 .text          0x00000000001080f1      0x934 /home/antonio/Projects/aPlus/src/fs/procfs/procfs.o
                0x0000000000108188                procfs_add_inode
                0x0000000000108219                procfs_readdir
                0x00000000001083d2                procfs_finddir
                0x0000000000108575                procfs_remove
                0x00000000001086e4                procfs_creat
                0x00000000001089b3                procfs_destroy
 .text          0x0000000000108a25      0x650 /home/antonio/Projects/aPlus/src/fs/procfs/procfs_fd.o
                0x0000000000108a25                procfs_fd_readdir
                0x0000000000108b58                procfs_fd_finddir
                0x0000000000108e85                procfs_fd_create
 .text          0x0000000000109075       0xab /home/antonio/Projects/aPlus/src/fs/sfs/sfs_mount.o
                0x0000000000109075                sfs_mount
 .text          0x0000000000109120        0xa /home/antonio/Projects/aPlus/src/fs/sfs/sfs_check.o
                0x0000000000109120                sfs_check
 .text          0x000000000010912a      0x30a /home/antonio/Projects/aPlus/src/fs/pipe.o
                0x000000000010912a                pipe_read
                0x000000000010923c                pipe_write
                0x0000000000109311                pipe_destroy
                0x000000000010934f                pipe_create
 .text          0x0000000000109434      0x14a /home/antonio/Projects/aPlus/src/fs/iso9660/iso9660_read.o
                0x0000000000109434                iso9660_read
 .text          0x000000000010957e       0x9f /home/antonio/Projects/aPlus/src/fs/iso9660/iso9660_check.o
                0x000000000010957e                iso9660_check
 .text          0x000000000010961d      0x2d3 /home/antonio/Projects/aPlus/src/fs/iso9660/iso9660.o
                0x000000000010961d                iso9660_check_inode
                0x0000000000109689                iso9660_add_inode
                0x0000000000109730                iso9660_del_inode
                0x00000000001097ac                iso9660_getroot
                0x0000000000109826                iso9660_checkname
                0x00000000001098a8                iso9660_getmsb16
                0x00000000001098b3                iso9660_getmsb32
                0x00000000001098d1                iso9660_getlsb16
                0x00000000001098d9                iso9660_getlsb32
 .text          0x00000000001098f0       0x8d /home/antonio/Projects/aPlus/src/fs/iso9660/iso9660_mount.o
                0x00000000001098f0                iso9660_mount
 .text          0x000000000010997d      0x2bb /home/antonio/Projects/aPlus/src/fs/iso9660/iso9660_readdir.o
                0x000000000010997d                iso9660_readdir
 .text          0x0000000000109c38      0x542 /home/antonio/Projects/aPlus/src/fs/iso9660/iso9660_finddir.o
                0x0000000000109c38                iso9660_finddir
 .text          0x000000000010a17a       0xa3 /home/antonio/Projects/aPlus/src/initrd.o
                0x000000000010a17a                initrd_init
 *fill*         0x000000000010a21d        0x3 
 .text          0x000000000010a220       0x88 /home/antonio/Projects/aPlus/src/arch/loader.o
                0x000000000010a220                _start
                0x000000000010a2a0                mbd
                0x000000000010a2a4                magic
 *fill*         0x000000000010a2a8        0x8 
 .text          0x000000000010a2b0      0x227 /home/antonio/Projects/aPlus/src/arch/_desc.o
                0x000000000010a2b0                isr0
                0x000000000010a2b9                isr1
                0x000000000010a2c2                isr2
                0x000000000010a2cb                isr3
                0x000000000010a2d4                isr4
                0x000000000010a2dd                isr5
                0x000000000010a2e6                isr6
                0x000000000010a2ef                isr7
                0x000000000010a2f8                isr8
                0x000000000010a2ff                isr9
                0x000000000010a308                isr10
                0x000000000010a30f                isr11
                0x000000000010a316                isr12
                0x000000000010a31d                isr13
                0x000000000010a324                isr15
                0x000000000010a32d                isr16
                0x000000000010a336                isr17
                0x000000000010a33f                isr18
                0x000000000010a348                isr19
                0x000000000010a351                isr20
                0x000000000010a35a                isr21
                0x000000000010a363                isr22
                0x000000000010a36c                isr23
                0x000000000010a375                isr24
                0x000000000010a37e                isr25
                0x000000000010a387                isr26
                0x000000000010a390                isr27
                0x000000000010a399                isr28
                0x000000000010a3a2                isr29
                0x000000000010a3ab                isr30
                0x000000000010a3b4                isr31
                0x000000000010a3bd                irq1
                0x000000000010a3c6                irq2
                0x000000000010a3cf                irq3
                0x000000000010a3d8                irq4
                0x000000000010a3e1                irq5
                0x000000000010a3ea                irq6
                0x000000000010a3f3                irq7
                0x000000000010a3fc                irq8
                0x000000000010a405                irq9
                0x000000000010a40e                irq10
                0x000000000010a417                irq11
                0x000000000010a420                irq12
                0x000000000010a429                irq13
                0x000000000010a432                irq14
                0x000000000010a43b                irq15
                0x000000000010a444                irq0
                0x000000000010a475                isr0x80
                0x000000000010a4ad                isr14
 *fill*         0x000000000010a4d7        0x9 
 .text          0x000000000010a4e0        0xb /home/antonio/Projects/aPlus/src/arch/process.o
                0x000000000010a4e0                read_eip
                0x000000000010a4e4                write_eip
 *fill*         0x000000000010a4eb        0x5 
 .text          0x000000000010a4f0      0x35b /usr/local/cross/i586-elf/lib/libelfldr.a(elf-module.o)
                0x000000000010a4f0                elf_module_init
                0x000000000010a610                elf_module_get_size
                0x000000000010a620                elf_module_set_data
                0x000000000010a630                elf_module_get_data
                0x000000000010a640                elf_module_load
                0x000000000010a7d0                elf_module_lookup_symbol
 *fill*         0x000000000010a84b        0x5 
 .text          0x000000000010a850       0xd6 /usr/local/cross/i586-elf/lib/libelfldr.a(elf-module-i386.o)
                0x000000000010a850                elf_module_check_machine
                0x000000000010a870                elf_module_reloc_section
                0x000000000010a920                elf_module_reloca_section
 *fill*         0x000000000010a926        0xa 
 .text          0x000000000010a930      0x14c /usr/local/cross/i586-elf/lib/libx86.a(int86.o)
                0x000000000010a930                int86
 *fill*         0x000000000010aa7c        0x4 
 .text          0x000000000010aa80       0x4e /usr/local/cross/i586-elf/lib/libposix.a(execlp.o)
                0x000000000010aa80                execlp
 *fill*         0x000000000010aace        0x2 
 .text          0x000000000010aad0      0x127 /usr/local/cross/i586-elf/lib/libposix.a(execvp.o)
                0x000000000010aad0                execvp
 *fill*         0x000000000010abf7        0x9 
 .text          0x000000000010ac00       0x24 /usr/local/cross/i586-elf/lib/libposix.a(execv.o)
                0x000000000010ac00                execv
 *fill*         0x000000000010ac24        0xc 
 .text          0x000000000010ac30        0x5 /usr/local/cross/i586-elf/lib/libposix.a(_execve.o)
                0x000000000010ac30                _execve
 .text          0x000000000010ac35        0x0 /usr/local/cross/i586-elf/lib/libc.a(lib_a-environ.o)
 *fill*         0x000000000010ac35        0xb 
 .text          0x000000000010ac40        0x6 /usr/local/cross/i586-elf/lib/libc.a(lib_a-errno.o)
                0x000000000010ac40                __errno
 *fill*         0x000000000010ac46        0xa 
 .text          0x000000000010ac50       0x54 /usr/local/cross/i586-elf/lib/libc.a(lib_a-getenv.o)
                0x000000000010ac50                _findenv
                0x000000000010ac80                getenv
 *fill*         0x000000000010aca4        0xc 
 .text          0x000000000010acb0      0x103 /usr/local/cross/i586-elf/lib/libc.a(lib_a-getenv_r.o)
                0x000000000010acb0                _findenv_r
                0x000000000010ad90                _getenv_r
 .text          0x000000000010adb3        0x0 /usr/local/cross/i586-elf/lib/libc.a(lib_a-impure.o)
 *fill*         0x000000000010adb3        0xd 
 .text          0x000000000010adc0       0x3c /usr/local/cross/i586-elf/lib/libc.a(lib_a-malloc.o)
                0x000000000010adc0                malloc
                0x000000000010ade0                free
 .text          0x000000000010adfc       0x52 /usr/local/cross/i586-elf/lib/libc.a(lib_a-memcmp.o)
                0x000000000010adfc                memcmp
 *fill*         0x000000000010ae4e        0x2 
 .text          0x000000000010ae50       0x48 /usr/local/cross/i586-elf/lib/libc.a(lib_a-memcpy.o)
                0x000000000010ae50                memcpy
 .text          0x000000000010ae98       0x88 /usr/local/cross/i586-elf/lib/libc.a(lib_a-memset.o)
                0x000000000010ae98                memset
 .text          0x000000000010af20      0x78a /usr/local/cross/i586-elf/lib/libc.a(lib_a-mktime.o)
                0x000000000010b230                mktime
 *fill*         0x000000000010b6aa        0x6 
 .text          0x000000000010b6b0      0x6a0 /usr/local/cross/i586-elf/lib/libc.a(lib_a-mktm_r.o)
                0x000000000010b6b0                __tzcalc_limits
                0x000000000010b8f0                _mktm_r
 .text          0x000000000010bd50       0x64 /usr/local/cross/i586-elf/lib/libc.a(lib_a-setjmp.o)
                0x000000000010bd50                setjmp
                0x000000000010bd87                longjmp
 *fill*         0x000000000010bdb4        0xc 
 .text          0x000000000010bdc0       0xdc /usr/local/cross/i586-elf/lib/libc.a(lib_a-sprintf.o)
                0x000000000010bdc0                _sprintf_r
                0x000000000010be30                sprintf
 *fill*         0x000000000010be9c        0x4 
 .text          0x000000000010bea0       0x6e /usr/local/cross/i586-elf/lib/libc.a(lib_a-strcat.o)
                0x000000000010bea0                strcat
 *fill*         0x000000000010bf0e        0x2 
 .text          0x000000000010bf10       0xfc /usr/local/cross/i586-elf/lib/libc.a(lib_a-strchr.o)
                0x000000000010bf10                strchr
 *fill*         0x000000000010c00c        0x4 
 .text          0x000000000010c010       0x73 /usr/local/cross/i586-elf/lib/libc.a(lib_a-strcmp.o)
                0x000000000010c010                strcmp
 *fill*         0x000000000010c083        0xd 
 .text          0x000000000010c090       0x60 /usr/local/cross/i586-elf/lib/libc.a(lib_a-strcpy.o)
                0x000000000010c090                strcpy
 .text          0x000000000010c0f0       0x1c /usr/local/cross/i586-elf/lib/libc.a(lib_a-strdup.o)
                0x000000000010c0f0                strdup
 *fill*         0x000000000010c10c        0x4 
 .text          0x000000000010c110       0x44 /usr/local/cross/i586-elf/lib/libc.a(lib_a-strdup_r.o)
                0x000000000010c110                _strdup_r
 *fill*         0x000000000010c154        0xc 
 .text          0x000000000010c160       0x79 /usr/local/cross/i586-elf/lib/libc.a(lib_a-strlen.o)
                0x000000000010c160                strlen
 *fill*         0x000000000010c1d9        0x7 
 .text          0x000000000010c1e0      0x106 /usr/local/cross/i586-elf/lib/libc.a(lib_a-strncmp.o)
                0x000000000010c1e0                strncmp
 *fill*         0x000000000010c2e6        0xa 
 .text          0x000000000010c2f0       0xa0 /usr/local/cross/i586-elf/lib/libc.a(lib_a-strncpy.o)
                0x000000000010c2f0                strncpy
 .text          0x000000000010c390     0x20de /usr/local/cross/i586-elf/lib/libc.a(lib_a-svfprintf.o)
                0x000000000010c390                _svfprintf_r
 *fill*         0x000000000010e46e        0x2 
 .text          0x000000000010e470       0x45 /usr/local/cross/i586-elf/lib/libc.a(lib_a-time.o)
                0x000000000010e470                time
 *fill*         0x000000000010e4b5        0xb 
 .text          0x000000000010e4c0       0x24 /usr/local/cross/i586-elf/lib/libc.a(lib_a-tolower.o)
                0x000000000010e4c0                tolower
 *fill*         0x000000000010e4e4        0xc 
 .text          0x000000000010e4f0       0x24 /usr/local/cross/i586-elf/lib/libc.a(lib_a-toupper.o)
                0x000000000010e4f0                toupper
 *fill*         0x000000000010e514        0xc 
 .text          0x000000000010e520       0x11 /usr/local/cross/i586-elf/lib/libc.a(lib_a-tzlock.o)
                0x000000000010e520                __tz_lock
                0x000000000010e530                __tz_unlock
 .text          0x000000000010e531        0x0 /usr/local/cross/i586-elf/lib/libc.a(lib_a-tzvars.o)
 *fill*         0x000000000010e531        0xf 
 .text          0x000000000010e540       0x9c /usr/local/cross/i586-elf/lib/libc.a(lib_a-vsprintf.o)
                0x000000000010e540                _vsprintf_r
                0x000000000010e5b0                vsprintf
 .text          0x000000000010e5dc        0x0 /usr/local/cross/i586-elf/lib/libc.a(lib_a-ctype_.o)
 *fill*         0x000000000010e5dc        0x4 
 .text          0x000000000010e5e0       0x5f /usr/local/cross/i586-elf/lib/libc.a(lib_a-div.o)
                0x000000000010e5e0                div
 *fill*         0x000000000010e63f        0x1 
 .text          0x000000000010e640     0x16f7 /usr/local/cross/i586-elf/lib/libc.a(lib_a-dtoa.o)
                0x000000000010e850                _dtoa_r
 *fill*         0x000000000010fd37        0x9 
 .text          0x000000000010fd40       0x11 /usr/local/cross/i586-elf/lib/libc.a(lib_a-envlock.o)
                0x000000000010fd40                __env_lock
                0x000000000010fd50                __env_unlock
 *fill*         0x000000000010fd51        0xf 
 .text          0x000000000010fd60       0x44 /usr/local/cross/i586-elf/lib/libc.a(lib_a-gettimeofdayr.o)
                0x000000000010fd60                _gettimeofday_r
 *fill*         0x000000000010fda4        0xc 
 .text          0x000000000010fdb0        0x6 /usr/local/cross/i586-elf/lib/libc.a(lib_a-gettzinfo.o)
                0x000000000010fdb0                __gettzinfo
 *fill*         0x000000000010fdb6        0xa 
 .text          0x000000000010fdc0       0xf6 /usr/local/cross/i586-elf/lib/libc.a(lib_a-locale.o)
                0x000000000010fdc0                _setlocale_r
                0x000000000010fe30                __locale_charset
                0x000000000010fe40                __locale_mb_cur_max
                0x000000000010fe50                __locale_msgcharset
                0x000000000010fe60                __locale_cjk_lang
                0x000000000010fe70                _localeconv_r
                0x000000000010fe80                setlocale
                0x000000000010feb0                localeconv
 *fill*         0x000000000010feb6        0xa 
 .text          0x000000000010fec0       0x95 /usr/local/cross/i586-elf/lib/libc.a(lib_a-memchr.o)
                0x000000000010fec0                memchr
 *fill*         0x000000000010ff55        0xb 
 .text          0x000000000010ff60      0xf38 /usr/local/cross/i586-elf/lib/libc.a(lib_a-mprec.o)
                0x000000000010ff60                _Balloc
                0x0000000000110000                _Bfree
                0x0000000000110020                __multadd
                0x0000000000110130                __s2b
                0x0000000000110240                __hi0bits
                0x00000000001102b0                __lo0bits
                0x0000000000110340                __i2b
                0x0000000000110370                __multiply
                0x0000000000110590                __pow5mult
                0x00000000001106b0                __lshift
                0x0000000000110800                __mcmp
                0x0000000000110860                __mdiff
                0x00000000001109f0                __ulp
                0x0000000000110a80                __b2d
                0x0000000000110b90                __d2b
                0x0000000000110cc0                __ratio
                0x0000000000110d60                _mprec_log10
                0x0000000000110da0                __copybits
                0x0000000000110e10                __any_on
 *fill*         0x0000000000110e98        0x8 
 .text          0x0000000000110ea0      0x138 /usr/local/cross/i586-elf/lib/libc.a(lib_a-reent.o)
                0x0000000000110ea0                cleanup_glue
                0x0000000000110ee0                _reclaim_reent
 *fill*         0x0000000000110fd8        0x8 
 .text          0x0000000000110fe0       0x61 /usr/local/cross/i586-elf/lib/libc.a(lib_a-s_fpclassify.o)
                0x0000000000110fe0                __fpclassifyd
 *fill*         0x0000000000111041        0xf 
 .text          0x0000000000111050     0x1082 /usr/local/cross/i586-elf/lib/libc.a(lib_a-svfiprintf.o)
                0x0000000000111050                __ssprint_r
                0x0000000000111290                _svfiprintf_r
 *fill*         0x00000000001120d2        0xe 
 .text          0x00000000001120e0       0x8d /usr/local/cross/i586-elf/lib/libc.a(lib_a-memmove.o)
                0x00000000001120e0                memmove

.iplt           0x0000000000112170        0x0
 .iplt          0x0000000000000000        0x0 /home/antonio/Projects/aPlus/src/arch/task.o

.rodata         0x0000000000112180      0xe0c
                0x0000000000112180                rodata = .
                0x0000000000112180                _rodata = .
                0x0000000000112180                __rodata = .
 *(.rodata*)
 .rodata        0x0000000000112180       0x1b /home/antonio/Projects/aPlus/src/arch/task.o
 .rodata        0x000000000011219b        0xc /home/antonio/Projects/aPlus/src/arch/syscall.o
 *fill*         0x00000000001121a7        0x1 
 .rodata        0x00000000001121a8       0xfc /home/antonio/Projects/aPlus/src/arch/mm.o
 .rodata        0x00000000001122a4      0x1ac /home/antonio/Projects/aPlus/src/arch/desc.o
 .rodata        0x0000000000112450       0x38 /home/antonio/Projects/aPlus/src/arch/screen.o
 .rodata        0x0000000000112488        0x2 /home/antonio/Projects/aPlus/src/vfs.o
 .rodata        0x000000000011248a        0x7 /home/antonio/Projects/aPlus/src/elf.o
 *fill*         0x0000000000112491        0x3 
 .rodata        0x0000000000112494       0x25 /home/antonio/Projects/aPlus/src/panic.o
 *fill*         0x00000000001124b9        0x3 
 .rodata        0x00000000001124bc       0x34 /home/antonio/Projects/aPlus/src/rootfs.o
 .rodata        0x00000000001124f0       0x32 /home/antonio/Projects/aPlus/src/tty.o
 .rodata        0x0000000000112522       0x79 /home/antonio/Projects/aPlus/src/main.o
 .rodata        0x000000000011259b        0x5 /home/antonio/Projects/aPlus/src/fs/initfs/initfs.o
 .rodata        0x00000000001125a0        0x3 /home/antonio/Projects/aPlus/src/fs/procfs/procfs_task.o
 .rodata        0x00000000001125a3        0xa /home/antonio/Projects/aPlus/src/fs/procfs/procfs_cmdline.o
 .rodata        0x00000000001125ad        0x4 /home/antonio/Projects/aPlus/src/fs/procfs/procfs_cwd.o
 .rodata        0x00000000001125b1       0x10 /home/antonio/Projects/aPlus/src/fs/procfs/procfs_filesystems.o
 .rodata        0x00000000001125c1        0xa /home/antonio/Projects/aPlus/src/fs/procfs/procfs_environ.o
 *fill*         0x00000000001125cb        0x1 
 .rodata        0x00000000001125cc       0x91 /home/antonio/Projects/aPlus/src/fs/procfs/procfs_meminfo.o
 .rodata        0x000000000011265d        0x8 /home/antonio/Projects/aPlus/src/fs/procfs/procfs.o
 .rodata        0x0000000000112665        0xb /home/antonio/Projects/aPlus/src/fs/procfs/procfs_fd.o
 .rodata        0x0000000000112670        0x6 /home/antonio/Projects/aPlus/src/fs/iso9660/iso9660_check.o
 .rodata        0x0000000000112676        0x5 /home/antonio/Projects/aPlus/src/fs/iso9660/iso9660_finddir.o
 .rodata        0x000000000011267b       0x1a /home/antonio/Projects/aPlus/src/initrd.o
 .rodata.str1.1
                0x0000000000112695        0x5 /usr/local/cross/i586-elf/lib/libelfldr.a(elf-module.o)
 .rodata.str1.1
                0x000000000011269a        0x5 /usr/local/cross/i586-elf/lib/libposix.a(execvp.o)
 *fill*         0x000000000011269f        0x1 
 .rodata        0x00000000001126a0        0x4 /usr/local/cross/i586-elf/lib/libc.a(lib_a-impure.o)
                0x00000000001126a0                _global_impure_ptr
 .rodata.str1.1
                0x00000000001126a4        0x2 /usr/local/cross/i586-elf/lib/libc.a(lib_a-impure.o)
 *fill*         0x00000000001126a6       0x1a 
 .rodata        0x00000000001126c0       0x70 /usr/local/cross/i586-elf/lib/libc.a(lib_a-mktime.o)
 *fill*         0x0000000000112730       0x10 
 .rodata        0x0000000000112740       0x80 /usr/local/cross/i586-elf/lib/libc.a(lib_a-mktm_r.o)
 .rodata.str1.1
                0x00000000001127c0       0x3b /usr/local/cross/i586-elf/lib/libc.a(lib_a-svfprintf.o)
 *fill*         0x00000000001127fb        0x1 
 .rodata        0x00000000001127fc      0x184 /usr/local/cross/i586-elf/lib/libc.a(lib_a-svfprintf.o)
 .rodata.str1.1
                0x0000000000112980        0x4 /usr/local/cross/i586-elf/lib/libc.a(lib_a-tzvars.o)
 *fill*         0x0000000000112984       0x1c 
 .rodata        0x00000000001129a0      0x2a0 /usr/local/cross/i586-elf/lib/libc.a(lib_a-ctype_.o)
                0x00000000001129a0                _ctype_
 .rodata.str1.1
                0x0000000000112c40        0xd /usr/local/cross/i586-elf/lib/libc.a(lib_a-dtoa.o)
                                          0xf (size before relaxing)
 *fill*         0x0000000000112c4d        0x3 
 .rodata.cst4   0x0000000000112c50       0x18 /usr/local/cross/i586-elf/lib/libc.a(lib_a-dtoa.o)
 .rodata.cst8   0x0000000000112c68       0x18 /usr/local/cross/i586-elf/lib/libc.a(lib_a-dtoa.o)
 .rodata.str1.1
                0x0000000000112c80        0x8 /usr/local/cross/i586-elf/lib/libc.a(lib_a-locale.o)
                                          0xb (size before relaxing)
 *fill*         0x0000000000112c88       0x18 
 .rodata        0x0000000000112ca0      0x168 /usr/local/cross/i586-elf/lib/libc.a(lib_a-mprec.o)
                0x0000000000112cc0                __mprec_tinytens
                0x0000000000112d00                __mprec_bigtens
                0x0000000000112d40                __mprec_tens
 .rodata.cst4   0x0000000000000000        0x4 /usr/local/cross/i586-elf/lib/libc.a(lib_a-mprec.o)
 .rodata.str1.1
                0x0000000000000000       0x29 /usr/local/cross/i586-elf/lib/libc.a(lib_a-svfiprintf.o)
 .rodata        0x0000000000112e08      0x184 /usr/local/cross/i586-elf/lib/libc.a(lib_a-svfiprintf.o)

.eh_frame       0x0000000000112f8c     0x2f40
 .eh_frame      0x0000000000112f8c      0x2a0 /home/antonio/Projects/aPlus/src/arch/task.o
 .eh_frame      0x000000000011322c      0x550 /home/antonio/Projects/aPlus/src/arch/syscall.o
                                        0x568 (size before relaxing)
 .eh_frame      0x000000000011377c      0x280 /home/antonio/Projects/aPlus/src/arch/mm.o
                                        0x298 (size before relaxing)
 .eh_frame      0x00000000001139fc      0x178 /home/antonio/Projects/aPlus/src/arch/desc.o
                                        0x190 (size before relaxing)
 .eh_frame      0x0000000000113b74       0xa8 /home/antonio/Projects/aPlus/src/arch/screen.o
                                         0xc0 (size before relaxing)
 .eh_frame      0x0000000000113c1c      0x20c /home/antonio/Projects/aPlus/src/vfs.o
                                        0x224 (size before relaxing)
 .eh_frame      0x0000000000113e28       0xe0 /home/antonio/Projects/aPlus/src/elf.o
                                         0xf8 (size before relaxing)
 .eh_frame      0x0000000000113f08       0x40 /home/antonio/Projects/aPlus/src/panic.o
                                         0x58 (size before relaxing)
 .eh_frame      0x0000000000113f48      0x808 /home/antonio/Projects/aPlus/src/crt0.o
                                        0x820 (size before relaxing)
 .eh_frame      0x0000000000114750       0xa0 /home/antonio/Projects/aPlus/src/rootfs.o
                                         0xb8 (size before relaxing)
 .eh_frame      0x00000000001147f0       0xe0 /home/antonio/Projects/aPlus/src/tty.o
                                         0xf8 (size before relaxing)
 .eh_frame      0x00000000001148d0       0x60 /home/antonio/Projects/aPlus/src/spinlock.o
                                         0x78 (size before relaxing)
 .eh_frame      0x0000000000114930       0x38 /home/antonio/Projects/aPlus/src/main.o
                                         0x50 (size before relaxing)
 .eh_frame      0x0000000000114968       0x20 /home/antonio/Projects/aPlus/src/fs/initfs/initfs_mount.o
                                         0x38 (size before relaxing)
 .eh_frame      0x0000000000114988       0x60 /home/antonio/Projects/aPlus/src/fs/initfs/initfs.o
                                         0x78 (size before relaxing)
 .eh_frame      0x00000000001149e8       0x80 /home/antonio/Projects/aPlus/src/fs/ramdev.o
                                         0x98 (size before relaxing)
 .eh_frame      0x0000000000114a68       0x20 /home/antonio/Projects/aPlus/src/fs/procfs/procfs_task.o
                                         0x38 (size before relaxing)
 .eh_frame      0x0000000000114a88       0x60 /home/antonio/Projects/aPlus/src/fs/procfs/procfs_cmdline.o
                                         0x78 (size before relaxing)
 .eh_frame      0x0000000000114ae8       0x20 /home/antonio/Projects/aPlus/src/fs/procfs/procfs_mount.o
                                         0x38 (size before relaxing)
 .eh_frame      0x0000000000114b08       0x20 /home/antonio/Projects/aPlus/src/fs/procfs/procfs_cwd.o
                                         0x38 (size before relaxing)
 .eh_frame      0x0000000000114b28       0x80 /home/antonio/Projects/aPlus/src/fs/procfs/procfs_filesystems.o
                                         0x98 (size before relaxing)
 .eh_frame      0x0000000000114ba8       0x60 /home/antonio/Projects/aPlus/src/fs/procfs/procfs_environ.o
                                         0x78 (size before relaxing)
 .eh_frame      0x0000000000114c08       0x80 /home/antonio/Projects/aPlus/src/fs/procfs/procfs_meminfo.o
                                         0x98 (size before relaxing)
 .eh_frame      0x0000000000114c88      0x100 /home/antonio/Projects/aPlus/src/fs/procfs/procfs.o
                                        0x118 (size before relaxing)
 .eh_frame      0x0000000000114d88       0x60 /home/antonio/Projects/aPlus/src/fs/procfs/procfs_fd.o
                                         0x78 (size before relaxing)
 .eh_frame      0x0000000000114de8       0x20 /home/antonio/Projects/aPlus/src/fs/sfs/sfs_mount.o
                                         0x38 (size before relaxing)
 .eh_frame      0x0000000000114e08       0x20 /home/antonio/Projects/aPlus/src/fs/sfs/sfs_check.o
                                         0x38 (size before relaxing)
 .eh_frame      0x0000000000114e28       0x8c /home/antonio/Projects/aPlus/src/fs/pipe.o
                                         0xa4 (size before relaxing)
 .eh_frame      0x0000000000114eb4       0x20 /home/antonio/Projects/aPlus/src/fs/iso9660/iso9660_read.o
                                         0x38 (size before relaxing)
 .eh_frame      0x0000000000114ed4       0x20 /home/antonio/Projects/aPlus/src/fs/iso9660/iso9660_check.o
                                         0x38 (size before relaxing)
 .eh_frame      0x0000000000114ef4      0x124 /home/antonio/Projects/aPlus/src/fs/iso9660/iso9660.o
                                        0x13c (size before relaxing)
 .eh_frame      0x0000000000115018       0x20 /home/antonio/Projects/aPlus/src/fs/iso9660/iso9660_mount.o
                                         0x38 (size before relaxing)
 .eh_frame      0x0000000000115038       0x28 /home/antonio/Projects/aPlus/src/fs/iso9660/iso9660_readdir.o
                                         0x40 (size before relaxing)
 .eh_frame      0x0000000000115060       0x28 /home/antonio/Projects/aPlus/src/fs/iso9660/iso9660_finddir.o
                                         0x40 (size before relaxing)
 .eh_frame      0x0000000000115088       0x20 /home/antonio/Projects/aPlus/src/initrd.o
                                         0x38 (size before relaxing)
 .eh_frame      0x00000000001150a8      0x138 /usr/local/cross/i586-elf/lib/libelfldr.a(elf-module.o)
                                        0x150 (size before relaxing)
 .eh_frame      0x00000000001151e0       0x7c /usr/local/cross/i586-elf/lib/libelfldr.a(elf-module-i386.o)
                                         0x94 (size before relaxing)
 .eh_frame      0x000000000011525c       0x1c /usr/local/cross/i586-elf/lib/libposix.a(execlp.o)
                                         0x34 (size before relaxing)
 .eh_frame      0x0000000000115278       0x54 /usr/local/cross/i586-elf/lib/libposix.a(execvp.o)
                                         0x6c (size before relaxing)
 .eh_frame      0x00000000001152cc       0x18 /usr/local/cross/i586-elf/lib/libposix.a(execv.o)
                                         0x30 (size before relaxing)
 .eh_frame      0x00000000001152e4       0x14 /usr/local/cross/i586-elf/lib/libposix.a(_execve.o)
                                         0x2c (size before relaxing)
 .eh_frame      0x00000000001152f8       0x14 /usr/local/cross/i586-elf/lib/libc.a(lib_a-errno.o)
                                         0x2c (size before relaxing)
 .eh_frame      0x000000000011530c       0x30 /usr/local/cross/i586-elf/lib/libc.a(lib_a-getenv.o)
                                         0x48 (size before relaxing)
 .eh_frame      0x000000000011533c       0x70 /usr/local/cross/i586-elf/lib/libc.a(lib_a-getenv_r.o)
                                         0x88 (size before relaxing)
 .eh_frame      0x00000000001153ac       0x30 /usr/local/cross/i586-elf/lib/libc.a(lib_a-malloc.o)
                                         0x48 (size before relaxing)
 .eh_frame      0x00000000001153dc       0x70 /usr/local/cross/i586-elf/lib/libc.a(lib_a-mktime.o)
                                         0x88 (size before relaxing)
 .eh_frame      0x000000000011544c       0x98 /usr/local/cross/i586-elf/lib/libc.a(lib_a-mktm_r.o)
                                         0xb0 (size before relaxing)
 .eh_frame      0x00000000001154e4       0x38 /usr/local/cross/i586-elf/lib/libc.a(lib_a-sprintf.o)
                                         0x50 (size before relaxing)
 .eh_frame      0x000000000011551c       0x2c /usr/local/cross/i586-elf/lib/libc.a(lib_a-strcat.o)
                                         0x44 (size before relaxing)
 .eh_frame      0x0000000000115548       0x24 /usr/local/cross/i586-elf/lib/libc.a(lib_a-strcmp.o)
                                         0x3c (size before relaxing)
 .eh_frame      0x000000000011556c       0x30 /usr/local/cross/i586-elf/lib/libc.a(lib_a-strcpy.o)
                                         0x48 (size before relaxing)
 .eh_frame      0x000000000011559c       0x18 /usr/local/cross/i586-elf/lib/libc.a(lib_a-strdup.o)
                                         0x30 (size before relaxing)
 .eh_frame      0x00000000001155b4       0x34 /usr/local/cross/i586-elf/lib/libc.a(lib_a-strdup_r.o)
                                         0x4c (size before relaxing)
 .eh_frame      0x00000000001155e8       0x40 /usr/local/cross/i586-elf/lib/libc.a(lib_a-strncmp.o)
                                         0x58 (size before relaxing)
 .eh_frame      0x0000000000115628       0x4c /usr/local/cross/i586-elf/lib/libc.a(lib_a-strncpy.o)
                                         0x64 (size before relaxing)
 .eh_frame      0x0000000000115674       0x44 /usr/local/cross/i586-elf/lib/libc.a(lib_a-svfprintf.o)
                                         0x5c (size before relaxing)
 .eh_frame      0x00000000001156b8       0x24 /usr/local/cross/i586-elf/lib/libc.a(lib_a-time.o)
                                         0x3c (size before relaxing)
 .eh_frame      0x00000000001156dc       0x14 /usr/local/cross/i586-elf/lib/libc.a(lib_a-tolower.o)
                                         0x2c (size before relaxing)
 .eh_frame      0x00000000001156f0       0x14 /usr/local/cross/i586-elf/lib/libc.a(lib_a-toupper.o)
                                         0x2c (size before relaxing)
 .eh_frame      0x0000000000115704       0x28 /usr/local/cross/i586-elf/lib/libc.a(lib_a-tzlock.o)
                                         0x40 (size before relaxing)
 .eh_frame      0x000000000011572c       0x34 /usr/local/cross/i586-elf/lib/libc.a(lib_a-vsprintf.o)
                                         0x4c (size before relaxing)
 .eh_frame      0x0000000000115760       0x14 /usr/local/cross/i586-elf/lib/libc.a(lib_a-div.o)
                                         0x2c (size before relaxing)
 .eh_frame      0x0000000000115774       0xc4 /usr/local/cross/i586-elf/lib/libc.a(lib_a-dtoa.o)
                                         0xdc (size before relaxing)
 .eh_frame      0x0000000000115838       0x28 /usr/local/cross/i586-elf/lib/libc.a(lib_a-envlock.o)
                                         0x40 (size before relaxing)
 .eh_frame      0x0000000000115860       0x20 /usr/local/cross/i586-elf/lib/libc.a(lib_a-gettimeofdayr.o)
                                         0x38 (size before relaxing)
 .eh_frame      0x0000000000115880       0x14 /usr/local/cross/i586-elf/lib/libc.a(lib_a-gettzinfo.o)
                                         0x2c (size before relaxing)
 .eh_frame      0x0000000000115894       0xbc /usr/local/cross/i586-elf/lib/libc.a(lib_a-locale.o)
                                         0xd4 (size before relaxing)
 .eh_frame      0x0000000000115950      0x438 /usr/local/cross/i586-elf/lib/libc.a(lib_a-mprec.o)
                                        0x450 (size before relaxing)
 .eh_frame      0x0000000000115d88       0x74 /usr/local/cross/i586-elf/lib/libc.a(lib_a-reent.o)
                                         0x8c (size before relaxing)
 .eh_frame      0x0000000000115dfc       0x20 /usr/local/cross/i586-elf/lib/libc.a(lib_a-s_fpclassify.o)
                                         0x38 (size before relaxing)
 .eh_frame      0x0000000000115e1c       0xb0 /usr/local/cross/i586-elf/lib/libc.a(lib_a-svfiprintf.o)
                                         0xc8 (size before relaxing)

.rel.dyn        0x0000000000115ecc        0x0
 .rel.iplt      0x0000000000000000        0x0 /home/antonio/Projects/aPlus/src/arch/task.o
 .rel.text      0x0000000000000000        0x0 /home/antonio/Projects/aPlus/src/arch/task.o
 .rel.multiboot
                0x0000000000000000        0x0 /home/antonio/Projects/aPlus/src/arch/task.o

.data           0x0000000000115ee0      0x7fc
                0x0000000000115ee0                data = .
                0x0000000000115ee0                _data = .
                0x0000000000115ee0                __data = .
 *(.data)
 .data          0x0000000000115ee0        0x0 /home/antonio/Projects/aPlus/src/arch/task.o
 .data          0x0000000000115ee0        0x0 /home/antonio/Projects/aPlus/src/arch/syscall.o
 .data          0x0000000000115ee0        0x0 /home/antonio/Projects/aPlus/src/arch/mm.o
 .data          0x0000000000115ee0       0x80 /home/antonio/Projects/aPlus/src/arch/desc.o
 .data          0x0000000000115f60        0x6 /home/antonio/Projects/aPlus/src/arch/screen.o
                0x0000000000115f60                videoattr
 .data          0x0000000000115f66        0x0 /home/antonio/Projects/aPlus/src/vfs.o
 .data          0x0000000000115f66        0x0 /home/antonio/Projects/aPlus/src/elf.o
 .data          0x0000000000115f66        0x0 /home/antonio/Projects/aPlus/src/panic.o
 .data          0x0000000000115f66        0x0 /home/antonio/Projects/aPlus/src/crt0.o
 .data          0x0000000000115f66        0x0 /home/antonio/Projects/aPlus/src/rootfs.o
 *fill*         0x0000000000115f66       0x1a 
 .data          0x0000000000115f80      0x205 /home/antonio/Projects/aPlus/src/tty.o
                0x0000000000115f80                __default_vkscan
                0x0000000000116180                vkscan
 .data          0x0000000000116185        0x0 /home/antonio/Projects/aPlus/src/spinlock.o
 *fill*         0x0000000000116185        0x3 
 .data          0x0000000000116188       0x18 /home/antonio/Projects/aPlus/src/main.o
 .data          0x00000000001161a0        0x0 /home/antonio/Projects/aPlus/src/fs/initfs/initfs_mount.o
 .data          0x00000000001161a0        0x0 /home/antonio/Projects/aPlus/src/fs/initfs/initfs.o
 .data          0x00000000001161a0        0x0 /home/antonio/Projects/aPlus/src/fs/ramdev.o
 .data          0x00000000001161a0        0x0 /home/antonio/Projects/aPlus/src/fs/procfs/procfs_task.o
 .data          0x00000000001161a0        0x0 /home/antonio/Projects/aPlus/src/fs/procfs/procfs_cmdline.o
 .data          0x00000000001161a0        0x0 /home/antonio/Projects/aPlus/src/fs/procfs/procfs_mount.o
 .data          0x00000000001161a0        0x0 /home/antonio/Projects/aPlus/src/fs/procfs/procfs_cwd.o
 .data          0x00000000001161a0        0x0 /home/antonio/Projects/aPlus/src/fs/procfs/procfs_filesystems.o
 .data          0x00000000001161a0        0x0 /home/antonio/Projects/aPlus/src/fs/procfs/procfs_environ.o
 .data          0x00000000001161a0        0x0 /home/antonio/Projects/aPlus/src/fs/procfs/procfs_meminfo.o
 .data          0x00000000001161a0        0x0 /home/antonio/Projects/aPlus/src/fs/procfs/procfs.o
 .data          0x00000000001161a0        0x0 /home/antonio/Projects/aPlus/src/fs/procfs/procfs_fd.o
 .data          0x00000000001161a0        0x0 /home/antonio/Projects/aPlus/src/fs/sfs/sfs_mount.o
 .data          0x00000000001161a0        0x0 /home/antonio/Projects/aPlus/src/fs/sfs/sfs_check.o
 .data          0x00000000001161a0        0x0 /home/antonio/Projects/aPlus/src/fs/pipe.o
 .data          0x00000000001161a0        0x0 /home/antonio/Projects/aPlus/src/fs/iso9660/iso9660_read.o
 .data          0x00000000001161a0        0x0 /home/antonio/Projects/aPlus/src/fs/iso9660/iso9660_check.o
 .data          0x00000000001161a0        0x0 /home/antonio/Projects/aPlus/src/fs/iso9660/iso9660.o
 .data          0x00000000001161a0        0x0 /home/antonio/Projects/aPlus/src/fs/iso9660/iso9660_mount.o
 .data          0x00000000001161a0        0x0 /home/antonio/Projects/aPlus/src/fs/iso9660/iso9660_readdir.o
 .data          0x00000000001161a0        0x0 /home/antonio/Projects/aPlus/src/fs/iso9660/iso9660_finddir.o
 .data          0x00000000001161a0        0x0 /home/antonio/Projects/aPlus/src/initrd.o
 .data          0x00000000001161a0        0x0 /usr/local/cross/i586-elf/lib/libelfldr.a(elf-module.o)
 .data          0x00000000001161a0        0x0 /usr/local/cross/i586-elf/lib/libelfldr.a(elf-module-i386.o)
 .data          0x00000000001161a0        0x0 /usr/local/cross/i586-elf/lib/libposix.a(execlp.o)
 .data          0x00000000001161a0        0x0 /usr/local/cross/i586-elf/lib/libposix.a(execvp.o)
 .data          0x00000000001161a0        0x0 /usr/local/cross/i586-elf/lib/libposix.a(execv.o)
 .data          0x00000000001161a0        0x0 /usr/local/cross/i586-elf/lib/libposix.a(_execve.o)
 .data          0x00000000001161a0        0x4 /usr/local/cross/i586-elf/lib/libc.a(lib_a-environ.o)
                0x00000000001161a0                environ
 .data          0x00000000001161a4        0x0 /usr/local/cross/i586-elf/lib/libc.a(lib_a-errno.o)
 .data          0x00000000001161a4        0x0 /usr/local/cross/i586-elf/lib/libc.a(lib_a-getenv.o)
 .data          0x00000000001161a4        0x0 /usr/local/cross/i586-elf/lib/libc.a(lib_a-getenv_r.o)
 *fill*         0x00000000001161a4       0x1c 
 .data          0x00000000001161c0      0x444 /usr/local/cross/i586-elf/lib/libc.a(lib_a-impure.o)
                0x00000000001161c0                _impure_ptr
 .data          0x0000000000116604        0x0 /usr/local/cross/i586-elf/lib/libc.a(lib_a-malloc.o)
 .data          0x0000000000116604        0x0 /usr/local/cross/i586-elf/lib/libc.a(lib_a-memcmp.o)
 .data          0x0000000000116604        0x0 /usr/local/cross/i586-elf/lib/libc.a(lib_a-memcpy.o)
 .data          0x0000000000116604        0x0 /usr/local/cross/i586-elf/lib/libc.a(lib_a-memset.o)
 .data          0x0000000000116604        0x0 /usr/local/cross/i586-elf/lib/libc.a(lib_a-mktime.o)
 .data          0x0000000000116604        0x0 /usr/local/cross/i586-elf/lib/libc.a(lib_a-mktm_r.o)
 .data          0x0000000000116604        0x0 /usr/local/cross/i586-elf/lib/libc.a(lib_a-setjmp.o)
 .data          0x0000000000116604        0x0 /usr/local/cross/i586-elf/lib/libc.a(lib_a-sprintf.o)
 .data          0x0000000000116604        0x0 /usr/local/cross/i586-elf/lib/libc.a(lib_a-strcat.o)
 .data          0x0000000000116604        0x0 /usr/local/cross/i586-elf/lib/libc.a(lib_a-strchr.o)
 .data          0x0000000000116604        0x0 /usr/local/cross/i586-elf/lib/libc.a(lib_a-strcmp.o)
 .data          0x0000000000116604        0x0 /usr/local/cross/i586-elf/lib/libc.a(lib_a-strcpy.o)
 .data          0x0000000000116604        0x0 /usr/local/cross/i586-elf/lib/libc.a(lib_a-strdup.o)
 .data          0x0000000000116604        0x0 /usr/local/cross/i586-elf/lib/libc.a(lib_a-strdup_r.o)
 .data          0x0000000000116604        0x0 /usr/local/cross/i586-elf/lib/libc.a(lib_a-strlen.o)
 .data          0x0000000000116604        0x0 /usr/local/cross/i586-elf/lib/libc.a(lib_a-strncmp.o)
 .data          0x0000000000116604        0x0 /usr/local/cross/i586-elf/lib/libc.a(lib_a-strncpy.o)
 .data          0x0000000000116604        0x0 /usr/local/cross/i586-elf/lib/libc.a(lib_a-svfprintf.o)
 .data          0x0000000000116604        0x0 /usr/local/cross/i586-elf/lib/libc.a(lib_a-time.o)
 .data          0x0000000000116604        0x0 /usr/local/cross/i586-elf/lib/libc.a(lib_a-tolower.o)
 .data          0x0000000000116604        0x0 /usr/local/cross/i586-elf/lib/libc.a(lib_a-toupper.o)
 .data          0x0000000000116604        0x0 /usr/local/cross/i586-elf/lib/libc.a(lib_a-tzlock.o)
 .data          0x0000000000116604        0x8 /usr/local/cross/i586-elf/lib/libc.a(lib_a-tzvars.o)
                0x0000000000116604                _tzname
 .data          0x000000000011660c        0x0 /usr/local/cross/i586-elf/lib/libc.a(lib_a-vsprintf.o)
 .data          0x000000000011660c        0x4 /usr/local/cross/i586-elf/lib/libc.a(lib_a-ctype_.o)
                0x000000000011660c                __ctype_ptr__
 .data          0x0000000000116610        0x0 /usr/local/cross/i586-elf/lib/libc.a(lib_a-div.o)
 .data          0x0000000000116610        0x0 /usr/local/cross/i586-elf/lib/libc.a(lib_a-dtoa.o)
 .data          0x0000000000116610        0x0 /usr/local/cross/i586-elf/lib/libc.a(lib_a-envlock.o)
 .data          0x0000000000116610        0x0 /usr/local/cross/i586-elf/lib/libc.a(lib_a-gettimeofdayr.o)
 *fill*         0x0000000000116610       0x10 
 .data          0x0000000000116620       0x40 /usr/local/cross/i586-elf/lib/libc.a(lib_a-gettzinfo.o)
 .data          0x0000000000116660       0x7c /usr/local/cross/i586-elf/lib/libc.a(lib_a-locale.o)
                0x00000000001166d8                __mb_cur_max
 .data          0x00000000001166dc        0x0 /usr/local/cross/i586-elf/lib/libc.a(lib_a-memchr.o)
 .data          0x00000000001166dc        0x0 /usr/local/cross/i586-elf/lib/libc.a(lib_a-mprec.o)
 .data          0x00000000001166dc        0x0 /usr/local/cross/i586-elf/lib/libc.a(lib_a-reent.o)
 .data          0x00000000001166dc        0x0 /usr/local/cross/i586-elf/lib/libc.a(lib_a-s_fpclassify.o)
 .data          0x00000000001166dc        0x0 /usr/local/cross/i586-elf/lib/libc.a(lib_a-svfiprintf.o)
 .data          0x00000000001166dc        0x0 /usr/local/cross/i586-elf/lib/libc.a(lib_a-memmove.o)

.igot.plt       0x00000000001166dc        0x0
 .igot.plt      0x0000000000000000        0x0 /home/antonio/Projects/aPlus/src/arch/task.o
                0x0000000000117000                . = ALIGN (0x1000)
                0x0000000000118000                . = (. + 0x1000)

.syscall_handlers
                0x0000000000118000      0x1d4
                0x0000000000118000                syscall_handlers_start = .
                0x0000000000118000                _syscall_handlers_start = .
                0x0000000000118000                __syscall_handlers_start = .
 *(.syscall_handlers)
 .syscall_handlers
                0x0000000000118000      0x1d4 /home/antonio/Projects/aPlus/src/arch/syscall.o
                0x0000000000118000                syscall_handler__exit
                0x000000000011800c                syscall_handler__chown
                0x0000000000118018                syscall_handler__close
                0x0000000000118024                syscall_handler(...)(long long,...)(char, void,...)
                0x0000000000118030                syscall_handler__fork
                0x000000000011803c                syscall_handler__fstat
                0x0000000000118048                syscall_handler__getpid
                0x0000000000118054                syscall_handler_gettimeofday
                0x0000000000118060                syscall_handler__kill
                0x000000000011806c                syscall_handler__link
                0x0000000000118078                syscall_handler__lseek
                0x0000000000118084                syscall_handler__open
                0x0000000000118090                syscall_handler__read
                0x000000000011809c                syscall_handler__readlink
                0x00000000001180a8                syscall_handler__stat
                0x00000000001180b4                syscall_handler__symlink
                0x00000000001180c0                syscall_handler__times
                0x00000000001180cc                syscall_handler__unlink
                0x00000000001180d8                syscall_handler__wait
                0x00000000001180e4                syscall_handler__write
                0x00000000001180f0                syscall_handler__readdir
                0x00000000001180fc                syscall_handler_ioctl
                0x0000000000118108                syscall_handler_mount
                0x0000000000118114                syscall_handler_umount
                0x0000000000118120                syscall_handler_tell
                0x000000000011812c                syscall_handler___get_argv
                0x0000000000118138                syscall_handler___get_env
                0x0000000000118144                syscall_handler_pipe
                0x0000000000118150                syscall_handler_chdir
                0x000000000011815c                syscall_handler___install_signal_handler
                0x0000000000118168                syscall_handler_malloc
                0x0000000000118174                syscall_handler_free
                0x0000000000118180                syscall_handler_aplus_thread_create
                0x000000000011818c                syscall_handler_(int, double, long,...)
                0x0000000000118198                syscall_handler___wakeup
                0x00000000001181a4                syscall_handler___zombie
                0x00000000001181b0                syscall_handler_aplus_device_create
                0x00000000001181bc                syscall_handler_fcntl
                0x00000000001181c8                syscall_handler_chroot
                0x00000000001181d4                syscall_handlers_end = .
                0x00000000001181d4                _syscall_handlers_end = .
                0x00000000001181d4                __syscall_handlers_end = .
                0x00000000001191d4                . = (. + 0x1000)
                0x000000000011a000                . = ALIGN (0x1000)

.fsys           0x000000000011a000      0x480
                0x000000000011a000                fsys_start = .
                0x000000000011a000                _fsys_start = .
                0x000000000011a000                __fsys_start = .
 *(.fsys)
 .fsys          0x000000000011a000      0x120 /home/antonio/Projects/aPlus/src/fs/initfs/initfs_mount.o
                0x000000000011a000                fsys_initfs
 .fsys          0x000000000011a120      0x120 /home/antonio/Projects/aPlus/src/fs/procfs/procfs_mount.o
                0x000000000011a120                fsys_procfs
 .fsys          0x000000000011a240      0x120 /home/antonio/Projects/aPlus/src/fs/sfs/sfs_mount.o
                0x000000000011a240                fsys_sfs
 .fsys          0x000000000011a360      0x120 /home/antonio/Projects/aPlus/src/fs/iso9660/iso9660_mount.o
                0x000000000011a360                fsys_iso9660
                0x000000000011a480                fsys_end = .
                0x000000000011a480                _fsys_end = .
                0x000000000011a480                __fsys_end = .
                0x000000000011b000                . = ALIGN (0x1000)
                0x000000000011c000                . = (. + 0x1000)

.kernel_symbols
                0x000000000011c000       0x60
                0x000000000011c000                kernel_symbols_start = .
                0x000000000011c000                _kernel_symbols_start = .
                0x000000000011c000                __kernel_symbols_start = .
 *(.kernel_symbols)
 .kernel_symbols
                0x000000000011c000       0x10 /home/antonio/Projects/aPlus/src/arch/task.o
                0x000000000011c000                kernel_symbol__sched_enable
                0x000000000011c008                kernel_symbol__sched_disable
 .kernel_symbols
                0x000000000011c010       0x38 /home/antonio/Projects/aPlus/src/arch/mm.o
                0x000000000011c010                kernel_symbol__mm_create_addrspace
                0x000000000011c018                kernel_symbol__mm_map_kernel
                0x000000000011c020                kernel_symbol__mm_enablepaging
                0x000000000011c028                kernel_symbol__mm_disablepaging
                0x000000000011c030                kernel_symbol__vmm_switch
                0x000000000011c038                kernel_symbol__vmm_map
                0x000000000011c040                kernel_symbol__vmm_unmap
 .kernel_symbols
                0x000000000011c048       0x18 /home/antonio/Projects/aPlus/src/arch/desc.o
                0x000000000011c048                kernel_symbol__irq_get
                0x000000000011c050                kernel_symbol__irq_set
                0x000000000011c058                kernel_symbol__irq_unset
                0x000000000011c060                kernel_symbols_end = .
                0x000000000011c060                _kernel_symbols_end = .
                0x000000000011c060                __kernel_symbols_end = .
                0x000000000011d000                . = ALIGN (0x1000)
                0x000000000011e000                . = (. + 0x1000)

.bss            0x000000000011e000     0x3018
                0x000000000011e000                bss = .
                0x000000000011e000                _bss = .
                0x000000000011e000                __bss = .
 *(COMMON)
 COMMON         0x000000000011e000        0x4 /home/antonio/Projects/aPlus/src/vfs.o
                0x000000000011e000                fs_root
 COMMON         0x000000000011e004        0x4 /usr/local/cross/i586-elf/lib/libc.a(lib_a-reent.o)
                0x000000000011e004                errno
 *(.bss)
 .bss           0x000000000011e008       0x20 /home/antonio/Projects/aPlus/src/arch/task.o
                0x000000000011e008                current_task
                0x000000000011e00c                task_queue
                0x000000000011e010                kernel_task
 *fill*         0x000000000011e028       0x18 
 .bss           0x000000000011e040       0x28 /home/antonio/Projects/aPlus/src/arch/syscall.o
 *fill*         0x000000000011e068       0x18 
 .bss           0x000000000011e080      0x420 /home/antonio/Projects/aPlus/src/arch/mm.o
                0x000000000011e080                mm_totalmemory
                0x000000000011e084                mm_usedmemory
                0x000000000011e088                mm_directory
                0x000000000011e08c                kernel_directory
 .bss           0x000000000011e4a0      0x8e4 /home/antonio/Projects/aPlus/src/arch/desc.o
                0x000000000011e4a0                keyboard_ready
 .bss           0x000000000011ed84       0x10 /home/antonio/Projects/aPlus/src/arch/screen.o
                0x000000000011ed84                videopos
 .bss           0x000000000011ed94        0x4 /home/antonio/Projects/aPlus/src/vfs.o
 .bss           0x000000000011ed98        0x0 /home/antonio/Projects/aPlus/src/elf.o
 *fill*         0x000000000011ed98        0x8 
 .bss           0x000000000011eda0      0x400 /home/antonio/Projects/aPlus/src/panic.o
 .bss           0x000000000011f1a0        0x4 /home/antonio/Projects/aPlus/src/crt0.o
 .bss           0x000000000011f1a4        0x4 /home/antonio/Projects/aPlus/src/rootfs.o
                0x000000000011f1a4                rootfs_queue
 .bss           0x000000000011f1a8        0x4 /home/antonio/Projects/aPlus/src/tty.o
 .bss           0x000000000011f1ac        0x0 /home/antonio/Projects/aPlus/src/spinlock.o
 .bss           0x000000000011f1ac        0x4 /home/antonio/Projects/aPlus/src/main.o
                0x000000000011f1ac                end_kernel
 .bss           0x000000000011f1b0        0x0 /home/antonio/Projects/aPlus/src/fs/initfs/initfs_mount.o
 .bss           0x000000000011f1b0        0x0 /home/antonio/Projects/aPlus/src/fs/initfs/initfs.o
 .bss           0x000000000011f1b0        0x0 /home/antonio/Projects/aPlus/src/fs/ramdev.o
 .bss           0x000000000011f1b0        0x0 /home/antonio/Projects/aPlus/src/fs/procfs/procfs_task.o
 .bss           0x000000000011f1b0        0x0 /home/antonio/Projects/aPlus/src/fs/procfs/procfs_cmdline.o
 .bss           0x000000000011f1b0        0x0 /home/antonio/Projects/aPlus/src/fs/procfs/procfs_mount.o
 .bss           0x000000000011f1b0        0x0 /home/antonio/Projects/aPlus/src/fs/procfs/procfs_cwd.o
 .bss           0x000000000011f1b0        0x0 /home/antonio/Projects/aPlus/src/fs/procfs/procfs_filesystems.o
 .bss           0x000000000011f1b0        0x0 /home/antonio/Projects/aPlus/src/fs/procfs/procfs_environ.o
 .bss           0x000000000011f1b0        0x0 /home/antonio/Projects/aPlus/src/fs/procfs/procfs_meminfo.o
 .bss           0x000000000011f1b0       0x10 /home/antonio/Projects/aPlus/src/fs/procfs/procfs.o
 .bss           0x000000000011f1c0       0x10 /home/antonio/Projects/aPlus/src/fs/procfs/procfs_fd.o
 .bss           0x000000000011f1d0        0x0 /home/antonio/Projects/aPlus/src/fs/sfs/sfs_mount.o
 .bss           0x000000000011f1d0        0x0 /home/antonio/Projects/aPlus/src/fs/sfs/sfs_check.o
 .bss           0x000000000011f1d0        0x0 /home/antonio/Projects/aPlus/src/fs/pipe.o
 .bss           0x000000000011f1d0        0x0 /home/antonio/Projects/aPlus/src/fs/iso9660/iso9660_read.o
 .bss           0x000000000011f1d0        0x0 /home/antonio/Projects/aPlus/src/fs/iso9660/iso9660_check.o
 .bss           0x000000000011f1d0        0x0 /home/antonio/Projects/aPlus/src/fs/iso9660/iso9660.o
 .bss           0x000000000011f1d0        0x0 /home/antonio/Projects/aPlus/src/fs/iso9660/iso9660_mount.o
 .bss           0x000000000011f1d0        0x4 /home/antonio/Projects/aPlus/src/fs/iso9660/iso9660_readdir.o
 .bss           0x000000000011f1d4        0x4 /home/antonio/Projects/aPlus/src/fs/iso9660/iso9660_finddir.o
 .bss           0x000000000011f1d8        0x0 /home/antonio/Projects/aPlus/src/initrd.o
 *fill*         0x000000000011f1d8      0xe28 
 .bss           0x0000000000120000     0x1000 /home/antonio/Projects/aPlus/src/arch/loader.o
                0x0000000000121000                kernel_initial_stack
 .bss           0x0000000000121000        0x0 /usr/local/cross/i586-elf/lib/libelfldr.a(elf-module.o)
 .bss           0x0000000000121000        0x0 /usr/local/cross/i586-elf/lib/libelfldr.a(elf-module-i386.o)
 .bss           0x0000000000121000        0x0 /usr/local/cross/i586-elf/lib/libposix.a(execlp.o)
 .bss           0x0000000000121000        0x0 /usr/local/cross/i586-elf/lib/libposix.a(execvp.o)
 .bss           0x0000000000121000        0x0 /usr/local/cross/i586-elf/lib/libposix.a(execv.o)
 .bss           0x0000000000121000        0x0 /usr/local/cross/i586-elf/lib/libposix.a(_execve.o)
 .bss           0x0000000000121000        0x4 /usr/local/cross/i586-elf/lib/libc.a(lib_a-environ.o)
 .bss           0x0000000000121004        0x0 /usr/local/cross/i586-elf/lib/libc.a(lib_a-errno.o)
 .bss           0x0000000000121004        0x0 /usr/local/cross/i586-elf/lib/libc.a(lib_a-getenv.o)
 .bss           0x0000000000121004        0x0 /usr/local/cross/i586-elf/lib/libc.a(lib_a-getenv_r.o)
 .bss           0x0000000000121004        0x0 /usr/local/cross/i586-elf/lib/libc.a(lib_a-impure.o)
 .bss           0x0000000000121004        0x0 /usr/local/cross/i586-elf/lib/libc.a(lib_a-malloc.o)
 .bss           0x0000000000121004        0x0 /usr/local/cross/i586-elf/lib/libc.a(lib_a-memcmp.o)
 .bss           0x0000000000121004        0x0 /usr/local/cross/i586-elf/lib/libc.a(lib_a-memcpy.o)
 .bss           0x0000000000121004        0x0 /usr/local/cross/i586-elf/lib/libc.a(lib_a-memset.o)
 .bss           0x0000000000121004        0x0 /usr/local/cross/i586-elf/lib/libc.a(lib_a-mktime.o)
 .bss           0x0000000000121004        0x0 /usr/local/cross/i586-elf/lib/libc.a(lib_a-mktm_r.o)
 .bss           0x0000000000121004        0x0 /usr/local/cross/i586-elf/lib/libc.a(lib_a-setjmp.o)
 .bss           0x0000000000121004        0x0 /usr/local/cross/i586-elf/lib/libc.a(lib_a-sprintf.o)
 .bss           0x0000000000121004        0x0 /usr/local/cross/i586-elf/lib/libc.a(lib_a-strcat.o)
 .bss           0x0000000000121004        0x0 /usr/local/cross/i586-elf/lib/libc.a(lib_a-strchr.o)
 .bss           0x0000000000121004        0x0 /usr/local/cross/i586-elf/lib/libc.a(lib_a-strcmp.o)
 .bss           0x0000000000121004        0x0 /usr/local/cross/i586-elf/lib/libc.a(lib_a-strcpy.o)
 .bss           0x0000000000121004        0x0 /usr/local/cross/i586-elf/lib/libc.a(lib_a-strdup.o)
 .bss           0x0000000000121004        0x0 /usr/local/cross/i586-elf/lib/libc.a(lib_a-strdup_r.o)
 .bss           0x0000000000121004        0x0 /usr/local/cross/i586-elf/lib/libc.a(lib_a-strlen.o)
 .bss           0x0000000000121004        0x0 /usr/local/cross/i586-elf/lib/libc.a(lib_a-strncmp.o)
 .bss           0x0000000000121004        0x0 /usr/local/cross/i586-elf/lib/libc.a(lib_a-strncpy.o)
 .bss           0x0000000000121004        0x0 /usr/local/cross/i586-elf/lib/libc.a(lib_a-svfprintf.o)
 .bss           0x0000000000121004        0x0 /usr/local/cross/i586-elf/lib/libc.a(lib_a-time.o)
 .bss           0x0000000000121004        0x0 /usr/local/cross/i586-elf/lib/libc.a(lib_a-tolower.o)
 .bss           0x0000000000121004        0x0 /usr/local/cross/i586-elf/lib/libc.a(lib_a-toupper.o)
 .bss           0x0000000000121004        0x0 /usr/local/cross/i586-elf/lib/libc.a(lib_a-tzlock.o)
 .bss           0x0000000000121004        0x8 /usr/local/cross/i586-elf/lib/libc.a(lib_a-tzvars.o)
                0x0000000000121004                _timezone
                0x0000000000121008                _daylight
 .bss           0x000000000012100c        0x0 /usr/local/cross/i586-elf/lib/libc.a(lib_a-vsprintf.o)
 .bss           0x000000000012100c        0x0 /usr/local/cross/i586-elf/lib/libc.a(lib_a-ctype_.o)
 .bss           0x000000000012100c        0x0 /usr/local/cross/i586-elf/lib/libc.a(lib_a-div.o)
 .bss           0x000000000012100c        0x0 /usr/local/cross/i586-elf/lib/libc.a(lib_a-dtoa.o)
 .bss           0x000000000012100c        0x0 /usr/local/cross/i586-elf/lib/libc.a(lib_a-envlock.o)
 .bss           0x000000000012100c        0x0 /usr/local/cross/i586-elf/lib/libc.a(lib_a-gettimeofdayr.o)
 .bss           0x000000000012100c        0x0 /usr/local/cross/i586-elf/lib/libc.a(lib_a-gettzinfo.o)
 .bss           0x000000000012100c        0xc /usr/local/cross/i586-elf/lib/libc.a(lib_a-locale.o)
                0x000000000012100c                _PathLocale
                0x0000000000121010                __mlocale_changed
                0x0000000000121014                __nlocale_changed
 .bss           0x0000000000121018        0x0 /usr/local/cross/i586-elf/lib/libc.a(lib_a-memchr.o)
 .bss           0x0000000000121018        0x0 /usr/local/cross/i586-elf/lib/libc.a(lib_a-mprec.o)
 .bss           0x0000000000121018        0x0 /usr/local/cross/i586-elf/lib/libc.a(lib_a-reent.o)
 .bss           0x0000000000121018        0x0 /usr/local/cross/i586-elf/lib/libc.a(lib_a-s_fpclassify.o)
 .bss           0x0000000000121018        0x0 /usr/local/cross/i586-elf/lib/libc.a(lib_a-svfiprintf.o)
 .bss           0x0000000000121018        0x0 /usr/local/cross/i586-elf/lib/libc.a(lib_a-memmove.o)
                0x0000000000121018                end = .
                0x0000000000121018                _end = .
                0x0000000000121018                __end = .
LOAD /home/antonio/Projects/aPlus/src/arch/task.o
LOAD /home/antonio/Projects/aPlus/src/arch/syscall.o
LOAD /home/antonio/Projects/aPlus/src/arch/mm.o
LOAD /home/antonio/Projects/aPlus/src/arch/desc.o
LOAD /home/antonio/Projects/aPlus/src/arch/screen.o
LOAD /home/antonio/Projects/aPlus/src/vfs.o
LOAD /home/antonio/Projects/aPlus/src/elf.o
LOAD /home/antonio/Projects/aPlus/src/panic.o
LOAD /home/antonio/Projects/aPlus/src/crt0.o
LOAD /home/antonio/Projects/aPlus/src/rootfs.o
LOAD /home/antonio/Projects/aPlus/src/tty.o
LOAD /home/antonio/Projects/aPlus/src/spinlock.o
LOAD /home/antonio/Projects/aPlus/src/main.o
LOAD /home/antonio/Projects/aPlus/src/fs/initfs/initfs_mount.o
LOAD /home/antonio/Projects/aPlus/src/fs/initfs/initfs.o
LOAD /home/antonio/Projects/aPlus/src/fs/ramdev.o
LOAD /home/antonio/Projects/aPlus/src/fs/procfs/procfs_task.o
LOAD /home/antonio/Projects/aPlus/src/fs/procfs/procfs_cmdline.o
LOAD /home/antonio/Projects/aPlus/src/fs/procfs/procfs_mount.o
LOAD /home/antonio/Projects/aPlus/src/fs/procfs/procfs_cwd.o
LOAD /home/antonio/Projects/aPlus/src/fs/procfs/procfs_filesystems.o
LOAD /home/antonio/Projects/aPlus/src/fs/procfs/procfs_environ.o
LOAD /home/antonio/Projects/aPlus/src/fs/procfs/procfs_meminfo.o
LOAD /home/antonio/Projects/aPlus/src/fs/procfs/procfs.o
LOAD /home/antonio/Projects/aPlus/src/fs/procfs/procfs_fd.o
LOAD /home/antonio/Projects/aPlus/src/fs/sfs/sfs_mount.o
LOAD /home/antonio/Projects/aPlus/src/fs/sfs/sfs_check.o
LOAD /home/antonio/Projects/aPlus/src/fs/pipe.o
LOAD /home/antonio/Projects/aPlus/src/fs/iso9660/iso9660_read.o
LOAD /home/antonio/Projects/aPlus/src/fs/iso9660/iso9660_check.o
LOAD /home/antonio/Projects/aPlus/src/fs/iso9660/iso9660.o
LOAD /home/antonio/Projects/aPlus/src/fs/iso9660/iso9660_mount.o
LOAD /home/antonio/Projects/aPlus/src/fs/iso9660/iso9660_readdir.o
LOAD /home/antonio/Projects/aPlus/src/fs/iso9660/iso9660_finddir.o
LOAD /home/antonio/Projects/aPlus/src/initrd.o
LOAD /home/antonio/Projects/aPlus/src/arch/loader.o
LOAD /home/antonio/Projects/aPlus/src/arch/_desc.o
LOAD /home/antonio/Projects/aPlus/src/arch/process.o
LOAD /usr/local/cross/i586-elf/lib/libelfldr.a
LOAD /usr/local/cross/i586-elf/lib/libx86.a
LOAD /usr/local/cross/i586-elf/lib/libm.a
LOAD /usr/local/cross/i586-elf/lib/libposix.a
LOAD /usr/local/cross/i586-elf/lib/libc.a
LOAD /usr/local/cross/lib/gcc/i586-elf/4.8.2//libgcc.a
OUTPUT(/home/antonio/Projects/aPlus/bin/aplus.elf elf32-i386)

.comment        0x0000000000000000       0x11
 .comment       0x0000000000000000       0x11 /home/antonio/Projects/aPlus/src/arch/task.o
                                         0x12 (size before relaxing)
 .comment       0x0000000000000000       0x12 /home/antonio/Projects/aPlus/src/arch/syscall.o
 .comment       0x0000000000000000       0x12 /home/antonio/Projects/aPlus/src/arch/mm.o
 .comment       0x0000000000000000       0x12 /home/antonio/Projects/aPlus/src/arch/desc.o
 .comment       0x0000000000000000       0x12 /home/antonio/Projects/aPlus/src/arch/screen.o
 .comment       0x0000000000000000       0x12 /home/antonio/Projects/aPlus/src/vfs.o
 .comment       0x0000000000000000       0x12 /home/antonio/Projects/aPlus/src/elf.o
 .comment       0x0000000000000000       0x12 /home/antonio/Projects/aPlus/src/panic.o
 .comment       0x0000000000000000       0x12 /home/antonio/Projects/aPlus/src/crt0.o
 .comment       0x0000000000000000       0x12 /home/antonio/Projects/aPlus/src/rootfs.o
 .comment       0x0000000000000000       0x12 /home/antonio/Projects/aPlus/src/tty.o
 .comment       0x0000000000000000       0x12 /home/antonio/Projects/aPlus/src/spinlock.o
 .comment       0x0000000000000000       0x12 /home/antonio/Projects/aPlus/src/main.o
 .comment       0x0000000000000000       0x12 /home/antonio/Projects/aPlus/src/fs/initfs/initfs_mount.o
 .comment       0x0000000000000000       0x12 /home/antonio/Projects/aPlus/src/fs/initfs/initfs.o
 .comment       0x0000000000000000       0x12 /home/antonio/Projects/aPlus/src/fs/ramdev.o
 .comment       0x0000000000000000       0x12 /home/antonio/Projects/aPlus/src/fs/procfs/procfs_task.o
 .comment       0x0000000000000000       0x12 /home/antonio/Projects/aPlus/src/fs/procfs/procfs_cmdline.o
 .comment       0x0000000000000000       0x12 /home/antonio/Projects/aPlus/src/fs/procfs/procfs_mount.o
 .comment       0x0000000000000000       0x12 /home/antonio/Projects/aPlus/src/fs/procfs/procfs_cwd.o
 .comment       0x0000000000000000       0x12 /home/antonio/Projects/aPlus/src/fs/procfs/procfs_filesystems.o
 .comment       0x0000000000000000       0x12 /home/antonio/Projects/aPlus/src/fs/procfs/procfs_environ.o
 .comment       0x0000000000000000       0x12 /home/antonio/Projects/aPlus/src/fs/procfs/procfs_meminfo.o
 .comment       0x0000000000000000       0x12 /home/antonio/Projects/aPlus/src/fs/procfs/procfs.o
 .comment       0x0000000000000000       0x12 /home/antonio/Projects/aPlus/src/fs/procfs/procfs_fd.o
 .comment       0x0000000000000000       0x12 /home/antonio/Projects/aPlus/src/fs/sfs/sfs_mount.o
 .comment       0x0000000000000000       0x12 /home/antonio/Projects/aPlus/src/fs/sfs/sfs_check.o
 .comment       0x0000000000000000       0x12 /home/antonio/Projects/aPlus/src/fs/pipe.o
 .comment       0x0000000000000000       0x12 /home/antonio/Projects/aPlus/src/fs/iso9660/iso9660_read.o
 .comment       0x0000000000000000       0x12 /home/antonio/Projects/aPlus/src/fs/iso9660/iso9660_check.o
 .comment       0x0000000000000000       0x12 /home/antonio/Projects/aPlus/src/fs/iso9660/iso9660.o
 .comment       0x0000000000000000       0x12 /home/antonio/Projects/aPlus/src/fs/iso9660/iso9660_mount.o
 .comment       0x0000000000000000       0x12 /home/antonio/Projects/aPlus/src/fs/iso9660/iso9660_readdir.o
 .comment       0x0000000000000000       0x12 /home/antonio/Projects/aPlus/src/fs/iso9660/iso9660_finddir.o
 .comment       0x0000000000000000       0x12 /home/antonio/Projects/aPlus/src/initrd.o
 .comment       0x0000000000000000       0x12 /usr/local/cross/i586-elf/lib/libelfldr.a(elf-module.o)
 .comment       0x0000000000000000       0x12 /usr/local/cross/i586-elf/lib/libelfldr.a(elf-module-i386.o)
 .comment       0x0000000000000000       0x12 /usr/local/cross/i586-elf/lib/libposix.a(execlp.o)
 .comment       0x0000000000000000       0x12 /usr/local/cross/i586-elf/lib/libposix.a(execvp.o)
 .comment       0x0000000000000000       0x12 /usr/local/cross/i586-elf/lib/libposix.a(execv.o)
 .comment       0x0000000000000000       0x12 /usr/local/cross/i586-elf/lib/libposix.a(_execve.o)
 .comment       0x0000000000000000       0x12 /usr/local/cross/i586-elf/lib/libc.a(lib_a-environ.o)
 .comment       0x0000000000000000       0x12 /usr/local/cross/i586-elf/lib/libc.a(lib_a-errno.o)
 .comment       0x0000000000000000       0x12 /usr/local/cross/i586-elf/lib/libc.a(lib_a-getenv.o)
 .comment       0x0000000000000000       0x12 /usr/local/cross/i586-elf/lib/libc.a(lib_a-getenv_r.o)
 .comment       0x0000000000000000       0x12 /usr/local/cross/i586-elf/lib/libc.a(lib_a-impure.o)
 .comment       0x0000000000000000       0x12 /usr/local/cross/i586-elf/lib/libc.a(lib_a-malloc.o)
 .comment       0x0000000000000000       0x12 /usr/local/cross/i586-elf/lib/libc.a(lib_a-mktime.o)
 .comment       0x0000000000000000       0x12 /usr/local/cross/i586-elf/lib/libc.a(lib_a-mktm_r.o)
 .comment       0x0000000000000000       0x12 /usr/local/cross/i586-elf/lib/libc.a(lib_a-sprintf.o)
 .comment       0x0000000000000000       0x12 /usr/local/cross/i586-elf/lib/libc.a(lib_a-strcat.o)
 .comment       0x0000000000000000       0x12 /usr/local/cross/i586-elf/lib/libc.a(lib_a-strcmp.o)
 .comment       0x0000000000000000       0x12 /usr/local/cross/i586-elf/lib/libc.a(lib_a-strcpy.o)
 .comment       0x0000000000000000       0x12 /usr/local/cross/i586-elf/lib/libc.a(lib_a-strdup.o)
 .comment       0x0000000000000000       0x12 /usr/local/cross/i586-elf/lib/libc.a(lib_a-strdup_r.o)
 .comment       0x0000000000000000       0x12 /usr/local/cross/i586-elf/lib/libc.a(lib_a-strncmp.o)
 .comment       0x0000000000000000       0x12 /usr/local/cross/i586-elf/lib/libc.a(lib_a-strncpy.o)
 .comment       0x0000000000000000       0x12 /usr/local/cross/i586-elf/lib/libc.a(lib_a-svfprintf.o)
 .comment       0x0000000000000000       0x12 /usr/local/cross/i586-elf/lib/libc.a(lib_a-time.o)
 .comment       0x0000000000000000       0x12 /usr/local/cross/i586-elf/lib/libc.a(lib_a-tolower.o)
 .comment       0x0000000000000000       0x12 /usr/local/cross/i586-elf/lib/libc.a(lib_a-toupper.o)
 .comment       0x0000000000000000       0x12 /usr/local/cross/i586-elf/lib/libc.a(lib_a-tzlock.o)
 .comment       0x0000000000000000       0x12 /usr/local/cross/i586-elf/lib/libc.a(lib_a-tzvars.o)
 .comment       0x0000000000000000       0x12 /usr/local/cross/i586-elf/lib/libc.a(lib_a-vsprintf.o)
 .comment       0x0000000000000000       0x12 /usr/local/cross/i586-elf/lib/libc.a(lib_a-ctype_.o)
 .comment       0x0000000000000000       0x12 /usr/local/cross/i586-elf/lib/libc.a(lib_a-div.o)
 .comment       0x0000000000000000       0x12 /usr/local/cross/i586-elf/lib/libc.a(lib_a-dtoa.o)
 .comment       0x0000000000000000       0x12 /usr/local/cross/i586-elf/lib/libc.a(lib_a-envlock.o)
 .comment       0x0000000000000000       0x12 /usr/local/cross/i586-elf/lib/libc.a(lib_a-gettimeofdayr.o)
 .comment       0x0000000000000000       0x12 /usr/local/cross/i586-elf/lib/libc.a(lib_a-gettzinfo.o)
 .comment       0x0000000000000000       0x12 /usr/local/cross/i586-elf/lib/libc.a(lib_a-locale.o)
 .comment       0x0000000000000000       0x12 /usr/local/cross/i586-elf/lib/libc.a(lib_a-mprec.o)
 .comment       0x0000000000000000       0x12 /usr/local/cross/i586-elf/lib/libc.a(lib_a-reent.o)
 .comment       0x0000000000000000       0x12 /usr/local/cross/i586-elf/lib/libc.a(lib_a-s_fpclassify.o)
 .comment       0x0000000000000000       0x12 /usr/local/cross/i586-elf/lib/libc.a(lib_a-svfiprintf.o)

.debug_info     0x0000000000000000     0xef14
 .debug_info    0x0000000000000000       0x6a /usr/local/cross/i586-elf/lib/libc.a(lib_a-environ.o)
 .debug_info    0x000000000000006a      0x889 /usr/local/cross/i586-elf/lib/libc.a(lib_a-errno.o)
 .debug_info    0x00000000000008f3      0x92e /usr/local/cross/i586-elf/lib/libc.a(lib_a-getenv.o)
 .debug_info    0x0000000000001221      0xa00 /usr/local/cross/i586-elf/lib/libc.a(lib_a-getenv_r.o)
 .debug_info    0x0000000000001c21      0x894 /usr/local/cross/i586-elf/lib/libc.a(lib_a-impure.o)
 .debug_info    0x00000000000024b5      0x915 /usr/local/cross/i586-elf/lib/libc.a(lib_a-malloc.o)
 .debug_info    0x0000000000002dca       0x9f /usr/local/cross/i586-elf/lib/libc.a(lib_a-memcmp.o)
 .debug_info    0x0000000000002e69       0x9f /usr/local/cross/i586-elf/lib/libc.a(lib_a-memcpy.o)
 .debug_info    0x0000000000002f08       0x9f /usr/local/cross/i586-elf/lib/libc.a(lib_a-memset.o)
 .debug_info    0x0000000000002fa7      0x462 /usr/local/cross/i586-elf/lib/libc.a(lib_a-mktime.o)
 .debug_info    0x0000000000003409      0x439 /usr/local/cross/i586-elf/lib/libc.a(lib_a-mktm_r.o)
 .debug_info    0x0000000000003842       0x9f /usr/local/cross/i586-elf/lib/libc.a(lib_a-setjmp.o)
 .debug_info    0x00000000000038e1      0x9e5 /usr/local/cross/i586-elf/lib/libc.a(lib_a-sprintf.o)
 .debug_info    0x00000000000042c6      0x118 /usr/local/cross/i586-elf/lib/libc.a(lib_a-strcat.o)
 .debug_info    0x00000000000043de       0x9f /usr/local/cross/i586-elf/lib/libc.a(lib_a-strchr.o)
 .debug_info    0x000000000000447d       0xdd /usr/local/cross/i586-elf/lib/libc.a(lib_a-strcmp.o)
 .debug_info    0x000000000000455a      0x10f /usr/local/cross/i586-elf/lib/libc.a(lib_a-strcpy.o)
 .debug_info    0x0000000000004669      0x8be /usr/local/cross/i586-elf/lib/libc.a(lib_a-strdup.o)
 .debug_info    0x0000000000004f27      0x963 /usr/local/cross/i586-elf/lib/libc.a(lib_a-strdup_r.o)
 .debug_info    0x000000000000588a       0x9f /usr/local/cross/i586-elf/lib/libc.a(lib_a-strlen.o)
 .debug_info    0x0000000000005929       0xf5 /usr/local/cross/i586-elf/lib/libc.a(lib_a-strncmp.o)
 .debug_info    0x0000000000005a1e      0x129 /usr/local/cross/i586-elf/lib/libc.a(lib_a-strncpy.o)
 .debug_info    0x0000000000005b47     0x16e3 /usr/local/cross/i586-elf/lib/libc.a(lib_a-svfprintf.o)
 .debug_info    0x000000000000722a      0x920 /usr/local/cross/i586-elf/lib/libc.a(lib_a-time.o)
 .debug_info    0x0000000000007b4a       0x70 /usr/local/cross/i586-elf/lib/libc.a(lib_a-tolower.o)
 .debug_info    0x0000000000007bba       0x70 /usr/local/cross/i586-elf/lib/libc.a(lib_a-toupper.o)
 .debug_info    0x0000000000007c2a       0xa8 /usr/local/cross/i586-elf/lib/libc.a(lib_a-tzlock.o)
 .debug_info    0x0000000000007cd2       0xbb /usr/local/cross/i586-elf/lib/libc.a(lib_a-tzvars.o)
 .debug_info    0x0000000000007d8d      0x9be /usr/local/cross/i586-elf/lib/libc.a(lib_a-vsprintf.o)
 .debug_info    0x000000000000874b       0x96 /usr/local/cross/i586-elf/lib/libc.a(lib_a-ctype_.o)
 .debug_info    0x00000000000087e1       0xe5 /usr/local/cross/i586-elf/lib/libc.a(lib_a-div.o)
 .debug_info    0x00000000000088c6     0x1398 /usr/local/cross/i586-elf/lib/libc.a(lib_a-dtoa.o)
 .debug_info    0x0000000000009c5e      0x8b6 /usr/local/cross/i586-elf/lib/libc.a(lib_a-envlock.o)
 .debug_info    0x000000000000a514      0x930 /usr/local/cross/i586-elf/lib/libc.a(lib_a-gettimeofdayr.o)
 .debug_info    0x000000000000ae44      0x160 /usr/local/cross/i586-elf/lib/libc.a(lib_a-gettzinfo.o)
 .debug_info    0x000000000000afa4      0xbe7 /usr/local/cross/i586-elf/lib/libc.a(lib_a-locale.o)
 .debug_info    0x000000000000bb8b       0x9f /usr/local/cross/i586-elf/lib/libc.a(lib_a-memchr.o)
 .debug_info    0x000000000000bc2a     0x16c0 /usr/local/cross/i586-elf/lib/libc.a(lib_a-mprec.o)
 .debug_info    0x000000000000d2ea      0x9f0 /usr/local/cross/i586-elf/lib/libc.a(lib_a-reent.o)
 .debug_info    0x000000000000dcda      0x145 /usr/local/cross/i586-elf/lib/libc.a(lib_a-s_fpclassify.o)
 .debug_info    0x000000000000de1f     0x1055 /usr/local/cross/i586-elf/lib/libc.a(lib_a-svfiprintf.o)
 .debug_info    0x000000000000ee74       0xa0 /usr/local/cross/i586-elf/lib/libc.a(lib_a-memmove.o)

.debug_abbrev   0x0000000000000000     0x32ee
 .debug_abbrev  0x0000000000000000       0x56 /usr/local/cross/i586-elf/lib/libc.a(lib_a-environ.o)
 .debug_abbrev  0x0000000000000056      0x18f /usr/local/cross/i586-elf/lib/libc.a(lib_a-errno.o)
 .debug_abbrev  0x00000000000001e5      0x1d9 /usr/local/cross/i586-elf/lib/libc.a(lib_a-getenv.o)
 .debug_abbrev  0x00000000000003be      0x228 /usr/local/cross/i586-elf/lib/libc.a(lib_a-getenv_r.o)
 .debug_abbrev  0x00000000000005e6      0x180 /usr/local/cross/i586-elf/lib/libc.a(lib_a-impure.o)
 .debug_abbrev  0x0000000000000766      0x1f7 /usr/local/cross/i586-elf/lib/libc.a(lib_a-malloc.o)
 .debug_abbrev  0x000000000000095d       0x14 /usr/local/cross/i586-elf/lib/libc.a(lib_a-memcmp.o)
 .debug_abbrev  0x0000000000000971       0x14 /usr/local/cross/i586-elf/lib/libc.a(lib_a-memcpy.o)
 .debug_abbrev  0x0000000000000985       0x14 /usr/local/cross/i586-elf/lib/libc.a(lib_a-memset.o)
 .debug_abbrev  0x0000000000000999      0x1c6 /usr/local/cross/i586-elf/lib/libc.a(lib_a-mktime.o)
 .debug_abbrev  0x0000000000000b5f      0x15c /usr/local/cross/i586-elf/lib/libc.a(lib_a-mktm_r.o)
 .debug_abbrev  0x0000000000000cbb       0x14 /usr/local/cross/i586-elf/lib/libc.a(lib_a-setjmp.o)
 .debug_abbrev  0x0000000000000ccf      0x216 /usr/local/cross/i586-elf/lib/libc.a(lib_a-sprintf.o)
 .debug_abbrev  0x0000000000000ee5       0xce /usr/local/cross/i586-elf/lib/libc.a(lib_a-strcat.o)
 .debug_abbrev  0x0000000000000fb3       0x14 /usr/local/cross/i586-elf/lib/libc.a(lib_a-strchr.o)
 .debug_abbrev  0x0000000000000fc7       0x74 /usr/local/cross/i586-elf/lib/libc.a(lib_a-strcmp.o)
 .debug_abbrev  0x000000000000103b       0x92 /usr/local/cross/i586-elf/lib/libc.a(lib_a-strcpy.o)
 .debug_abbrev  0x00000000000010cd      0x1ca /usr/local/cross/i586-elf/lib/libc.a(lib_a-strdup.o)
 .debug_abbrev  0x0000000000001297      0x20d /usr/local/cross/i586-elf/lib/libc.a(lib_a-strdup_r.o)
 .debug_abbrev  0x00000000000014a4       0x14 /usr/local/cross/i586-elf/lib/libc.a(lib_a-strlen.o)
 .debug_abbrev  0x00000000000014b8       0x81 /usr/local/cross/i586-elf/lib/libc.a(lib_a-strncmp.o)
 .debug_abbrev  0x0000000000001539       0x9f /usr/local/cross/i586-elf/lib/libc.a(lib_a-strncpy.o)
 .debug_abbrev  0x00000000000015d8      0x371 /usr/local/cross/i586-elf/lib/libc.a(lib_a-svfprintf.o)
 .debug_abbrev  0x0000000000001949      0x1db /usr/local/cross/i586-elf/lib/libc.a(lib_a-time.o)
 .debug_abbrev  0x0000000000001b24       0x76 /usr/local/cross/i586-elf/lib/libc.a(lib_a-tolower.o)
 .debug_abbrev  0x0000000000001b9a       0x76 /usr/local/cross/i586-elf/lib/libc.a(lib_a-toupper.o)