Archive member included because of file (symbol)

/usr/local/cross/i586-elf/lib/libx86.a(int86.o)
                              /home/antonio/Projects/aPlus/src/arch/screen.o (int86)
/usr/local/cross/i586-elf/lib/libc.a(lib_a-errno.o)
                              /home/antonio/Projects/aPlus/src/arch/task.o (__errno)
/usr/local/cross/i586-elf/lib/libc.a(lib_a-impure.o)
                              /usr/local/cross/i586-elf/lib/libc.a(lib_a-errno.o) (_impure_ptr)
/usr/local/cross/i586-elf/lib/libc.a(lib_a-memcpy.o)
                              /home/antonio/Projects/aPlus/src/arch/syscall.o (memcpy)
/usr/local/cross/i586-elf/lib/libc.a(lib_a-memset.o)
                              /home/antonio/Projects/aPlus/src/arch/task.o (memset)
/usr/local/cross/i586-elf/lib/libc.a(lib_a-mktime.o)
                              /home/antonio/Projects/aPlus/src/arch/desc.o (mktime)
/usr/local/cross/i586-elf/lib/libc.a(lib_a-mktm_r.o)
                              /usr/local/cross/i586-elf/lib/libc.a(lib_a-mktime.o) (__tzcalc_limits)
/usr/local/cross/i586-elf/lib/libc.a(lib_a-signal.o)
                              /home/antonio/Projects/aPlus/src/crt0.o (raise)
/usr/local/cross/i586-elf/lib/libc.a(lib_a-signalr.o)
                              /usr/local/cross/i586-elf/lib/libc.a(lib_a-signal.o) (_kill_r)
/usr/local/cross/i586-elf/lib/libc.a(lib_a-sprintf.o)
                              /home/antonio/Projects/aPlus/src/arch/syscall.o (sprintf)
/usr/local/cross/i586-elf/lib/libc.a(lib_a-strcat.o)
                              /home/antonio/Projects/aPlus/src/fs/procfs/procfs_cmdline.o (strcat)
/usr/local/cross/i586-elf/lib/libc.a(lib_a-strchr.o)
                              /home/antonio/Projects/aPlus/src/arch/syscall.o (strchr)
/usr/local/cross/i586-elf/lib/libc.a(lib_a-strcmp.o)
                              /home/antonio/Projects/aPlus/src/vfs.o (strcmp)
/usr/local/cross/i586-elf/lib/libc.a(lib_a-strcpy.o)
                              /home/antonio/Projects/aPlus/src/vfs.o (strcpy)
/usr/local/cross/i586-elf/lib/libc.a(lib_a-strdup.o)
                              /home/antonio/Projects/aPlus/src/arch/syscall.o (strdup)
/usr/local/cross/i586-elf/lib/libc.a(lib_a-strdup_r.o)
                              /usr/local/cross/i586-elf/lib/libc.a(lib_a-strdup.o) (_strdup_r)
/usr/local/cross/i586-elf/lib/libc.a(lib_a-strlen.o)
                              /home/antonio/Projects/aPlus/src/arch/syscall.o (strlen)
/usr/local/cross/i586-elf/lib/libc.a(lib_a-strncpy.o)
                              /home/antonio/Projects/aPlus/src/arch/syscall.o (strncpy)
/usr/local/cross/i586-elf/lib/libc.a(lib_a-svfprintf.o)
                              /usr/local/cross/i586-elf/lib/libc.a(lib_a-sprintf.o) (_svfprintf_r)
/usr/local/cross/i586-elf/lib/libc.a(lib_a-time.o)
                              /home/antonio/Projects/aPlus/src/vfs.o (time)
/usr/local/cross/i586-elf/lib/libc.a(lib_a-tzlock.o)
                              /usr/local/cross/i586-elf/lib/libc.a(lib_a-mktime.o) (__tz_lock)
/usr/local/cross/i586-elf/lib/libc.a(lib_a-tzvars.o)
                              /usr/local/cross/i586-elf/lib/libc.a(lib_a-mktime.o) (_daylight)
/usr/local/cross/i586-elf/lib/libc.a(lib_a-vsprintf.o)
                              /home/antonio/Projects/aPlus/src/arch/task.o (vsprintf)
/usr/local/cross/i586-elf/lib/libc.a(lib_a-div.o)
                              /usr/local/cross/i586-elf/lib/libc.a(lib_a-mktime.o) (div)
/usr/local/cross/i586-elf/lib/libc.a(lib_a-dtoa.o)
                              /usr/local/cross/i586-elf/lib/libc.a(lib_a-svfprintf.o) (_dtoa_r)
/usr/local/cross/i586-elf/lib/libc.a(lib_a-gettimeofdayr.o)
                              /usr/local/cross/i586-elf/lib/libc.a(lib_a-time.o) (_gettimeofday_r)
/usr/local/cross/i586-elf/lib/libc.a(lib_a-gettzinfo.o)
                              /usr/local/cross/i586-elf/lib/libc.a(lib_a-mktime.o) (__gettzinfo)
/usr/local/cross/i586-elf/lib/libc.a(lib_a-locale.o)
                              /usr/local/cross/i586-elf/lib/libc.a(lib_a-svfprintf.o) (_localeconv_r)
/usr/local/cross/i586-elf/lib/libc.a(lib_a-memchr.o)
                              /usr/local/cross/i586-elf/lib/libc.a(lib_a-svfprintf.o) (memchr)
/usr/local/cross/i586-elf/lib/libc.a(lib_a-mprec.o)
                              /usr/local/cross/i586-elf/lib/libc.a(lib_a-dtoa.o) (_Balloc)
/usr/local/cross/i586-elf/lib/libc.a(lib_a-s_fpclassify.o)
                              /usr/local/cross/i586-elf/lib/libc.a(lib_a-svfprintf.o) (__fpclassifyd)
/usr/local/cross/i586-elf/lib/libc.a(lib_a-svfiprintf.o)
                              /usr/local/cross/i586-elf/lib/libc.a(lib_a-svfprintf.o) (__ssprint_r)
/usr/local/cross/i586-elf/lib/libc.a(lib_a-memmove.o)
                              /usr/local/cross/i586-elf/lib/libc.a(lib_a-svfiprintf.o) (memmove)

Allocating common symbols
Common symbol       size              file

errno               0x4               /home/antonio/Projects/aPlus/src/crt0.o
fs_root             0x4               /home/antonio/Projects/aPlus/src/vfs.o

Memory Configuration

Name             Origin             Length             Attributes
*default*        0x0000000000000000 0xffffffffffffffff

Linker script and memory map

                0x0000000000100000                . = 0x100000

.multiboot      0x0000000000100000       0x20
                0x0000000000100000                multiboot = .
                0x0000000000100000                _multiboot = .
                0x0000000000100000                __multiboot = .
 *(.multiboot)
 .multiboot     0x0000000000100000       0x20 /home/antonio/Projects/aPlus/src/arch/loader.o

.text           0x0000000000100020    0x103ad
                0x0000000000100020                text = .
                0x0000000000100020                _text = .
                0x0000000000100020                __text = .
 *(.text)
 .text          0x0000000000100020      0x6c6 /home/antonio/Projects/aPlus/src/arch/task.o
                0x0000000000100155                task_init
                0x000000000010025b                task_create_with_data
                0x00000000001003ec                task_zombie
                0x0000000000100408                task_idle
                0x0000000000100426                task_wakeup
                0x0000000000100442                task_setpriority
                0x000000000010045d                sched_enable
                0x0000000000100469                sched_disable
                0x0000000000100475                schedule
                0x0000000000100556                task_create
                0x0000000000100578                task_exit2
                0x0000000000100621                task_exit
                0x000000000010063d                task_getbypid
                0x0000000000100677                task_wait
                0x00000000001006cb                task_waitpid
 .text          0x00000000001006e6     0x15a5 /home/antonio/Projects/aPlus/src/arch/syscall.o
                0x00000000001008ac                syscall__exit
                0x00000000001008cf                syscall__chown
                0x0000000000100935                syscall__close
                0x00000000001009ba                syscall(...)(long long,...)(char, void,...)
                0x0000000000100cf8                syscall__fork
                0x0000000000100d10                syscall__fstat
                0x0000000000100ecc                syscall__getpid
                0x0000000000100ee8                syscall_gettimeofday
                0x0000000000100f48                syscall__kill
                0x0000000000100fb5                syscall__link
                0x0000000000100fcd                syscall__lseek
                0x00000000001010ed                syscall__open
                0x00000000001011a2                syscall__read
                0x0000000000101266                syscall__readlink
                0x00000000001012e2                syscall__stat
                0x00000000001013e6                syscall__symlink
                0x00000000001014f1                syscall__times
                0x000000000010155c                syscall__unlink
                0x0000000000101561                syscall__wait
                0x0000000000101582                syscall__write
                0x0000000000101646                syscall__readdir
                0x000000000010170f                syscall_ioctl
                0x00000000001017b3                syscall_mount
                0x00000000001018ad                syscall_umount
                0x0000000000101918                syscall_tell
                0x00000000001019a9                syscall___get_argv
                0x00000000001019c6                syscall___get_env
                0x00000000001019e3                syscall_pipe
                0x0000000000101b27                syscall_chdir
                0x0000000000101b8a                syscall___install_signal_handler
                0x0000000000101bbf                syscall_malloc
                0x0000000000101bd2                syscall_free
                0x0000000000101be5                syscall_handler
 .text          0x0000000000101c8b      0x5cc /home/antonio/Projects/aPlus/src/arch/mm.o
                0x0000000000101d2f                mm_alloc
                0x0000000000101d74                mm_free
                0x0000000000101d94                mm_enablepaging
                0x0000000000101dbe                mm_disablepaging
                0x0000000000101dd8                vmm_switch
                0x0000000000101e08                vmm_map
                0x0000000000101ed5                vmm_unmap
                0x0000000000101f3d                mm_create_addrspace
                0x0000000000101f9a                mm_map_kernel
                0x0000000000101fc9                kmalloc
                0x000000000010204d                kfree
                0x00000000001020f5                mm_init
                0x0000000000102180                pagefault_handler
 .text          0x0000000000102257     0x10fe /home/antonio/Projects/aPlus/src/arch/desc.o
                0x0000000000102273                gdt_load
                0x0000000000102290                idt_load
                0x0000000000102298                isr_stub
                0x00000000001022c0                irq_stub
                0x00000000001022e8                isr_handler
                0x00000000001023ca                irq_handler
                0x0000000000102431                pit_handler
                0x00000000001024f8                desc_init
                0x00000000001030ed                irq_set
                0x000000000010311f                irq_unset
                0x0000000000103184                pit_gettime
                0x0000000000103345                pit_getticks
 .text          0x0000000000103355      0x9a2 /home/antonio/Projects/aPlus/src/arch/screen.o
                0x00000000001034ac                video_putc
                0x0000000000103782                video_puts
                0x00000000001037c3                video_getc
                0x000000000010384a                video_clear
                0x00000000001038c1                video_init
 .text          0x0000000000103cf7      0x66d /home/antonio/Projects/aPlus/src/vfs.o
                0x0000000000103d79                fs_ioctl
                0x0000000000103dbf                fs_read
                0x0000000000103e05                fs_write
                0x0000000000103e4b                fs_trunc
                0x0000000000103e83                fs_allocate
                0x0000000000103ec2                fs_readdir
                0x0000000000103efa                fs_finddir
                0x0000000000103f39                fs_creat
                0x0000000000103f7f                fs_remove
                0x0000000000103fbe                fs_destroy
                0x0000000000103ff6                fs_nextinode
                0x0000000000104009                fs_chroot
                0x000000000010404c                fs_mount
                0x00000000001040ea                fs_umount
                0x0000000000104154                vfs_init
 .text          0x0000000000104364      0x70a /home/antonio/Projects/aPlus/src/elf.o
                0x00000000001043b4                elf_check_file
                0x000000000010444d                elf_check_supported
                0x0000000000104a14                elf_load_file
 .text          0x0000000000104a6e       0xbd /home/antonio/Projects/aPlus/src/panic.o
                0x0000000000104abe                __panic
 .text          0x0000000000104b2b      0x8a9 /home/antonio/Projects/aPlus/src/crt0.o
                0x0000000000104b2b                _exit
                0x0000000000104b51                chown
                0x0000000000104b90                close
                0x0000000000104bc5                execve
                0x0000000000104bf6                fork
                0x0000000000104c2d                fstat
                0x0000000000104c60                getpid
                0x0000000000104c97                gettimeofday
                0x0000000000104cca                isatty
                0x0000000000104cdb                kill
                0x0000000000104d0e                link
                0x0000000000104d41                lseek
                0x0000000000104d72                open
                0x0000000000104da3                read
                0x0000000000104dd4                readlink
                0x0000000000104e05                sbrk
                0x0000000000104e3b                stat
                0x0000000000104e6e                symlink
                0x0000000000104ea1                times
                0x0000000000104ed6                unlink
                0x0000000000104f0b                wait
                0x0000000000104f40                write
                0x0000000000104f71                readdir
                0x0000000000104fbb                ioctl
                0x0000000000104fec                mount
                0x0000000000105019                umount2
                0x000000000010504c                umount
                0x0000000000105067                tell
                0x000000000010509c                __get_argv
                0x00000000001050d3                __get_env
                0x000000000010510a                pipe
                0x000000000010513f                chdir
                0x0000000000105174                __install_signal_handler
                0x00000000001051a9                malloc
                0x00000000001051de                free
                0x0000000000105207                opendir
                0x0000000000105268                closedir
                0x00000000001052a4                rewinddir
                0x00000000001052c6                seekdir
                0x00000000001052e6                telldir
                0x0000000000105308                scandir
                0x0000000000105312                _malloc_r
                0x0000000000105325                _free_r
                0x0000000000105338                _calloc_r
                0x0000000000105356                _realloc_r
                0x00000000001053c1                __signal_handler__
 .text          0x00000000001053d4      0x674 /home/antonio/Projects/aPlus/src/rootfs.o
                0x00000000001053d4                rootfs_readdir
                0x00000000001054c5                rootfs_finddir
                0x000000000010559a                rootfs_remove
                0x00000000001056ea                rootfs_creat
                0x00000000001059b2                rootfs_init
 .text          0x0000000000105a48      0x2dd /home/antonio/Projects/aPlus/src/tty.o
                0x0000000000105a98                tty_ioctl
                0x0000000000105b1b                tty_read
                0x0000000000105bde                tty_write
                0x0000000000105c3d                tty_trunc
                0x0000000000105c5e                tty_init
 .text          0x0000000000105d25       0xc3 /home/antonio/Projects/aPlus/src/spinlock.o
                0x0000000000105d25                spinlock_lock
                0x0000000000105d71                spinlock_unlock
                0x0000000000105d9f                spinlock_trylock
 .text          0x0000000000105de8       0xab /home/antonio/Projects/aPlus/src/main.o
                0x0000000000105de8                sysidle
                0x0000000000105e03                main
 .text          0x0000000000105e93       0x58 /home/antonio/Projects/aPlus/src/fs/initfs/initfs_mount.o
                0x0000000000105e93                initfs_mount
 .text          0x0000000000105eeb      0x510 /home/antonio/Projects/aPlus/src/fs/initfs/initfs.o
                0x0000000000105eeb                initfs_read
                0x0000000000105ff5                initfs_readdir
                0x00000000001060e8                initfs_finddir
 .text          0x00000000001063fb      0x30f /home/antonio/Projects/aPlus/src/fs/ramdev.o
                0x000000000010644b                ramdev_read
                0x000000000010653a                ramdev_write
                0x0000000000106629                ramdev_destroy
                0x0000000000106654                ramdev_create
 .text          0x000000000010670a      0x2af /home/antonio/Projects/aPlus/src/fs/procfs/procfs_task.o
                0x000000000010670a                procfs_task_create
 .text          0x00000000001069b9      0x305 /home/antonio/Projects/aPlus/src/fs/procfs/procfs_cmdline.o
                0x00000000001069b9                procfs_cmdline_read
                0x0000000000106a12                procfs_cmdline_destroy
                0x0000000000106a3d                procfs_cmdline_create
 .text          0x0000000000106cbe       0xe4 /home/antonio/Projects/aPlus/src/fs/procfs/procfs_mount.o
                0x0000000000106cbe                procfs_mount
 .text          0x0000000000106da2      0x1fb /home/antonio/Projects/aPlus/src/fs/procfs/procfs_cwd.o
                0x0000000000106da2                procfs_cwd_create
 .text          0x0000000000106f9d      0x352 /home/antonio/Projects/aPlus/src/fs/procfs/procfs_filesystems.o
                0x0000000000106f9d                procfs_filesystems_updatebuf
                0x0000000000107041                procfs_filesystems_read
                0x000000000010709a                procfs_filesystems_destroy
                0x00000000001070c5                procfs_filesystems_create
 .text          0x00000000001072ef      0x2ff /home/antonio/Projects/aPlus/src/fs/procfs/procfs_environ.o
                0x00000000001072ef                procfs_environ_read
                0x0000000000107348                procfs_environ_destroy
                0x0000000000107373                procfs_environ_create
 .text          0x00000000001075ee      0x33a /home/antonio/Projects/aPlus/src/fs/procfs/procfs_meminfo.o
                0x0000000000107684                procfs_meminfo_read
                0x00000000001076ee                procfs_meminfo_destroy
                0x0000000000107719                procfs_meminfo_create
 .text          0x0000000000107928      0x92e /home/antonio/Projects/aPlus/src/fs/procfs/procfs.o
                0x00000000001079bf                procfs_add_inode
                0x0000000000107a50                procfs_readdir
                0x0000000000107c09                procfs_finddir
                0x0000000000107dac                procfs_remove
                0x0000000000107f1b                procfs_creat
                0x00000000001081e4                procfs_destroy
 .text          0x0000000000108256      0x650 /home/antonio/Projects/aPlus/src/fs/procfs/procfs_fd.o
                0x0000000000108256                procfs_fd_readdir
                0x000000000010838b                procfs_fd_finddir
                0x00000000001086bc                procfs_fd_create
 .text          0x00000000001088a6      0x30b /home/antonio/Projects/aPlus/src/fs/pipe.o
                0x00000000001088a6                pipe_read
                0x00000000001089b8                pipe_write
                0x0000000000108a8d                pipe_destroy
                0x0000000000108acb                pipe_create
 .text          0x0000000000108bb1      0x138 /home/antonio/Projects/aPlus/src/initrd.o
                0x0000000000108c01                initrd_init
 *fill*         0x0000000000108ce9       0x17 
 .text          0x0000000000108d00       0x68 /home/antonio/Projects/aPlus/src/arch/loader.o
                0x0000000000108d00                _start
                0x0000000000108d60                mbd
                0x0000000000108d64                magic
 *fill*         0x0000000000108d68        0x8 
 .text          0x0000000000108d70      0x220 /home/antonio/Projects/aPlus/src/arch/_desc.o
                0x0000000000108d70                isr0
                0x0000000000108d79                isr1
                0x0000000000108d82                isr2
                0x0000000000108d8b                isr3
                0x0000000000108d94                isr4
                0x0000000000108d9d                isr5
                0x0000000000108da6                isr6
                0x0000000000108daf                isr7
                0x0000000000108db8                isr8
                0x0000000000108dbf                isr9
                0x0000000000108dc8                isr10
                0x0000000000108dcf                isr11
                0x0000000000108dd6                isr12
                0x0000000000108ddd                isr13
                0x0000000000108de4                isr15
                0x0000000000108ded                isr16
                0x0000000000108df6                isr17
                0x0000000000108dff                isr18
                0x0000000000108e08                isr19
                0x0000000000108e11                isr20
                0x0000000000108e1a                isr21
                0x0000000000108e23                isr22
                0x0000000000108e2c                isr23
                0x0000000000108e35                isr24
                0x0000000000108e3e                isr25
                0x0000000000108e47                isr26
                0x0000000000108e50                isr27
                0x0000000000108e59                isr28
                0x0000000000108e62                isr29
                0x0000000000108e6b                isr30
                0x0000000000108e74                isr31
                0x0000000000108e7d                irq1
                0x0000000000108e86                irq2
                0x0000000000108e8f                irq3
                0x0000000000108e98                irq4
                0x0000000000108ea1                irq5
                0x0000000000108eaa                irq6
                0x0000000000108eb3                irq7
                0x0000000000108ebc                irq8
                0x0000000000108ec5                irq9
                0x0000000000108ece                irq10
                0x0000000000108ed7                irq11
                0x0000000000108ee0                irq12
                0x0000000000108ee9                irq13
                0x0000000000108ef2                irq14
                0x0000000000108efb                irq15
                0x0000000000108f04                irq0
                0x0000000000108f35                isr0x80
                0x0000000000108f66                isr14
 .text          0x0000000000108f90      0x14c /usr/local/cross/i586-elf/lib/libx86.a(int86.o)
                0x0000000000108f90                int86
 *fill*         0x00000000001090dc        0x4 
 .text          0x00000000001090e0        0x6 /usr/local/cross/i586-elf/lib/libc.a(lib_a-errno.o)
                0x00000000001090e0                __errno
 .text          0x00000000001090e6        0x0 /usr/local/cross/i586-elf/lib/libc.a(lib_a-impure.o)
 *fill*         0x00000000001090e6        0x2 
 .text          0x00000000001090e8       0x48 /usr/local/cross/i586-elf/lib/libc.a(lib_a-memcpy.o)
                0x00000000001090e8                memcpy
 .text          0x0000000000109130       0x88 /usr/local/cross/i586-elf/lib/libc.a(lib_a-memset.o)
                0x0000000000109130                memset
 *fill*         0x00000000001091b8        0x8 
 .text          0x00000000001091c0      0x78a /usr/local/cross/i586-elf/lib/libc.a(lib_a-mktime.o)
                0x00000000001094d0                mktime
 *fill*         0x000000000010994a        0x6 
 .text          0x0000000000109950      0x6a0 /usr/local/cross/i586-elf/lib/libc.a(lib_a-mktm_r.o)
                0x0000000000109950                __tzcalc_limits
                0x0000000000109b90                _mktm_r
 .text          0x0000000000109ff0      0x29c /usr/local/cross/i586-elf/lib/libc.a(lib_a-signal.o)
                0x0000000000109ff0                _init_signal_r
                0x000000000010a050                _signal_r
                0x000000000010a0b0                _raise_r
                0x000000000010a160                __sigtramp_r
                0x000000000010a200                raise
                0x000000000010a220                signal
                0x000000000010a250                _init_signal
                0x000000000010a270                __sigtramp
 *fill*         0x000000000010a28c        0x4 
 .text          0x000000000010a290       0x55 /usr/local/cross/i586-elf/lib/libc.a(lib_a-signalr.o)
                0x000000000010a290                _kill_r
                0x000000000010a2e0                _getpid_r
 *fill*         0x000000000010a2e5        0xb 
 .text          0x000000000010a2f0       0xdc /usr/local/cross/i586-elf/lib/libc.a(lib_a-sprintf.o)
                0x000000000010a2f0                _sprintf_r
                0x000000000010a360                sprintf
 *fill*         0x000000000010a3cc        0x4 
 .text          0x000000000010a3d0       0x6e /usr/local/cross/i586-elf/lib/libc.a(lib_a-strcat.o)
                0x000000000010a3d0                strcat
 *fill*         0x000000000010a43e        0x2 
 .text          0x000000000010a440       0xfc /usr/local/cross/i586-elf/lib/libc.a(lib_a-strchr.o)
                0x000000000010a440                strchr
 *fill*         0x000000000010a53c        0x4 
 .text          0x000000000010a540       0x73 /usr/local/cross/i586-elf/lib/libc.a(lib_a-strcmp.o)
                0x000000000010a540                strcmp
 *fill*         0x000000000010a5b3        0xd 
 .text          0x000000000010a5c0       0x60 /usr/local/cross/i586-elf/lib/libc.a(lib_a-strcpy.o)
                0x000000000010a5c0                strcpy
 .text          0x000000000010a620       0x1c /usr/local/cross/i586-elf/lib/libc.a(lib_a-strdup.o)
                0x000000000010a620                strdup
 *fill*         0x000000000010a63c        0x4 
 .text          0x000000000010a640       0x44 /usr/local/cross/i586-elf/lib/libc.a(lib_a-strdup_r.o)
                0x000000000010a640                _strdup_r
 *fill*         0x000000000010a684        0xc 
 .text          0x000000000010a690       0x79 /usr/local/cross/i586-elf/lib/libc.a(lib_a-strlen.o)
                0x000000000010a690                strlen
 *fill*         0x000000000010a709        0x7 
 .text          0x000000000010a710       0xa0 /usr/local/cross/i586-elf/lib/libc.a(lib_a-strncpy.o)
                0x000000000010a710                strncpy
 .text          0x000000000010a7b0     0x20de /usr/local/cross/i586-elf/lib/libc.a(lib_a-svfprintf.o)
                0x000000000010a7b0                _svfprintf_r
 *fill*         0x000000000010c88e        0x2 
 .text          0x000000000010c890       0x45 /usr/local/cross/i586-elf/lib/libc.a(lib_a-time.o)
                0x000000000010c890                time
 *fill*         0x000000000010c8d5        0xb 
 .text          0x000000000010c8e0       0x11 /usr/local/cross/i586-elf/lib/libc.a(lib_a-tzlock.o)
                0x000000000010c8e0                __tz_lock
                0x000000000010c8f0                __tz_unlock
 .text          0x000000000010c8f1        0x0 /usr/local/cross/i586-elf/lib/libc.a(lib_a-tzvars.o)
 *fill*         0x000000000010c8f1        0xf 
 .text          0x000000000010c900       0x9c /usr/local/cross/i586-elf/lib/libc.a(lib_a-vsprintf.o)
                0x000000000010c900                _vsprintf_r
                0x000000000010c970                vsprintf
 *fill*         0x000000000010c99c        0x4 
 .text          0x000000000010c9a0       0x5f /usr/local/cross/i586-elf/lib/libc.a(lib_a-div.o)
                0x000000000010c9a0                div
 *fill*         0x000000000010c9ff        0x1 
 .text          0x000000000010ca00     0x16f7 /usr/local/cross/i586-elf/lib/libc.a(lib_a-dtoa.o)
                0x000000000010cc10                _dtoa_r
 *fill*         0x000000000010e0f7        0x9 
 .text          0x000000000010e100       0x44 /usr/local/cross/i586-elf/lib/libc.a(lib_a-gettimeofdayr.o)
                0x000000000010e100                _gettimeofday_r
 *fill*         0x000000000010e144        0xc 
 .text          0x000000000010e150        0x6 /usr/local/cross/i586-elf/lib/libc.a(lib_a-gettzinfo.o)
                0x000000000010e150                __gettzinfo
 *fill*         0x000000000010e156        0xa 
 .text          0x000000000010e160       0xf6 /usr/local/cross/i586-elf/lib/libc.a(lib_a-locale.o)
                0x000000000010e160                _setlocale_r
                0x000000000010e1d0                __locale_charset
                0x000000000010e1e0                __locale_mb_cur_max
                0x000000000010e1f0                __locale_msgcharset
                0x000000000010e200                __locale_cjk_lang
                0x000000000010e210                _localeconv_r
                0x000000000010e220                setlocale
                0x000000000010e250                localeconv
 *fill*         0x000000000010e256        0xa 
 .text          0x000000000010e260       0x95 /usr/local/cross/i586-elf/lib/libc.a(lib_a-memchr.o)
                0x000000000010e260                memchr
 *fill*         0x000000000010e2f5        0xb 
 .text          0x000000000010e300      0xf38 /usr/local/cross/i586-elf/lib/libc.a(lib_a-mprec.o)
                0x000000000010e300                _Balloc
                0x000000000010e3a0                _Bfree
                0x000000000010e3c0                __multadd
                0x000000000010e4d0                __s2b
                0x000000000010e5e0                __hi0bits
                0x000000000010e650                __lo0bits
                0x000000000010e6e0                __i2b
                0x000000000010e710                __multiply
                0x000000000010e930                __pow5mult
                0x000000000010ea50                __lshift
                0x000000000010eba0                __mcmp
                0x000000000010ec00                __mdiff
                0x000000000010ed90                __ulp
                0x000000000010ee20                __b2d
                0x000000000010ef30                __d2b
                0x000000000010f060                __ratio
                0x000000000010f100                _mprec_log10
                0x000000000010f140                __copybits
                0x000000000010f1b0                __any_on
 *fill*         0x000000000010f238        0x8 
 .text          0x000000000010f240       0x61 /usr/local/cross/i586-elf/lib/libc.a(lib_a-s_fpclassify.o)
                0x000000000010f240                __fpclassifyd
 *fill*         0x000000000010f2a1        0xf 
 .text          0x000000000010f2b0     0x1082 /usr/local/cross/i586-elf/lib/libc.a(lib_a-svfiprintf.o)
                0x000000000010f2b0                __ssprint_r
                0x000000000010f4f0                _svfiprintf_r
 *fill*         0x0000000000110332        0xe 
 .text          0x0000000000110340       0x8d /usr/local/cross/i586-elf/lib/libc.a(lib_a-memmove.o)
                0x0000000000110340                memmove

.iplt           0x00000000001103d0        0x0
 .iplt          0x0000000000000000        0x0 /home/antonio/Projects/aPlus/src/arch/task.o

.rodata         0x00000000001103e0      0xe2c
                0x00000000001103e0                rodata = .
                0x00000000001103e0                _rodata = .
                0x00000000001103e0                __rodata = .
 *(.rodata*)
 .rodata        0x00000000001103e0       0x7b /home/antonio/Projects/aPlus/src/arch/task.o
 *fill*         0x000000000011045b        0x1 
 .rodata        0x000000000011045c       0x97 /home/antonio/Projects/aPlus/src/arch/syscall.o
 *fill*         0x00000000001104f3        0x1 
 .rodata        0x00000000001104f4       0x9c /home/antonio/Projects/aPlus/src/arch/mm.o
 .rodata        0x0000000000110590      0x183 /home/antonio/Projects/aPlus/src/arch/desc.o
 *fill*         0x0000000000110713        0x1 
 .rodata        0x0000000000110714       0x38 /home/antonio/Projects/aPlus/src/arch/screen.o
 .rodata        0x000000000011074c        0x2 /home/antonio/Projects/aPlus/src/vfs.o
 *fill*         0x000000000011074e        0x2 
 .rodata        0x0000000000110750      0x1f7 /home/antonio/Projects/aPlus/src/elf.o
 *fill*         0x0000000000110947        0x1 
 .rodata        0x0000000000110948       0x20 /home/antonio/Projects/aPlus/src/panic.o
 .rodata        0x0000000000110968       0x34 /home/antonio/Projects/aPlus/src/rootfs.o
 .rodata        0x000000000011099c       0x50 /home/antonio/Projects/aPlus/src/tty.o
 .rodata        0x00000000001109ec       0x4f /home/antonio/Projects/aPlus/src/main.o
 .rodata        0x0000000000110a3b        0x5 /home/antonio/Projects/aPlus/src/fs/initfs/initfs.o
 .rodata        0x0000000000110a40       0x29 /home/antonio/Projects/aPlus/src/fs/ramdev.o
 .rodata        0x0000000000110a69        0x3 /home/antonio/Projects/aPlus/src/fs/procfs/procfs_task.o
 .rodata        0x0000000000110a6c        0xa /home/antonio/Projects/aPlus/src/fs/procfs/procfs_cmdline.o
 .rodata        0x0000000000110a76        0x4 /home/antonio/Projects/aPlus/src/fs/procfs/procfs_cwd.o
 .rodata        0x0000000000110a7a       0x10 /home/antonio/Projects/aPlus/src/fs/procfs/procfs_filesystems.o
 .rodata        0x0000000000110a8a        0xa /home/antonio/Projects/aPlus/src/fs/procfs/procfs_environ.o
 .rodata        0x0000000000110a94       0x90 /home/antonio/Projects/aPlus/src/fs/procfs/procfs_meminfo.o
 .rodata        0x0000000000110b24        0x8 /home/antonio/Projects/aPlus/src/fs/procfs/procfs.o
 .rodata        0x0000000000110b2c        0xb /home/antonio/Projects/aPlus/src/fs/procfs/procfs_fd.o
 *fill*         0x0000000000110b37        0x1 
 .rodata        0x0000000000110b38       0xa5 /home/antonio/Projects/aPlus/src/initrd.o
 *fill*         0x0000000000110bdd        0x3 
 .rodata        0x0000000000110be0        0x4 /usr/local/cross/i586-elf/lib/libc.a(lib_a-impure.o)
                0x0000000000110be0                _global_impure_ptr
 .rodata.str1.1
                0x0000000000110be4        0x2 /usr/local/cross/i586-elf/lib/libc.a(lib_a-impure.o)
 *fill*         0x0000000000110be6       0x1a 
 .rodata        0x0000000000110c00       0x70 /usr/local/cross/i586-elf/lib/libc.a(lib_a-mktime.o)
 *fill*         0x0000000000110c70       0x10 
 .rodata        0x0000000000110c80       0x80 /usr/local/cross/i586-elf/lib/libc.a(lib_a-mktm_r.o)
 .rodata.str1.1
                0x0000000000110d00       0x3b /usr/local/cross/i586-elf/lib/libc.a(lib_a-svfprintf.o)
 *fill*         0x0000000000110d3b        0x1 
 .rodata        0x0000000000110d3c      0x184 /usr/local/cross/i586-elf/lib/libc.a(lib_a-svfprintf.o)
 .rodata.str1.1
                0x0000000000110ec0        0x4 /usr/local/cross/i586-elf/lib/libc.a(lib_a-tzvars.o)
 .rodata.str1.1
                0x0000000000110ec4        0xd /usr/local/cross/i586-elf/lib/libc.a(lib_a-dtoa.o)
                                          0xf (size before relaxing)
 *fill*         0x0000000000110ed1        0x3 
 .rodata.cst4   0x0000000000110ed4       0x18 /usr/local/cross/i586-elf/lib/libc.a(lib_a-dtoa.o)
 *fill*         0x0000000000110eec        0x4 
 .rodata.cst8   0x0000000000110ef0       0x18 /usr/local/cross/i586-elf/lib/libc.a(lib_a-dtoa.o)
 .rodata.str1.1
                0x0000000000110f08        0x8 /usr/local/cross/i586-elf/lib/libc.a(lib_a-locale.o)
                                          0xb (size before relaxing)
 *fill*         0x0000000000110f10       0x10 
 .rodata        0x0000000000110f20      0x168 /usr/local/cross/i586-elf/lib/libc.a(lib_a-mprec.o)
                0x0000000000110f40                __mprec_tinytens
                0x0000000000110f80                __mprec_bigtens
                0x0000000000110fc0                __mprec_tens
 .rodata.cst4   0x0000000000000000        0x4 /usr/local/cross/i586-elf/lib/libc.a(lib_a-mprec.o)
 .rodata.str1.1
                0x0000000000000000       0x29 /usr/local/cross/i586-elf/lib/libc.a(lib_a-svfiprintf.o)
 .rodata        0x0000000000111088      0x184 /usr/local/cross/i586-elf/lib/libc.a(lib_a-svfiprintf.o)

.eh_frame       0x000000000011120c     0x29e4
 .eh_frame      0x000000000011120c      0x260 /home/antonio/Projects/aPlus/src/arch/task.o
 .eh_frame      0x000000000011146c      0x474 /home/antonio/Projects/aPlus/src/arch/syscall.o
                                        0x48c (size before relaxing)
 .eh_frame      0x00000000001118e0      0x280 /home/antonio/Projects/aPlus/src/arch/mm.o
                                        0x298 (size before relaxing)
 .eh_frame      0x0000000000111b60      0x154 /home/antonio/Projects/aPlus/src/arch/desc.o
                                        0x16c (size before relaxing)
 .eh_frame      0x0000000000111cb4      0x128 /home/antonio/Projects/aPlus/src/arch/screen.o
                                        0x140 (size before relaxing)
 .eh_frame      0x0000000000111ddc      0x20c /home/antonio/Projects/aPlus/src/vfs.o
                                        0x224 (size before relaxing)
 .eh_frame      0x0000000000111fe8      0x1c4 /home/antonio/Projects/aPlus/src/elf.o
                                        0x1dc (size before relaxing)
 .eh_frame      0x00000000001121ac       0x3c /home/antonio/Projects/aPlus/src/panic.o
                                         0x54 (size before relaxing)
 .eh_frame      0x00000000001121e8      0x734 /home/antonio/Projects/aPlus/src/crt0.o
                                        0x74c (size before relaxing)
 .eh_frame      0x000000000011291c       0xa0 /home/antonio/Projects/aPlus/src/rootfs.o
                                         0xb8 (size before relaxing)
 .eh_frame      0x00000000001129bc       0xc0 /home/antonio/Projects/aPlus/src/tty.o
                                         0xd8 (size before relaxing)
 .eh_frame      0x0000000000112a7c       0x60 /home/antonio/Projects/aPlus/src/spinlock.o
                                         0x78 (size before relaxing)
 .eh_frame      0x0000000000112adc       0x3c /home/antonio/Projects/aPlus/src/main.o
                                         0x54 (size before relaxing)
 .eh_frame      0x0000000000112b18       0x20 /home/antonio/Projects/aPlus/src/fs/initfs/initfs_mount.o
                                         0x38 (size before relaxing)
 .eh_frame      0x0000000000112b38       0x60 /home/antonio/Projects/aPlus/src/fs/initfs/initfs.o
                                         0x78 (size before relaxing)
 .eh_frame      0x0000000000112b98       0xa0 /home/antonio/Projects/aPlus/src/fs/ramdev.o
                                         0xb8 (size before relaxing)
 .eh_frame      0x0000000000112c38       0x20 /home/antonio/Projects/aPlus/src/fs/procfs/procfs_task.o
                                         0x38 (size before relaxing)
 .eh_frame      0x0000000000112c58       0x60 /home/antonio/Projects/aPlus/src/fs/procfs/procfs_cmdline.o
                                         0x78 (size before relaxing)
 .eh_frame      0x0000000000112cb8       0x20 /home/antonio/Projects/aPlus/src/fs/procfs/procfs_mount.o
                                         0x38 (size before relaxing)
 .eh_frame      0x0000000000112cd8       0x20 /home/antonio/Projects/aPlus/src/fs/procfs/procfs_cwd.o
                                         0x38 (size before relaxing)
 .eh_frame      0x0000000000112cf8       0x80 /home/antonio/Projects/aPlus/src/fs/procfs/procfs_filesystems.o
                                         0x98 (size before relaxing)
 .eh_frame      0x0000000000112d78       0x60 /home/antonio/Projects/aPlus/src/fs/procfs/procfs_environ.o
                                         0x78 (size before relaxing)
 .eh_frame      0x0000000000112dd8       0x80 /home/antonio/Projects/aPlus/src/fs/procfs/procfs_meminfo.o
                                         0x98 (size before relaxing)
 .eh_frame      0x0000000000112e58      0x100 /home/antonio/Projects/aPlus/src/fs/procfs/procfs.o
                                        0x118 (size before relaxing)
 .eh_frame      0x0000000000112f58       0x60 /home/antonio/Projects/aPlus/src/fs/procfs/procfs_fd.o
                                         0x78 (size before relaxing)
 .eh_frame      0x0000000000112fb8       0x8c /home/antonio/Projects/aPlus/src/fs/pipe.o
                                         0xa4 (size before relaxing)
 .eh_frame      0x0000000000113044       0x40 /home/antonio/Projects/aPlus/src/initrd.o
                                         0x58 (size before relaxing)
 .eh_frame      0x0000000000113084       0x14 /usr/local/cross/i586-elf/lib/libc.a(lib_a-errno.o)
                                         0x2c (size before relaxing)
 .eh_frame      0x0000000000113098       0x70 /usr/local/cross/i586-elf/lib/libc.a(lib_a-mktime.o)
                                         0x88 (size before relaxing)
 .eh_frame      0x0000000000113108       0x98 /usr/local/cross/i586-elf/lib/libc.a(lib_a-mktm_r.o)
                                         0xb0 (size before relaxing)
 .eh_frame      0x00000000001131a0      0x138 /usr/local/cross/i586-elf/lib/libc.a(lib_a-signal.o)
                                        0x150 (size before relaxing)
 .eh_frame      0x00000000001132d8       0x34 /usr/local/cross/i586-elf/lib/libc.a(lib_a-signalr.o)
                                         0x4c (size before relaxing)
 .eh_frame      0x000000000011330c       0x38 /usr/local/cross/i586-elf/lib/libc.a(lib_a-sprintf.o)
                                         0x50 (size before relaxing)
 .eh_frame      0x0000000000113344       0x2c /usr/local/cross/i586-elf/lib/libc.a(lib_a-strcat.o)
                                         0x44 (size before relaxing)
 .eh_frame      0x0000000000113370       0x24 /usr/local/cross/i586-elf/lib/libc.a(lib_a-strcmp.o)
                                         0x3c (size before relaxing)
 .eh_frame      0x0000000000113394       0x30 /usr/local/cross/i586-elf/lib/libc.a(lib_a-strcpy.o)
                                         0x48 (size before relaxing)
 .eh_frame      0x00000000001133c4       0x18 /usr/local/cross/i586-elf/lib/libc.a(lib_a-strdup.o)
                                         0x30 (size before relaxing)
 .eh_frame      0x00000000001133dc       0x34 /usr/local/cross/i586-elf/lib/libc.a(lib_a-strdup_r.o)
                                         0x4c (size before relaxing)
 .eh_frame      0x0000000000113410       0x4c /usr/local/cross/i586-elf/lib/libc.a(lib_a-strncpy.o)
                                         0x64 (size before relaxing)
 .eh_frame      0x000000000011345c       0x44 /usr/local/cross/i586-elf/lib/libc.a(lib_a-svfprintf.o)
                                         0x5c (size before relaxing)
 .eh_frame      0x00000000001134a0       0x24 /usr/local/cross/i586-elf/lib/libc.a(lib_a-time.o)
                                         0x3c (size before relaxing)
 .eh_frame      0x00000000001134c4       0x28 /usr/local/cross/i586-elf/lib/libc.a(lib_a-tzlock.o)
                                         0x40 (size before relaxing)
 .eh_frame      0x00000000001134ec       0x34 /usr/local/cross/i586-elf/lib/libc.a(lib_a-vsprintf.o)
                                         0x4c (size before relaxing)
 .eh_frame      0x0000000000113520       0x14 /usr/local/cross/i586-elf/lib/libc.a(lib_a-div.o)
                                         0x2c (size before relaxing)
 .eh_frame      0x0000000000113534       0xc4 /usr/local/cross/i586-elf/lib/libc.a(lib_a-dtoa.o)
                                         0xdc (size before relaxing)
 .eh_frame      0x00000000001135f8       0x20 /usr/local/cross/i586-elf/lib/libc.a(lib_a-gettimeofdayr.o)
                                         0x38 (size before relaxing)
 .eh_frame      0x0000000000113618       0x14 /usr/local/cross/i586-elf/lib/libc.a(lib_a-gettzinfo.o)
                                         0x2c (size before relaxing)
 .eh_frame      0x000000000011362c       0xbc /usr/local/cross/i586-elf/lib/libc.a(lib_a-locale.o)
                                         0xd4 (size before relaxing)
 .eh_frame      0x00000000001136e8      0x438 /usr/local/cross/i586-elf/lib/libc.a(lib_a-mprec.o)
                                        0x450 (size before relaxing)
 .eh_frame      0x0000000000113b20       0x20 /usr/local/cross/i586-elf/lib/libc.a(lib_a-s_fpclassify.o)
                                         0x38 (size before relaxing)
 .eh_frame      0x0000000000113b40       0xb0 /usr/local/cross/i586-elf/lib/libc.a(lib_a-svfiprintf.o)
                                         0xc8 (size before relaxing)

.rel.dyn        0x0000000000113bf0        0x0
 .rel.iplt      0x0000000000000000        0x0 /home/antonio/Projects/aPlus/src/arch/task.o
 .rel.text      0x0000000000000000        0x0 /home/antonio/Projects/aPlus/src/arch/task.o
 .rel.multiboot
                0x0000000000000000        0x0 /home/antonio/Projects/aPlus/src/arch/task.o

.data           0x0000000000113c00      0x7dc
                0x0000000000113c00                data = .
                0x0000000000113c00                _data = .
                0x0000000000113c00                __data = .
 *(.data)
 .data          0x0000000000113c00        0x0 /home/antonio/Projects/aPlus/src/arch/task.o
 .data          0x0000000000113c00        0x0 /home/antonio/Projects/aPlus/src/arch/syscall.o
 .data          0x0000000000113c00        0x0 /home/antonio/Projects/aPlus/src/arch/mm.o
 .data          0x0000000000113c00       0x80 /home/antonio/Projects/aPlus/src/arch/desc.o
 .data          0x0000000000113c80      0x206 /home/antonio/Projects/aPlus/src/arch/screen.o
                0x0000000000113c80                vkscan
                0x0000000000113e80                videoattr
 .data          0x0000000000113e86        0x0 /home/antonio/Projects/aPlus/src/vfs.o
 .data          0x0000000000113e86        0x0 /home/antonio/Projects/aPlus/src/elf.o
 .data          0x0000000000113e86        0x0 /home/antonio/Projects/aPlus/src/panic.o
 .data          0x0000000000113e86        0x0 /home/antonio/Projects/aPlus/src/crt0.o
 .data          0x0000000000113e86        0x0 /home/antonio/Projects/aPlus/src/rootfs.o
 .data          0x0000000000113e86        0x1 /home/antonio/Projects/aPlus/src/tty.o
 .data          0x0000000000113e87        0x0 /home/antonio/Projects/aPlus/src/spinlock.o
 *fill*         0x0000000000113e87        0x1 
 .data          0x0000000000113e88       0x20 /home/antonio/Projects/aPlus/src/main.o
 .data          0x0000000000113ea8        0x0 /home/antonio/Projects/aPlus/src/fs/initfs/initfs_mount.o
 .data          0x0000000000113ea8        0x0 /home/antonio/Projects/aPlus/src/fs/initfs/initfs.o
 .data          0x0000000000113ea8        0x0 /home/antonio/Projects/aPlus/src/fs/ramdev.o
 .data          0x0000000000113ea8        0x0 /home/antonio/Projects/aPlus/src/fs/procfs/procfs_task.o
 .data          0x0000000000113ea8        0x0 /home/antonio/Projects/aPlus/src/fs/procfs/procfs_cmdline.o
 .data          0x0000000000113ea8        0x0 /home/antonio/Projects/aPlus/src/fs/procfs/procfs_mount.o
 .data          0x0000000000113ea8        0x0 /home/antonio/Projects/aPlus/src/fs/procfs/procfs_cwd.o
 .data          0x0000000000113ea8        0x0 /home/antonio/Projects/aPlus/src/fs/procfs/procfs_filesystems.o
 .data          0x0000000000113ea8        0x0 /home/antonio/Projects/aPlus/src/fs/procfs/procfs_environ.o
 .data          0x0000000000113ea8        0x0 /home/antonio/Projects/aPlus/src/fs/procfs/procfs_meminfo.o
 .data          0x0000000000113ea8        0x0 /home/antonio/Projects/aPlus/src/fs/procfs/procfs.o
 .data          0x0000000000113ea8        0x0 /home/antonio/Projects/aPlus/src/fs/procfs/procfs_fd.o
 .data          0x0000000000113ea8        0x0 /home/antonio/Projects/aPlus/src/fs/pipe.o
 .data          0x0000000000113ea8        0x0 /home/antonio/Projects/aPlus/src/initrd.o
 .data          0x0000000000113ea8        0x0 /usr/local/cross/i586-elf/lib/libc.a(lib_a-errno.o)
 *fill*         0x0000000000113ea8       0x18 
 .data          0x0000000000113ec0      0x444 /usr/local/cross/i586-elf/lib/libc.a(lib_a-impure.o)
                0x0000000000113ec0                _impure_ptr
 .data          0x0000000000114304        0x0 /usr/local/cross/i586-elf/lib/libc.a(lib_a-memcpy.o)
 .data          0x0000000000114304        0x0 /usr/local/cross/i586-elf/lib/libc.a(lib_a-memset.o)
 .data          0x0000000000114304        0x0 /usr/local/cross/i586-elf/lib/libc.a(lib_a-mktime.o)
 .data          0x0000000000114304        0x0 /usr/local/cross/i586-elf/lib/libc.a(lib_a-mktm_r.o)
 .data          0x0000000000114304        0x0 /usr/local/cross/i586-elf/lib/libc.a(lib_a-signal.o)
 .data          0x0000000000114304        0x0 /usr/local/cross/i586-elf/lib/libc.a(lib_a-signalr.o)
 .data          0x0000000000114304        0x0 /usr/local/cross/i586-elf/lib/libc.a(lib_a-sprintf.o)
 .data          0x0000000000114304        0x0 /usr/local/cross/i586-elf/lib/libc.a(lib_a-strcat.o)
 .data          0x0000000000114304        0x0 /usr/local/cross/i586-elf/lib/libc.a(lib_a-strchr.o)
 .data          0x0000000000114304        0x0 /usr/local/cross/i586-elf/lib/libc.a(lib_a-strcmp.o)
 .data          0x0000000000114304        0x0 /usr/local/cross/i586-elf/lib/libc.a(lib_a-strcpy.o)
 .data          0x0000000000114304        0x0 /usr/local/cross/i586-elf/lib/libc.a(lib_a-strdup.o)
 .data          0x0000000000114304        0x0 /usr/local/cross/i586-elf/lib/libc.a(lib_a-strdup_r.o)
 .data          0x0000000000114304        0x0 /usr/local/cross/i586-elf/lib/libc.a(lib_a-strlen.o)
 .data          0x0000000000114304        0x0 /usr/local/cross/i586-elf/lib/libc.a(lib_a-strncpy.o)
 .data          0x0000000000114304        0x0 /usr/local/cross/i586-elf/lib/libc.a(lib_a-svfprintf.o)
 .data          0x0000000000114304        0x0 /usr/local/cross/i586-elf/lib/libc.a(lib_a-time.o)
 .data          0x0000000000114304        0x0 /usr/local/cross/i586-elf/lib/libc.a(lib_a-tzlock.o)
 .data          0x0000000000114304        0x8 /usr/local/cross/i586-elf/lib/libc.a(lib_a-tzvars.o)
                0x0000000000114304                _tzname
 .data          0x000000000011430c        0x0 /usr/local/cross/i586-elf/lib/libc.a(lib_a-vsprintf.o)
 .data          0x000000000011430c        0x0 /usr/local/cross/i586-elf/lib/libc.a(lib_a-div.o)
 .data          0x000000000011430c        0x0 /usr/local/cross/i586-elf/lib/libc.a(lib_a-dtoa.o)
 .data          0x000000000011430c        0x0 /usr/local/cross/i586-elf/lib/libc.a(lib_a-gettimeofdayr.o)
 *fill*         0x000000000011430c       0x14 
 .data          0x0000000000114320       0x40 /usr/local/cross/i586-elf/lib/libc.a(lib_a-gettzinfo.o)
 .data          0x0000000000114360       0x7c /usr/local/cross/i586-elf/lib/libc.a(lib_a-locale.o)
                0x00000000001143d8                __mb_cur_max
 .data          0x00000000001143dc        0x0 /usr/local/cross/i586-elf/lib/libc.a(lib_a-memchr.o)
 .data          0x00000000001143dc        0x0 /usr/local/cross/i586-elf/lib/libc.a(lib_a-mprec.o)
 .data          0x00000000001143dc        0x0 /usr/local/cross/i586-elf/lib/libc.a(lib_a-s_fpclassify.o)
 .data          0x00000000001143dc        0x0 /usr/local/cross/i586-elf/lib/libc.a(lib_a-svfiprintf.o)
 .data          0x00000000001143dc        0x0 /usr/local/cross/i586-elf/lib/libc.a(lib_a-memmove.o)

.igot.plt       0x00000000001143dc        0x0
 .igot.plt      0x0000000000000000        0x0 /home/antonio/Projects/aPlus/src/arch/task.o

.bss            0x00000000001143e0     0x6a14
                0x00000000001143e0                bss = .
                0x00000000001143e0                _bss = .
                0x00000000001143e0                __bss = .
 *(COMMON)
 COMMON         0x00000000001143e0        0x4 /home/antonio/Projects/aPlus/src/vfs.o
                0x00000000001143e0                fs_root
 COMMON         0x00000000001143e4        0x4 /home/antonio/Projects/aPlus/src/crt0.o
                0x00000000001143e4                errno
 *(.bss)
 *fill*         0x00000000001143e8       0x18 
 .bss           0x0000000000114400      0x420 /home/antonio/Projects/aPlus/src/arch/task.o
                0x0000000000114400                current_task
                0x0000000000114404                task_queue
                0x0000000000114408                kernel_task
 .bss           0x0000000000114820      0x404 /home/antonio/Projects/aPlus/src/arch/syscall.o
 *fill*         0x0000000000114c24       0x1c 
 .bss           0x0000000000114c40      0x420 /home/antonio/Projects/aPlus/src/arch/mm.o
                0x0000000000114c40                mm_totalmemory
                0x0000000000114c44                mm_usedmemory
                0x0000000000114c48                mm_directory
                0x0000000000114c4c                kernel_directory
 .bss           0x0000000000115060      0x8e4 /home/antonio/Projects/aPlus/src/arch/desc.o
                0x0000000000115060                keyboard_ready
 .bss           0x0000000000115944       0x1c /home/antonio/Projects/aPlus/src/arch/screen.o
                0x0000000000115944                videopos
 .bss           0x0000000000115960        0x4 /home/antonio/Projects/aPlus/src/vfs.o
 *fill*         0x0000000000115964       0x1c 
 .bss           0x0000000000115980      0x400 /home/antonio/Projects/aPlus/src/elf.o
 .bss           0x0000000000115d80      0x400 /home/antonio/Projects/aPlus/src/panic.o
 .bss           0x0000000000116180        0x4 /home/antonio/Projects/aPlus/src/crt0.o
 .bss           0x0000000000116184        0x4 /home/antonio/Projects/aPlus/src/rootfs.o
                0x0000000000116184                rootfs_queue
 *fill*         0x0000000000116188       0x18 
 .bss           0x00000000001161a0      0x400 /home/antonio/Projects/aPlus/src/tty.o
 .bss           0x00000000001165a0        0x0 /home/antonio/Projects/aPlus/src/spinlock.o
 .bss           0x00000000001165a0        0x4 /home/antonio/Projects/aPlus/src/main.o
                0x00000000001165a0                end_kernel
 .bss           0x00000000001165a4        0x0 /home/antonio/Projects/aPlus/src/fs/initfs/initfs_mount.o
 .bss           0x00000000001165a4        0x0 /home/antonio/Projects/aPlus/src/fs/initfs/initfs.o
 *fill*         0x00000000001165a4       0x1c 
 .bss           0x00000000001165c0      0x400 /home/antonio/Projects/aPlus/src/fs/ramdev.o
 .bss           0x00000000001169c0        0x0 /home/antonio/Projects/aPlus/src/fs/procfs/procfs_task.o
 .bss           0x00000000001169c0        0x0 /home/antonio/Projects/aPlus/src/fs/procfs/procfs_cmdline.o
 .bss           0x00000000001169c0        0x0 /home/antonio/Projects/aPlus/src/fs/procfs/procfs_mount.o
 .bss           0x00000000001169c0        0x0 /home/antonio/Projects/aPlus/src/fs/procfs/procfs_cwd.o
 .bss           0x00000000001169c0        0x0 /home/antonio/Projects/aPlus/src/fs/procfs/procfs_filesystems.o
 .bss           0x00000000001169c0        0x0 /home/antonio/Projects/aPlus/src/fs/procfs/procfs_environ.o
 .bss           0x00000000001169c0        0x0 /home/antonio/Projects/aPlus/src/fs/procfs/procfs_meminfo.o
 .bss           0x00000000001169c0       0x10 /home/antonio/Projects/aPlus/src/fs/procfs/procfs.o
 .bss           0x00000000001169d0       0x10 /home/antonio/Projects/aPlus/src/fs/procfs/procfs_fd.o
 .bss           0x00000000001169e0        0x0 /home/antonio/Projects/aPlus/src/fs/pipe.o
 .bss           0x00000000001169e0      0x400 /home/antonio/Projects/aPlus/src/initrd.o
 .bss           0x0000000000116de0     0x4000 /home/antonio/Projects/aPlus/src/arch/loader.o
                0x000000000011ade0                initial_stack_ptr
 .bss           0x000000000011ade0        0x0 /usr/local/cross/i586-elf/lib/libc.a(lib_a-errno.o)
 .bss           0x000000000011ade0        0x0 /usr/local/cross/i586-elf/lib/libc.a(lib_a-impure.o)
 .bss           0x000000000011ade0        0x0 /usr/local/cross/i586-elf/lib/libc.a(lib_a-memcpy.o)
 .bss           0x000000000011ade0        0x0 /usr/local/cross/i586-elf/lib/libc.a(lib_a-memset.o)
 .bss           0x000000000011ade0        0x0 /usr/local/cross/i586-elf/lib/libc.a(lib_a-mktime.o)
 .bss           0x000000000011ade0        0x0 /usr/local/cross/i586-elf/lib/libc.a(lib_a-mktm_r.o)
 .bss           0x000000000011ade0        0x0 /usr/local/cross/i586-elf/lib/libc.a(lib_a-signal.o)
 .bss           0x000000000011ade0        0x0 /usr/local/cross/i586-elf/lib/libc.a(lib_a-signalr.o)
 .bss           0x000000000011ade0        0x0 /usr/local/cross/i586-elf/lib/libc.a(lib_a-sprintf.o)
 .bss           0x000000000011ade0        0x0 /usr/local/cross/i586-elf/lib/libc.a(lib_a-strcat.o)
 .bss           0x000000000011ade0        0x0 /usr/local/cross/i586-elf/lib/libc.a(lib_a-strchr.o)
 .bss           0x000000000011ade0        0x0 /usr/local/cross/i586-elf/lib/libc.a(lib_a-strcmp.o)
 .bss           0x000000000011ade0        0x0 /usr/local/cross/i586-elf/lib/libc.a(lib_a-strcpy.o)
 .bss           0x000000000011ade0        0x0 /usr/local/cross/i586-elf/lib/libc.a(lib_a-strdup.o)
 .bss           0x000000000011ade0        0x0 /usr/local/cross/i586-elf/lib/libc.a(lib_a-strdup_r.o)
 .bss           0x000000000011ade0        0x0 /usr/local/cross/i586-elf/lib/libc.a(lib_a-strlen.o)
 .bss           0x000000000011ade0        0x0 /usr/local/cross/i586-elf/lib/libc.a(lib_a-strncpy.o)
 .bss           0x000000000011ade0        0x0 /usr/local/cross/i586-elf/lib/libc.a(lib_a-svfprintf.o)
 .bss           0x000000000011ade0        0x0 /usr/local/cross/i586-elf/lib/libc.a(lib_a-time.o)
 .bss           0x000000000011ade0        0x0 /usr/local/cross/i586-elf/lib/libc.a(lib_a-tzlock.o)
 .bss           0x000000000011ade0        0x8 /usr/local/cross/i586-elf/lib/libc.a(lib_a-tzvars.o)
                0x000000000011ade0                _timezone
                0x000000000011ade4                _daylight
 .bss           0x000000000011ade8        0x0 /usr/local/cross/i586-elf/lib/libc.a(lib_a-vsprintf.o)
 .bss           0x000000000011ade8        0x0 /usr/local/cross/i586-elf/lib/libc.a(lib_a-div.o)
 .bss           0x000000000011ade8        0x0 /usr/local/cross/i586-elf/lib/libc.a(lib_a-dtoa.o)
 .bss           0x000000000011ade8        0x0 /usr/local/cross/i586-elf/lib/libc.a(lib_a-gettimeofdayr.o)
 .bss           0x000000000011ade8        0x0 /usr/local/cross/i586-elf/lib/libc.a(lib_a-gettzinfo.o)
 .bss           0x000000000011ade8        0xc /usr/local/cross/i586-elf/lib/libc.a(lib_a-locale.o)
                0x000000000011ade8                _PathLocale
                0x000000000011adec                __mlocale_changed
                0x000000000011adf0                __nlocale_changed
 .bss           0x000000000011adf4        0x0 /usr/local/cross/i586-elf/lib/libc.a(lib_a-memchr.o)
 .bss           0x000000000011adf4        0x0 /usr/local/cross/i586-elf/lib/libc.a(lib_a-mprec.o)
 .bss           0x000000000011adf4        0x0 /usr/local/cross/i586-elf/lib/libc.a(lib_a-s_fpclassify.o)
 .bss           0x000000000011adf4        0x0 /usr/local/cross/i586-elf/lib/libc.a(lib_a-svfiprintf.o)
 .bss           0x000000000011adf4        0x0 /usr/local/cross/i586-elf/lib/libc.a(lib_a-memmove.o)
                0x000000000011b000                . = ALIGN (0x1000)
                0x000000000011c000                . = (. + 0x1000)

.syscall_handlers
                0x000000000011c000      0x180
                0x000000000011c000                syscall_handlers_start = .
                0x000000000011c000                _syscall_handlers_start = .
                0x000000000011c000                __syscall_handlers_start = .
 *(.syscall_handlers)
 .syscall_handlers
                0x000000000011c000      0x180 /home/antonio/Projects/aPlus/src/arch/syscall.o
                0x000000000011c000                syscall_handler__exit
                0x000000000011c00c                syscall_handler__chown
                0x000000000011c018                syscall_handler__close
                0x000000000011c024                syscall_handler(...)(long long,...)(char, void,...)
                0x000000000011c030                syscall_handler__fork
                0x000000000011c03c                syscall_handler__fstat
                0x000000000011c048                syscall_handler__getpid
                0x000000000011c054                syscall_handler_gettimeofday
                0x000000000011c060                syscall_handler__kill
                0x000000000011c06c                syscall_handler__link
                0x000000000011c078                syscall_handler__lseek
                0x000000000011c084                syscall_handler__open
                0x000000000011c090                syscall_handler__read
                0x000000000011c09c                syscall_handler__readlink
                0x000000000011c0a8                syscall_handler__stat
                0x000000000011c0b4                syscall_handler__symlink
                0x000000000011c0c0                syscall_handler__times
                0x000000000011c0cc                syscall_handler__unlink
                0x000000000011c0d8                syscall_handler__wait
                0x000000000011c0e4                syscall_handler__write
                0x000000000011c0f0                syscall_handler__readdir
                0x000000000011c0fc                syscall_handler_ioctl
                0x000000000011c108                syscall_handler_mount
                0x000000000011c114                syscall_handler_umount
                0x000000000011c120                syscall_handler_tell
                0x000000000011c12c                syscall_handler___get_argv
                0x000000000011c138                syscall_handler___get_env
                0x000000000011c144                syscall_handler_pipe
                0x000000000011c150                syscall_handler_chdir
                0x000000000011c15c                syscall_handler___install_signal_handler
                0x000000000011c168                syscall_handler_malloc
                0x000000000011c174                syscall_handler_free
                0x000000000011c180                syscall_handlers_end = .
                0x000000000011c180                _syscall_handlers_end = .
                0x000000000011c180                __syscall_handlers_end = .
                0x000000000011d180                . = (. + 0x1000)
                0x000000000011e000                . = ALIGN (0x1000)

.fsys           0x000000000011e000      0x240
                0x000000000011e000                fsys_start = .
                0x000000000011e000                _fsys_start = .
                0x000000000011e000                __fsys_start = .
 *(.fsys)
 .fsys          0x000000000011e000      0x120 /home/antonio/Projects/aPlus/src/fs/initfs/initfs_mount.o
                0x000000000011e000                fsys_initfs
 .fsys          0x000000000011e120      0x120 /home/antonio/Projects/aPlus/src/fs/procfs/procfs_mount.o
                0x000000000011e120                fsys_procfs
                0x000000000011e240                fsys_end = .
                0x000000000011e240                _fsys_end = .
                0x000000000011e240                __fsys_end = .
                0x000000000011f000                . = ALIGN (0x1000)
                0x0000000000120000                . = (. + 0x1000)

.kernel_symbols
                0x0000000000120000       0x38
                0x0000000000120000                kernel_symbols_start = .
                0x0000000000120000                _kernel_symbols_start = .
                0x0000000000120000                __kernel_symbols_start = .
 *(.kernel_symbols)
 .kernel_symbols
                0x0000000000120000       0x38 /home/antonio/Projects/aPlus/src/arch/task.o
                0x0000000000120000                kernel_symbol__task_zombie
                0x0000000000120008                kernel_symbol__task_idle
                0x0000000000120010                kernel_symbol__task_wakeup
                0x0000000000120018                kernel_symbol__task_waitpid
                0x0000000000120020                kernel_symbol__task_setpriority
                0x0000000000120028                kernel_symbol__sched_enable
                0x0000000000120030                kernel_symbol__sched_disable
                0x0000000000120038                kernel_symbols_end = .
                0x0000000000120038                _kernel_symbols_end = .
                0x0000000000120038                __kernel_symbols_end = .
                0x0000000000121000                . = ALIGN (0x1000)
                0x0000000000122000                . = (. + 0x1000)
                0x0000000000122000                end = .
                0x0000000000122000                _end = .
                0x0000000000122000                __end = .
LOAD /home/antonio/Projects/aPlus/src/arch/task.o
LOAD /home/antonio/Projects/aPlus/src/arch/syscall.o
LOAD /home/antonio/Projects/aPlus/src/arch/mm.o
LOAD /home/antonio/Projects/aPlus/src/arch/desc.o
LOAD /home/antonio/Projects/aPlus/src/arch/screen.o
LOAD /home/antonio/Projects/aPlus/src/vfs.o
LOAD /home/antonio/Projects/aPlus/src/elf.o
LOAD /home/antonio/Projects/aPlus/src/panic.o
LOAD /home/antonio/Projects/aPlus/src/crt0.o
LOAD /home/antonio/Projects/aPlus/src/rootfs.o
LOAD /home/antonio/Projects/aPlus/src/tty.o
LOAD /home/antonio/Projects/aPlus/src/spinlock.o
LOAD /home/antonio/Projects/aPlus/src/main.o
LOAD /home/antonio/Projects/aPlus/src/fs/initfs/initfs_mount.o
LOAD /home/antonio/Projects/aPlus/src/fs/initfs/initfs.o
LOAD /home/antonio/Projects/aPlus/src/fs/ramdev.o
LOAD /home/antonio/Projects/aPlus/src/fs/procfs/procfs_task.o
LOAD /home/antonio/Projects/aPlus/src/fs/procfs/procfs_cmdline.o
LOAD /home/antonio/Projects/aPlus/src/fs/procfs/procfs_mount.o
LOAD /home/antonio/Projects/aPlus/src/fs/procfs/procfs_cwd.o
LOAD /home/antonio/Projects/aPlus/src/fs/procfs/procfs_filesystems.o
LOAD /home/antonio/Projects/aPlus/src/fs/procfs/procfs_environ.o
LOAD /home/antonio/Projects/aPlus/src/fs/procfs/procfs_meminfo.o
LOAD /home/antonio/Projects/aPlus/src/fs/procfs/procfs.o
LOAD /home/antonio/Projects/aPlus/src/fs/procfs/procfs_fd.o
LOAD /home/antonio/Projects/aPlus/src/fs/pipe.o
LOAD /home/antonio/Projects/aPlus/src/initrd.o
LOAD /home/antonio/Projects/aPlus/src/arch/loader.o
LOAD /home/antonio/Projects/aPlus/src/arch/_desc.o
LOAD /usr/local/cross/i586-elf/lib/libx86.a
LOAD /usr/local/cross/i586-elf/lib/libm.a
LOAD /usr/local/cross/i586-elf/lib/libc.a
LOAD /usr/local/cross/lib/gcc/i586-elf/4.8.2//libgcc.a
OUTPUT(/home/antonio/Projects/aPlus/bin/aplus.elf elf32-i386)

.comment        0x0000000000000000       0x11
 .comment       0x0000000000000000       0x11 /home/antonio/Projects/aPlus/src/arch/task.o
                                         0x12 (size before relaxing)
 .comment       0x0000000000000000       0x12 /home/antonio/Projects/aPlus/src/arch/syscall.o
 .comment       0x0000000000000000       0x12 /home/antonio/Projects/aPlus/src/arch/mm.o
 .comment       0x0000000000000000       0x12 /home/antonio/Projects/aPlus/src/arch/desc.o
 .comment       0x0000000000000000       0x12 /home/antonio/Projects/aPlus/src/arch/screen.o
 .comment       0x0000000000000000       0x12 /home/antonio/Projects/aPlus/src/vfs.o
 .comment       0x0000000000000000       0x12 /home/antonio/Projects/aPlus/src/elf.o
 .comment       0x0000000000000000       0x12 /home/antonio/Projects/aPlus/src/panic.o
 .comment       0x0000000000000000       0x12 /home/antonio/Projects/aPlus/src/crt0.o
 .comment       0x0000000000000000       0x12 /home/antonio/Projects/aPlus/src/rootfs.o
 .comment       0x0000000000000000       0x12 /home/antonio/Projects/aPlus/src/tty.o
 .comment       0x0000000000000000       0x12 /home/antonio/Projects/aPlus/src/spinlock.o
 .comment       0x0000000000000000       0x12 /home/antonio/Projects/aPlus/src/main.o
 .comment       0x0000000000000000       0x12 /home/antonio/Projects/aPlus/src/fs/initfs/initfs_mount.o
 .comment       0x0000000000000000       0x12 /home/antonio/Projects/aPlus/src/fs/initfs/initfs.o
 .comment       0x0000000000000000       0x12 /home/antonio/Projects/aPlus/src/fs/ramdev.o
 .comment       0x0000000000000000       0x12 /home/antonio/Projects/aPlus/src/fs/procfs/procfs_task.o
 .comment       0x0000000000000000       0x12 /home/antonio/Projects/aPlus/src/fs/procfs/procfs_cmdline.o
 .comment       0x0000000000000000       0x12 /home/antonio/Projects/aPlus/src/fs/procfs/procfs_mount.o
 .comment       0x0000000000000000       0x12 /home/antonio/Projects/aPlus/src/fs/procfs/procfs_cwd.o
 .comment       0x0000000000000000       0x12 /home/antonio/Projects/aPlus/src/fs/procfs/procfs_filesystems.o
 .comment       0x0000000000000000       0x12 /home/antonio/Projects/aPlus/src/fs/procfs/procfs_environ.o
 .comment       0x0000000000000000       0x12 /home/antonio/Projects/aPlus/src/fs/procfs/procfs_meminfo.o
 .comment       0x0000000000000000       0x12 /home/antonio/Projects/aPlus/src/fs/procfs/procfs.o
 .comment       0x0000000000000000       0x12 /home/antonio/Projects/aPlus/src/fs/procfs/procfs_fd.o
 .comment       0x0000000000000000       0x12 /home/antonio/Projects/aPlus/src/fs/pipe.o
 .comment       0x0000000000000000       0x12 /home/antonio/Projects/aPlus/src/initrd.o
 .comment       0x0000000000000000       0x12 /usr/local/cross/i586-elf/lib/libc.a(lib_a-errno.o)
 .comment       0x0000000000000000       0x12 /usr/local/cross/i586-elf/lib/libc.a(lib_a-impure.o)
 .comment       0x0000000000000000       0x12 /usr/local/cross/i586-elf/lib/libc.a(lib_a-mktime.o)
 .comment       0x0000000000000000       0x12 /usr/local/cross/i586-elf/lib/libc.a(lib_a-mktm_r.o)
 .comment       0x0000000000000000       0x12 /usr/local/cross/i586-elf/lib/libc.a(lib_a-signal.o)
 .comment       0x0000000000000000       0x12 /usr/local/cross/i586-elf/lib/libc.a(lib_a-signalr.o)
 .comment       0x0000000000000000       0x12 /usr/local/cross/i586-elf/lib/libc.a(lib_a-sprintf.o)
 .comment       0x0000000000000000       0x12 /usr/local/cross/i586-elf/lib/libc.a(lib_a-strcat.o)
 .comment       0x0000000000000000       0x12 /usr/local/cross/i586-elf/lib/libc.a(lib_a-strcmp.o)
 .comment       0x0000000000000000       0x12 /usr/local/cross/i586-elf/lib/libc.a(lib_a-strcpy.o)
 .comment       0x0000000000000000       0x12 /usr/local/cross/i586-elf/lib/libc.a(lib_a-strdup.o)
 .comment       0x0000000000000000       0x12 /usr/local/cross/i586-elf/lib/libc.a(lib_a-strdup_r.o)
 .comment       0x0000000000000000       0x12 /usr/local/cross/i586-elf/lib/libc.a(lib_a-strncpy.o)
 .comment       0x0000000000000000       0x12 /usr/local/cross/i586-elf/lib/libc.a(lib_a-svfprintf.o)
 .comment       0x0000000000000000       0x12 /usr/local/cross/i586-elf/lib/libc.a(lib_a-time.o)
 .comment       0x0000000000000000       0x12 /usr/local/cross/i586-elf/lib/libc.a(lib_a-tzlock.o)
 .comment       0x0000000000000000       0x12 /usr/local/cross/i586-elf/lib/libc.a(lib_a-tzvars.o)
 .comment       0x0000000000000000       0x12 /usr/local/cross/i586-elf/lib/libc.a(lib_a-vsprintf.o)
 .comment       0x0000000000000000       0x12 /usr/local/cross/i586-elf/lib/libc.a(lib_a-div.o)
 .comment       0x0000000000000000       0x12 /usr/local/cross/i586-elf/lib/libc.a(lib_a-dtoa.o)
 .comment       0x0000000000000000       0x12 /usr/local/cross/i586-elf/lib/libc.a(lib_a-gettimeofdayr.o)
 .comment       0x0000000000000000       0x12 /usr/local/cross/i586-elf/lib/libc.a(lib_a-gettzinfo.o)
 .comment       0x0000000000000000       0x12 /usr/local/cross/i586-elf/lib/libc.a(lib_a-locale.o)
 .comment       0x0000000000000000       0x12 /usr/local/cross/i586-elf/lib/libc.a(lib_a-mprec.o)
 .comment       0x0000000000000000       0x12 /usr/local/cross/i586-elf/lib/libc.a(lib_a-s_fpclassify.o)
 .comment       0x0000000000000000       0x12 /usr/local/cross/i586-elf/lib/libc.a(lib_a-svfiprintf.o)

.debug_info     0x0000000000000000     0xd0e7
 .debug_info    0x0000000000000000      0x889 /usr/local/cross/i586-elf/lib/libc.a(lib_a-errno.o)
 .debug_info    0x0000000000000889      0x894 /usr/local/cross/i586-elf/lib/libc.a(lib_a-impure.o)
 .debug_info    0x000000000000111d       0x9f /usr/local/cross/i586-elf/lib/libc.a(lib_a-memcpy.o)
 .debug_info    0x00000000000011bc       0x9f /usr/local/cross/i586-elf/lib/libc.a(lib_a-memset.o)
 .debug_info    0x000000000000125b      0x462 /usr/local/cross/i586-elf/lib/libc.a(lib_a-mktime.o)
 .debug_info    0x00000000000016bd      0x439 /usr/local/cross/i586-elf/lib/libc.a(lib_a-mktm_r.o)
 .debug_info    0x0000000000001af6      0xb83 /usr/local/cross/i586-elf/lib/libc.a(lib_a-signal.o)
 .debug_info    0x0000000000002679      0x94c /usr/local/cross/i586-elf/lib/libc.a(lib_a-signalr.o)
 .debug_info    0x0000000000002fc5      0x9e5 /usr/local/cross/i586-elf/lib/libc.a(lib_a-sprintf.o)
 .debug_info    0x00000000000039aa      0x118 /usr/local/cross/i586-elf/lib/libc.a(lib_a-strcat.o)
 .debug_info    0x0000000000003ac2       0x9f /usr/local/cross/i586-elf/lib/libc.a(lib_a-strchr.o)
 .debug_info    0x0000000000003b61       0xdd /usr/local/cross/i586-elf/lib/libc.a(lib_a-strcmp.o)
 .debug_info    0x0000000000003c3e      0x10f /usr/local/cross/i586-elf/lib/libc.a(lib_a-strcpy.o)
 .debug_info    0x0000000000003d4d      0x8be /usr/local/cross/i586-elf/lib/libc.a(lib_a-strdup.o)
 .debug_info    0x000000000000460b      0x963 /usr/local/cross/i586-elf/lib/libc.a(lib_a-strdup_r.o)
 .debug_info    0x0000000000004f6e       0x9f /usr/local/cross/i586-elf/lib/libc.a(lib_a-strlen.o)
 .debug_info    0x000000000000500d      0x129 /usr/local/cross/i586-elf/lib/libc.a(lib_a-strncpy.o)
 .debug_info    0x0000000000005136     0x16e3 /usr/local/cross/i586-elf/lib/libc.a(lib_a-svfprintf.o)
 .debug_info    0x0000000000006819      0x920 /usr/local/cross/i586-elf/lib/libc.a(lib_a-time.o)
 .debug_info    0x0000000000007139       0xa8 /usr/local/cross/i586-elf/lib/libc.a(lib_a-tzlock.o)
 .debug_info    0x00000000000071e1       0xbb /usr/local/cross/i586-elf/lib/libc.a(lib_a-tzvars.o)
 .debug_info    0x000000000000729c      0x9be /usr/local/cross/i586-elf/lib/libc.a(lib_a-vsprintf.o)
 .debug_info    0x0000000000007c5a       0xe5 /usr/local/cross/i586-elf/lib/libc.a(lib_a-div.o)
 .debug_info    0x0000000000007d3f     0x1398 /usr/local/cross/i586-elf/lib/libc.a(lib_a-dtoa.o)
 .debug_info    0x00000000000090d7      0x930 /usr/local/cross/i586-elf/lib/libc.a(lib_a-gettimeofdayr.o)
 .debug_info    0x0000000000009a07      0x160 /usr/local/cross/i586-elf/lib/libc.a(lib_a-gettzinfo.o)
 .debug_info    0x0000000000009b67      0xbe7 /usr/local/cross/i586-elf/lib/libc.a(lib_a-locale.o)
 .debug_info    0x000000000000a74e       0x9f /usr/local/cross/i586-elf/lib/libc.a(lib_a-memchr.o)
 .debug_info    0x000000000000a7ed     0x16c0 /usr/local/cross/i586-elf/lib/libc.a(lib_a-mprec.o)
 .debug_info    0x000000000000bead      0x145 /usr/local/cross/i586-elf/lib/libc.a(lib_a-s_fpclassify.o)
 .debug_info    0x000000000000bff2     0x1055 /usr/local/cross/i586-elf/lib/libc.a(lib_a-svfiprintf.o)
 .debug_info    0x000000000000d047       0xa0 /usr/local/cross/i586-elf/lib/libc.a(lib_a-memmove.o)

.debug_abbrev   0x0000000000000000     0x2b52
 .debug_abbrev  0x0000000000000000      0x18f /usr/local/cross/i586-elf/lib/libc.a(lib_a-errno.o)
 .debug_abbrev  0x000000000000018f      0x180 /usr/local/cross/i586-elf/lib/libc.a(lib_a-impure.o)
 .debug_abbrev  0x000000000000030f       0x14 /usr/local/cross/i586-elf/lib/libc.a(lib_a-memcpy.o)
 .debug_abbrev  0x0000000000000323       0x14 /usr/local/cross/i586-elf/lib/libc.a(lib_a-memset.o)
 .debug_abbrev  0x0000000000000337      0x1c6 /usr/local/cross/i586-elf/lib/libc.a(lib_a-mktime.o)
 .debug_abbrev  0x00000000000004fd      0x15c /usr/local/cross/i586-elf/lib/libc.a(lib_a-mktm_r.o)
 .debug_abbrev  0x0000000000000659      0x28c /usr/local/cross/i586-elf/lib/libc.a(lib_a-signal.o)
 .debug_abbrev  0x00000000000008e5      0x20c /usr/local/cross/i586-elf/lib/libc.a(lib_a-signalr.o)
 .debug_abbrev  0x0000000000000af1      0x216 /usr/local/cross/i586-elf/lib/libc.a(lib_a-sprintf.o)
 .debug_abbrev  0x0000000000000d07       0xce /usr/local/cross/i586-elf/lib/libc.a(lib_a-strcat.o)
 .debug_abbrev  0x0000000000000dd5       0x14 /usr/local/cross/i586-elf/lib/libc.a(lib_a-strchr.o)
 .debug_abbrev  0x0000000000000de9       0x74 /usr/local/cross/i586-elf/lib/libc.a(lib_a-strcmp.o)
 .debug_abbrev  0x0000000000000e5d       0x92 /usr/local/cross/i586-elf/lib/libc.a(lib_a-strcpy.o)
 .debug_abbrev  0x0000000000000eef      0x1ca /usr/local/cross/i586-elf/lib/libc.a(lib_a-strdup.o)
 .debug_abbrev  0x00000000000010b9      0x20d /usr/local/cross/i586-elf/lib/libc.a(lib_a-strdup_r.o)
 .debug_abbrev  0x00000000000012c6       0x14 /usr/local/cross/i586-elf/lib/libc.a(lib_a-strlen.o)
 .debug_abbrev  0x00000000000012da       0x9f /usr/local/cross/i586-elf/lib/libc.a(lib_a-strncpy.o)
 .debug_abbrev  0x0000000000001379      0x371 /usr/local/cross/i586-elf/lib/libc.a(lib_a-svfprintf.o)
 .debug_abbrev  0x00000000000016ea      0x1db /usr/local/cross/i586-elf/lib/libc.a(lib_a-time.o)
 .debug_abbrev  0x00000000000018c5       0x51 /usr/local/cross/i586-elf/lib/libc.a(lib_a-tzlock.o)
 .debug_abbrev  0x0000000000001916       0x52 /usr/local/cross/i586-elf/lib/libc.a(lib_a-tzvars.o)
 .debug_abbrev  0x0000000000001968      0x202 /usr/local/cross/i586-elf/lib/libc.a(lib_a-vsprintf.o)
 .debug_abbrev  0x0000000000001b6a       0xa9 /usr/local/cross/i586-elf/lib/libc.a(lib_a-div.o)
 .debug_abbrev  0x0000000000001c13      0x2da /usr/local/cross/i586-elf/lib/libc.a(lib_a-dtoa.o)
 .debug_abbrev  0x0000000000001eed      0x1e8 /usr/local/cross/i586-elf/lib/libc.a(lib_a-gettimeofdayr.o)
 .debug_abbrev  0x00000000000020d5       0xa8 /usr/local/cross/i586-elf/lib/libc.a(lib_a-gettzinfo.o)
 .debug_abbrev  0x000000000000217d      0x295 /usr/local/cross/i586-elf/lib/libc.a(lib_a-locale.o)
 .debug_abbrev  0x0000000000002412       0x14 /usr/local/cross/i586-elf/lib/libc.a(lib_a-memchr.o)
 .debug_abbrev  0x0000000000002426      0x3a3 /usr/local/cross/i586-elf/lib/libc.a(lib_a-mprec.o)
 .debug_abbrev  0x00000000000027c9       0xca /usr/local/cross/i586-elf/lib/libc.a(lib_a-s_fpclassify.o)
 .debug_abbrev  0x0000000000002893      0x2ab /usr/local/cross/i586-elf/lib/libc.a(lib_a-svfiprintf.o)
 .debug_abbrev  0x0000000000002b3e       0x14 /usr/local/cross/i586-elf/lib/libc.a(lib_a-memmove.o)

.debug_aranges  0x0000000000000000      0x3f0
 .debug_aranges
                0x0000000000000000       0x20 /usr/local/cross/i586-elf/lib/libc.a(lib_a-errno.o)
 .debug_aranges
                0x0000000000000020       0x18 /usr/local/cross/i586-elf/lib/libc.a(lib_a-impure.o)
 .debug_aranges
                0x0000000000000038       0x20 /usr/local/cross/i586-elf/lib/libc.a(lib_a-memcpy.o)
 .debug_aranges
                0x0000000000000058       0x20 /usr/local/cross/i586-elf/lib/libc.a(lib_a-memset.o)
 .debug_aranges
                0x0000000000000078       0x20 /usr/local/cross/i586-elf/lib/libc.a(lib_a-mktime.o)
 .debug_aranges
                0x0000000000000098       0x20 /usr/local/cross/i586-elf/lib/libc.a(lib_a-mktm_r.o)
 .debug_aranges
                0x00000000000000b8       0x20 /usr/local/cross/i586-elf/lib/libc.a(lib_a-signal.o)
 .debug_aranges
                0x00000000000000d8       0x20 /usr/local/cross/i586-elf/lib/libc.a(lib_a-signalr.o)
 .debug_aranges
                0x00000000000000f8       0x20 /usr/local/cross/i586-elf/lib/libc.a(lib_a-sprintf.o)
 .debug_aranges
                0x0000000000000118       0x20 /usr/local/cross/i586-elf/lib/libc.a(lib_a-strcat.o)
 .debug_aranges
                0x0000000000000138       0x20 /usr/local/cross/i586-elf/lib/libc.a(lib_a-strchr.o)
 .debug_aranges
                0x0000000000000158       0x20 /usr/local/cross/i586-elf/lib/libc.a(lib_a-strcmp.o)
 .debug_aranges
                0x0000000000000178       0x20 /usr/local/cross/i586-elf/lib/libc.a(lib_a-strcpy.o)
 .debug_aranges
                0x0000000000000198       0x20 /usr/local/cross/i586-elf/lib/libc.a(lib_a-strdup.o)
 .debug_aranges
                0x00000000000001b8       0x20 /usr/local/cross/i586-elf/lib/libc.a(lib_a-strdup_r.o)
 .debug_aranges
                0x00000000000001d8       0x20 /usr/local/cross/i586-elf/lib/libc.a(lib_a-strlen.o)
 .debug_aranges
                0x00000000000001f8       0x20 /usr/local/cross/i586-elf/lib/libc.a(lib_a-strncpy.o)
 .debug_aranges
                0x0000000000000218       0x20 /usr/local/cross/i586-elf/lib/libc.a(lib_a-svfprintf.o)
 .debug_aranges
                0x0000000000000238       0x20 /usr/local/cross/i586-elf/lib/libc.a(lib_a-time.o)
 .debug_aranges
                0x0000000000000258       0x20 /usr/local/cross/i586-elf/lib/libc.a(lib_a-tzlock.o)
 .debug_aranges
                0x0000000000000278       0x18 /usr/local/cross/i586-elf/lib/libc.a(lib_a-tzvars.o)
 .debug_aranges
                0x0000000000000290       0x20 /usr/local/cross/i586-elf/lib/libc.a(lib_a-vsprintf.o)
 .debug_aranges
                0x00000000000002b0       0x20 /usr/local/cross/i586-elf/lib/libc.a(lib_a-div.o)
 .debug_aranges
                0x00000000000002d0       0x20 /usr/local/cross/i586-elf/lib/libc.a(lib_a-dtoa.o)
 .debug_aranges
                0x00000000000002f0       0x20 /usr/local/cross/i586-elf/lib/libc.a(lib_a-gettimeofdayr.o)
 .debug_aranges
                0x0000000000000310       0x20 /usr/local/cross/i586-elf/lib/libc.a(lib_a-gettzinfo.o)
 .debug_aranges
                0x0000000000000330       0x20 /usr/local/cross/i586-elf/lib/libc.a(lib_a-locale.o)
 .debug_aranges
                0x0000000000000350       0x20 /usr/local/cross/i586-elf/lib/libc.a(lib_a-memchr.o)
 .debug_aranges
                0x0000000000000370       0x20 /usr/local/cross/i586-elf/lib/libc.a(lib_a-mprec.o)
 .debug_aranges
                0x0000000000000390       0x20 /usr/local/cross/i586-elf/lib/libc.a(lib_a-s_fpclassify.o)
 .debug_aranges
                0x00000000000003b0       0x20 /usr/local/cross/i586-elf/lib/libc.a(lib_a-svfiprintf.o)
 .debug_aranges
                0x00000000000003d0       0x20 /usr/local/cross/i586-elf/lib/libc.a(lib_a-memmove.o)

.debug_line     0x0000000000000000     0x3a5e
 .debug_line    0x0000000000000000       0xfc /usr/local/cross/i586-elf/lib/libc.a(lib_a-errno.o)
 .debug_line    0x00000000000000fc       0xe2 /usr/local/cross/i586-elf/lib/libc.a(lib_a-impure.o)
 .debug_line    0x00000000000001de       0x93 /usr/local/cross/i586-elf/lib/libc.a(lib_a-memcpy.o)
 .debug_line    0x0000000000000271       0xac /usr/local/cross/i586-elf/lib/libc.a(lib_a-memset.o)
 .debug_line    0x000000000000031d      0x2ed /usr/local/cross/i586-elf/lib/libc.a(lib_a-mktime.o)
 .debug_line    0x000000000000060a      0x30a /usr/local/cross/i586-elf/lib/libc.a(lib_a-mktm_r.o)
 .debug_line    0x0000000000000914      0x1d6 /usr/local/cross/i586-elf/lib/libc.a(lib_a-signal.o)
 .debug_line    0x0000000000000aea      0x14d /usr/local/cross/i586-elf/lib/libc.a(lib_a-signalr.o)
 .debug_line    0x0000000000000c37      0x15e /usr/local/cross/i586-elf/lib/libc.a(lib_a-sprintf.o)
 .debug_line    0x0000000000000d95       0xb1 /usr/local/cross/i586-elf/lib/libc.a(lib_a-strcat.o)
 .debug_line    0x0000000000000e46       0xd7 /usr/local/cross/i586-elf/lib/libc.a(lib_a-strchr.o)
 .debug_line    0x0000000000000f1d       0xc0 /usr/local/cross/i586-elf/lib/libc.a(lib_a-strcmp.o)
 .debug_line    0x0000000000000fdd       0xb6 /usr/local/cross/i586-elf/lib/libc.a(lib_a-strcpy.o)
 .debug_line    0x0000000000001093      0x129 /usr/local/cross/i586-elf/lib/libc.a(lib_a-strdup.o)
 .debug_line    0x00000000000011bc      0x13b /usr/local/cross/i586-elf/lib/libc.a(lib_a-strdup_r.o)
 .debug_line    0x00000000000012f7       0xa3 /usr/local/cross/i586-elf/lib/libc.a(lib_a-strlen.o)
 .debug_line    0x000000000000139a      0x110 /usr/local/cross/i586-elf/lib/libc.a(lib_a-strncpy.o)
 .debug_line    0x00000000000014aa      0x8c9 /usr/local/cross/i586-elf/lib/libc.a(lib_a-svfprintf.o)
 .debug_line    0x0000000000001d73      0x141 /usr/local/cross/i586-elf/lib/libc.a(lib_a-time.o)
 .debug_line    0x0000000000001eb4       0x66 /usr/local/cross/i586-elf/lib/libc.a(lib_a-tzlock.o)
 .debug_line    0x0000000000001f1a       0x51 /usr/local/cross/i586-elf/lib/libc.a(lib_a-tzvars.o)
 .debug_line    0x0000000000001f6b      0x152 /usr/local/cross/i586-elf/lib/libc.a(lib_a-vsprintf.o)
 .debug_line    0x00000000000020bd       0xba /usr/local/cross/i586-elf/lib/libc.a(lib_a-div.o)
 .debug_line    0x0000000000002177      0x6ed /usr/local/cross/i586-elf/lib/libc.a(lib_a-dtoa.o)
 .debug_line    0x0000000000002864      0x14e /usr/local/cross/i586-elf/lib/libc.a(lib_a-gettimeofdayr.o)
 .debug_line    0x00000000000029b2       0xd6 /usr/local/cross/i586-elf/lib/libc.a(lib_a-gettzinfo.o)
 .debug_line    0x0000000000002a88      0x17f /usr/local/cross/i586-elf/lib/libc.a(lib_a-locale.o)
 .debug_line    0x0000000000002c07       0xb0 /usr/local/cross/i586-elf/lib/libc.a(lib_a-memchr.o)
 .debug_line    0x0000000000002cb7      0x625 /usr/local/cross/i586-elf/lib/libc.a(lib_a-mprec.o)
 .debug_line    0x00000000000032dc      0x10e /usr/local/cross/i586-elf/lib/libc.a(lib_a-s_fpclassify.o)
 .debug_line    0x00000000000033ea      0x5b8 /usr/local/cross/i586-elf/lib/libc.a(lib_a-svfiprintf.o)
 .debug_line    0x00000000000039a2       0xbc /usr/local/cross/i586-elf/lib/libc.a(lib_a-memmove.o)

.debug_str      0x0000000000000000     0x147d
 .debug_str     0x0000000000000000      0x497 /usr/local/cross/i586-elf/lib/libc.a(lib_a-errno.o)
                                        0x501 (size before relaxing)
 .debug_str     0x0000000000000497       0x87 /usr/local/cross/i586-elf/lib/libc.a(lib_a-impure.o)
                                        0x519 (size before relaxing)
 .debug_str     0x000000000000051e      0x187 /usr/local/cross/i586-elf/lib/libc.a(lib_a-mktime.o)
                                        0x2be (size before relaxing)
 .debug_str     0x00000000000006a5       0x9f /usr/local/cross/i586-elf/lib/libc.a(lib_a-mktm_r.o)
                                        0x2a5 (size before relaxing)
 .debug_str     0x0000000000000744       0xe7 /usr/local/cross/i586-elf/lib/libc.a(lib_a-signal.o)
                                        0x58f (size before relaxing)
 .debug_str     0x000000000000082b       0x4a /usr/local/cross/i586-elf/lib/libc.a(lib_a-signalr.o)
                                        0x519 (size before relaxing)
 .debug_str     0x0000000000000875       0xa2 /usr/local/cross/i586-elf/lib/libc.a(lib_a-sprintf.o)
                                        0x549 (size before relaxing)
 .debug_str     0x0000000000000917       0x83 /usr/local/cross/i586-elf/lib/libc.a(lib_a-strcat.o)
                                        0x153 (size before relaxing)
 .debug_str     0x000000000000099a       0x3f /usr/local/cross/i586-elf/lib/libc.a(lib_a-strcmp.o)
                                        0x141 (size before relaxing)
 .debug_str     0x00000000000009d9       0x5a /usr/local/cross/i586-elf/lib/libc.a(lib_a-strcpy.o)
                                        0x163 (size before relaxing)
 .debug_str     0x0000000000000a33       0x49 /usr/local/cross/i586-elf/lib/libc.a(lib_a-strdup.o)
                                        0x50d (size before relaxing)
 .debug_str     0x0000000000000a7c       0x57 /usr/local/cross/i586-elf/lib/libc.a(lib_a-strdup_r.o)
                                        0x52a (size before relaxing)
 .debug_str     0x0000000000000ad3       0x41 /usr/local/cross/i586-elf/lib/libc.a(lib_a-strncpy.o)
                                        0x172 (size before relaxing)
 .debug_str     0x0000000000000b14      0x31f /usr/local/cross/i586-elf/lib/libc.a(lib_a-svfprintf.o)
                                        0x8a6 (size before relaxing)
 .debug_str     0x0000000000000e33       0x5f /usr/local/cross/i586-elf/lib/libc.a(lib_a-time.o)
                                        0x535 (size before relaxing)
 .debug_str     0x0000000000000e92       0x47 /usr/local/cross/i586-elf/lib/libc.a(lib_a-tzlock.o)
                                        0x15d (size before relaxing)
 .debug_str     0x0000000000000ed9       0x48 /usr/local/cross/i586-elf/lib/libc.a(lib_a-tzvars.o)
                                        0x152 (size before relaxing)
 .debug_str     0x0000000000000f21       0x4e /usr/local/cross/i586-elf/lib/libc.a(lib_a-vsprintf.o)
                                        0x54c (size before relaxing)
 .debug_str     0x0000000000000f6f       0x6d /usr/local/cross/i586-elf/lib/libc.a(lib_a-div.o)
                                        0x148 (size before relaxing)
 .debug_str     0x0000000000000fdc      0x154 /usr/local/cross/i586-elf/lib/libc.a(lib_a-dtoa.o)
                                        0x66b (size before relaxing)
 .debug_str     0x0000000000001130       0x5e /usr/local/cross/i586-elf/lib/libc.a(lib_a-gettimeofdayr.o)
                                        0x555 (size before relaxing)
 .debug_str     0x000000000000118e       0x39 /usr/local/cross/i586-elf/lib/libc.a(lib_a-gettzinfo.o)
                                        0x1b9 (size before relaxing)
 .debug_str     0x00000000000011c7      0x14a /usr/local/cross/i586-elf/lib/libc.a(lib_a-locale.o)
                                        0x776 (size before relaxing)
 .debug_str     0x0000000000001311       0xa2 /usr/local/cross/i586-elf/lib/libc.a(lib_a-mprec.o)
                                        0x625 (size before relaxing)
 .debug_str     0x00000000000013b3       0x92 /usr/local/cross/i586-elf/lib/libc.a(lib_a-s_fpclassify.o)
                                        0x19a (size before relaxing)
 .debug_str     0x0000000000001445       0x38 /usr/local/cross/i586-elf/lib/libc.a(lib_a-svfiprintf.o)
                                        0x6a9 (size before relaxing)

.debug_loc      0x0000000000000000     0x8a0a
 .debug_loc     0x0000000000000000      0x557 /usr/local/cross/i586-elf/lib/libc.a(lib_a-mktime.o)
 .debug_loc     0x0000000000000557      0x4ec /usr/local/cross/i586-elf/lib/libc.a(lib_a-mktm_r.o)
 .debug_loc     0x0000000000000a43       0x72 /usr/local/cross/i586-elf/lib/libc.a(lib_a-signal.o)
 .debug_loc     0x0000000000000ab5       0x5a /usr/local/cross/i586-elf/lib/libc.a(lib_a-sprintf.o)
 .debug_loc     0x0000000000000b0f       0x5c /usr/local/cross/i586-elf/lib/libc.a(lib_a-strcat.o)
 .debug_loc     0x0000000000000b6b       0x94 /usr/local/cross/i586-elf/lib/libc.a(lib_a-strcmp.o)
 .debug_loc     0x0000000000000bff       0xbe /usr/local/cross/i586-elf/lib/libc.a(lib_a-strcpy.o)
 .debug_loc     0x0000000000000cbd       0x3c /usr/local/cross/i586-elf/lib/libc.a(lib_a-strdup_r.o)
 .debug_loc     0x0000000000000cf9      0x180 /usr/local/cross/i586-elf/lib/libc.a(lib_a-strncpy.o)
 .debug_loc     0x0000000000000e79     0x27af /usr/local/cross/i586-elf/lib/libc.a(lib_a-svfprintf.o)
 .debug_loc     0x0000000000003628       0xb7 /usr/local/cross/i586-elf/lib/libc.a(lib_a-div.o)
 .debug_loc     0x00000000000036df     0x26c4 /usr/local/cross/i586-elf/lib/libc.a(lib_a-dtoa.o)
 .debug_loc     0x0000000000005da3     0x17c5 /usr/local/cross/i586-elf/lib/libc.a(lib_a-mprec.o)
 .debug_loc     0x0000000000007568       0x7c /usr/local/cross/i586-elf/lib/libc.a(lib_a-s_fpclassify.o)
 .debug_loc     0x00000000000075e4     0x1426 /usr/local/cross/i586-elf/lib/libc.a(lib_a-svfiprintf.o)

.debug_ranges   0x0000000000000000      0x238
 .debug_ranges  0x0000000000000000       0x50 /usr/local/cross/i586-elf/lib/libc.a(lib_a-mktime.o)
 .debug_ranges  0x0000000000000050       0x48 /usr/local/cross/i586-elf/lib/libc.a(lib_a-mktm_r.o)
 .debug_ranges  0x0000000000000098      0x120 /usr/local/cross/i586-elf/lib/libc.a(lib_a-svfprintf.o)
 .debug_ranges  0x00000000000001b8       0x48 /usr/local/cross/i586-elf/lib/libc.a(lib_a-mprec.o)
 .debug_ranges  0x0000000000000200       0x38 /usr/local/cross/i586-elf/lib/libc.a(lib_a-svfiprintf.o)
