Archive member included because of file (symbol)

/usr/local/cross/i586-elf/lib/libelfldr.a(elf-module.o)
                              /home/antonio/Projects/aPlus/src/elf.o (elf_module_init)
/usr/local/cross/i586-elf/lib/libelfldr.a(elf-module-i386.o)
                              /usr/local/cross/i586-elf/lib/libelfldr.a(elf-module.o) (elf_module_check_machine)
/usr/local/cross/i586-elf/lib/libx86.a(int86.o)
                              /home/antonio/Projects/aPlus/src/arch/screen.o (int86)
/usr/local/cross/i586-elf/lib/libposix.a(execlp.o)
                              /home/antonio/Projects/aPlus/src/main.o (execlp)
/usr/local/cross/i586-elf/lib/libposix.a(execvp.o)
                              /usr/local/cross/i586-elf/lib/libposix.a(execlp.o) (execvp)
/usr/local/cross/i586-elf/lib/libposix.a(execv.o)
                              /usr/local/cross/i586-elf/lib/libposix.a(execvp.o) (execv)
/usr/local/cross/i586-elf/lib/libposix.a(_execve.o)
                              /usr/local/cross/i586-elf/lib/libposix.a(execv.o) (_execve)
/usr/local/cross/i586-elf/lib/libc.a(lib_a-environ.o)
                              /home/antonio/Projects/aPlus/src/main.o (environ)
/usr/local/cross/i586-elf/lib/libc.a(lib_a-errno.o)
                              /home/antonio/Projects/aPlus/src/arch/task.o (__errno)
/usr/local/cross/i586-elf/lib/libc.a(lib_a-getenv.o)
                              /usr/local/cross/i586-elf/lib/libposix.a(execvp.o) (getenv)
/usr/local/cross/i586-elf/lib/libc.a(lib_a-getenv_r.o)
                              /usr/local/cross/i586-elf/lib/libc.a(lib_a-getenv.o) (_findenv_r)
/usr/local/cross/i586-elf/lib/libc.a(lib_a-impure.o)
                              /usr/local/cross/i586-elf/lib/libc.a(lib_a-errno.o) (_impure_ptr)
/usr/local/cross/i586-elf/lib/libc.a(lib_a-malloc.o)
                              /home/antonio/Projects/aPlus/src/elf.o (malloc)
/usr/local/cross/i586-elf/lib/libc.a(lib_a-memcmp.o)
                              /usr/local/cross/i586-elf/lib/libelfldr.a(elf-module.o) (memcmp)
/usr/local/cross/i586-elf/lib/libc.a(lib_a-memcpy.o)
                              /home/antonio/Projects/aPlus/src/arch/syscall.o (memcpy)
/usr/local/cross/i586-elf/lib/libc.a(lib_a-memset.o)
                              /home/antonio/Projects/aPlus/src/arch/task.o (memset)
/usr/local/cross/i586-elf/lib/libc.a(lib_a-mktime.o)
                              /home/antonio/Projects/aPlus/src/arch/desc.o (mktime)
/usr/local/cross/i586-elf/lib/libc.a(lib_a-mktm_r.o)
                              /usr/local/cross/i586-elf/lib/libc.a(lib_a-mktime.o) (__tzcalc_limits)
/usr/local/cross/i586-elf/lib/libc.a(lib_a-setjmp.o)
                              /home/antonio/Projects/aPlus/src/arch/syscall.o (setjmp)
/usr/local/cross/i586-elf/lib/libc.a(lib_a-sprintf.o)
                              /home/antonio/Projects/aPlus/src/arch/syscall.o (sprintf)
/usr/local/cross/i586-elf/lib/libc.a(lib_a-strcat.o)
                              /home/antonio/Projects/aPlus/src/fs/procfs/procfs_cmdline.o (strcat)
/usr/local/cross/i586-elf/lib/libc.a(lib_a-strchr.o)
                              /home/antonio/Projects/aPlus/src/arch/syscall.o (strchr)
/usr/local/cross/i586-elf/lib/libc.a(lib_a-strcmp.o)
                              /home/antonio/Projects/aPlus/src/vfs.o (strcmp)
/usr/local/cross/i586-elf/lib/libc.a(lib_a-strcpy.o)
                              /home/antonio/Projects/aPlus/src/vfs.o (strcpy)
/usr/local/cross/i586-elf/lib/libc.a(lib_a-strdup.o)
                              /home/antonio/Projects/aPlus/src/arch/syscall.o (strdup)
/usr/local/cross/i586-elf/lib/libc.a(lib_a-strdup_r.o)
                              /usr/local/cross/i586-elf/lib/libc.a(lib_a-strdup.o) (_strdup_r)
/usr/local/cross/i586-elf/lib/libc.a(lib_a-strlen.o)
                              /home/antonio/Projects/aPlus/src/arch/syscall.o (strlen)
/usr/local/cross/i586-elf/lib/libc.a(lib_a-strncmp.o)
                              /home/antonio/Projects/aPlus/src/fs/iso9660/iso9660_check.o (strncmp)
/usr/local/cross/i586-elf/lib/libc.a(lib_a-strncpy.o)
                              /home/antonio/Projects/aPlus/src/arch/syscall.o (strncpy)
/usr/local/cross/i586-elf/lib/libc.a(lib_a-svfprintf.o)
                              /usr/local/cross/i586-elf/lib/libc.a(lib_a-sprintf.o) (_svfprintf_r)
/usr/local/cross/i586-elf/lib/libc.a(lib_a-time.o)
                              /home/antonio/Projects/aPlus/src/vfs.o (time)
/usr/local/cross/i586-elf/lib/libc.a(lib_a-tolower.o)
                              /home/antonio/Projects/aPlus/src/fs/iso9660/iso9660.o (tolower)
/usr/local/cross/i586-elf/lib/libc.a(lib_a-tzlock.o)
                              /usr/local/cross/i586-elf/lib/libc.a(lib_a-mktime.o) (__tz_lock)
/usr/local/cross/i586-elf/lib/libc.a(lib_a-tzvars.o)
                              /usr/local/cross/i586-elf/lib/libc.a(lib_a-mktime.o) (_daylight)
/usr/local/cross/i586-elf/lib/libc.a(lib_a-vsprintf.o)
[...]
Memory Configuration

Name             Origin             Length             Attributes
*default*        0x0000000000000000 0xffffffffffffffff

Linker script and memory map

                0x0000000000100000                . = 0x100000

.multiboot      0x0000000000100000       0x20
                0x0000000000100000                multiboot = .
                0x0000000000100000                _multiboot = .
                0x0000000000100000                __multiboot = .
 *(.multiboot)
 .multiboot     0x0000000000100000       0x20 /home/antonio/Projects/aPlus/src/arch/loader.o

.text           0x0000000000100020    0x1207d
                0x0000000000100020                text = .
                0x0000000000100020                _text = .
                0x0000000000100020                __text = .
 *(.text)
 .text          0x0000000000100020      0x744 /home/antonio/Projects/aPlus/src/arch/task.o
                0x0000000000100105                task_init
                0x000000000010020b                task_create_with_data
                0x0000000000100390                task_zombie
                0x00000000001003ac                task_idle
                0x00000000001003ca                task_wakeup
                0x00000000001003e6                task_setpriority
                0x0000000000100401                sched_enable
                0x000000000010040d                sched_disable
                0x0000000000100419                task_dosignal
                0x0000000000100498                schedule
                0x00000000001005a5                task_create
                0x00000000001005c7                task_exit2
                0x000000000010065d                task_exit
                0x0000000000100679                task_getbypid
                0x00000000001006b3                task_wait
                0x0000000000100707                task_waitpid
                0x0000000000100722                task_clonefd
 .text          0x0000000000100764     0x19eb /home/antonio/Projects/aPlus/src/arch/syscall.o
                0x0000000000100978                syscall__exit
                0x000000000010099b                syscall__chown
                0x0000000000100a01                syscall__close
                0x0000000000100a84                syscall(...)(long long,...)(char, void,...)
                0x0000000000100dd8                syscall__fork
                0x0000000000101000                syscall__fstat
                0x00000000001011bb                syscall__getpid
                0x00000000001011d7                syscall_gettimeofday
                0x0000000000101237                syscall__kill
                0x0000000000101292                syscall__link
                0x00000000001012ac                syscall__lseek
                0x00000000001013cb                syscall__open
                0x000000000010146e                syscall__read
                0x0000000000101531                syscall__readlink
                0x00000000001015ac                syscall__stat
                0x00000000001016b0                syscall__symlink
                0x00000000001017bb                syscall__times
                0x0000000000101826                syscall__unlink
                0x000000000010191f                syscall__wait
                0x000000000010193c                syscall__write
                0x00000000001019ff                syscall__readdir
                0x0000000000101ac7                syscall_ioctl
                0x0000000000101b6a                syscall_mount
                0x0000000000101c62                syscall_umount
                0x0000000000101ccc                syscall_tell
                0x0000000000101d5c                syscall___get_argv
                0x0000000000101d79                syscall___get_env
                0x0000000000101d96                syscall_pipe
                0x0000000000101ed6                syscall_chdir
                0x0000000000101f39                syscall___install_signal_handler
                0x0000000000101f6e                syscall_malloc
                0x0000000000101f81                syscall_free
                0x0000000000101f94                syscall_aplus_thread_create
                0x0000000000101fd6                syscall_(int, double, long,...)
                0x0000000000101fe3                syscall___wakeup
                0x0000000000101ff0                syscall___zombie
                0x0000000000101ffd                syscall_aplus_device_create
                0x000000000010205e                syscall_fcntl
                0x0000000000102076                syscall_chroot
                0x00000000001020bf                syscall_handler
 .text          0x000000000010214f      0x629 /home/antonio/Projects/aPlus/src/arch/mm.o
                0x00000000001021f3                mm_alloc
                0x0000000000102238                mm_free
                0x0000000000102258                mm_enablepaging
                0x0000000000102282                mm_disablepaging
                0x000000000010229c                vmm_switch
                0x00000000001022cc                vmm_map
                0x0000000000102399                vmm_unmap
                0x0000000000102401                mm_create_addrspace
                0x000000000010245e                mm_map_kernel
                0x000000000010248d                kmalloc
                0x0000000000102537                kfree
                0x00000000001025e2                mm_init
                0x00000000001026a1                pagefault_handler
 .text          0x0000000000102778     0x1132 /home/antonio/Projects/aPlus/src/arch/desc.o
                0x0000000000102794                gdt_load
                0x00000000001027b1                idt_load
                0x00000000001027b9                isr_stub
                0x00000000001027e1                irq_stub
                0x0000000000102809                isr_handler
                0x000000000010291f                irq_handler
                0x0000000000102986                pit_handler
                0x0000000000102a4d                desc_init
                0x0000000000103642                irq_set
                0x0000000000103674                irq_unset
                0x00000000001036d9                pit_gettime
                0x000000000010389a                pit_getticks
 .text          0x00000000001038aa      0x97c /home/antonio/Projects/aPlus/src/arch/screen.o
                0x0000000000103a03                video_putc
                0x0000000000103cd9                video_puts
                0x0000000000103d1a                video_getc
                0x0000000000103d79                video_clear
                0x0000000000103df0                video_init
 .text          0x0000000000104226      0x65f /home/antonio/Projects/aPlus/src/vfs.o
                0x00000000001042a8                fs_ioctl
                0x00000000001042ee                fs_read
                0x0000000000104334                fs_write
                0x000000000010437a                fs_trunc
                0x00000000001043b2                fs_allocate
                0x00000000001043f1                fs_readdir
                0x0000000000104429                fs_finddir
                0x0000000000104468                fs_creat
                0x00000000001044ae                fs_remove
                0x00000000001044ed                fs_destroy
                0x0000000000104525                fs_geninode
                0x0000000000104538                fs_chroot
                0x0000000000104565                fs_mount
                0x0000000000104603                fs_umount
                0x000000000010466d                vfs_init
 .text          0x0000000000104885      0x337 /home/antonio/Projects/aPlus/src/elf.o
                0x0000000000104885                elf_check_file
                0x00000000001048df                elf_check_supported
                0x0000000000104aa1                elf_load_rel
                0x0000000000104b53                elf_load_file
 .text          0x0000000000104bbc       0xf9 /home/antonio/Projects/aPlus/src/panic.o
                0x0000000000104c0c                __panic
 .text          0x0000000000104cb5      0xc62 /home/antonio/Projects/aPlus/src/crt0.o
                0x0000000000104cb5                _exit
                0x0000000000104ced                chown
                0x0000000000104d3b                close
                0x0000000000104d7f                execve
                0x0000000000104dbf                fork
                0x0000000000104e05                fstat
                0x0000000000104e47                getpid
                0x0000000000104e8d                gettimeofday
                0x0000000000104ecf                isatty
                0x0000000000104ee0                kill
                0x0000000000104f22                link
                0x0000000000104f64                lseek
                0x0000000000104fa4                open
                0x0000000000104ff8                read
                0x0000000000105038                readlink
                0x0000000000105078                sbrk
                0x00000000001050ae                stat
                0x00000000001050f0                symlink
                0x0000000000105132                times
                0x0000000000105176                unlink
                0x00000000001051ba                wait
                0x00000000001051fe                write
                0x000000000010523e                readdir
                0x0000000000105297                ioctl
                0x00000000001052d7                mount
                0x0000000000105313                umount2
                0x0000000000105355                umount
                0x0000000000105370                tell
                0x00000000001053b4                __get_argv
                0x00000000001053fa                __get_env
                0x0000000000105440                pipe
                0x0000000000105484                chdir
                0x00000000001054c8                __install_signal_handler
                0x000000000010550c                _malloc_r
                0x0000000000105550                _free_r
                0x000000000010558e                _calloc_r
                0x00000000001055ac                _realloc_r
                0x0000000000105616                aplus_thread_create
                0x0000000000105656                __idle
                0x0000000000105696                __wakeup
                0x00000000001056d6                __zombie
                0x0000000000105716                aplus_device_create
                0x0000000000105758                fcntl
                0x00000000001057ac                chroot
                0x00000000001057f0                opendir
                0x0000000000105852                closedir
                0x000000000010588f                rewinddir
                0x00000000001058b5                seekdir
                0x00000000001058d9                telldir
                0x00000000001058ff                scandir
 .text          0x0000000000105917      0x67a /home/antonio/Projects/aPlus/src/rootfs.o
                0x0000000000105917                rootfs_readdir
                0x0000000000105a08                rootfs_finddir
                0x0000000000105add                rootfs_remove
                0x0000000000105c2d                rootfs_creat
                0x0000000000105efb                rootfs_init
 .text          0x0000000000105f91      0x27f /home/antonio/Projects/aPlus/src/tty.o
                0x0000000000105f91                tty_ioctl
                0x000000000010601b                tty_read
                0x00000000001060d6                tty_write
                0x0000000000106135                tty_trunc
                0x0000000000106156                tty_init
 .text          0x0000000000106210       0xc3 /home/antonio/Projects/aPlus/src/spinlock.o
                0x0000000000106210                spinlock_lock
                0x000000000010625c                spinlock_unlock
                0x000000000010628a                spinlock_trylock
 .text          0x00000000001062d3      0x14f /home/antonio/Projects/aPlus/src/main.o
                0x0000000000106323                stampa
                0x0000000000106336                sysidle
                0x000000000010634c                main
 .text          0x0000000000106422       0x58 /home/antonio/Projects/aPlus/src/fs/initfs/initfs_mount.o
                0x0000000000106422                initfs_mount
 .text          0x000000000010647a      0x51c /home/antonio/Projects/aPlus/src/fs/initfs/initfs.o
                0x000000000010647a                initfs_read
                0x0000000000106584                initfs_readdir
                0x000000000010667d                initfs_finddir
 .text          0x0000000000106996      0x29a /home/antonio/Projects/aPlus/src/fs/ramdev.o
                0x0000000000106996                ramdev_read
                0x0000000000106a85                ramdev_write
                0x0000000000106b74                ramdev_destroy
                0x0000000000106b9f                ramdev_create
 .text          0x0000000000106c30      0x2ad /home/antonio/Projects/aPlus/src/fs/procfs/procfs_task.o
                0x0000000000106c30                procfs_task_create
 .text          0x0000000000106edd      0x387 /home/antonio/Projects/aPlus/src/fs/procfs/procfs_cmdline.o
                0x0000000000106edd                procfs_cmdline_read
                0x0000000000106fb2                procfs_cmdline_destroy
                0x0000000000106fdd                procfs_cmdline_create
 .text          0x0000000000107264       0xe4 /home/antonio/Projects/aPlus/src/fs/procfs/procfs_mount.o
                0x0000000000107264                procfs_mount
 .text          0x0000000000107348      0x201 /home/antonio/Projects/aPlus/src/fs/procfs/procfs_cwd.o
                0x0000000000107348                procfs_cwd_create
 .text          0x0000000000107549      0x3d4 /home/antonio/Projects/aPlus/src/fs/procfs/procfs_filesystems.o
                0x0000000000107549                procfs_filesystems_updatebuf
                0x00000000001075ed                procfs_filesystems_read
                0x00000000001076c2                procfs_filesystems_destroy
                0x00000000001076ed                procfs_filesystems_create
 .text          0x000000000010791d      0x381 /home/antonio/Projects/aPlus/src/fs/procfs/procfs_environ.o
                0x000000000010791d                procfs_environ_read
                0x00000000001079f2                procfs_environ_destroy
                0x0000000000107a1d                procfs_environ_create
 .text          0x0000000000107c9e      0x3b6 /home/antonio/Projects/aPlus/src/fs/procfs/procfs_meminfo.o
                0x0000000000107d34                procfs_meminfo_read
                0x0000000000107e09                procfs_meminfo_destroy
                0x0000000000107e34                procfs_meminfo_create
 .text          0x0000000000108054      0x934 /home/antonio/Projects/aPlus/src/fs/procfs/procfs.o
                0x00000000001080eb                procfs_add_inode
                0x000000000010817c                procfs_readdir
                0x0000000000108335                procfs_finddir
                0x00000000001084d8                procfs_remove
                0x0000000000108647                procfs_creat
                0x0000000000108916                procfs_destroy
 .text          0x0000000000108988      0x650 /home/antonio/Projects/aPlus/src/fs/procfs/procfs_fd.o
                0x0000000000108988                procfs_fd_readdir
                0x0000000000108abb                procfs_fd_finddir
                0x0000000000108de8                procfs_fd_create
 .text          0x0000000000108fd8       0xab /home/antonio/Projects/aPlus/src/fs/sfs/sfs_mount.o
                0x0000000000108fd8                sfs_mount
 .text          0x0000000000109083        0xa /home/antonio/Projects/aPlus/src/fs/sfs/sfs_check.o
                0x0000000000109083                sfs_check
 .text          0x000000000010908d      0x30a /home/antonio/Projects/aPlus/src/fs/pipe.o
                0x000000000010908d                pipe_read
                0x000000000010919f                pipe_write
                0x0000000000109274                pipe_destroy
                0x00000000001092b2                pipe_create
 .text          0x0000000000109397      0x14a /home/antonio/Projects/aPlus/src/fs/iso9660/iso9660_read.o
                0x0000000000109397                iso9660_read
 .text          0x00000000001094e1       0x9f /home/antonio/Projects/aPlus/src/fs/iso9660/iso9660_check.o
                0x00000000001094e1                iso9660_check
 .text          0x0000000000109580      0x2d3 /home/antonio/Projects/aPlus/src/fs/iso9660/iso9660.o
                0x0000000000109580                iso9660_check_inode
                0x00000000001095ec                iso9660_add_inode
                0x0000000000109693                iso9660_del_inode
                0x000000000010970f                iso9660_getroot
                0x0000000000109789                iso9660_checkname
                0x000000000010980b                iso9660_getmsb16
                0x0000000000109816                iso9660_getmsb32
                0x0000000000109834                iso9660_getlsb16
                0x000000000010983c                iso9660_getlsb32
 .text          0x0000000000109853       0x8d /home/antonio/Projects/aPlus/src/fs/iso9660/iso9660_mount.o
                0x0000000000109853                iso9660_mount
 .text          0x00000000001098e0      0x2bb /home/antonio/Projects/aPlus/src/fs/iso9660/iso9660_readdir.o
                0x00000000001098e0                iso9660_readdir
 .text          0x0000000000109b9b      0x542 /home/antonio/Projects/aPlus/src/fs/iso9660/iso9660_finddir.o
                0x0000000000109b9b                iso9660_finddir
 .text          0x000000000010a0dd       0xa3 /home/antonio/Projects/aPlus/src/initrd.o
                0x000000000010a0dd                initrd_init
 .text          0x000000000010a180       0x88 /home/antonio/Projects/aPlus/src/arch/loader.o
                0x000000000010a180                _start
                0x000000000010a200                mbd
                0x000000000010a204                magic
 *fill*         0x000000000010a208        0x8 
 .text          0x000000000010a210      0x227 /home/antonio/Projects/aPlus/src/arch/_desc.o
                0x000000000010a210                isr0
                0x000000000010a219                isr1
                0x000000000010a222                isr2
                0x000000000010a22b                isr3
                0x000000000010a234                isr4
                0x000000000010a23d                isr5
                0x000000000010a246                isr6
                0x000000000010a24f                isr7
                0x000000000010a258                isr8
                0x000000000010a25f                isr9
                0x000000000010a268                isr10
                0x000000000010a26f                isr11
                0x000000000010a276                isr12
                0x000000000010a27d                isr13
                0x000000000010a284                isr15
                0x000000000010a28d                isr16
                0x000000000010a296                isr17
                0x000000000010a29f                isr18
                0x000000000010a2a8                isr19
                0x000000000010a2b1                isr20
                0x000000000010a2ba                isr21
                0x000000000010a2c3                isr22
                0x000000000010a2cc                isr23
                0x000000000010a2d5                isr24
                0x000000000010a2de                isr25
                0x000000000010a2e7                isr26
                0x000000000010a2f0                isr27
                0x000000000010a2f9                isr28
                0x000000000010a302                isr29
                0x000000000010a30b                isr30
                0x000000000010a314                isr31
                0x000000000010a31d                irq1
                0x000000000010a326                irq2
                0x000000000010a32f                irq3
                0x000000000010a338                irq4
                0x000000000010a341                irq5
                0x000000000010a34a                irq6
                0x000000000010a353                irq7
                0x000000000010a35c                irq8
                0x000000000010a365                irq9
                0x000000000010a36e                irq10
                0x000000000010a377                irq11
                0x000000000010a380                irq12
                0x000000000010a389                irq13
                0x000000000010a392                irq14
                0x000000000010a39b                irq15
                0x000000000010a3a4                irq0
                0x000000000010a3d5                isr0x80
                0x000000000010a40d                isr14
 *fill*         0x000000000010a437        0x9 
 .text          0x000000000010a440        0xb /home/antonio/Projects/aPlus/src/arch/process.o
                0x000000000010a440                read_eip
                0x000000000010a444                write_eip
 *fill*         0x000000000010a44b        0x5 
 .text          0x000000000010a450      0x35b /usr/local/cross/i586-elf/lib/libelfldr.a(elf-module.o)
                0x000000000010a450                elf_module_init
                0x000000000010a570                elf_module_get_size
                0x000000000010a580                elf_module_set_data
                0x000000000010a590                elf_module_get_data
                0x000000000010a5a0                elf_module_load
                0x000000000010a730                elf_module_lookup_symbol
 *fill*         0x000000000010a7ab        0x5 
 .text          0x000000000010a7b0       0xd6 /usr/local/cross/i586-elf/lib/libelfldr.a(elf-module-i386.o)
                0x000000000010a7b0                elf_module_check_machine
                0x000000000010a7d0                elf_module_reloc_section
                0x000000000010a880                elf_module_reloca_section
 *fill*         0x000000000010a886        0xa 
 .text          0x000000000010a890      0x14c /usr/local/cross/i586-elf/lib/libx86.a(int86.o)
                0x000000000010a890                int86
 *fill*         0x000000000010a9dc        0x4 
 .text          0x000000000010a9e0       0x4e /usr/local/cross/i586-elf/lib/libposix.a(execlp.o)
                0x000000000010a9e0                execlp
 *fill*         0x000000000010aa2e        0x2 
 .text          0x000000000010aa30      0x127 /usr/local/cross/i586-elf/lib/libposix.a(execvp.o)
                0x000000000010aa30                execvp
 *fill*         0x000000000010ab57        0x9 
 .text          0x000000000010ab60       0x24 /usr/local/cross/i586-elf/lib/libposix.a(execv.o)
                0x000000000010ab60                execv
 *fill*         0x000000000010ab84        0xc 
 .text          0x000000000010ab90        0x5 /usr/local/cross/i586-elf/lib/libposix.a(_execve.o)
                0x000000000010ab90                _execve
 .text          0x000000000010ab95        0x0 /usr/local/cross/i586-elf/lib/libc.a(lib_a-environ.o)
 *fill*         0x000000000010ab95        0xb 
 .text          0x000000000010aba0        0x6 /usr/local/cross/i586-elf/lib/libc.a(lib_a-errno.o)
                0x000000000010aba0                __errno
 *fill*         0x000000000010aba6        0xa 
 .text          0x000000000010abb0       0x54 /usr/local/cross/i586-elf/lib/libc.a(lib_a-getenv.o)
                0x000000000010abb0                _findenv
                0x000000000010abe0                getenv
 *fill*         0x000000000010ac04        0xc 
 .text          0x000000000010ac10      0x103 /usr/local/cross/i586-elf/lib/libc.a(lib_a-getenv_r.o)
                0x000000000010ac10                _findenv_r
                0x000000000010acf0                _getenv_r
 .text          0x000000000010ad13        0x0 /usr/local/cross/i586-elf/lib/libc.a(lib_a-impure.o)
 *fill*         0x000000000010ad13        0xd 
 .text          0x000000000010ad20       0x3c /usr/local/cross/i586-elf/lib/libc.a(lib_a-malloc.o)
                0x000000000010ad20                malloc
                0x000000000010ad40                free
 .text          0x000000000010ad5c       0x52 /usr/local/cross/i586-elf/lib/libc.a(lib_a-memcmp.o)
                0x000000000010ad5c                memcmp
 *fill*         0x000000000010adae        0x2 
 .text          0x000000000010adb0       0x48 /usr/local/cross/i586-elf/lib/libc.a(lib_a-memcpy.o)
                0x000000000010adb0                memcpy
 .text          0x000000000010adf8       0x88 /usr/local/cross/i586-elf/lib/libc.a(lib_a-memset.o)
                0x000000000010adf8                memset
 .text          0x000000000010ae80      0x78a /usr/local/cross/i586-elf/lib/libc.a(lib_a-mktime.o)
                0x000000000010b190                mktime
 *fill*         0x000000000010b60a        0x6 
 .text          0x000000000010b610      0x6a0 /usr/local/cross/i586-elf/lib/libc.a(lib_a-mktm_r.o)
                0x000000000010b610                __tzcalc_limits
                0x000000000010b850                _mktm_r
 .text          0x000000000010bcb0       0x64 /usr/local/cross/i586-elf/lib/libc.a(lib_a-setjmp.o)
                0x000000000010bcb0                setjmp
                0x000000000010bce7                longjmp
 *fill*         0x000000000010bd14        0xc 
 .text          0x000000000010bd20       0xdc /usr/local/cross/i586-elf/lib/libc.a(lib_a-sprintf.o)
                0x000000000010bd20                _sprintf_r
                0x000000000010bd90                sprintf
 *fill*         0x000000000010bdfc        0x4 
 .text          0x000000000010be00       0x6e /usr/local/cross/i586-elf/lib/libc.a(lib_a-strcat.o)
                0x000000000010be00                strcat
 *fill*         0x000000000010be6e        0x2 
 .text          0x000000000010be70       0xfc /usr/local/cross/i586-elf/lib/libc.a(lib_a-strchr.o)
                0x000000000010be70                strchr
 *fill*         0x000000000010bf6c        0x4 
 .text          0x000000000010bf70       0x73 /usr/local/cross/i586-elf/lib/libc.a(lib_a-strcmp.o)
                0x000000000010bf70                strcmp
 *fill*         0x000000000010bfe3        0xd 
 .text          0x000000000010bff0       0x60 /usr/local/cross/i586-elf/lib/libc.a(lib_a-strcpy.o)
                0x000000000010bff0                strcpy
 .text          0x000000000010c050       0x1c /usr/local/cross/i586-elf/lib/libc.a(lib_a-strdup.o)
                0x000000000010c050                strdup
 *fill*         0x000000000010c06c        0x4 
 .text          0x000000000010c070       0x44 /usr/local/cross/i586-elf/lib/libc.a(lib_a-strdup_r.o)
                0x000000000010c070                _strdup_r
 *fill*         0x000000000010c0b4        0xc 
 .text          0x000000000010c0c0       0x79 /usr/local/cross/i586-elf/lib/libc.a(lib_a-strlen.o)
                0x000000000010c0c0                strlen
 *fill*         0x000000000010c139        0x7 
 .text          0x000000000010c140      0x106 /usr/local/cross/i586-elf/lib/libc.a(lib_a-strncmp.o)
                0x000000000010c140                strncmp
 *fill*         0x000000000010c246        0xa 
 .text          0x000000000010c250       0xa0 /usr/local/cross/i586-elf/lib/libc.a(lib_a-strncpy.o)
                0x000000000010c250                strncpy
 .text          0x000000000010c2f0     0x20de /usr/local/cross/i586-elf/lib/libc.a(lib_a-svfprintf.o)
                0x000000000010c2f0                _svfprintf_r
 *fill*         0x000000000010e3ce        0x2 
 .text          0x000000000010e3d0       0x45 /usr/local/cross/i586-elf/lib/libc.a(lib_a-time.o)
                0x000000000010e3d0                time
 *fill*         0x000000000010e415        0xb 
 .text          0x000000000010e420       0x24 /usr/local/cross/i586-elf/lib/libc.a(lib_a-tolower.o)
                0x000000000010e420                tolower
 *fill*         0x000000000010e444        0xc 
 .text          0x000000000010e450       0x11 /usr/local/cross/i586-elf/lib/libc.a(lib_a-tzlock.o)
                0x000000000010e450                __tz_lock
                0x000000000010e460                __tz_unlock
 .text          0x000000000010e461        0x0 /usr/local/cross/i586-elf/lib/libc.a(lib_a-tzvars.o)
 *fill*         0x000000000010e461        0xf 
 .text          0x000000000010e470       0x9c /usr/local/cross/i586-elf/lib/libc.a(lib_a-vsprintf.o)
                0x000000000010e470                _vsprintf_r
                0x000000000010e4e0                vsprintf
 .text          0x000000000010e50c        0x0 /usr/local/cross/i586-elf/lib/libc.a(lib_a-ctype_.o)
 *fill*         0x000000000010e50c        0x4 
 .text          0x000000000010e510       0x5f /usr/local/cross/i586-elf/lib/libc.a(lib_a-div.o)
                0x000000000010e510                div
 *fill*         0x000000000010e56f        0x1 
 .text          0x000000000010e570     0x16f7 /usr/local/cross/i586-elf/lib/libc.a(lib_a-dtoa.o)
                0x000000000010e780                _dtoa_r
 *fill*         0x000000000010fc67        0x9 
 .text          0x000000000010fc70       0x11 /usr/local/cross/i586-elf/lib/libc.a(lib_a-envlock.o)
                0x000000000010fc70                __env_lock
                0x000000000010fc80                __env_unlock
 *fill*         0x000000000010fc81        0xf 
 .text          0x000000000010fc90       0x44 /usr/local/cross/i586-elf/lib/libc.a(lib_a-gettimeofdayr.o)
                0x000000000010fc90                _gettimeofday_r
 *fill*         0x000000000010fcd4        0xc 
 .text          0x000000000010fce0        0x6 /usr/local/cross/i586-elf/lib/libc.a(lib_a-gettzinfo.o)
                0x000000000010fce0                __gettzinfo
 *fill*         0x000000000010fce6        0xa 
 .text          0x000000000010fcf0       0xf6 /usr/local/cross/i586-elf/lib/libc.a(lib_a-locale.o)
                0x000000000010fcf0                _setlocale_r
                0x000000000010fd60                __locale_charset
                0x000000000010fd70                __locale_mb_cur_max
                0x000000000010fd80                __locale_msgcharset
                0x000000000010fd90                __locale_cjk_lang
                0x000000000010fda0                _localeconv_r
                0x000000000010fdb0                setlocale
                0x000000000010fde0                localeconv
 *fill*         0x000000000010fde6        0xa 
 .text          0x000000000010fdf0       0x95 /usr/local/cross/i586-elf/lib/libc.a(lib_a-memchr.o)
                0x000000000010fdf0                memchr
 *fill*         0x000000000010fe85        0xb 
 .text          0x000000000010fe90      0xf38 /usr/local/cross/i586-elf/lib/libc.a(lib_a-mprec.o)
                0x000000000010fe90                _Balloc
                0x000000000010ff30                _Bfree
                0x000000000010ff50                __multadd
                0x0000000000110060                __s2b
                0x0000000000110170                __hi0bits
                0x00000000001101e0                __lo0bits
                0x0000000000110270                __i2b
                0x00000000001102a0                __multiply
                0x00000000001104c0                __pow5mult
                0x00000000001105e0                __lshift
                0x0000000000110730                __mcmp
                0x0000000000110790                __mdiff
                0x0000000000110920                __ulp
                0x00000000001109b0                __b2d
                0x0000000000110ac0                __d2b
                0x0000000000110bf0                __ratio
                0x0000000000110c90                _mprec_log10
                0x0000000000110cd0                __copybits
                0x0000000000110d40                __any_on
 *fill*         0x0000000000110dc8        0x8 
 .text          0x0000000000110dd0      0x138 /usr/local/cross/i586-elf/lib/libc.a(lib_a-reent.o)
                0x0000000000110dd0                cleanup_glue
                0x0000000000110e10                _reclaim_reent
 *fill*         0x0000000000110f08        0x8 
 .text          0x0000000000110f10       0x61 /usr/local/cross/i586-elf/lib/libc.a(lib_a-s_fpclassify.o)
                0x0000000000110f10                __fpclassifyd
 *fill*         0x0000000000110f71        0xf 
 .text          0x0000000000110f80     0x1082 /usr/local/cross/i586-elf/lib/libc.a(lib_a-svfiprintf.o)
                0x0000000000110f80                __ssprint_r
                0x00000000001111c0                _svfiprintf_r
 *fill*         0x0000000000112002        0xe 
 .text          0x0000000000112010       0x8d /usr/local/cross/i586-elf/lib/libc.a(lib_a-memmove.o)
                0x0000000000112010                memmove

.iplt           0x00000000001120a0        0x0
 .iplt          0x0000000000000000        0x0 /home/antonio/Projects/aPlus/src/arch/task.o

.rodata         0x00000000001120a0      0xe2c
                0x00000000001120a0                rodata = .
                0x00000000001120a0                _rodata = .
                0x00000000001120a0                __rodata = .
 *(.rodata*)
 .rodata        0x00000000001120a0       0x5b /home/antonio/Projects/aPlus/src/arch/task.o
 .rodata        0x00000000001120fb        0xc /home/antonio/Projects/aPlus/src/arch/syscall.o
 *fill*         0x0000000000112107        0x1 
 .rodata        0x0000000000112108       0xfc /home/antonio/Projects/aPlus/src/arch/mm.o
 .rodata        0x0000000000112204      0x1a4 /home/antonio/Projects/aPlus/src/arch/desc.o
 .rodata        0x00000000001123a8       0x38 /home/antonio/Projects/aPlus/src/arch/screen.o
 .rodata        0x00000000001123e0        0x2 /home/antonio/Projects/aPlus/src/vfs.o
 .rodata        0x00000000001123e2        0x7 /home/antonio/Projects/aPlus/src/elf.o
 *fill*         0x00000000001123e9        0x3 
 .rodata        0x00000000001123ec       0x25 /home/antonio/Projects/aPlus/src/panic.o
 *fill*         0x0000000000112411        0x3 
 .rodata        0x0000000000112414       0x34 /home/antonio/Projects/aPlus/src/rootfs.o
 .rodata        0x0000000000112448       0x2a /home/antonio/Projects/aPlus/src/tty.o
 .rodata        0x0000000000112472       0x80 /home/antonio/Projects/aPlus/src/main.o
 .rodata        0x00000000001124f2        0x5 /home/antonio/Projects/aPlus/src/fs/initfs/initfs.o
 .rodata        0x00000000001124f7        0x3 /home/antonio/Projects/aPlus/src/fs/procfs/procfs_task.o
 .rodata        0x00000000001124fa        0xa /home/antonio/Projects/aPlus/src/fs/procfs/procfs_cmdline.o
 .rodata        0x0000000000112504        0x4 /home/antonio/Projects/aPlus/src/fs/procfs/procfs_cwd.o
 .rodata        0x0000000000112508       0x10 /home/antonio/Projects/aPlus/src/fs/procfs/procfs_filesystems.o
 .rodata        0x0000000000112518        0xa /home/antonio/Projects/aPlus/src/fs/procfs/procfs_environ.o
 *fill*         0x0000000000112522        0x2 
 .rodata        0x0000000000112524       0x91 /home/antonio/Projects/aPlus/src/fs/procfs/procfs_meminfo.o
 .rodata        0x00000000001125b5        0x8 /home/antonio/Projects/aPlus/src/fs/procfs/procfs.o
 .rodata        0x00000000001125bd        0xb /home/antonio/Projects/aPlus/src/fs/procfs/procfs_fd.o
 .rodata        0x00000000001125c8        0x6 /home/antonio/Projects/aPlus/src/fs/iso9660/iso9660_check.o
 .rodata        0x00000000001125ce        0x5 /home/antonio/Projects/aPlus/src/fs/iso9660/iso9660_finddir.o
 .rodata        0x00000000001125d3       0x1a /home/antonio/Projects/aPlus/src/initrd.o
 .rodata.str1.1
                0x00000000001125ed        0x5 /usr/local/cross/i586-elf/lib/libelfldr.a(elf-module.o)
 .rodata.str1.1
                0x00000000001125f2        0x5 /usr/local/cross/i586-elf/lib/libposix.a(execvp.o)
 *fill*         0x00000000001125f7        0x1 
 .rodata        0x00000000001125f8        0x4 /usr/local/cross/i586-elf/lib/libc.a(lib_a-impure.o)
                0x00000000001125f8                _global_impure_ptr
 .rodata.str1.1
                0x00000000001125fc        0x2 /usr/local/cross/i586-elf/lib/libc.a(lib_a-impure.o)
 *fill*         0x00000000001125fe        0x2 
 .rodata        0x0000000000112600       0x70 /usr/local/cross/i586-elf/lib/libc.a(lib_a-mktime.o)
 *fill*         0x0000000000112670       0x10 
 .rodata        0x0000000000112680       0x80 /usr/local/cross/i586-elf/lib/libc.a(lib_a-mktm_r.o)
 .rodata.str1.1
                0x0000000000112700       0x3b /usr/local/cross/i586-elf/lib/libc.a(lib_a-svfprintf.o)
 *fill*         0x000000000011273b        0x1 
 .rodata        0x000000000011273c      0x184 /usr/local/cross/i586-elf/lib/libc.a(lib_a-svfprintf.o)
 .rodata.str1.1
                0x00000000001128c0        0x4 /usr/local/cross/i586-elf/lib/libc.a(lib_a-tzvars.o)
 *fill*         0x00000000001128c4       0x1c 
 .rodata        0x00000000001128e0      0x2a0 /usr/local/cross/i586-elf/lib/libc.a(lib_a-ctype_.o)
                0x00000000001128e0                _ctype_
 .rodata.str1.1
                0x0000000000112b80        0xd /usr/local/cross/i586-elf/lib/libc.a(lib_a-dtoa.o)
                                          0xf (size before relaxing)
 *fill*         0x0000000000112b8d        0x3 
 .rodata.cst4   0x0000000000112b90       0x18 /usr/local/cross/i586-elf/lib/libc.a(lib_a-dtoa.o)
 .rodata.cst8   0x0000000000112ba8       0x18 /usr/local/cross/i586-elf/lib/libc.a(lib_a-dtoa.o)
 .rodata.str1.1
                0x0000000000112bc0        0x8 /usr/local/cross/i586-elf/lib/libc.a(lib_a-locale.o)
                                          0xb (size before relaxing)
 *fill*         0x0000000000112bc8       0x18 
 .rodata        0x0000000000112be0      0x168 /usr/local/cross/i586-elf/lib/libc.a(lib_a-mprec.o)
                0x0000000000112c00                __mprec_tinytens
                0x0000000000112c40                __mprec_bigtens
                0x0000000000112c80                __mprec_tens
 .rodata.cst4   0x0000000000000000        0x4 /usr/local/cross/i586-elf/lib/libc.a(lib_a-mprec.o)
 .rodata.str1.1
                0x0000000000000000       0x29 /usr/local/cross/i586-elf/lib/libc.a(lib_a-svfiprintf.o)
 .rodata        0x0000000000112d48      0x184 /usr/local/cross/i586-elf/lib/libc.a(lib_a-svfiprintf.o)

.eh_frame       0x0000000000112ecc     0x2f70
 .eh_frame      0x0000000000112ecc      0x280 /home/antonio/Projects/aPlus/src/arch/task.o
 .eh_frame      0x000000000011314c      0x550 /home/antonio/Projects/aPlus/src/arch/syscall.o
                                        0x568 (size before relaxing)
 .eh_frame      0x000000000011369c      0x280 /home/antonio/Projects/aPlus/src/arch/mm.o
                                        0x298 (size before relaxing)
 .eh_frame      0x000000000011391c      0x158 /home/antonio/Projects/aPlus/src/arch/desc.o
                                        0x170 (size before relaxing)
 .eh_frame      0x0000000000113a74      0x128 /home/antonio/Projects/aPlus/src/arch/screen.o
                                        0x140 (size before relaxing)
 .eh_frame      0x0000000000113b9c      0x20c /home/antonio/Projects/aPlus/src/vfs.o
                                        0x224 (size before relaxing)
 .eh_frame      0x0000000000113da8       0xe0 /home/antonio/Projects/aPlus/src/elf.o
                                         0xf8 (size before relaxing)
 .eh_frame      0x0000000000113e88       0x40 /home/antonio/Projects/aPlus/src/panic.o
                                         0x58 (size before relaxing)
 .eh_frame      0x0000000000113ec8      0x808 /home/antonio/Projects/aPlus/src/crt0.o
                                        0x820 (size before relaxing)
 .eh_frame      0x00000000001146d0       0xa0 /home/antonio/Projects/aPlus/src/rootfs.o
                                         0xb8 (size before relaxing)
 .eh_frame      0x0000000000114770       0xa0 /home/antonio/Projects/aPlus/src/tty.o
                                         0xb8 (size before relaxing)
 .eh_frame      0x0000000000114810       0x60 /home/antonio/Projects/aPlus/src/spinlock.o
                                         0x78 (size before relaxing)
 .eh_frame      0x0000000000114870       0x7c /home/antonio/Projects/aPlus/src/main.o
                                         0x94 (size before relaxing)
 .eh_frame      0x00000000001148ec       0x20 /home/antonio/Projects/aPlus/src/fs/initfs/initfs_mount.o
                                         0x38 (size before relaxing)
 .eh_frame      0x000000000011490c       0x60 /home/antonio/Projects/aPlus/src/fs/initfs/initfs.o
                                         0x78 (size before relaxing)
 .eh_frame      0x000000000011496c       0x80 /home/antonio/Projects/aPlus/src/fs/ramdev.o
                                         0x98 (size before relaxing)
 .eh_frame      0x00000000001149ec       0x20 /home/antonio/Projects/aPlus/src/fs/procfs/procfs_task.o
                                         0x38 (size before relaxing)
 .eh_frame      0x0000000000114a0c       0x60 /home/antonio/Projects/aPlus/src/fs/procfs/procfs_cmdline.o
                                         0x78 (size before relaxing)
 .eh_frame      0x0000000000114a6c       0x20 /home/antonio/Projects/aPlus/src/fs/procfs/procfs_mount.o
                                         0x38 (size before relaxing)
 .eh_frame      0x0000000000114a8c       0x20 /home/antonio/Projects/aPlus/src/fs/procfs/procfs_cwd.o
                                         0x38 (size before relaxing)
 .eh_frame      0x0000000000114aac       0x80 /home/antonio/Projects/aPlus/src/fs/procfs/procfs_filesystems.o
                                         0x98 (size before relaxing)
 .eh_frame      0x0000000000114b2c       0x60 /home/antonio/Projects/aPlus/src/fs/procfs/procfs_environ.o
                                         0x78 (size before relaxing)
 .eh_frame      0x0000000000114b8c       0x80 /home/antonio/Projects/aPlus/src/fs/procfs/procfs_meminfo.o
                                         0x98 (size before relaxing)
 .eh_frame      0x0000000000114c0c      0x100 /home/antonio/Projects/aPlus/src/fs/procfs/procfs.o
                                        0x118 (size before relaxing)
 .eh_frame      0x0000000000114d0c       0x60 /home/antonio/Projects/aPlus/src/fs/procfs/procfs_fd.o
                                         0x78 (size before relaxing)
 .eh_frame      0x0000000000114d6c       0x20 /home/antonio/Projects/aPlus/src/fs/sfs/sfs_mount.o
                                         0x38 (size before relaxing)
 .eh_frame      0x0000000000114d8c       0x20 /home/antonio/Projects/aPlus/src/fs/sfs/sfs_check.o
                                         0x38 (size before relaxing)
 .eh_frame      0x0000000000114dac       0x8c /home/antonio/Projects/aPlus/src/fs/pipe.o
                                         0xa4 (size before relaxing)
 .eh_frame      0x0000000000114e38       0x20 /home/antonio/Projects/aPlus/src/fs/iso9660/iso9660_read.o
                                         0x38 (size before relaxing)
 .eh_frame      0x0000000000114e58       0x20 /home/antonio/Projects/aPlus/src/fs/iso9660/iso9660_check.o
                                         0x38 (size before relaxing)
 .eh_frame      0x0000000000114e78      0x124 /home/antonio/Projects/aPlus/src/fs/iso9660/iso9660.o
                                        0x13c (size before relaxing)
 .eh_frame      0x0000000000114f9c       0x20 /home/antonio/Projects/aPlus/src/fs/iso9660/iso9660_mount.o
                                         0x38 (size before relaxing)
 .eh_frame      0x0000000000114fbc       0x28 /home/antonio/Projects/aPlus/src/fs/iso9660/iso9660_readdir.o
                                         0x40 (size before relaxing)
 .eh_frame      0x0000000000114fe4       0x28 /home/antonio/Projects/aPlus/src/fs/iso9660/iso9660_finddir.o
                                         0x40 (size before relaxing)
 .eh_frame      0x000000000011500c       0x20 /home/antonio/Projects/aPlus/src/initrd.o
                                         0x38 (size before relaxing)
 .eh_frame      0x000000000011502c      0x138 /usr/local/cross/i586-elf/lib/libelfldr.a(elf-module.o)
                                        0x150 (size before relaxing)
 .eh_frame      0x0000000000115164       0x7c /usr/local/cross/i586-elf/lib/libelfldr.a(elf-module-i386.o)
                                         0x94 (size before relaxing)
 .eh_frame      0x00000000001151e0       0x1c /usr/local/cross/i586-elf/lib/libposix.a(execlp.o)
                                         0x34 (size before relaxing)
 .eh_frame      0x00000000001151fc       0x54 /usr/local/cross/i586-elf/lib/libposix.a(execvp.o)
                                         0x6c (size before relaxing)
 .eh_frame      0x0000000000115250       0x18 /usr/local/cross/i586-elf/lib/libposix.a(execv.o)
                                         0x30 (size before relaxing)
 .eh_frame      0x0000000000115268       0x14 /usr/local/cross/i586-elf/lib/libposix.a(_execve.o)
                                         0x2c (size before relaxing)
 .eh_frame      0x000000000011527c       0x14 /usr/local/cross/i586-elf/lib/libc.a(lib_a-errno.o)
                                         0x2c (size before relaxing)
 .eh_frame      0x0000000000115290       0x30 /usr/local/cross/i586-elf/lib/libc.a(lib_a-getenv.o)
                                         0x48 (size before relaxing)
 .eh_frame      0x00000000001152c0       0x70 /usr/local/cross/i586-elf/lib/libc.a(lib_a-getenv_r.o)
                                         0x88 (size before relaxing)
 .eh_frame      0x0000000000115330       0x30 /usr/local/cross/i586-elf/lib/libc.a(lib_a-malloc.o)
                                         0x48 (size before relaxing)
 .eh_frame      0x0000000000115360       0x70 /usr/local/cross/i586-elf/lib/libc.a(lib_a-mktime.o)
                                         0x88 (size before relaxing)
 .eh_frame      0x00000000001153d0       0x98 /usr/local/cross/i586-elf/lib/libc.a(lib_a-mktm_r.o)
                                         0xb0 (size before relaxing)
 .eh_frame      0x0000000000115468       0x38 /usr/local/cross/i586-elf/lib/libc.a(lib_a-sprintf.o)
                                         0x50 (size before relaxing)
 .eh_frame      0x00000000001154a0       0x2c /usr/local/cross/i586-elf/lib/libc.a(lib_a-strcat.o)
                                         0x44 (size before relaxing)
 .eh_frame      0x00000000001154cc       0x24 /usr/local/cross/i586-elf/lib/libc.a(lib_a-strcmp.o)
                                         0x3c (size before relaxing)
 .eh_frame      0x00000000001154f0       0x30 /usr/local/cross/i586-elf/lib/libc.a(lib_a-strcpy.o)
                                         0x48 (size before relaxing)
 .eh_frame      0x0000000000115520       0x18 /usr/local/cross/i586-elf/lib/libc.a(lib_a-strdup.o)
                                         0x30 (size before relaxing)
 .eh_frame      0x0000000000115538       0x34 /usr/local/cross/i586-elf/lib/libc.a(lib_a-strdup_r.o)
                                         0x4c (size before relaxing)
 .eh_frame      0x000000000011556c       0x40 /usr/local/cross/i586-elf/lib/libc.a(lib_a-strncmp.o)
                                         0x58 (size before relaxing)
 .eh_frame      0x00000000001155ac       0x4c /usr/local/cross/i586-elf/lib/libc.a(lib_a-strncpy.o)
                                         0x64 (size before relaxing)
 .eh_frame      0x00000000001155f8       0x44 /usr/local/cross/i586-elf/lib/libc.a(lib_a-svfprintf.o)
                                         0x5c (size before relaxing)
 .eh_frame      0x000000000011563c       0x24 /usr/local/cross/i586-elf/lib/libc.a(lib_a-time.o)
                                         0x3c (size before relaxing)
 .eh_frame      0x0000000000115660       0x14 /usr/local/cross/i586-elf/lib/libc.a(lib_a-tolower.o)
                                         0x2c (size before relaxing)
 .eh_frame      0x0000000000115674       0x28 /usr/local/cross/i586-elf/lib/libc.a(lib_a-tzlock.o)
                                         0x40 (size before relaxing)
 .eh_frame      0x000000000011569c       0x34 /usr/local/cross/i586-elf/lib/libc.a(lib_a-vsprintf.o)
                                         0x4c (size before relaxing)
 .eh_frame      0x00000000001156d0       0x14 /usr/local/cross/i586-elf/lib/libc.a(lib_a-div.o)
                                         0x2c (size before relaxing)
 .eh_frame      0x00000000001156e4       0xc4 /usr/local/cross/i586-elf/lib/libc.a(lib_a-dtoa.o)
                                         0xdc (size before relaxing)
 .eh_frame      0x00000000001157a8       0x28 /usr/local/cross/i586-elf/lib/libc.a(lib_a-envlock.o)
                                         0x40 (size before relaxing)
 .eh_frame      0x00000000001157d0       0x20 /usr/local/cross/i586-elf/lib/libc.a(lib_a-gettimeofdayr.o)
                                         0x38 (size before relaxing)
 .eh_frame      0x00000000001157f0       0x14 /usr/local/cross/i586-elf/lib/libc.a(lib_a-gettzinfo.o)
                                         0x2c (size before relaxing)
 .eh_frame      0x0000000000115804       0xbc /usr/local/cross/i586-elf/lib/libc.a(lib_a-locale.o)
                                         0xd4 (size before relaxing)
 .eh_frame      0x00000000001158c0      0x438 /usr/local/cross/i586-elf/lib/libc.a(lib_a-mprec.o)
                                        0x450 (size before relaxing)
 .eh_frame      0x0000000000115cf8       0x74 /usr/local/cross/i586-elf/lib/libc.a(lib_a-reent.o)
                                         0x8c (size before relaxing)
 .eh_frame      0x0000000000115d6c       0x20 /usr/local/cross/i586-elf/lib/libc.a(lib_a-s_fpclassify.o)
                                         0x38 (size before relaxing)
 .eh_frame      0x0000000000115d8c       0xb0 /usr/local/cross/i586-elf/lib/libc.a(lib_a-svfiprintf.o)
                                         0xc8 (size before relaxing)

.rel.dyn        0x0000000000115e3c        0x0
 .rel.iplt      0x0000000000000000        0x0 /home/antonio/Projects/aPlus/src/arch/task.o
 .rel.text      0x0000000000000000        0x0 /home/antonio/Projects/aPlus/src/arch/task.o
 .rel.multiboot
                0x0000000000000000        0x0 /home/antonio/Projects/aPlus/src/arch/task.o

.data           0x0000000000115e40      0x7dc
                0x0000000000115e40                data = .
                0x0000000000115e40                _data = .
                0x0000000000115e40                __data = .
 *(.data)
 .data          0x0000000000115e40        0x0 /home/antonio/Projects/aPlus/src/arch/task.o
 .data          0x0000000000115e40        0x0 /home/antonio/Projects/aPlus/src/arch/syscall.o
 .data          0x0000000000115e40        0x0 /home/antonio/Projects/aPlus/src/arch/mm.o
 .data          0x0000000000115e40       0x80 /home/antonio/Projects/aPlus/src/arch/desc.o
 .data          0x0000000000115ec0      0x206 /home/antonio/Projects/aPlus/src/arch/screen.o
                0x0000000000115ec0                vkscan
                0x00000000001160c0                videoattr
 .data          0x00000000001160c6        0x0 /home/antonio/Projects/aPlus/src/vfs.o
 .data          0x00000000001160c6        0x0 /home/antonio/Projects/aPlus/src/elf.o
 .data          0x00000000001160c6        0x0 /home/antonio/Projects/aPlus/src/panic.o
 .data          0x00000000001160c6        0x0 /home/antonio/Projects/aPlus/src/crt0.o
 .data          0x00000000001160c6        0x0 /home/antonio/Projects/aPlus/src/rootfs.o
 .data          0x00000000001160c6        0x1 /home/antonio/Projects/aPlus/src/tty.o
 .data          0x00000000001160c7        0x0 /home/antonio/Projects/aPlus/src/spinlock.o
 *fill*         0x00000000001160c7        0x1 
 .data          0x00000000001160c8       0x18 /home/antonio/Projects/aPlus/src/main.o
 .data          0x00000000001160e0        0x0 /home/antonio/Projects/aPlus/src/fs/initfs/initfs_mount.o
 .data          0x00000000001160e0        0x0 /home/antonio/Projects/aPlus/src/fs/initfs/initfs.o
 .data          0x00000000001160e0        0x0 /home/antonio/Projects/aPlus/src/fs/ramdev.o
 .data          0x00000000001160e0        0x0 /home/antonio/Projects/aPlus/src/fs/procfs/procfs_task.o
 .data          0x00000000001160e0        0x0 /home/antonio/Projects/aPlus/src/fs/procfs/procfs_cmdline.o
 .data          0x00000000001160e0        0x0 /home/antonio/Projects/aPlus/src/fs/procfs/procfs_mount.o
 .data          0x00000000001160e0        0x0 /home/antonio/Projects/aPlus/src/fs/procfs/procfs_cwd.o
 .data          0x00000000001160e0        0x0 /home/antonio/Projects/aPlus/src/fs/procfs/procfs_filesystems.o
 .data          0x00000000001160e0        0x0 /home/antonio/Projects/aPlus/src/fs/procfs/procfs_environ.o
 .data          0x00000000001160e0        0x0 /home/antonio/Projects/aPlus/src/fs/procfs/procfs_meminfo.o
 .data          0x00000000001160e0        0x0 /home/antonio/Projects/aPlus/src/fs/procfs/procfs.o
 .data          0x00000000001160e0        0x0 /home/antonio/Projects/aPlus/src/fs/procfs/procfs_fd.o
 .data          0x00000000001160e0        0x0 /home/antonio/Projects/aPlus/src/fs/sfs/sfs_mount.o
 .data          0x00000000001160e0        0x0 /home/antonio/Projects/aPlus/src/fs/sfs/sfs_check.o
 .data          0x00000000001160e0        0x0 /home/antonio/Projects/aPlus/src/fs/pipe.o
 .data          0x00000000001160e0        0x0 /home/antonio/Projects/aPlus/src/fs/iso9660/iso9660_read.o
 .data          0x00000000001160e0        0x0 /home/antonio/Projects/aPlus/src/fs/iso9660/iso9660_check.o
 .data          0x00000000001160e0        0x0 /home/antonio/Projects/aPlus/src/fs/iso9660/iso9660.o
 .data          0x00000000001160e0        0x0 /home/antonio/Projects/aPlus/src/fs/iso9660/iso9660_mount.o
 .data          0x00000000001160e0        0x0 /home/antonio/Projects/aPlus/src/fs/iso9660/iso9660_readdir.o
 .data          0x00000000001160e0        0x0 /home/antonio/Projects/aPlus/src/fs/iso9660/iso9660_finddir.o
 .data          0x00000000001160e0        0x0 /home/antonio/Projects/aPlus/src/initrd.o
 .data          0x00000000001160e0        0x0 /usr/local/cross/i586-elf/lib/libelfldr.a(elf-module.o)
 .data          0x00000000001160e0        0x0 /usr/local/cross/i586-elf/lib/libelfldr.a(elf-module-i386.o)
 .data          0x00000000001160e0        0x0 /usr/local/cross/i586-elf/lib/libposix.a(execlp.o)
 .data          0x00000000001160e0        0x0 /usr/local/cross/i586-elf/lib/libposix.a(execvp.o)
 .data          0x00000000001160e0        0x0 /usr/local/cross/i586-elf/lib/libposix.a(execv.o)
 .data          0x00000000001160e0        0x0 /usr/local/cross/i586-elf/lib/libposix.a(_execve.o)
 .data          0x00000000001160e0        0x4 /usr/local/cross/i586-elf/lib/libc.a(lib_a-environ.o)
                0x00000000001160e0                environ
 .data          0x00000000001160e4        0x0 /usr/local/cross/i586-elf/lib/libc.a(lib_a-errno.o)
 .data          0x00000000001160e4        0x0 /usr/local/cross/i586-elf/lib/libc.a(lib_a-getenv.o)
 .data          0x00000000001160e4        0x0 /usr/local/cross/i586-elf/lib/libc.a(lib_a-getenv_r.o)
 *fill*         0x00000000001160e4       0x1c 
 .data          0x0000000000116100      0x444 /usr/local/cross/i586-elf/lib/libc.a(lib_a-impure.o)
                0x0000000000116100                _impure_ptr
 .data          0x0000000000116544        0x0 /usr/local/cross/i586-elf/lib/libc.a(lib_a-malloc.o)
 .data          0x0000000000116544        0x0 /usr/local/cross/i586-elf/lib/libc.a(lib_a-memcmp.o)
 .data          0x0000000000116544        0x0 /usr/local/cross/i586-elf/lib/libc.a(lib_a-memcpy.o)
 .data          0x0000000000116544        0x0 /usr/local/cross/i586-elf/lib/libc.a(lib_a-memset.o)
 .data          0x0000000000116544        0x0 /usr/local/cross/i586-elf/lib/libc.a(lib_a-mktime.o)
 .data          0x0000000000116544        0x0 /usr/local/cross/i586-elf/lib/libc.a(lib_a-mktm_r.o)
 .data          0x0000000000116544        0x0 /usr/local/cross/i586-elf/lib/libc.a(lib_a-setjmp.o)
 .data          0x0000000000116544        0x0 /usr/local/cross/i586-elf/lib/libc.a(lib_a-sprintf.o)
 .data          0x0000000000116544        0x0 /usr/local/cross/i586-elf/lib/libc.a(lib_a-strcat.o)
 .data          0x0000000000116544        0x0 /usr/local/cross/i586-elf/lib/libc.a(lib_a-strchr.o)
 .data          0x0000000000116544        0x0 /usr/local/cross/i586-elf/lib/libc.a(lib_a-strcmp.o)
 .data          0x0000000000116544        0x0 /usr/local/cross/i586-elf/lib/libc.a(lib_a-strcpy.o)
 .data          0x0000000000116544        0x0 /usr/local/cross/i586-elf/lib/libc.a(lib_a-strdup.o)
 .data          0x0000000000116544        0x0 /usr/local/cross/i586-elf/lib/libc.a(lib_a-strdup_r.o)
 .data          0x0000000000116544        0x0 /usr/local/cross/i586-elf/lib/libc.a(lib_a-strlen.o)
 .data          0x0000000000116544        0x0 /usr/local/cross/i586-elf/lib/libc.a(lib_a-strncmp.o)
 .data          0x0000000000116544        0x0 /usr/local/cross/i586-elf/lib/libc.a(lib_a-strncpy.o)
 .data          0x0000000000116544        0x0 /usr/local/cross/i586-elf/lib/libc.a(lib_a-svfprintf.o)
 .data          0x0000000000116544        0x0 /usr/local/cross/i586-elf/lib/libc.a(lib_a-time.o)
 .data          0x0000000000116544        0x0 /usr/local/cross/i586-elf/lib/libc.a(lib_a-tolower.o)
 .data          0x0000000000116544        0x0 /usr/local/cross/i586-elf/lib/libc.a(lib_a-tzlock.o)
 .data          0x0000000000116544        0x8 /usr/local/cross/i586-elf/lib/libc.a(lib_a-tzvars.o)
                0x0000000000116544                _tzname
 .data          0x000000000011654c        0x0 /usr/local/cross/i586-elf/lib/libc.a(lib_a-vsprintf.o)
 .data          0x000000000011654c        0x4 /usr/local/cross/i586-elf/lib/libc.a(lib_a-ctype_.o)
                0x000000000011654c                __ctype_ptr__
 .data          0x0000000000116550        0x0 /usr/local/cross/i586-elf/lib/libc.a(lib_a-div.o)
 .data          0x0000000000116550        0x0 /usr/local/cross/i586-elf/lib/libc.a(lib_a-dtoa.o)
 .data          0x0000000000116550        0x0 /usr/local/cross/i586-elf/lib/libc.a(lib_a-envlock.o)
 .data          0x0000000000116550        0x0 /usr/local/cross/i586-elf/lib/libc.a(lib_a-gettimeofdayr.o)
 *fill*         0x0000000000116550       0x10 
 .data          0x0000000000116560       0x40 /usr/local/cross/i586-elf/lib/libc.a(lib_a-gettzinfo.o)
 .data          0x00000000001165a0       0x7c /usr/local/cross/i586-elf/lib/libc.a(lib_a-locale.o)
                0x0000000000116618                __mb_cur_max
 .data          0x000000000011661c        0x0 /usr/local/cross/i586-elf/lib/libc.a(lib_a-memchr.o)
 .data          0x000000000011661c        0x0 /usr/local/cross/i586-elf/lib/libc.a(lib_a-mprec.o)
 .data          0x000000000011661c        0x0 /usr/local/cross/i586-elf/lib/libc.a(lib_a-reent.o)
 .data          0x000000000011661c        0x0 /usr/local/cross/i586-elf/lib/libc.a(lib_a-s_fpclassify.o)
 .data          0x000000000011661c        0x0 /usr/local/cross/i586-elf/lib/libc.a(lib_a-svfiprintf.o)
 .data          0x000000000011661c        0x0 /usr/local/cross/i586-elf/lib/libc.a(lib_a-memmove.o)

.igot.plt       0x000000000011661c        0x0
 .igot.plt      0x0000000000000000        0x0 /home/antonio/Projects/aPlus/src/arch/task.o
                0x0000000000117000                . = ALIGN (0x1000)
                0x0000000000118000                . = (. + 0x1000)

.syscall_handlers
                0x0000000000118000      0x1d4
                0x0000000000118000                syscall_handlers_start = .
                0x0000000000118000                _syscall_handlers_start = .
                0x0000000000118000                __syscall_handlers_start = .
 *(.syscall_handlers)
 .syscall_handlers
                0x0000000000118000      0x1d4 /home/antonio/Projects/aPlus/src/arch/syscall.o
                0x0000000000118000                syscall_handler__exit
                0x000000000011800c                syscall_handler__chown
                0x0000000000118018                syscall_handler__close
                0x0000000000118024                syscall_handler(...)(long long,...)(char, void,...)
                0x0000000000118030                syscall_handler__fork
                0x000000000011803c                syscall_handler__fstat
                0x0000000000118048                syscall_handler__getpid
                0x0000000000118054                syscall_handler_gettimeofday
                0x0000000000118060                syscall_handler__kill
                0x000000000011806c                syscall_handler__link
                0x0000000000118078                syscall_handler__lseek
                0x0000000000118084                syscall_handler__open
                0x0000000000118090                syscall_handler__read
                0x000000000011809c                syscall_handler__readlink
                0x00000000001180a8                syscall_handler__stat
                0x00000000001180b4                syscall_handler__symlink
                0x00000000001180c0                syscall_handler__times
                0x00000000001180cc                syscall_handler__unlink
                0x00000000001180d8                syscall_handler__wait
                0x00000000001180e4                syscall_handler__write
                0x00000000001180f0                syscall_handler__readdir
                0x00000000001180fc                syscall_handler_ioctl
                0x0000000000118108                syscall_handler_mount
                0x0000000000118114                syscall_handler_umount
                0x0000000000118120                syscall_handler_tell
                0x000000000011812c                syscall_handler___get_argv
                0x0000000000118138                syscall_handler___get_env
                0x0000000000118144                syscall_handler_pipe
                0x0000000000118150                syscall_handler_chdir
                0x000000000011815c                syscall_handler___install_signal_handler
                0x0000000000118168                syscall_handler_malloc
                0x0000000000118174                syscall_handler_free
                0x0000000000118180                syscall_handler_aplus_thread_create
                0x000000000011818c                syscall_handler_(int, double, long,...)
                0x0000000000118198                syscall_handler___wakeup
                0x00000000001181a4                syscall_handler___zombie
                0x00000000001181b0                syscall_handler_aplus_device_create
                0x00000000001181bc                syscall_handler_fcntl
                0x00000000001181c8                syscall_handler_chroot
                0x00000000001181d4                syscall_handlers_end = .
                0x00000000001181d4                _syscall_handlers_end = .
                0x00000000001181d4                __syscall_handlers_end = .
                0x00000000001191d4                . = (. + 0x1000)
                0x000000000011a000                . = ALIGN (0x1000)

.fsys           0x000000000011a000      0x480
                0x000000000011a000                fsys_start = .
                0x000000000011a000                _fsys_start = .
                0x000000000011a000                __fsys_start = .
 *(.fsys)
 .fsys          0x000000000011a000      0x120 /home/antonio/Projects/aPlus/src/fs/initfs/initfs_mount.o
                0x000000000011a000                fsys_initfs
 .fsys          0x000000000011a120      0x120 /home/antonio/Projects/aPlus/src/fs/procfs/procfs_mount.o
                0x000000000011a120                fsys_procfs
 .fsys          0x000000000011a240      0x120 /home/antonio/Projects/aPlus/src/fs/sfs/sfs_mount.o
                0x000000000011a240                fsys_sfs
 .fsys          0x000000000011a360      0x120 /home/antonio/Projects/aPlus/src/fs/iso9660/iso9660_mount.o
                0x000000000011a360                fsys_iso9660
                0x000000000011a480                fsys_end = .
                0x000000000011a480                _fsys_end = .
                0x000000000011a480                __fsys_end = .
                0x000000000011b000                . = ALIGN (0x1000)
                0x000000000011c000                . = (. + 0x1000)

.kernel_symbols
                0x000000000011c000       0x88
                0x000000000011c000                kernel_symbols_start = .
                0x000000000011c000                _kernel_symbols_start = .
                0x000000000011c000                __kernel_symbols_start = .
 *(.kernel_symbols)
 .kernel_symbols
                0x000000000011c000       0x38 /home/antonio/Projects/aPlus/src/arch/task.o
                0x000000000011c000                kernel_symbol__task_zombie
                0x000000000011c008                kernel_symbol__task_idle
                0x000000000011c010                kernel_symbol__task_wakeup
                0x000000000011c018                kernel_symbol__task_waitpid
                0x000000000011c020                kernel_symbol__task_setpriority
                0x000000000011c028                kernel_symbol__sched_enable
                0x000000000011c030                kernel_symbol__sched_disable
 .kernel_symbols
                0x000000000011c038       0x38 /home/antonio/Projects/aPlus/src/arch/mm.o
                0x000000000011c038                kernel_symbol__mm_create_addrspace
                0x000000000011c040                kernel_symbol__mm_map_kernel
                0x000000000011c048                kernel_symbol__mm_enablepaging
                0x000000000011c050                kernel_symbol__mm_disablepaging
                0x000000000011c058                kernel_symbol__vmm_switch
                0x000000000011c060                kernel_symbol__vmm_map
                0x000000000011c068                kernel_symbol__vmm_unmap
 .kernel_symbols
                0x000000000011c070       0x10 /home/antonio/Projects/aPlus/src/arch/desc.o
                0x000000000011c070                kernel_symbol__irq_set
                0x000000000011c078                kernel_symbol__irq_unset
 .kernel_symbols
                0x000000000011c080        0x8 /home/antonio/Projects/aPlus/src/main.o
                0x000000000011c080                kernel_symbol__stampa
                0x000000000011c088                kernel_symbols_end = .
                0x000000000011c088                _kernel_symbols_end = .
                0x000000000011c088                __kernel_symbols_end = .
                0x000000000011d000                . = ALIGN (0x1000)
                0x000000000011e000                . = (. + 0x1000)

.bss            0x000000000011e000     0x3018
                0x000000000011e000                bss = .
                0x000000000011e000                _bss = .
                0x000000000011e000                __bss = .
 *(COMMON)
 COMMON         0x000000000011e000        0x4 /home/antonio/Projects/aPlus/src/vfs.o
                0x000000000011e000                fs_root
 COMMON         0x000000000011e004        0x4 /usr/local/cross/i586-elf/lib/libc.a(lib_a-reent.o)
                0x000000000011e004                errno
 *(.bss)
 .bss           0x000000000011e008       0x20 /home/antonio/Projects/aPlus/src/arch/task.o
                0x000000000011e008                current_task
                0x000000000011e00c                task_queue
                0x000000000011e010                kernel_task
 *fill*         0x000000000011e028       0x18 
 .bss           0x000000000011e040       0x28 /home/antonio/Projects/aPlus/src/arch/syscall.o
 *fill*         0x000000000011e068       0x18 
 .bss           0x000000000011e080      0x420 /home/antonio/Projects/aPlus/src/arch/mm.o
                0x000000000011e080                mm_totalmemory
                0x000000000011e084                mm_usedmemory
                0x000000000011e088                mm_directory
                0x000000000011e08c                kernel_directory
 .bss           0x000000000011e4a0      0x8e4 /home/antonio/Projects/aPlus/src/arch/desc.o
                0x000000000011e4a0                keyboard_ready
 .bss           0x000000000011ed84       0x1c /home/antonio/Projects/aPlus/src/arch/screen.o
                0x000000000011ed84                videopos
 .bss           0x000000000011eda0        0x4 /home/antonio/Projects/aPlus/src/vfs.o
 .bss           0x000000000011eda4        0x0 /home/antonio/Projects/aPlus/src/elf.o
 *fill*         0x000000000011eda4       0x1c 
 .bss           0x000000000011edc0      0x400 /home/antonio/Projects/aPlus/src/panic.o
 .bss           0x000000000011f1c0        0x4 /home/antonio/Projects/aPlus/src/crt0.o
 .bss           0x000000000011f1c4        0x4 /home/antonio/Projects/aPlus/src/rootfs.o
                0x000000000011f1c4                rootfs_queue
 .bss           0x000000000011f1c8        0x0 /home/antonio/Projects/aPlus/src/tty.o
 .bss           0x000000000011f1c8        0x0 /home/antonio/Projects/aPlus/src/spinlock.o
 *fill*         0x000000000011f1c8       0x18 
 .bss           0x000000000011f1e0      0x420 /home/antonio/Projects/aPlus/src/main.o
                0x000000000011f1e0                end_kernel
 .bss           0x000000000011f600        0x0 /home/antonio/Projects/aPlus/src/fs/initfs/initfs_mount.o
 .bss           0x000000000011f600        0x0 /home/antonio/Projects/aPlus/src/fs/initfs/initfs.o
 .bss           0x000000000011f600        0x0 /home/antonio/Projects/aPlus/src/fs/ramdev.o
 .bss           0x000000000011f600        0x0 /home/antonio/Projects/aPlus/src/fs/procfs/procfs_task.o
 .bss           0x000000000011f600        0x0 /home/antonio/Projects/aPlus/src/fs/procfs/procfs_cmdline.o
 .bss           0x000000000011f600        0x0 /home/antonio/Projects/aPlus/src/fs/procfs/procfs_mount.o
 .bss           0x000000000011f600        0x0 /home/antonio/Projects/aPlus/src/fs/procfs/procfs_cwd.o
 .bss           0x000000000011f600        0x0 /home/antonio/Projects/aPlus/src/fs/procfs/procfs_filesystems.o
 .bss           0x000000000011f600        0x0 /home/antonio/Projects/aPlus/src/fs/procfs/procfs_environ.o
 .bss           0x000000000011f600        0x0 /home/antonio/Projects/aPlus/src/fs/procfs/procfs_meminfo.o
 .bss           0x000000000011f600       0x10 /home/antonio/Projects/aPlus/src/fs/procfs/procfs.o
 .bss           0x000000000011f610       0x10 /home/antonio/Projects/aPlus/src/fs/procfs/procfs_fd.o
 .bss           0x000000000011f620        0x0 /home/antonio/Projects/aPlus/src/fs/sfs/sfs_mount.o
 .bss           0x000000000011f620        0x0 /home/antonio/Projects/aPlus/src/fs/sfs/sfs_check.o
 .bss           0x000000000011f620        0x0 /home/antonio/Projects/aPlus/src/fs/pipe.o
 .bss           0x000000000011f620        0x0 /home/antonio/Projects/aPlus/src/fs/iso9660/iso9660_read.o
 .bss           0x000000000011f620        0x0 /home/antonio/Projects/aPlus/src/fs/iso9660/iso9660_check.o
 .bss           0x000000000011f620        0x0 /home/antonio/Projects/aPlus/src/fs/iso9660/iso9660.o
 .bss           0x000000000011f620        0x0 /home/antonio/Projects/aPlus/src/fs/iso9660/iso9660_mount.o
 .bss           0x000000000011f620        0x4 /home/antonio/Projects/aPlus/src/fs/iso9660/iso9660_readdir.o
 .bss           0x000000000011f624        0x4 /home/antonio/Projects/aPlus/src/fs/iso9660/iso9660_finddir.o
 .bss           0x000000000011f628        0x0 /home/antonio/Projects/aPlus/src/initrd.o
 *fill*         0x000000000011f628      0x9d8 
 .bss           0x0000000000120000     0x1000 /home/antonio/Projects/aPlus/src/arch/loader.o
                0x0000000000121000                kernel_initial_stack
 .bss           0x0000000000121000        0x0 /usr/local/cross/i586-elf/lib/libelfldr.a(elf-module.o)
 .bss           0x0000000000121000        0x0 /usr/local/cross/i586-elf/lib/libelfldr.a(elf-module-i386.o)
 .bss           0x0000000000121000        0x0 /usr/local/cross/i586-elf/lib/libposix.a(execlp.o)
 .bss           0x0000000000121000        0x0 /usr/local/cross/i586-elf/lib/libposix.a(execvp.o)
 .bss           0x0000000000121000        0x0 /usr/local/cross/i586-elf/lib/libposix.a(execv.o)
 .bss           0x0000000000121000        0x0 /usr/local/cross/i586-elf/lib/libposix.a(_execve.o)
 .bss           0x0000000000121000        0x4 /usr/local/cross/i586-elf/lib/libc.a(lib_a-environ.o)
 .bss           0x0000000000121004        0x0 /usr/local/cross/i586-elf/lib/libc.a(lib_a-errno.o)
 .bss           0x0000000000121004        0x0 /usr/local/cross/i586-elf/lib/libc.a(lib_a-getenv.o)
 .bss           0x0000000000121004        0x0 /usr/local/cross/i586-elf/lib/libc.a(lib_a-getenv_r.o)
 .bss           0x0000000000121004        0x0 /usr/local/cross/i586-elf/lib/libc.a(lib_a-impure.o)
 .bss           0x0000000000121004        0x0 /usr/local/cross/i586-elf/lib/libc.a(lib_a-malloc.o)
 .bss           0x0000000000121004        0x0 /usr/local/cross/i586-elf/lib/libc.a(lib_a-memcmp.o)
 .bss           0x0000000000121004        0x0 /usr/local/cross/i586-elf/lib/libc.a(lib_a-memcpy.o)
 .bss           0x0000000000121004        0x0 /usr/local/cross/i586-elf/lib/libc.a(lib_a-memset.o)
 .bss           0x0000000000121004        0x0 /usr/local/cross/i586-elf/lib/libc.a(lib_a-mktime.o)
 .bss           0x0000000000121004        0x0 /usr/local/cross/i586-elf/lib/libc.a(lib_a-mktm_r.o)
 .bss           0x0000000000121004        0x0 /usr/local/cross/i586-elf/lib/libc.a(lib_a-setjmp.o)
 .bss           0x0000000000121004        0x0 /usr/local/cross/i586-elf/lib/libc.a(lib_a-sprintf.o)
 .bss           0x0000000000121004        0x0 /usr/local/cross/i586-elf/lib/libc.a(lib_a-strcat.o)
 .bss           0x0000000000121004        0x0 /usr/local/cross/i586-elf/lib/libc.a(lib_a-strchr.o)
 .bss           0x0000000000121004        0x0 /usr/local/cross/i586-elf/lib/libc.a(lib_a-strcmp.o)
 .bss           0x0000000000121004        0x0 /usr/local/cross/i586-elf/lib/libc.a(lib_a-strcpy.o)
 .bss           0x0000000000121004        0x0 /usr/local/cross/i586-elf/lib/libc.a(lib_a-strdup.o)
 .bss           0x0000000000121004        0x0 /usr/local/cross/i586-elf/lib/libc.a(lib_a-strdup_r.o)
 .bss           0x0000000000121004        0x0 /usr/local/cross/i586-elf/lib/libc.a(lib_a-strlen.o)
 .bss           0x0000000000121004        0x0 /usr/local/cross/i586-elf/lib/libc.a(lib_a-strncmp.o)
 .bss           0x0000000000121004        0x0 /usr/local/cross/i586-elf/lib/libc.a(lib_a-strncpy.o)
 .bss           0x0000000000121004        0x0 /usr/local/cross/i586-elf/lib/libc.a(lib_a-svfprintf.o)
 .bss           0x0000000000121004        0x0 /usr/local/cross/i586-elf/lib/libc.a(lib_a-time.o)
 .bss           0x0000000000121004        0x0 /usr/local/cross/i586-elf/lib/libc.a(lib_a-tolower.o)
 .bss           0x0000000000121004        0x0 /usr/local/cross/i586-elf/lib/libc.a(lib_a-tzlock.o)
 .bss           0x0000000000121004        0x8 /usr/local/cross/i586-elf/lib/libc.a(lib_a-tzvars.o)
                0x0000000000121004                _timezone
                0x0000000000121008                _daylight
 .bss           0x000000000012100c        0x0 /usr/local/cross/i586-elf/lib/libc.a(lib_a-vsprintf.o)
 .bss           0x000000000012100c        0x0 /usr/local/cross/i586-elf/lib/libc.a(lib_a-ctype_.o)
 .bss           0x000000000012100c        0x0 /usr/local/cross/i586-elf/lib/libc.a(lib_a-div.o)
 .bss           0x000000000012100c        0x0 /usr/local/cross/i586-elf/lib/libc.a(lib_a-dtoa.o)
 .bss           0x000000000012100c        0x0 /usr/local/cross/i586-elf/lib/libc.a(lib_a-envlock.o)
 .bss           0x000000000012100c        0x0 /usr/local/cross/i586-elf/lib/libc.a(lib_a-gettimeofdayr.o)
 .bss           0x000000000012100c        0x0 /usr/local/cross/i586-elf/lib/libc.a(lib_a-gettzinfo.o)
 .bss           0x000000000012100c        0xc /usr/local/cross/i586-elf/lib/libc.a(lib_a-locale.o)
                0x000000000012100c                _PathLocale
                0x0000000000121010                __mlocale_changed
                0x0000000000121014                __nlocale_changed
 .bss           0x0000000000121018        0x0 /usr/local/cross/i586-elf/lib/libc.a(lib_a-memchr.o)
 .bss           0x0000000000121018        0x0 /usr/local/cross/i586-elf/lib/libc.a(lib_a-mprec.o)
 .bss           0x0000000000121018        0x0 /usr/local/cross/i586-elf/lib/libc.a(lib_a-reent.o)
 .bss           0x0000000000121018        0x0 /usr/local/cross/i586-elf/lib/libc.a(lib_a-s_fpclassify.o)
 .bss           0x0000000000121018        0x0 /usr/local/cross/i586-elf/lib/libc.a(lib_a-svfiprintf.o)
 .bss           0x0000000000121018        0x0 /usr/local/cross/i586-elf/lib/libc.a(lib_a-memmove.o)
                0x0000000000121018                end = .
                0x0000000000121018                _end = .
                0x0000000000121018                __end = .
LOAD /home/antonio/Projects/aPlus/src/arch/task.o
LOAD /home/antonio/Projects/aPlus/src/arch/syscall.o
LOAD /home/antonio/Projects/aPlus/src/arch/mm.o
LOAD /home/antonio/Projects/aPlus/src/arch/desc.o
LOAD /home/antonio/Projects/aPlus/src/arch/screen.o
LOAD /home/antonio/Projects/aPlus/src/vfs.o
LOAD /home/antonio/Projects/aPlus/src/elf.o
LOAD /home/antonio/Projects/aPlus/src/panic.o
LOAD /home/antonio/Projects/aPlus/src/crt0.o
LOAD /home/antonio/Projects/aPlus/src/rootfs.o
LOAD /home/antonio/Projects/aPlus/src/tty.o
LOAD /home/antonio/Projects/aPlus/src/spinlock.o
LOAD /home/antonio/Projects/aPlus/src/main.o
LOAD /home/antonio/Projects/aPlus/src/fs/initfs/initfs_mount.o
LOAD /home/antonio/Projects/aPlus/src/fs/initfs/initfs.o
LOAD /home/antonio/Projects/aPlus/src/fs/ramdev.o
LOAD /home/antonio/Projects/aPlus/src/fs/procfs/procfs_task.o
LOAD /home/antonio/Projects/aPlus/src/fs/procfs/procfs_cmdline.o
LOAD /home/antonio/Projects/aPlus/src/fs/procfs/procfs_mount.o
LOAD /home/antonio/Projects/aPlus/src/fs/procfs/procfs_cwd.o
LOAD /home/antonio/Projects/aPlus/src/fs/procfs/procfs_filesystems.o
LOAD /home/antonio/Projects/aPlus/src/fs/procfs/procfs_environ.o
LOAD /home/antonio/Projects/aPlus/src/fs/procfs/procfs_meminfo.o
LOAD /home/antonio/Projects/aPlus/src/fs/procfs/procfs.o
LOAD /home/antonio/Projects/aPlus/src/fs/procfs/procfs_fd.o
LOAD /home/antonio/Projects/aPlus/src/fs/sfs/sfs_mount.o
LOAD /home/antonio/Projects/aPlus/src/fs/sfs/sfs_check.o
LOAD /home/antonio/Projects/aPlus/src/fs/pipe.o
LOAD /home/antonio/Projects/aPlus/src/fs/iso9660/iso9660_read.o
LOAD /home/antonio/Projects/aPlus/src/fs/iso9660/iso9660_check.o
LOAD /home/antonio/Projects/aPlus/src/fs/iso9660/iso9660.o
LOAD /home/antonio/Projects/aPlus/src/fs/iso9660/iso9660_mount.o
LOAD /home/antonio/Projects/aPlus/src/fs/iso9660/iso9660_readdir.o
LOAD /home/antonio/Projects/aPlus/src/fs/iso9660/iso9660_finddir.o
LOAD /home/antonio/Projects/aPlus/src/initrd.o
LOAD /home/antonio/Projects/aPlus/src/arch/loader.o
LOAD /home/antonio/Projects/aPlus/src/arch/_desc.o
LOAD /home/antonio/Projects/aPlus/src/arch/process.o
LOAD /usr/local/cross/i586-elf/lib/libelfldr.a
LOAD /usr/local/cross/i586-elf/lib/libx86.a
LOAD /usr/local/cross/i586-elf/lib/libm.a
LOAD /usr/local/cross/i586-elf/lib/libposix.a
LOAD /usr/local/cross/i586-elf/lib/libc.a
LOAD /usr/local/cross/lib/gcc/i586-elf/4.8.2//libgcc.a
OUTPUT(/home/antonio/Projects/aPlus/bin/aplus.elf elf32-i386)

.comment        0x0000000000000000       0x11
 .comment       0x0000000000000000       0x11 /home/antonio/Projects/aPlus/src/arch/task.o
                                         0x12 (size before relaxing)
 .comment       0x0000000000000000       0x12 /home/antonio/Projects/aPlus/src/arch/syscall.o
 .comment       0x0000000000000000       0x12 /home/antonio/Projects/aPlus/src/arch/mm.o
 .comment       0x0000000000000000       0x12 /home/antonio/Projects/aPlus/src/arch/desc.o
 .comment       0x0000000000000000       0x12 /home/antonio/Projects/aPlus/src/arch/screen.o
 .comment       0x0000000000000000       0x12 /home/antonio/Projects/aPlus/src/vfs.o
 .comment       0x0000000000000000       0x12 /home/antonio/Projects/aPlus/src/elf.o
 .comment       0x0000000000000000       0x12 /home/antonio/Projects/aPlus/src/panic.o
 .comment       0x0000000000000000       0x12 /home/antonio/Projects/aPlus/src/crt0.o
 .comment       0x0000000000000000       0x12 /home/antonio/Projects/aPlus/src/rootfs.o
 .comment       0x0000000000000000       0x12 /home/antonio/Projects/aPlus/src/tty.o
 .comment       0x0000000000000000       0x12 /home/antonio/Projects/aPlus/src/spinlock.o
 .comment       0x0000000000000000       0x12 /home/antonio/Projects/aPlus/src/main.o
 .comment       0x0000000000000000       0x12 /home/antonio/Projects/aPlus/src/fs/initfs/initfs_mount.o
 .comment       0x0000000000000000       0x12 /home/antonio/Projects/aPlus/src/fs/initfs/initfs.o
 .comment       0x0000000000000000       0x12 /home/antonio/Projects/aPlus/src/fs/ramdev.o
 .comment       0x0000000000000000       0x12 /home/antonio/Projects/aPlus/src/fs/procfs/procfs_task.o
 .comment       0x0000000000000000       0x12 /home/antonio/Projects/aPlus/src/fs/procfs/procfs_cmdline.o
 .comment       0x0000000000000000       0x12 /home/antonio/Projects/aPlus/src/fs/procfs/procfs_mount.o
 .comment       0x0000000000000000       0x12 /home/antonio/Projects/aPlus/src/fs/procfs/procfs_cwd.o
 .comment       0x0000000000000000       0x12 /home/antonio/Projects/aPlus/src/fs/procfs/procfs_filesystems.o
 .comment       0x0000000000000000       0x12 /home/antonio/Projects/aPlus/src/fs/procfs/procfs_environ.o
 .comment       0x0000000000000000       0x12 /home/antonio/Projects/aPlus/src/fs/procfs/procfs_meminfo.o
 .comment       0x0000000000000000       0x12 /home/antonio/Projects/aPlus/src/fs/procfs/procfs.o
 .comment       0x0000000000000000       0x12 /home/antonio/Projects/aPlus/src/fs/procfs/procfs_fd.o
 .comment       0x0000000000000000       0x12 /home/antonio/Projects/aPlus/src/fs/sfs/sfs_mount.o
 .comment       0x0000000000000000       0x12 /home/antonio/Projects/aPlus/src/fs/sfs/sfs_check.o
 .comment       0x0000000000000000       0x12 /home/antonio/Projects/aPlus/src/fs/pipe.o
 .comment       0x0000000000000000       0x12 /home/antonio/Projects/aPlus/src/fs/iso9660/iso9660_read.o
 .comment       0x0000000000000000       0x12 /home/antonio/Projects/aPlus/src/fs/iso9660/iso9660_check.o
 .comment       0x0000000000000000       0x12 /home/antonio/Projects/aPlus/src/fs/iso9660/iso9660.o
 .comment       0x0000000000000000       0x12 /home/antonio/Projects/aPlus/src/fs/iso9660/iso9660_mount.o
 .comment       0x0000000000000000       0x12 /home/antonio/Projects/aPlus/src/fs/iso9660/iso9660_readdir.o
 .comment       0x0000000000000000       0x12 /home/antonio/Projects/aPlus/src/fs/iso9660/iso9660_finddir.o
 .comment       0x0000000000000000       0x12 /home/antonio/Projects/aPlus/src/initrd.o
 .comment       0x0000000000000000       0x12 /usr/local/cross/i586-elf/lib/libelfldr.a(elf-module.o)
 .comment       0x0000000000000000       0x12 /usr/local/cross/i586-elf/lib/libelfldr.a(elf-module-i386.o)
 .comment       0x0000000000000000       0x12 /usr/local/cross/i586-elf/lib/libposix.a(execlp.o)
 .comment       0x0000000000000000       0x12 /usr/local/cross/i586-elf/lib/libposix.a(execvp.o)
 .comment       0x0000000000000000       0x12 /usr/local/cross/i586-elf/lib/libposix.a(execv.o)
 .comment       0x0000000000000000       0x12 /usr/local/cross/i586-elf/lib/libposix.a(_execve.o)
 .comment       0x0000000000000000       0x12 /usr/local/cross/i586-elf/lib/libc.a(lib_a-environ.o)
 .comment       0x0000000000000000       0x12 /usr/local/cross/i586-elf/lib/libc.a(lib_a-errno.o)
 .comment       0x0000000000000000       0x12 /usr/local/cross/i586-elf/lib/libc.a(lib_a-getenv.o)
 .comment       0x0000000000000000       0x12 /usr/local/cross/i586-elf/lib/libc.a(lib_a-getenv_r.o)
 .comment       0x0000000000000000       0x12 /usr/local/cross/i586-elf/lib/libc.a(lib_a-impure.o)
 .comment       0x0000000000000000       0x12 /usr/local/cross/i586-elf/lib/libc.a(lib_a-malloc.o)
 .comment       0x0000000000000000       0x12 /usr/local/cross/i586-elf/lib/libc.a(lib_a-mktime.o)
 .comment       0x0000000000000000       0x12 /usr/local/cross/i586-elf/lib/libc.a(lib_a-mktm_r.o)
 .comment       0x0000000000000000       0x12 /usr/local/cross/i586-elf/lib/libc.a(lib_a-sprintf.o)
 .comment       0x0000000000000000       0x12 /usr/local/cross/i586-elf/lib/libc.a(lib_a-strcat.o)
 .comment       0x0000000000000000       0x12 /usr/local/cross/i586-elf/lib/libc.a(lib_a-strcmp.o)
 .comment       0x0000000000000000       0x12 /usr/local/cross/i586-elf/lib/libc.a(lib_a-strcpy.o)
 .comment       0x0000000000000000       0x12 /usr/local/cross/i586-elf/lib/libc.a(lib_a-strdup.o)
 .comment       0x0000000000000000       0x12 /usr/local/cross/i586-elf/lib/libc.a(lib_a-strdup_r.o)
 .comment       0x0000000000000000       0x12 /usr/local/cross/i586-elf/lib/libc.a(lib_a-strncmp.o)
 .comment       0x0000000000000000       0x12 /usr/local/cross/i586-elf/lib/libc.a(lib_a-strncpy.o)
 .comment       0x0000000000000000       0x12 /usr/local/cross/i586-elf/lib/libc.a(lib_a-svfprintf.o)
 .comment       0x0000000000000000       0x12 /usr/local/cross/i586-elf/lib/libc.a(lib_a-time.o)
 .comment       0x0000000000000000       0x12 /usr/local/cross/i586-elf/lib/libc.a(lib_a-tolower.o)
 .comment       0x0000000000000000       0x12 /usr/local/cross/i586-elf/lib/libc.a(lib_a-tzlock.o)
 .comment       0x0000000000000000       0x12 /usr/local/cross/i586-elf/lib/libc.a(lib_a-tzvars.o)
 .comment       0x0000000000000000       0x12 /usr/local/cross/i586-elf/lib/libc.a(lib_a-vsprintf.o)
 .comment       0x0000000000000000       0x12 /usr/local/cross/i586-elf/lib/libc.a(lib_a-ctype_.o)
 .comment       0x0000000000000000       0x12 /usr/local/cross/i586-elf/lib/libc.a(lib_a-div.o)
 .comment       0x0000000000000000       0x12 /usr/local/cross/i586-elf/lib/libc.a(lib_a-dtoa.o)
 .comment       0x0000000000000000       0x12 /usr/local/cross/i586-elf/lib/libc.a(lib_a-envlock.o)
 .comment       0x0000000000000000       0x12 /usr/local/cross/i586-elf/lib/libc.a(lib_a-gettimeofdayr.o)
 .comment       0x0000000000000000       0x12 /usr/local/cross/i586-elf/lib/libc.a(lib_a-gettzinfo.o)
 .comment       0x0000000000000000       0x12 /usr/local/cross/i586-elf/lib/libc.a(lib_a-locale.o)
 .comment       0x0000000000000000       0x12 /usr/local/cross/i586-elf/lib/libc.a(lib_a-mprec.o)
 .comment       0x0000000000000000       0x12 /usr/local/cross/i586-elf/lib/libc.a(lib_a-reent.o)
 .comment       0x0000000000000000       0x12 /usr/local/cross/i586-elf/lib/libc.a(lib_a-s_fpclassify.o)
 .comment       0x0000000000000000       0x12 /usr/local/cross/i586-elf/lib/libc.a(lib_a-svfiprintf.o)

.debug_info     0x0000000000000000     0xeea4
 .debug_info    0x0000000000000000       0x6a /usr/local/cross/i586-elf/lib/libc.a(lib_a-environ.o)
 .debug_info    0x000000000000006a      0x889 /usr/local/cross/i586-elf/lib/libc.a(lib_a-errno.o)
 .debug_info    0x00000000000008f3      0x92e /usr/local/cross/i586-elf/lib/libc.a(lib_a-getenv.o)
 .debug_info    0x0000000000001221      0xa00 /usr/local/cross/i586-elf/lib/libc.a(lib_a-getenv_r.o)
 .debug_info    0x0000000000001c21      0x894 /usr/local/cross/i586-elf/lib/libc.a(lib_a-impure.o)
 .debug_info    0x00000000000024b5      0x915 /usr/local/cross/i586-elf/lib/libc.a(lib_a-malloc.o)
 .debug_info    0x0000000000002dca       0x9f /usr/local/cross/i586-elf/lib/libc.a(lib_a-memcmp.o)
 .debug_info    0x0000000000002e69       0x9f /usr/local/cross/i586-elf/lib/libc.a(lib_a-memcpy.o)
 .debug_info    0x0000000000002f08       0x9f /usr/local/cross/i586-elf/lib/libc.a(lib_a-memset.o)
 .debug_info    0x0000000000002fa7      0x462 /usr/local/cross/i586-elf/lib/libc.a(lib_a-mktime.o)
 .debug_info    0x0000000000003409      0x439 /usr/local/cross/i586-elf/lib/libc.a(lib_a-mktm_r.o)
 .debug_info    0x0000000000003842       0x9f /usr/local/cross/i586-elf/lib/libc.a(lib_a-setjmp.o)
 .debug_info    0x00000000000038e1      0x9e5 /usr/local/cross/i586-elf/lib/libc.a(lib_a-sprintf.o)
 .debug_info    0x00000000000042c6      0x118 /usr/local/cross/i586-elf/lib/libc.a(lib_a-strcat.o)
 .debug_info    0x00000000000043de       0x9f /usr/local/cross/i586-elf/lib/libc.a(lib_a-strchr.o)
 .debug_info    0x000000000000447d       0xdd /usr/local/cross/i586-elf/lib/libc.a(lib_a-strcmp.o)
 .debug_info    0x000000000000455a      0x10f /usr/local/cross/i586-elf/lib/libc.a(lib_a-strcpy.o)
 .debug_info    0x0000000000004669      0x8be /usr/local/cross/i586-elf/lib/libc.a(lib_a-strdup.o)
 .debug_info    0x0000000000004f27      0x963 /usr/local/cross/i586-elf/lib/libc.a(lib_a-strdup_r.o)
 .debug_info    0x000000000000588a       0x9f /usr/local/cross/i586-elf/lib/libc.a(lib_a-strlen.o)
 .debug_info    0x0000000000005929       0xf5 /usr/local/cross/i586-elf/lib/libc.a(lib_a-strncmp.o)
 .debug_info    0x0000000000005a1e      0x129 /usr/local/cross/i586-elf/lib/libc.a(lib_a-strncpy.o)
 .debug_info    0x0000000000005b47     0x16e3 /usr/local/cross/i586-elf/lib/libc.a(lib_a-svfprintf.o)
 .debug_info    0x000000000000722a      0x920 /usr/local/cross/i586-elf/lib/libc.a(lib_a-time.o)
 .debug_info    0x0000000000007b4a       0x70 /usr/local/cross/i586-elf/lib/libc.a(lib_a-tolower.o)
 .debug_info    0x0000000000007bba       0xa8 /usr/local/cross/i586-elf/lib/libc.a(lib_a-tzlock.o)
 .debug_info    0x0000000000007c62       0xbb /usr/local/cross/i586-elf/lib/libc.a(lib_a-tzvars.o)
 .debug_info    0x0000000000007d1d      0x9be /usr/local/cross/i586-elf/lib/libc.a(lib_a-vsprintf.o)
 .debug_info    0x00000000000086db       0x96 /usr/local/cross/i586-elf/lib/libc.a(lib_a-ctype_.o)
 .debug_info    0x0000000000008771       0xe5 /usr/local/cross/i586-elf/lib/libc.a(lib_a-div.o)
 .debug_info    0x0000000000008856     0x1398 /usr/local/cross/i586-elf/lib/libc.a(lib_a-dtoa.o)
 .debug_info    0x0000000000009bee      0x8b6 /usr/local/cross/i586-elf/lib/libc.a(lib_a-envlock.o)
 .debug_info    0x000000000000a4a4      0x930 /usr/local/cross/i586-elf/lib/libc.a(lib_a-gettimeofdayr.o)
 .debug_info    0x000000000000add4      0x160 /usr/local/cross/i586-elf/lib/libc.a(lib_a-gettzinfo.o)
 .debug_info    0x000000000000af34      0xbe7 /usr/local/cross/i586-elf/lib/libc.a(lib_a-locale.o)
 .debug_info    0x000000000000bb1b       0x9f /usr/local/cross/i586-elf/lib/libc.a(lib_a-memchr.o)
 .debug_info    0x000000000000bbba     0x16c0 /usr/local/cross/i586-elf/lib/libc.a(lib_a-mprec.o)
 .debug_info    0x000000000000d27a      0x9f0 /usr/local/cross/i586-elf/lib/libc.a(lib_a-reent.o)
 .debug_info    0x000000000000dc6a      0x145 /usr/local/cross/i586-elf/lib/libc.a(lib_a-s_fpclassify.o)
 .debug_info    0x000000000000ddaf     0x1055 /usr/local/cross/i586-elf/lib/libc.a(lib_a-svfiprintf.o)
 .debug_info    0x000000000000ee04       0xa0 /usr/local/cross/i586-elf/lib/libc.a(lib_a-memmove.o)

.debug_abbrev   0x0000000000000000     0x3278
 .debug_abbrev  0x0000000000000000       0x56 /usr/local/cross/i586-elf/lib/libc.a(lib_a-environ.o)
 .debug_abbrev  0x0000000000000056      0x18f /usr/local/cross/i586-elf/lib/libc.a(lib_a-errno.o)
 .debug_abbrev  0x00000000000001e5      0x1d9 /usr/local/cross/i586-elf/lib/libc.a(lib_a-getenv.o)
 .debug_abbrev  0x00000000000003be      0x228 /usr/local/cross/i586-elf/lib/libc.a(lib_a-getenv_r.o)
 .debug_abbrev  0x00000000000005e6      0x180 /usr/local/cross/i586-elf/lib/libc.a(lib_a-impure.o)
 .debug_abbrev  0x0000000000000766      0x1f7 /usr/local/cross/i586-elf/lib/libc.a(lib_a-malloc.o)
 .debug_abbrev  0x000000000000095d       0x14 /usr/local/cross/i586-elf/lib/libc.a(lib_a-memcmp.o)
 .debug_abbrev  0x0000000000000971       0x14 /usr/local/cross/i586-elf/lib/libc.a(lib_a-memcpy.o)
 .debug_abbrev  0x0000000000000985       0x14 /usr/local/cross/i586-elf/lib/libc.a(lib_a-memset.o)
 .debug_abbrev  0x0000000000000999      0x1c6 /usr/local/cross/i586-elf/lib/libc.a(lib_a-mktime.o)
 .debug_abbrev  0x0000000000000b5f      0x15c /usr/local/cross/i586-elf/lib/libc.a(lib_a-mktm_r.o)
 .debug_abbrev  0x0000000000000cbb       0x14 /usr/local/cross/i586-elf/lib/libc.a(lib_a-setjmp.o)
 .debug_abbrev  0x0000000000000ccf      0x216 /usr/local/cross/i586-elf/lib/libc.a(lib_a-sprintf.o)
 .debug_abbrev  0x0000000000000ee5       0xce /usr/local/cross/i586-elf/lib/libc.a(lib_a-strcat.o)
 .debug_abbrev  0x0000000000000fb3       0x14 /usr/local/cross/i586-elf/lib/libc.a(lib_a-strchr.o)
 .debug_abbrev  0x0000000000000fc7       0x74 /usr/local/cross/i586-elf/lib/libc.a(lib_a-strcmp.o)
 .debug_abbrev  0x000000000000103b       0x92 /usr/local/cross/i586-elf/lib/libc.a(lib_a-strcpy.o)
 .debug_abbrev  0x00000000000010cd      0x1ca /usr/local/cross/i586-elf/lib/libc.a(lib_a-strdup.o)
 .debug_abbrev  0x0000000000001297      0x20d /usr/local/cross/i586-elf/lib/libc.a(lib_a-strdup_r.o)
 .debug_abbrev  0x00000000000014a4       0x14 /usr/local/cross/i586-elf/lib/libc.a(lib_a-strlen.o)
 .debug_abbrev  0x00000000000014b8       0x81 /usr/local/cross/i586-elf/lib/libc.a(lib_a-strncmp.o)
 .debug_abbrev  0x0000000000001539       0x9f /usr/local/cross/i586-elf/lib/libc.a(lib_a-strncpy.o)
 .debug_abbrev  0x00000000000015d8      0x371 /usr/local/cross/i586-elf/lib/libc.a(lib_a-svfprintf.o)
 .debug_abbrev  0x0000000000001949      0x1db /usr/local/cross/i586-elf/lib/libc.a(lib_a-time.o)
 .debug_abbrev  0x0000000000001b24       0x76 /usr/local/cross/i586-elf/lib/libc.a(lib_a-tolower.o)
 .debug_abbrev  0x0000000000001b9a       0x51 /usr/local/cross/i586-elf/lib/libc.a(lib_a-tzlock.o)
 .debug_abbrev  0x0000000000001beb       0x52 /usr/local/cross/i586-elf/lib/libc.a(lib_a-tzvars.o)
 .debug_abbrev  0x0000000000001c3d      0x202 /usr/local/cross/i586-elf/lib/libc.a(lib_a-vsprintf.o)
 .debug_abbrev  0x0000000000001e3f       0x5d /usr/local/cross/i586-elf/lib/libc.a(lib_a-ctype_.o)
 .debug_abbrev  0x0000000000001e9c       0xa9 /usr/local/cross/i586-elf/lib/libc.a(lib_a-div.o)