Membro dell'archivio incluso a causa del file (simbolo)

/opt/cross/usr/lib/libposix.a(syscalls.o)
                              /opt/prj/aPlus/src/syscall/stat.o (fstat)
/opt/cross/usr/lib/libc.a(lib_a-errno.o)
                              /opt/prj/aPlus/src/syscall/link.o (__errno)
/opt/cross/usr/lib/libc.a(lib_a-impure.o)
                              /opt/cross/usr/lib/libc.a(lib_a-errno.o) (_impure_ptr)
/opt/cross/usr/lib/libc.a(lib_a-memcmp.o)
                              /opt/prj/aPlus/src/net/netif.o (memcmp)
/opt/cross/usr/lib/libc.a(lib_a-memcpy.o)
                              /opt/prj/aPlus/src/net/rtl8139/rtl8139.o (memcpy)
/opt/cross/usr/lib/libc.a(lib_a-memset.o)
                              /opt/prj/aPlus/src/net/rtl8139/rtl8139.o (memset)
/opt/cross/usr/lib/libc.a(lib_a-mktime.o)
                              /opt/prj/aPlus/src/arch/desc.o (mktime)
/opt/cross/usr/lib/libc.a(lib_a-mktm_r.o)
                              /opt/cross/usr/lib/libc.a(lib_a-mktime.o) (__tzcalc_limits)
/opt/cross/usr/lib/libc.a(lib_a-strchr.o)
                              /opt/prj/aPlus/src/syscall/open.o (strchr)
/opt/cross/usr/lib/libc.a(lib_a-strcmp.o)
                              /opt/prj/aPlus/src/net/netif.o (strcmp)
/opt/cross/usr/lib/libc.a(lib_a-strcpy.o)
                              /opt/prj/aPlus/src/fs/fs.o (strcpy)
/opt/cross/usr/lib/libc.a(lib_a-strerror.o)
                              /opt/prj/aPlus/src/syscall/fstat.o (strerror)
/opt/cross/usr/lib/libc.a(lib_a-strlen.o)
                              /opt/prj/aPlus/src/debug.o (strlen)
/opt/cross/usr/lib/libc.a(lib_a-tzlock.o)
                              /opt/cross/usr/lib/libc.a(lib_a-mktime.o) (__tz_lock)
/opt/cross/usr/lib/libc.a(lib_a-tzvars.o)
                              /opt/cross/usr/lib/libc.a(lib_a-mktime.o) (_daylight)
/opt/cross/usr/lib/libc.a(lib_a-u_strerr.o)
                              /opt/cross/usr/lib/libc.a(lib_a-strerror.o) (_user_strerror)
/opt/cross/usr/lib/libc.a(lib_a-div.o)
                              /opt/cross/usr/lib/libc.a(lib_a-mktime.o) (div)
/opt/cross/usr/lib/libc.a(lib_a-gettzinfo.o)
                              /opt/cross/usr/lib/libc.a(lib_a-mktime.o) (__gettzinfo)

Allocazione dei simboli comuni
Simbolo comune      dimensione        file

kernel_task         0x4               /opt/prj/aPlus/src/sched.o
vmm_queue           0x4               /opt/prj/aPlus/src/mm/paging.o
vfs_root            0x4               /opt/prj/aPlus/src/fs/vfs.o
kernel_vmm          0x4               /opt/prj/aPlus/src/mm/paging.o
task_queue          0x4               /opt/prj/aPlus/src/sched.o
current_vmm         0x4               /opt/prj/aPlus/src/mm/paging.o
current_task        0x4               /opt/prj/aPlus/src/sched.o
devfs               0x4               /opt/prj/aPlus/src/fs/devfs.o
current_heap        0x4               /opt/prj/aPlus/src/mm/mm.o

Configurazione della memoria

Nome             Origine            Lunghezza          Attributi
*default*        0x00000000         0xffffffff

Script del linker e mappa della memoria

                0x00100000                . = 0x100000

.multiboot      0x00100000       0x30
 *(.multiboot)
 .multiboot     0x00100000       0x30 /opt/prj/aPlus/src/arch/loader.o
                0x00100000                multiboot
 *(.multiboot.*)
                0x00000000                VBASE = 0x0
                0x00100030                . = (. + VBASE)

.text           0x00100040     0xb2a0
                0x00100040                text = .
 *(.text)
 .text          0x00100040      0xa8a /opt/prj/aPlus/src/net/rtl8139/rtl8139.o
                0x001000d1                rtl8139_ifup
                0x001000f2                rtl8139_ifdown
                0x00100113                rtl8139_send
                0x00100587                rtl8139_init
 .text          0x00100aca      0x1b9 /opt/prj/aPlus/src/net/ipv6.o
                0x00100aca                ipv6_recv
                0x00100b43                ipv6_send
 .text          0x00100c83      0xa8e /opt/prj/aPlus/src/net/netif.o
                0x00100f16                netif_find_by_ipv4
                0x00100f8e                netif_find_by_ipv6
                0x00101006                netif_find_by_macaddr
                0x0010107e                netif_find_by_name
                0x001010eb                netif_ifup
                0x0010115b                netif_ifdown
                0x001011cb                netif_add
                0x00101437                netif_remove
                0x00101463                netif_init
                0x00101520                netif_packets_add
                0x0010156a                netif_packets_remove
                0x00101586                netif_packets_find_by_id
                0x001015ef                netif_packets_find_by_protocol
                0x0010167f                netif_packets_create
 .text          0x00101711      0x2a3 /opt/prj/aPlus/src/net/loopback/loopback.o
                0x00101711                loopback_ifup
                0x00101732                loopback_ifdown
                0x00101753                loopback_recv
                0x001017ec                loopback_send
                0x0010188a                loopback_init
 .text          0x001019b4      0x2be /opt/prj/aPlus/src/net/eth.o
                0x001019b4                eth_recv
                0x00101b5a                eth_send
 .text          0x00101c72      0x473 /opt/prj/aPlus/src/net/ipv4.o
                0x00101c72                ipv4_checksum
                0x00101cff                ipv4_create_packet
                0x00101e02                ipv4_recv
                0x00101f0b                ipv4_send
 .text          0x001020e5       0x35 /opt/prj/aPlus/src/net/udp.o
                0x001020e5                udp_recv
 .text          0x0010211a       0x74 /opt/prj/aPlus/src/syscall/times.o
                0x0010211a                sys_times
 .text          0x0010218e       0x13 /opt/prj/aPlus/src/syscall/sbrk.o
                0x0010218e                sys_sbrk
 .text          0x001021a1       0x24 /opt/prj/aPlus/src/syscall/link.o
                0x001021a1                sys_link
 .text          0x001021c5       0x68 /opt/prj/aPlus/src/syscall/close.o
                0x001021c5                sys_close
 .text          0x0010222d      0x145 /opt/prj/aPlus/src/syscall/fstat.o
                0x0010222d                sys_fstat
 .text          0x00102372        0xd /opt/prj/aPlus/src/syscall/yield.o
                0x00102372                sys_yield
 .text          0x0010237f       0x22 /opt/prj/aPlus/src/syscall/fork.o
                0x0010237f                sys_fork
 .text          0x001023a1       0x24 /opt/prj/aPlus/src/syscall/unlink.o
                0x001023a1                sys_unlink
 .text          0x001023c5       0x75 /opt/prj/aPlus/src/syscall/stat.o
                0x001023c5                sys_stat
 .text          0x0010243a       0x3f /opt/prj/aPlus/src/syscall/kill.o
                0x0010243a                sys_kill
 .text          0x00102479       0x69 /opt/prj/aPlus/src/syscall/clone.o
                0x00102479                sys_clone
 .text          0x001024e2       0x5b /opt/prj/aPlus/src/syscall/read.o
                0x001024e2                sys_read
 .text          0x0010253d       0x5b /opt/prj/aPlus/src/syscall/write.o
                0x0010253d                sys_write
 .text          0x00102598       0x40 /opt/prj/aPlus/src/syscall/gettimeofday.o
                0x00102598                sys_gettimeofday
 .text          0x001025d8        0xf /opt/prj/aPlus/src/syscall/isatty.o
                0x001025d8                sys_isatty
 .text          0x001025e7        0xd /opt/prj/aPlus/src/syscall/getpid.o
                0x001025e7                sys_getpid
 .text          0x001025f4       0xc9 /opt/prj/aPlus/src/syscall/lseek.o
                0x001025f4                sys_lseek
 .text          0x001026bd       0xb4 /opt/prj/aPlus/src/syscall/chown.o
                0x001026bd                sys_chown
 .text          0x00102771       0x27 /opt/prj/aPlus/src/syscall/test.o
                0x00102771                sys_test
 .text          0x00102798       0x13 /opt/prj/aPlus/src/syscall/_exit.o
                0x00102798                sys_exit
 .text          0x001027ab       0x4b /opt/prj/aPlus/src/syscall/ioctl.o
                0x001027ab                sys_ioctl
 .text          0x001027f6       0x64 /opt/prj/aPlus/src/syscall/wait.o
                0x001027f6                sys_wait
 .text          0x0010285a       0x5e /opt/prj/aPlus/src/syscall/fcntl.o
                0x0010285a                sys_fcntl
 .text          0x001028b8      0x2d1 /opt/prj/aPlus/src/syscall/open.o
                0x00102ad8                sys_open
 .text          0x00102b89       0x54 /opt/prj/aPlus/src/syscall/readdir.o
                0x00102b89                sys_readdir
 .text          0x00102bdd       0x18 /opt/prj/aPlus/src/syscall/execve.o
                0x00102bdd                sys_execve
 .text          0x00102bf5       0x87 /opt/prj/aPlus/src/syscall/getgroups.o
                0x00102bf5                sys_getgroups
 .text          0x00102c7c      0x5bc /opt/prj/aPlus/src/sched.o
                0x00102dc5                im_superuser
                0x00102e04                schedule_enable
                0x00102e13                schedule_disable
                0x00102e22                schedule_nextpid
                0x00102e35                schedule_init
                0x00102ecd                schedule
                0x00102f40                schedule_yield
                0x00102f73                schedule_setpriority
                0x00102f91                schedule_wait
                0x00102fc4                schedule_child
                0x0010302d                schedule_exit2
                0x00103080                schedule_exit
                0x0010309c                schedule_getpid
                0x001030b8                schedule_getbypid
                0x0010311c                schedule_sbrk
 .text          0x00103238      0x4ca /opt/prj/aPlus/src/fs/vfs.o
                0x001033b3                vfs_map
                0x001033e9                vfs_umap
                0x00103410                vfs_mapped
                0x0010347b                vfs_mapped_at_index
                0x001034da                vfs_mapped_count
                0x00103533                vfs_chroot
                0x00103554                vfs_init
 .text          0x00103702      0x323 /opt/prj/aPlus/src/fs/pipe.o
                0x00103702                pipe_read
                0x001037c9                pipe_write
                0x00103874                pipe_flush
                0x001038a0                pipe_create
 .text          0x00103a25      0x33b /opt/prj/aPlus/src/fs/fs.o
                0x00103a25                fs_read
                0x00103a6b                fs_write
                0x00103ab1                fs_readdir
                0x00103b61                fs_finddir
                0x00103bc7                fs_creat
                0x00103c0d                fs_rename
                0x00103c53                fs_unlink
                0x00103c92                fs_chown
                0x00103ce8                fs_flush
                0x00103d1a                fs_ioctl
 .text          0x00103d60      0x2c2 /opt/prj/aPlus/src/fs/devfs.o
                0x00103d60                devfs_creat
                0x00103ed1                devfs_mount
 .text          0x00104022      0x49e /opt/prj/aPlus/src/panic.o
                0x0010448e                panic
 .text          0x001044c0       0x9f /opt/prj/aPlus/src/spinlock.o
                0x001044c0                spinlock_lock
                0x0010450b                spinlock_unlock
                0x0010451f                spinlock_trylock
                0x0010454b                __spinlock_waiton
                0x00104558                __fastlock_waiton
 .text          0x0010455f      0x5c4 /opt/prj/aPlus/src/mm/paging.o
                0x001046e6                vmm_switch
                0x00104709                vmm_enable
                0x00104733                vmm_disable
                0x0010474d                vmm_map
                0x00104898                vmm_umap
                0x00104934                vmm_mapkernel
                0x001049d4                vmm_create
                0x00104a3b                vmm_destroy
                0x00104a57                vmm_init
 .text          0x00104b23      0x3f0 /opt/prj/aPlus/src/mm/mm.o
                0x00104c08                kmalloc
                0x00104d41                kfree
                0x00104e40                krealloc
                0x00104ee5                mm_setheap
                0x00104ef2                mm_getheap
                0x00104efc                mm_init
 .text          0x00104f13       0x68 /opt/prj/aPlus/src/mm/heap.o
                0x00104f13                halloc
                0x00104f47                hfree
 .text          0x00104f7b      0x325 /opt/prj/aPlus/src/mm/kheap.o
                0x00105033                bitmap_alloc
                0x00105148                bitmap_free
                0x00105219                kheap_init
 .text          0x001052a0       0x65 /opt/prj/aPlus/src/main.o
                0x001052b6                main
 .text          0x00105305      0x573 /opt/prj/aPlus/src/debug.o
                0x00105340                debug_init
                0x001053d4                debug_putc
                0x00105428                debug_puts
                0x00105613                vasprintf
                0x00105828                kprintf
 .text          0x00105878      0x775 /opt/prj/aPlus/src/bufio.o
                0x00105ab2                bufio_init
                0x00105af3                bufio_free_unused
                0x00105b7c                bufio_alloc
                0x00105c37                bufio_alloc_raw
                0x00105ce4                bufio_free
                0x00105d5a                bufio_seek
                0x00105de6                bufio_tell
                0x00105e09                bufio_clear
                0x00105e4c                bufio_read
                0x00105ed8                bufio_write
                0x00105f64                bufio_find_by_type
 .text          0x00105fed      0xfd8 /opt/prj/aPlus/src/arch/desc.o
                0x0010600b                gdt_load
                0x00106028                idt_load
                0x00106030                isr_handler
                0x0010604d                irq_handler
                0x001060b4                pit_handler
                0x00106114                pagefault_handler
                0x00106141                desc_init
                0x00106d3c                irq_set
                0x00106d6e                irq_unset
                0x00106da1                irq_get
                0x00106dfa                pit_gettime
                0x00106fa1                pit_getticks
 .text          0x00106fc5      0x6dd /opt/prj/aPlus/src/arch/task.o
                0x0010706f                task_context_switch
                0x0010708c                task_fork
                0x00107362                task_clone
                0x00107558                task_switch
                0x001075ae                task_init
 .text          0x001076a2      0x8e5 /opt/prj/aPlus/src/arch/pci.o
                0x00107bb2                pci_find_by_id
                0x00107c2c                pci_find_by_class
                0x00107cab                pci_init
 .text          0x00107f87      0x36a /opt/prj/aPlus/src/arch/syscall.o
                0x0010816c                syscall_init
                0x00108215                syscall_invoke
                0x00108267                syscall_handler
 *fill*         0x001082f1        0xf 
 .text          0x00108300       0x6d /opt/prj/aPlus/src/arch/loader.o
                0x00108300                _start
 *fill*         0x0010836d        0x3 
 .text          0x00108370      0x256 /opt/prj/aPlus/src/arch/_desc.o
                0x00108370                isr0
                0x00108379                isr1
                0x00108382                isr2
                0x0010838b                isr3
                0x00108394                isr4
                0x0010839d                isr5
                0x001083a6                isr6
                0x001083af                isr7
                0x001083b8                isr8
                0x001083bf                isr9
                0x001083c8                isr10
                0x001083cf                isr11
                0x001083d6                isr12
                0x001083dd                isr13
                0x001083e4                isr15
                0x001083ed                isr16
                0x001083f6                isr17
                0x001083ff                isr18
                0x00108408                isr19
                0x00108411                isr20
                0x0010841a                isr21
                0x00108423                isr22
                0x0010842c                isr23
                0x00108435                isr24
                0x0010843e                isr25
                0x00108447                isr26
                0x00108450                isr27
                0x00108459                isr28
                0x00108462                isr29
                0x0010846b                isr30
                0x00108474                isr31
                0x0010847d                irq0
                0x00108486                irq1
                0x0010848f                irq2
                0x00108498                irq3
                0x001084a1                irq4
                0x001084aa                irq5
                0x001084b3                irq6
                0x001084bc                irq7
                0x001084c5                irq8
                0x001084ce                irq9
                0x001084d7                irq10
                0x001084e0                irq11
                0x001084e9                irq12
                0x001084f2                irq13
                0x001084fb                irq14
                0x00108504                irq15
                0x00108511                isr0x80
                0x00108549                isr14
                0x00108573                read_eip
                0x00108576                isr_stub
                0x0010859e                irq_stub
 *fill*         0x001085c6        0xa 
 .text          0x001085d0      0x49d /opt/cross/usr/lib/libposix.a(syscalls.o)
                0x001085d0                _exit
                0x001085f0                close
                0x00108620                execve
                0x00108650                fork
                0x00108670                fstat
                0x001086a0                getpid
                0x001086c0                isatty
                0x001086f0                kill
                0x00108720                link
                0x00108750                lseek
                0x00108780                open
                0x001087b0                read
                0x001087e0                sbrk
                0x00108810                stat
                0x00108840                times
                0x00108870                unlink
                0x001088a0                wait
                0x001088d0                write
                0x00108900                gettimeofday
                0x00108930                fcntl
                0x00108960                ioctl
                0x00108990                chown
                0x001089c0                clone
                0x001089f0                aplus_readdir
                0x00108a20                aplus_getgroups
                0x00108a50                aplus_yield
 *fill*         0x00108a6d        0x3 
 .text          0x00108a70        0x6 /opt/cross/usr/lib/libc.a(lib_a-errno.o)
                0x00108a70                __errno
 .text          0x00108a76        0x0 /opt/cross/usr/lib/libc.a(lib_a-impure.o)
 .text          0x00108a76       0x52 /opt/cross/usr/lib/libc.a(lib_a-memcmp.o)
                0x00108a76                memcmp
 .text          0x00108ac8       0x48 /opt/cross/usr/lib/libc.a(lib_a-memcpy.o)
                0x00108ac8                memcpy
 .text          0x00108b10       0x88 /opt/cross/usr/lib/libc.a(lib_a-memset.o)
                0x00108b10                memset
 *fill*         0x00108b98        0x8 
 .text          0x00108ba0      0x826 /opt/cross/usr/lib/libc.a(lib_a-mktime.o)
                0x00108f00                mktime
 *fill*         0x001093c6        0xa 
 .text          0x001093d0      0x6d7 /opt/cross/usr/lib/libc.a(lib_a-mktm_r.o)
                0x001093d0                __tzcalc_limits
                0x00109610                _mktm_r
 *fill*         0x00109aa7        0x9 
 .text          0x00109ab0       0xfc /opt/cross/usr/lib/libc.a(lib_a-strchr.o)
                0x00109ab0                strchr
 *fill*         0x00109bac        0x4 
 .text          0x00109bb0       0x62 /opt/cross/usr/lib/libc.a(lib_a-strcmp.o)
                0x00109bb0                strcmp
 *fill*         0x00109c12        0xe 
 .text          0x00109c20       0x65 /opt/cross/usr/lib/libc.a(lib_a-strcpy.o)
                0x00109c20                strcpy
 *fill*         0x00109c85        0xb 
 .text          0x00109c90      0x53c /opt/cross/usr/lib/libc.a(lib_a-strerror.o)
                0x00109c90                _strerror_r
                0x0010a1a0                strerror
 *fill*         0x0010a1cc        0x4 
 .text          0x0010a1d0       0x79 /opt/cross/usr/lib/libc.a(lib_a-strlen.o)
                0x0010a1d0                strlen
 *fill*         0x0010a249        0x7 
 .text          0x0010a250       0x12 /opt/cross/usr/lib/libc.a(lib_a-tzlock.o)
                0x0010a250                __tz_lock
                0x0010a260                __tz_unlock
 .text          0x0010a262        0x0 /opt/cross/usr/lib/libc.a(lib_a-tzvars.o)
 *fill*         0x0010a262        0xe 
 .text          0x0010a270        0x3 /opt/cross/usr/lib/libc.a(lib_a-u_strerr.o)
                0x0010a270                _user_strerror
 *fill*         0x0010a273        0xd 
 .text          0x0010a280       0x61 /opt/cross/usr/lib/libc.a(lib_a-div.o)
                0x0010a280                div
 *fill*         0x0010a2e1        0xf 
 .text          0x0010a2f0        0x6 /opt/cross/usr/lib/libc.a(lib_a-gettzinfo.o)
                0x0010a2f0                __gettzinfo
 *(.rodata*)
 *fill*         0x0010a2f6        0x2 
 .rodata        0x0010a2f8       0xe6 /opt/prj/aPlus/src/net/rtl8139/rtl8139.o
 *fill*         0x0010a3de        0x2 
 .rodata        0x0010a3e0      0x110 /opt/prj/aPlus/src/net/netif.o
 .rodata        0x0010a4f0       0x3a /opt/prj/aPlus/src/net/ipv4.o
 .rodata        0x0010a52a        0xf /opt/prj/aPlus/src/syscall/link.o
 .rodata        0x0010a539       0x1c /opt/prj/aPlus/src/syscall/close.o
 .rodata        0x0010a555        0xf /opt/prj/aPlus/src/syscall/fstat.o
 .rodata        0x0010a564       0x11 /opt/prj/aPlus/src/syscall/unlink.o
 .rodata        0x0010a575        0xe /opt/prj/aPlus/src/syscall/stat.o
 *fill*         0x0010a583        0x1 
 .rodata        0x0010a584       0x45 /opt/prj/aPlus/src/syscall/chown.o
 *fill*         0x0010a5c9        0x3 
 .rodata        0x0010a5cc       0x27 /opt/prj/aPlus/src/syscall/test.o
 .rodata        0x0010a5f3       0x11 /opt/prj/aPlus/src/syscall/fcntl.o
 .rodata        0x0010a604       0x21 /opt/prj/aPlus/src/syscall/open.o
 .rodata        0x0010a625      0x143 /opt/prj/aPlus/src/panic.o
 .rodata        0x0010a768       0x40 /opt/prj/aPlus/src/mm/paging.o
 .rodata        0x0010a7a8       0x12 /opt/prj/aPlus/src/mm/mm.o
 .rodata        0x0010a7ba       0x18 /opt/prj/aPlus/src/debug.o
 .rodata        0x0010a7d2      0x159 /opt/prj/aPlus/src/arch/desc.o
 .rodata        0x0010a92b       0x12 /opt/prj/aPlus/src/arch/task.o
 *fill*         0x0010a93d        0x3 
 .rodata        0x0010a940       0x67 /opt/prj/aPlus/src/arch/pci.o
 .rodata        0x0010a9a7        0x8 /opt/prj/aPlus/src/arch/syscall.o
 *fill*         0x0010a9af        0x1 
 .rodata        0x0010a9b0        0x4 /opt/cross/usr/lib/libc.a(lib_a-impure.o)
                0x0010a9b0                _global_impure_ptr
 .rodata.str1.1
                0x0010a9b4        0x2 /opt/cross/usr/lib/libc.a(lib_a-impure.o)
 *fill*         0x0010a9b6        0xa 
 .rodata        0x0010a9c0       0x70 /opt/cross/usr/lib/libc.a(lib_a-mktime.o)
 *fill*         0x0010aa30       0x10 
 .rodata        0x0010aa40       0x80 /opt/cross/usr/lib/libc.a(lib_a-mktm_r.o)
 .rodata.str1.1
                0x0010aac0      0x4e4 /opt/cross/usr/lib/libc.a(lib_a-strerror.o)
                                0x4e5 (dimensione prima del rilassamento)
 .rodata.str1.4
                0x0010afa4       0xfc /opt/cross/usr/lib/libc.a(lib_a-strerror.o)
                                 0xfa (dimensione prima del rilassamento)
 .rodata        0x0010b0a0      0x23c /opt/cross/usr/lib/libc.a(lib_a-strerror.o)
 .rodata.str1.1
                0x0010b2dc        0x4 /opt/cross/usr/lib/libc.a(lib_a-tzvars.o)

.iplt           0x0010b2e0        0x0
 .iplt          0x00000000        0x0 /opt/prj/aPlus/src/net/rtl8139/rtl8139.o

.rel.dyn        0x0010b2e0        0x0
 .rel.iplt      0x00000000        0x0 /opt/prj/aPlus/src/net/rtl8139/rtl8139.o
 .rel.text      0x00000000        0x0 /opt/prj/aPlus/src/net/rtl8139/rtl8139.o
 .rel.multiboot
                0x00000000        0x0 /opt/prj/aPlus/src/net/rtl8139/rtl8139.o

.data           0x0010b2e0      0x600
 *(.data)
 .data          0x0010b2e0        0x0 /opt/prj/aPlus/src/net/rtl8139/rtl8139.o
 .data          0x0010b2e0        0x0 /opt/prj/aPlus/src/net/ipv6.o
 .data          0x0010b2e0        0x0 /opt/prj/aPlus/src/net/netif.o
 .data          0x0010b2e0        0x0 /opt/prj/aPlus/src/net/loopback/loopback.o
 .data          0x0010b2e0        0x0 /opt/prj/aPlus/src/net/eth.o
 .data          0x0010b2e0        0x0 /opt/prj/aPlus/src/net/ipv4.o
 .data          0x0010b2e0        0x0 /opt/prj/aPlus/src/net/udp.o
 .data          0x0010b2e0        0x8 /opt/prj/aPlus/src/syscall/times.o
 .data          0x0010b2e8        0x8 /opt/prj/aPlus/src/syscall/sbrk.o
 .data          0x0010b2f0        0x8 /opt/prj/aPlus/src/syscall/link.o
 .data          0x0010b2f8        0x8 /opt/prj/aPlus/src/syscall/close.o
 .data          0x0010b300        0x8 /opt/prj/aPlus/src/syscall/fstat.o
 .data          0x0010b308        0x8 /opt/prj/aPlus/src/syscall/yield.o
 .data          0x0010b310        0x8 /opt/prj/aPlus/src/syscall/fork.o
 .data          0x0010b318        0x8 /opt/prj/aPlus/src/syscall/unlink.o
 .data          0x0010b320        0x8 /opt/prj/aPlus/src/syscall/stat.o
 .data          0x0010b328        0x8 /opt/prj/aPlus/src/syscall/kill.o
 .data          0x0010b330        0x8 /opt/prj/aPlus/src/syscall/clone.o
 .data          0x0010b338        0x8 /opt/prj/aPlus/src/syscall/read.o
 .data          0x0010b340        0x8 /opt/prj/aPlus/src/syscall/write.o
 .data          0x0010b348        0x8 /opt/prj/aPlus/src/syscall/gettimeofday.o
 .data          0x0010b350        0x8 /opt/prj/aPlus/src/syscall/isatty.o
 .data          0x0010b358        0x8 /opt/prj/aPlus/src/syscall/getpid.o
 .data          0x0010b360        0x8 /opt/prj/aPlus/src/syscall/lseek.o
 .data          0x0010b368        0x8 /opt/prj/aPlus/src/syscall/chown.o
 .data          0x0010b370        0x8 /opt/prj/aPlus/src/syscall/test.o
 .data          0x0010b378        0x8 /opt/prj/aPlus/src/syscall/_exit.o
 .data          0x0010b380        0x8 /opt/prj/aPlus/src/syscall/ioctl.o
 .data          0x0010b388        0x8 /opt/prj/aPlus/src/syscall/wait.o
 .data          0x0010b390        0x8 /opt/prj/aPlus/src/syscall/fcntl.o
 .data          0x0010b398        0x8 /opt/prj/aPlus/src/syscall/open.o
 .data          0x0010b3a0        0x8 /opt/prj/aPlus/src/syscall/readdir.o
 .data          0x0010b3a8        0x8 /opt/prj/aPlus/src/syscall/execve.o
 .data          0x0010b3b0        0xc /opt/prj/aPlus/src/syscall/getgroups.o
 .data          0x0010b3bc        0x0 /opt/prj/aPlus/src/sched.o
 .data          0x0010b3bc        0x0 /opt/prj/aPlus/src/fs/vfs.o
 .data          0x0010b3bc        0x0 /opt/prj/aPlus/src/fs/pipe.o
 .data          0x0010b3bc        0x0 /opt/prj/aPlus/src/fs/fs.o
 .data          0x0010b3bc        0x0 /opt/prj/aPlus/src/fs/devfs.o
 .data          0x0010b3bc        0x0 /opt/prj/aPlus/src/panic.o
 .data          0x0010b3bc        0x0 /opt/prj/aPlus/src/spinlock.o
 .data          0x0010b3bc        0x0 /opt/prj/aPlus/src/mm/paging.o
 .data          0x0010b3bc        0x0 /opt/prj/aPlus/src/mm/mm.o
 .data          0x0010b3bc        0x0 /opt/prj/aPlus/src/mm/heap.o
 .data          0x0010b3bc        0x0 /opt/prj/aPlus/src/mm/kheap.o
 .data          0x0010b3bc        0x0 /opt/prj/aPlus/src/main.o
 .data          0x0010b3bc        0x0 /opt/prj/aPlus/src/debug.o
 .data          0x0010b3bc        0x0 /opt/prj/aPlus/src/bufio.o
 *fill*         0x0010b3bc        0x4 
 .data          0x0010b3c0       0x80 /opt/prj/aPlus/src/arch/desc.o
 .data          0x0010b440        0x0 /opt/prj/aPlus/src/arch/task.o
 .data          0x0010b440        0x0 /opt/prj/aPlus/src/arch/pci.o
 .data          0x0010b440        0x0 /opt/prj/aPlus/src/arch/syscall.o
 .data          0x0010b440        0x0 /opt/cross/usr/lib/libposix.a(syscalls.o)
 .data          0x0010b440        0x0 /opt/cross/usr/lib/libc.a(lib_a-errno.o)
 .data          0x0010b440      0x444 /opt/cross/usr/lib/libc.a(lib_a-impure.o)
                0x0010b440                _impure_ptr
 .data          0x0010b884        0x0 /opt/cross/usr/lib/libc.a(lib_a-memcmp.o)
 .data          0x0010b884        0x0 /opt/cross/usr/lib/libc.a(lib_a-memcpy.o)
 .data          0x0010b884        0x0 /opt/cross/usr/lib/libc.a(lib_a-memset.o)
 .data          0x0010b884        0x0 /opt/cross/usr/lib/libc.a(lib_a-mktime.o)
 .data          0x0010b884        0x0 /opt/cross/usr/lib/libc.a(lib_a-mktm_r.o)
 .data          0x0010b884        0x0 /opt/cross/usr/lib/libc.a(lib_a-strchr.o)
 .data          0x0010b884        0x0 /opt/cross/usr/lib/libc.a(lib_a-strcmp.o)
 .data          0x0010b884        0x0 /opt/cross/usr/lib/libc.a(lib_a-strcpy.o)
 .data          0x0010b884        0x0 /opt/cross/usr/lib/libc.a(lib_a-strerror.o)
 .data          0x0010b884        0x0 /opt/cross/usr/lib/libc.a(lib_a-strlen.o)
 .data          0x0010b884        0x0 /opt/cross/usr/lib/libc.a(lib_a-tzlock.o)
 .data          0x0010b884        0x8 /opt/cross/usr/lib/libc.a(lib_a-tzvars.o)
                0x0010b884                _tzname
 .data          0x0010b88c        0x0 /opt/cross/usr/lib/libc.a(lib_a-u_strerr.o)
 .data          0x0010b88c        0x0 /opt/cross/usr/lib/libc.a(lib_a-div.o)
 *fill*         0x0010b88c       0x14 
 .data          0x0010b8a0       0x40 /opt/cross/usr/lib/libc.a(lib_a-gettzinfo.o)

.eh_frame       0x0010b8e0     0x387c
 .eh_frame      0x0010b8e0      0x234 /opt/prj/aPlus/src/net/rtl8139/rtl8139.o
 .eh_frame      0x0010bb14       0x58 /opt/prj/aPlus/src/net/ipv6.o
                                 0x6c (dimensione prima del rilassamento)
 .eh_frame      0x0010bb6c      0x3c4 /opt/prj/aPlus/src/net/netif.o
                                0x3d8 (dimensione prima del rilassamento)
 .eh_frame      0x0010bf30       0xf4 /opt/prj/aPlus/src/net/loopback/loopback.o
                                0x108 (dimensione prima del rilassamento)
 .eh_frame      0x0010c024       0x98 /opt/prj/aPlus/src/net/eth.o
                                 0xac (dimensione prima del rilassamento)
 .eh_frame      0x0010c0bc       0xb0 /opt/prj/aPlus/src/net/ipv4.o
                                 0xc4 (dimensione prima del rilassamento)
 .eh_frame      0x0010c16c       0x2c /opt/prj/aPlus/src/net/udp.o
                                 0x40 (dimensione prima del rilassamento)
 .eh_frame      0x0010c198       0x2c /opt/prj/aPlus/src/syscall/times.o
                                 0x40 (dimensione prima del rilassamento)
 .eh_frame      0x0010c1c4       0x2c /opt/prj/aPlus/src/syscall/sbrk.o
                                 0x40 (dimensione prima del rilassamento)
 .eh_frame      0x0010c1f0       0x2c /opt/prj/aPlus/src/syscall/link.o
                                 0x40 (dimensione prima del rilassamento)
 .eh_frame      0x0010c21c       0x2c /opt/prj/aPlus/src/syscall/close.o
                                 0x40 (dimensione prima del rilassamento)
 .eh_frame      0x0010c248       0x2c /opt/prj/aPlus/src/syscall/fstat.o
                                 0x40 (dimensione prima del rilassamento)
 .eh_frame      0x0010c274       0x2c /opt/prj/aPlus/src/syscall/yield.o
                                 0x40 (dimensione prima del rilassamento)
 .eh_frame      0x0010c2a0       0x2c /opt/prj/aPlus/src/syscall/fork.o
                                 0x40 (dimensione prima del rilassamento)
 .eh_frame      0x0010c2cc       0x2c /opt/prj/aPlus/src/syscall/unlink.o
                                 0x40 (dimensione prima del rilassamento)
 .eh_frame      0x0010c2f8       0x2c /opt/prj/aPlus/src/syscall/stat.o
                                 0x40 (dimensione prima del rilassamento)
 .eh_frame      0x0010c324       0x2c /opt/prj/aPlus/src/syscall/kill.o
                                 0x40 (dimensione prima del rilassamento)
 .eh_frame      0x0010c350       0x2c /opt/prj/aPlus/src/syscall/clone.o
                                 0x40 (dimensione prima del rilassamento)
 .eh_frame      0x0010c37c       0x2c /opt/prj/aPlus/src/syscall/read.o
                                 0x40 (dimensione prima del rilassamento)
 .eh_frame      0x0010c3a8       0x2c /opt/prj/aPlus/src/syscall/write.o
                                 0x40 (dimensione prima del rilassamento)
 .eh_frame      0x0010c3d4       0x2c /opt/prj/aPlus/src/syscall/gettimeofday.o
                                 0x40 (dimensione prima del rilassamento)
 .eh_frame      0x0010c400       0x2c /opt/prj/aPlus/src/syscall/isatty.o
                                 0x40 (dimensione prima del rilassamento)
 .eh_frame      0x0010c42c       0x2c /opt/prj/aPlus/src/syscall/getpid.o
                                 0x40 (dimensione prima del rilassamento)
 .eh_frame      0x0010c458       0x2c /opt/prj/aPlus/src/syscall/lseek.o
                                 0x40 (dimensione prima del rilassamento)
 .eh_frame      0x0010c484       0x2c /opt/prj/aPlus/src/syscall/chown.o
                                 0x40 (dimensione prima del rilassamento)
 .eh_frame      0x0010c4b0       0x2c /opt/prj/aPlus/src/syscall/test.o
                                 0x40 (dimensione prima del rilassamento)
 .eh_frame      0x0010c4dc       0x2c /opt/prj/aPlus/src/syscall/_exit.o
                                 0x40 (dimensione prima del rilassamento)
 .eh_frame      0x0010c508       0x2c /opt/prj/aPlus/src/syscall/ioctl.o
                                 0x40 (dimensione prima del rilassamento)
 .eh_frame      0x0010c534       0x2c /opt/prj/aPlus/src/syscall/wait.o
                                 0x40 (dimensione prima del rilassamento)
 .eh_frame      0x0010c560       0x2c /opt/prj/aPlus/src/syscall/fcntl.o
                                 0x40 (dimensione prima del rilassamento)
 .eh_frame      0x0010c58c       0x58 /opt/prj/aPlus/src/syscall/open.o
                                 0x6c (dimensione prima del rilassamento)
 .eh_frame      0x0010c5e4       0x2c /opt/prj/aPlus/src/syscall/readdir.o
                                 0x40 (dimensione prima del rilassamento)
 .eh_frame      0x0010c610       0x2c /opt/prj/aPlus/src/syscall/execve.o
                                 0x40 (dimensione prima del rilassamento)
 .eh_frame      0x0010c63c       0x2c /opt/prj/aPlus/src/syscall/getgroups.o
                                 0x40 (dimensione prima del rilassamento)
 .eh_frame      0x0010c668      0x3b8 /opt/prj/aPlus/src/sched.o
                                0x3cc (dimensione prima del rilassamento)
 .eh_frame      0x0010ca20      0x1e4 /opt/prj/aPlus/src/fs/vfs.o
                                0x1f8 (dimensione prima del rilassamento)
 .eh_frame      0x0010cc04       0xb0 /opt/prj/aPlus/src/fs/pipe.o
                                 0xc4 (dimensione prima del rilassamento)
 .eh_frame      0x0010ccb4      0x1c4 /opt/prj/aPlus/src/fs/fs.o
                                0x1d8 (dimensione prima del rilassamento)
 .eh_frame      0x0010ce78       0x58 /opt/prj/aPlus/src/fs/devfs.o
                                 0x6c (dimensione prima del rilassamento)
 .eh_frame      0x0010ced0      0x414 /opt/prj/aPlus/src/panic.o
                                0x428 (dimensione prima del rilassamento)
 .eh_frame      0x0010d2e4       0xdc /opt/prj/aPlus/src/spinlock.o
                                 0xf0 (dimensione prima del rilassamento)
 .eh_frame      0x0010d3c0      0x344 /opt/prj/aPlus/src/mm/paging.o
                                0x358 (dimensione prima del rilassamento)
 .eh_frame      0x0010d704      0x210 /opt/prj/aPlus/src/mm/mm.o
                                0x224 (dimensione prima del rilassamento)
 .eh_frame      0x0010d914       0x58 /opt/prj/aPlus/src/mm/heap.o
                                 0x6c (dimensione prima del rilassamento)
 .eh_frame      0x0010d96c       0xe4 /opt/prj/aPlus/src/mm/kheap.o
                                 0xf8 (dimensione prima del rilassamento)
 .eh_frame      0x0010da50       0x4c /opt/prj/aPlus/src/main.o
                                 0x60 (dimensione prima del rilassamento)
 .eh_frame      0x0010da9c      0x198 /opt/prj/aPlus/src/debug.o
                                0x1ac (dimensione prima del rilassamento)
 .eh_frame      0x0010dc34      0x310 /opt/prj/aPlus/src/bufio.o
                                0x324 (dimensione prima del rilassamento)
 .eh_frame      0x0010df44      0x21c /opt/prj/aPlus/src/arch/desc.o
                                0x230 (dimensione prima del rilassamento)
 .eh_frame      0x0010e160      0x154 /opt/prj/aPlus/src/arch/task.o
                                0x168 (dimensione prima del rilassamento)
 .eh_frame      0x0010e2b4      0x364 /opt/prj/aPlus/src/arch/pci.o
                                0x378 (dimensione prima del rilassamento)
 .eh_frame      0x0010e618      0x198 /opt/prj/aPlus/src/arch/syscall.o
                                0x1ac (dimensione prima del rilassamento)
 .eh_frame      0x0010e7b0      0x680 /opt/cross/usr/lib/libposix.a(syscalls.o)
                                0x694 (dimensione prima del rilassamento)
 .eh_frame      0x0010ee30       0x10 /opt/cross/usr/lib/libc.a(lib_a-errno.o)
                                 0x24 (dimensione prima del rilassamento)
 .eh_frame      0x0010ee40       0xbc /opt/cross/usr/lib/libc.a(lib_a-mktime.o)
                                 0xd0 (dimensione prima del rilassamento)
 .eh_frame      0x0010eefc      0x104 /opt/cross/usr/lib/libc.a(lib_a-mktm_r.o)
                                0x118 (dimensione prima del rilassamento)
 .eh_frame      0x0010f000       0x30 /opt/cross/usr/lib/libc.a(lib_a-strcmp.o)
                                 0x44 (dimensione prima del rilassamento)
 .eh_frame      0x0010f030       0x44 /opt/cross/usr/lib/libc.a(lib_a-strcpy.o)
                                 0x58 (dimensione prima del rilassamento)
 .eh_frame      0x0010f074       0x48 /opt/cross/usr/lib/libc.a(lib_a-strerror.o)
                                 0x5c (dimensione prima del rilassamento)
 .eh_frame      0x0010f0bc       0x20 /opt/cross/usr/lib/libc.a(lib_a-tzlock.o)
                                 0x34 (dimensione prima del rilassamento)
 .eh_frame      0x0010f0dc       0x10 /opt/cross/usr/lib/libc.a(lib_a-u_strerr.o)
                                 0x24 (dimensione prima del rilassamento)
 .eh_frame      0x0010f0ec       0x60 /opt/cross/usr/lib/libc.a(lib_a-div.o)
                                 0x74 (dimensione prima del rilassamento)
 .eh_frame      0x0010f14c       0x10 /opt/cross/usr/lib/libc.a(lib_a-gettzinfo.o)
                                 0x24 (dimensione prima del rilassamento)

.igot.plt       0x0010f15c        0x0
 .igot.plt      0x00000000        0x0 /opt/prj/aPlus/src/net/rtl8139/rtl8139.o

.attribute      0x0010f200     0x1d00
                0x0010f200                attribute_start = .
 *(.attribute)
 .attribute     0x0010f200      0x100 /opt/prj/aPlus/src/net/rtl8139/rtl8139.o
                0x0010f200                attribute_rtl8139_init0
 .attribute     0x0010f300      0x100 /opt/prj/aPlus/src/net/loopback/loopback.o
                0x0010f300                attribute_loopback_init0
 .attribute     0x0010f400      0x100 /opt/prj/aPlus/src/syscall/times.o
                0x0010f400                attribute_syscall_140
 .attribute     0x0010f500      0x100 /opt/prj/aPlus/src/syscall/sbrk.o
                0x0010f500                attribute_syscall_120
 .attribute     0x0010f600      0x100 /opt/prj/aPlus/src/syscall/link.o
                0x0010f600                attribute_syscall_80
 .attribute     0x0010f700      0x100 /opt/prj/aPlus/src/syscall/close.o
                0x0010f700                attribute_syscall_10
 .attribute     0x0010f800      0x100 /opt/prj/aPlus/src/syscall/fstat.o
                0x0010f800                attribute_syscall_40
 .attribute     0x0010f900      0x100 /opt/prj/aPlus/src/syscall/yield.o
                0x0010f900                attribute_syscall_820
 .attribute     0x0010fa00      0x100 /opt/prj/aPlus/src/syscall/fork.o
                0x0010fa00                attribute_syscall_30
 .attribute     0x0010fb00      0x100 /opt/prj/aPlus/src/syscall/unlink.o
                0x0010fb00                attribute_syscall_150
 .attribute     0x0010fc00      0x100 /opt/prj/aPlus/src/syscall/stat.o
                0x0010fc00                attribute_syscall_130
 .attribute     0x0010fd00      0x100 /opt/prj/aPlus/src/syscall/kill.o
                0x0010fd00                attribute_syscall_70
 .attribute     0x0010fe00      0x100 /opt/prj/aPlus/src/syscall/clone.o
                0x0010fe00                attribute_syscall_220
 .attribute     0x0010ff00      0x100 /opt/prj/aPlus/src/syscall/read.o
                0x0010ff00                attribute_syscall_110
 .attribute     0x00110000      0x100 /opt/prj/aPlus/src/syscall/write.o
                0x00110000                attribute_syscall_170
 .attribute     0x00110100      0x100 /opt/prj/aPlus/src/syscall/gettimeofday.o
                0x00110100                attribute_syscall_180
 .attribute     0x00110200      0x100 /opt/prj/aPlus/src/syscall/isatty.o
                0x00110200                attribute_syscall_60
 .attribute     0x00110300      0x100 /opt/prj/aPlus/src/syscall/getpid.o
                0x00110300                attribute_syscall_50
 .attribute     0x00110400      0x100 /opt/prj/aPlus/src/syscall/lseek.o
                0x00110400                attribute_syscall_90
 .attribute     0x00110500      0x100 /opt/prj/aPlus/src/syscall/chown.o
                0x00110500                attribute_syscall_210
 .attribute     0x00110600      0x100 /opt/prj/aPlus/src/syscall/test.o
                0x00110600                attribute_syscall_10000
 .attribute     0x00110700      0x100 /opt/prj/aPlus/src/syscall/_exit.o
                0x00110700                attribute_syscall_00
 .attribute     0x00110800      0x100 /opt/prj/aPlus/src/syscall/ioctl.o
                0x00110800                attribute_syscall_200
 .attribute     0x00110900      0x100 /opt/prj/aPlus/src/syscall/wait.o
                0x00110900                attribute_syscall_160
 .attribute     0x00110a00      0x100 /opt/prj/aPlus/src/syscall/fcntl.o
                0x00110a00                attribute_syscall_190
 .attribute     0x00110b00      0x100 /opt/prj/aPlus/src/syscall/open.o
                0x00110b00                attribute_syscall_100
 .attribute     0x00110c00      0x100 /opt/prj/aPlus/src/syscall/readdir.o
                0x00110c00                attribute_syscall_800
 .attribute     0x00110d00      0x100 /opt/prj/aPlus/src/syscall/execve.o
                0x00110d00                attribute_syscall_20
 .attribute     0x00110e00      0x100 /opt/prj/aPlus/src/syscall/getgroups.o
                0x00110e00                attribute_syscall_810
                0x00110f00                attribute_end = .

.bss            0x00111000     0x5010
                0x00111000                bss = .
 *(COMMON)
 COMMON         0x00111000        0xc /opt/prj/aPlus/src/sched.o
                0x00111000                kernel_task
                0x00111004                task_queue
                0x00111008                current_task
 COMMON         0x0011100c        0x4 /opt/prj/aPlus/src/fs/vfs.o
                0x0011100c                vfs_root
 COMMON         0x00111010        0x4 /opt/prj/aPlus/src/fs/devfs.o
                0x00111010                devfs
 COMMON         0x00111014        0xc /opt/prj/aPlus/src/mm/paging.o
                0x00111014                vmm_queue
                0x00111018                kernel_vmm
                0x0011101c                current_vmm
 COMMON         0x00111020        0x4 /opt/prj/aPlus/src/mm/mm.o
                0x00111020                current_heap
 *(.bss)
 .bss           0x00111024        0x8 /opt/prj/aPlus/src/net/rtl8139/rtl8139.o
                0x00111024                lst_packets
                0x00111028                card
 .bss           0x0011102c        0x0 /opt/prj/aPlus/src/net/ipv6.o
 *fill*         0x0011102c        0x4 
 .bss           0x00111030       0x10 /opt/prj/aPlus/src/net/netif.o
 .bss           0x00111040        0x0 /opt/prj/aPlus/src/net/loopback/loopback.o
 .bss           0x00111040        0x0 /opt/prj/aPlus/src/net/eth.o
 .bss           0x00111040        0x0 /opt/prj/aPlus/src/net/ipv4.o
 .bss           0x00111040        0x0 /opt/prj/aPlus/src/net/udp.o
 .bss           0x00111040        0x0 /opt/prj/aPlus/src/syscall/times.o
 .bss           0x00111040        0x0 /opt/prj/aPlus/src/syscall/sbrk.o
 .bss           0x00111040        0x0 /opt/prj/aPlus/src/syscall/link.o
 .bss           0x00111040        0x0 /opt/prj/aPlus/src/syscall/close.o
 .bss           0x00111040        0x0 /opt/prj/aPlus/src/syscall/fstat.o
 .bss           0x00111040        0x0 /opt/prj/aPlus/src/syscall/yield.o
 .bss           0x00111040        0x0 /opt/prj/aPlus/src/syscall/fork.o
 .bss           0x00111040        0x0 /opt/prj/aPlus/src/syscall/unlink.o
 .bss           0x00111040        0x0 /opt/prj/aPlus/src/syscall/stat.o
 .bss           0x00111040        0x0 /opt/prj/aPlus/src/syscall/kill.o
 .bss           0x00111040        0x0 /opt/prj/aPlus/src/syscall/clone.o
 .bss           0x00111040        0x0 /opt/prj/aPlus/src/syscall/read.o
 .bss           0x00111040        0x0 /opt/prj/aPlus/src/syscall/write.o
 .bss           0x00111040        0x0 /opt/prj/aPlus/src/syscall/gettimeofday.o
 .bss           0x00111040        0x0 /opt/prj/aPlus/src/syscall/isatty.o
 .bss           0x00111040        0x0 /opt/prj/aPlus/src/syscall/getpid.o
 .bss           0x00111040        0x0 /opt/prj/aPlus/src/syscall/lseek.o
 .bss           0x00111040        0x0 /opt/prj/aPlus/src/syscall/chown.o
 .bss           0x00111040        0x0 /opt/prj/aPlus/src/syscall/test.o
 .bss           0x00111040        0x0 /opt/prj/aPlus/src/syscall/_exit.o
 .bss           0x00111040        0x0 /opt/prj/aPlus/src/syscall/ioctl.o
 .bss           0x00111040        0x0 /opt/prj/aPlus/src/syscall/wait.o
 .bss           0x00111040        0x0 /opt/prj/aPlus/src/syscall/fcntl.o
 .bss           0x00111040        0x0 /opt/prj/aPlus/src/syscall/open.o
 .bss           0x00111040        0x0 /opt/prj/aPlus/src/syscall/readdir.o
 .bss           0x00111040        0x0 /opt/prj/aPlus/src/syscall/execve.o
 .bss           0x00111040        0x0 /opt/prj/aPlus/src/syscall/getgroups.o
 .bss           0x00111040        0x8 /opt/prj/aPlus/src/sched.o
 .bss           0x00111048        0x8 /opt/prj/aPlus/src/fs/vfs.o
 .bss           0x00111050        0x0 /opt/prj/aPlus/src/fs/pipe.o
 .bss           0x00111050        0x0 /opt/prj/aPlus/src/fs/fs.o
 .bss           0x00111050        0x0 /opt/prj/aPlus/src/fs/devfs.o
 .bss           0x00111050        0x0 /opt/prj/aPlus/src/panic.o
 .bss           0x00111050        0x0 /opt/prj/aPlus/src/spinlock.o
 .bss           0x00111050        0x0 /opt/prj/aPlus/src/mm/paging.o
 .bss           0x00111050        0x0 /opt/prj/aPlus/src/mm/mm.o
 .bss           0x00111050        0x0 /opt/prj/aPlus/src/mm/heap.o
 .bss           0x00111050       0x14 /opt/prj/aPlus/src/mm/kheap.o
 .bss           0x00111064        0x0 /opt/prj/aPlus/src/main.o
 *fill*         0x00111064       0x1c 
 .bss           0x00111080      0x420 /opt/prj/aPlus/src/debug.o
 .bss           0x001114a0       0x1c /opt/prj/aPlus/src/bufio.o
 *fill*         0x001114bc        0x4 
 .bss           0x001114c0      0x8e4 /opt/prj/aPlus/src/arch/desc.o
                0x001114c0                keyboard_ready
 .bss           0x00111da4        0x0 /opt/prj/aPlus/src/arch/task.o
 .bss           0x00111da4        0x4 /opt/prj/aPlus/src/arch/pci.o
                0x00111da4                pci_devices
 .bss           0x00111da8        0x4 /opt/prj/aPlus/src/arch/syscall.o
 *fill*         0x00111dac      0x254 
 .bss           0x00112000     0x4008 /opt/prj/aPlus/src/arch/loader.o
                0x00112000                kernel_stack
                0x00116000                magic
                0x00116004                mbd
 .bss           0x00116008        0x0 /opt/cross/usr/lib/libposix.a(syscalls.o)
 .bss           0x00116008        0x0 /opt/cross/usr/lib/libc.a(lib_a-errno.o)
 .bss           0x00116008        0x0 /opt/cross/usr/lib/libc.a(lib_a-impure.o)
 .bss           0x00116008        0x0 /opt/cross/usr/lib/libc.a(lib_a-memcmp.o)
 .bss           0x00116008        0x0 /opt/cross/usr/lib/libc.a(lib_a-memcpy.o)
 .bss           0x00116008        0x0 /opt/cross/usr/lib/libc.a(lib_a-memset.o)
 .bss           0x00116008        0x0 /opt/cross/usr/lib/libc.a(lib_a-mktime.o)
 .bss           0x00116008        0x0 /opt/cross/usr/lib/libc.a(lib_a-mktm_r.o)
 .bss           0x00116008        0x0 /opt/cross/usr/lib/libc.a(lib_a-strchr.o)
 .bss           0x00116008        0x0 /opt/cross/usr/lib/libc.a(lib_a-strcmp.o)
 .bss           0x00116008        0x0 /opt/cross/usr/lib/libc.a(lib_a-strcpy.o)
 .bss           0x00116008        0x0 /opt/cross/usr/lib/libc.a(lib_a-strerror.o)
 .bss           0x00116008        0x0 /opt/cross/usr/lib/libc.a(lib_a-strlen.o)
 .bss           0x00116008        0x0 /opt/cross/usr/lib/libc.a(lib_a-tzlock.o)
 .bss           0x00116008        0x8 /opt/cross/usr/lib/libc.a(lib_a-tzvars.o)
                0x00116008                _timezone
                0x0011600c                _daylight
 .bss           0x00116010        0x0 /opt/cross/usr/lib/libc.a(lib_a-u_strerr.o)
 .bss           0x00116010        0x0 /opt/cross/usr/lib/libc.a(lib_a-div.o)
 .bss           0x00116010        0x0 /opt/cross/usr/lib/libc.a(lib_a-gettzinfo.o)
                0x00116010                end = .
LOAD /opt/cross/usr/lib/libposix.a
LOAD /opt/cross/usr/lib/libc.a
LOAD /opt/cross/usr/lib/libm.a
LOAD /opt/cross/usr/lib/libgcc.a
LOAD /opt/prj/aPlus/src/net/rtl8139/rtl8139.o
LOAD /opt/prj/aPlus/src/net/ipv6.o
LOAD /opt/prj/aPlus/src/net/netif.o
LOAD /opt/prj/aPlus/src/net/loopback/loopback.o
LOAD /opt/prj/aPlus/src/net/eth.o
LOAD /opt/prj/aPlus/src/net/ipv4.o
LOAD /opt/prj/aPlus/src/net/udp.o
LOAD /opt/prj/aPlus/src/syscall/times.o
LOAD /opt/prj/aPlus/src/syscall/sbrk.o
LOAD /opt/prj/aPlus/src/syscall/link.o
LOAD /opt/prj/aPlus/src/syscall/close.o
LOAD /opt/prj/aPlus/src/syscall/fstat.o
LOAD /opt/prj/aPlus/src/syscall/yield.o
LOAD /opt/prj/aPlus/src/syscall/fork.o
LOAD /opt/prj/aPlus/src/syscall/unlink.o
LOAD /opt/prj/aPlus/src/syscall/stat.o
LOAD /opt/prj/aPlus/src/syscall/kill.o
LOAD /opt/prj/aPlus/src/syscall/clone.o
LOAD /opt/prj/aPlus/src/syscall/read.o
LOAD /opt/prj/aPlus/src/syscall/write.o
LOAD /opt/prj/aPlus/src/syscall/gettimeofday.o
LOAD /opt/prj/aPlus/src/syscall/isatty.o
LOAD /opt/prj/aPlus/src/syscall/getpid.o
LOAD /opt/prj/aPlus/src/syscall/lseek.o
LOAD /opt/prj/aPlus/src/syscall/chown.o
LOAD /opt/prj/aPlus/src/syscall/test.o
LOAD /opt/prj/aPlus/src/syscall/_exit.o
LOAD /opt/prj/aPlus/src/syscall/ioctl.o
LOAD /opt/prj/aPlus/src/syscall/wait.o
LOAD /opt/prj/aPlus/src/syscall/fcntl.o
LOAD /opt/prj/aPlus/src/syscall/open.o
LOAD /opt/prj/aPlus/src/syscall/readdir.o
LOAD /opt/prj/aPlus/src/syscall/execve.o
LOAD /opt/prj/aPlus/src/syscall/getgroups.o
LOAD /opt/prj/aPlus/src/sched.o
LOAD /opt/prj/aPlus/src/fs/vfs.o
LOAD /opt/prj/aPlus/src/fs/pipe.o
LOAD /opt/prj/aPlus/src/fs/fs.o
LOAD /opt/prj/aPlus/src/fs/devfs.o
LOAD /opt/prj/aPlus/src/panic.o
LOAD /opt/prj/aPlus/src/spinlock.o
LOAD /opt/prj/aPlus/src/mm/paging.o
LOAD /opt/prj/aPlus/src/mm/mm.o
LOAD /opt/prj/aPlus/src/mm/heap.o
LOAD /opt/prj/aPlus/src/mm/kheap.o
LOAD /opt/prj/aPlus/src/main.o
LOAD /opt/prj/aPlus/src/debug.o
LOAD /opt/prj/aPlus/src/bufio.o
LOAD /opt/prj/aPlus/src/arch/desc.o
LOAD /opt/prj/aPlus/src/arch/task.o
LOAD /opt/prj/aPlus/src/arch/pci.o
LOAD /opt/prj/aPlus/src/arch/syscall.o
LOAD /opt/prj/aPlus/src/arch/loader.o
LOAD /opt/prj/aPlus/src/arch/_desc.o
LOAD /opt/cross/usr/lib/libpthread.a
LOAD /opt/cross/usr/lib/libposix.a
LOAD /opt/cross/usr/lib/libc.a
LOAD /opt/cross/usr/lib/libm.a
LOAD /opt/cross/usr/lib/libgcc.a
OUTPUT(aplus elf32-i386)

.debug_frame    0x00000000     0x36c0
 .debug_frame   0x00000000      0x234 /opt/prj/aPlus/src/net/rtl8139/rtl8139.o
 .debug_frame   0x00000234       0x6c /opt/prj/aPlus/src/net/ipv6.o
 .debug_frame   0x000002a0      0x3d8 /opt/prj/aPlus/src/net/netif.o
 .debug_frame   0x00000678      0x108 /opt/prj/aPlus/src/net/loopback/loopback.o
 .debug_frame   0x00000780       0xac /opt/prj/aPlus/src/net/eth.o
 .debug_frame   0x0000082c       0xc4 /opt/prj/aPlus/src/net/ipv4.o
 .debug_frame   0x000008f0       0x40 /opt/prj/aPlus/src/net/udp.o
 .debug_frame   0x00000930       0x40 /opt/prj/aPlus/src/syscall/times.o
 .debug_frame   0x00000970       0x40 /opt/prj/aPlus/src/syscall/sbrk.o
 .debug_frame   0x000009b0       0x40 /opt/prj/aPlus/src/syscall/link.o
 .debug_frame   0x000009f0       0x40 /opt/prj/aPlus/src/syscall/close.o
 .debug_frame   0x00000a30       0x40 /opt/prj/aPlus/src/syscall/fstat.o
 .debug_frame   0x00000a70       0x40 /opt/prj/aPlus/src/syscall/yield.o
 .debug_frame   0x00000ab0       0x40 /opt/prj/aPlus/src/syscall/fork.o
 .debug_frame   0x00000af0       0x40 /opt/prj/aPlus/src/syscall/unlink.o
 .debug_frame   0x00000b30       0x40 /opt/prj/aPlus/src/syscall/stat.o
 .debug_frame   0x00000b70       0x40 /opt/prj/aPlus/src/syscall/kill.o
 .debug_frame   0x00000bb0       0x40 /opt/prj/aPlus/src/syscall/clone.o
 .debug_frame   0x00000bf0       0x40 /opt/prj/aPlus/src/syscall/read.o
 .debug_frame   0x00000c30       0x40 /opt/prj/aPlus/src/syscall/write.o
 .debug_frame   0x00000c70       0x40 /opt/prj/aPlus/src/syscall/gettimeofday.o
 .debug_frame   0x00000cb0       0x40 /opt/prj/aPlus/src/syscall/isatty.o
 .debug_frame   0x00000cf0       0x40 /opt/prj/aPlus/src/syscall/getpid.o
 .debug_frame   0x00000d30       0x40 /opt/prj/aPlus/src/syscall/lseek.o
 .debug_frame   0x00000d70       0x40 /opt/prj/aPlus/src/syscall/chown.o
 .debug_frame   0x00000db0       0x40 /opt/prj/aPlus/src/syscall/test.o
 .debug_frame   0x00000df0       0x40 /opt/prj/aPlus/src/syscall/_exit.o
 .debug_frame   0x00000e30       0x40 /opt/prj/aPlus/src/syscall/ioctl.o
 .debug_frame   0x00000e70       0x40 /opt/prj/aPlus/src/syscall/wait.o
 .debug_frame   0x00000eb0       0x40 /opt/prj/aPlus/src/syscall/fcntl.o
 .debug_frame   0x00000ef0       0x6c /opt/prj/aPlus/src/syscall/open.o
 .debug_frame   0x00000f5c       0x40 /opt/prj/aPlus/src/syscall/readdir.o
 .debug_frame   0x00000f9c       0x40 /opt/prj/aPlus/src/syscall/execve.o
 .debug_frame   0x00000fdc       0x40 /opt/prj/aPlus/src/syscall/getgroups.o
 .debug_frame   0x0000101c      0x3cc /opt/prj/aPlus/src/sched.o
 .debug_frame   0x000013e8      0x1f8 /opt/prj/aPlus/src/fs/vfs.o
 .debug_frame   0x000015e0       0xc4 /opt/prj/aPlus/src/fs/pipe.o
 .debug_frame   0x000016a4      0x1d8 /opt/prj/aPlus/src/fs/fs.o
 .debug_frame   0x0000187c       0x6c /opt/prj/aPlus/src/fs/devfs.o
 .debug_frame   0x000018e8      0x428 /opt/prj/aPlus/src/panic.o
 .debug_frame   0x00001d10       0xf0 /opt/prj/aPlus/src/spinlock.o
 .debug_frame   0x00001e00      0x358 /opt/prj/aPlus/src/mm/paging.o
 .debug_frame   0x00002158      0x224 /opt/prj/aPlus/src/mm/mm.o
 .debug_frame   0x0000237c       0x6c /opt/prj/aPlus/src/mm/heap.o
 .debug_frame   0x000023e8       0xf8 /opt/prj/aPlus/src/mm/kheap.o
 .debug_frame   0x000024e0       0x60 /opt/prj/aPlus/src/main.o
 .debug_frame   0x00002540      0x1ac /opt/prj/aPlus/src/debug.o
 .debug_frame   0x000026ec      0x324 /opt/prj/aPlus/src/bufio.o
 .debug_frame   0x00002a10      0x230 /opt/prj/aPlus/src/arch/desc.o
 .debug_frame   0x00002c40      0x168 /opt/prj/aPlus/src/arch/task.o
 .debug_frame   0x00002da8      0x378 /opt/prj/aPlus/src/arch/pci.o
 .debug_frame   0x00003120      0x1ac /opt/prj/aPlus/src/arch/syscall.o
 .debug_frame   0x000032cc       0x24 /opt/cross/usr/lib/libc.a(lib_a-errno.o)
 .debug_frame   0x000032f0       0xd0 /opt/cross/usr/lib/libc.a(lib_a-mktime.o)
 .debug_frame   0x000033c0      0x118 /opt/cross/usr/lib/libc.a(lib_a-mktm_r.o)
 .debug_frame   0x000034d8       0x44 /opt/cross/usr/lib/libc.a(lib_a-strcmp.o)
 .debug_frame   0x0000351c       0x58 /opt/cross/usr/lib/libc.a(lib_a-strcpy.o)
 .debug_frame   0x00003574       0x5c /opt/cross/usr/lib/libc.a(lib_a-strerror.o)
 .debug_frame   0x000035d0       0x34 /opt/cross/usr/lib/libc.a(lib_a-tzlock.o)
 .debug_frame   0x00003604       0x24 /opt/cross/usr/lib/libc.a(lib_a-u_strerr.o)
 .debug_frame   0x00003628       0x74 /opt/cross/usr/lib/libc.a(lib_a-div.o)
 .debug_frame   0x0000369c       0x24 /opt/cross/usr/lib/libc.a(lib_a-gettzinfo.o)

.debug_info     0x00000000    0x14c25
 .debug_info    0x00000000      0x854 /opt/prj/aPlus/src/net/rtl8139/rtl8139.o
 .debug_info    0x00000854      0x4de /opt/prj/aPlus/src/net/ipv6.o
 .debug_info    0x00000d32      0xb80 /opt/prj/aPlus/src/net/netif.o
 .debug_info    0x000018b2      0x4e6 /opt/prj/aPlus/src/net/loopback/loopback.o
 .debug_info    0x00001d98      0x522 /opt/prj/aPlus/src/net/eth.o
 .debug_info    0x000022ba      0x685 /opt/prj/aPlus/src/net/ipv4.o
 .debug_info    0x0000293f      0x3ae /opt/prj/aPlus/src/net/udp.o
 .debug_info    0x00002ced      0x733 /opt/prj/aPlus/src/syscall/times.o
 .debug_info    0x00003420      0x177 /opt/prj/aPlus/src/syscall/sbrk.o
 .debug_info    0x00003597      0x180 /opt/prj/aPlus/src/syscall/link.o
 .debug_info    0x00003717      0x6b5 /opt/prj/aPlus/src/syscall/close.o
 .debug_info    0x00003dcc      0x7bf /opt/prj/aPlus/src/syscall/fstat.o
 .debug_info    0x0000458b      0x15a /opt/prj/aPlus/src/syscall/yield.o
 .debug_info    0x000046e5      0x6a1 /opt/prj/aPlus/src/syscall/fork.o
 .debug_info    0x00004d86      0x177 /opt/prj/aPlus/src/syscall/unlink.o
 .debug_info    0x00004efd      0x33e /opt/prj/aPlus/src/syscall/stat.o
 .debug_info    0x0000523b      0x6bd /opt/prj/aPlus/src/syscall/kill.o
 .debug_info    0x000058f8      0x6f8 /opt/prj/aPlus/src/syscall/clone.o
 .debug_info    0x00005ff0      0x6e0 /opt/prj/aPlus/src/syscall/read.o
 .debug_info    0x000066d0      0x6e0 /opt/prj/aPlus/src/syscall/write.o
 .debug_info    0x00006db0      0x1f6 /opt/prj/aPlus/src/syscall/gettimeofday.o
 .debug_info    0x00006fa6      0x15e /opt/prj/aPlus/src/syscall/isatty.o
 .debug_info    0x00007104      0x169 /opt/prj/aPlus/src/syscall/getpid.o
 .debug_info    0x0000726d      0x6c8 /opt/prj/aPlus/src/syscall/lseek.o
 .debug_info    0x00007935      0x745 /opt/prj/aPlus/src/syscall/chown.o
 .debug_info    0x0000807a      0x178 /opt/prj/aPlus/src/syscall/test.o
 .debug_info    0x000081f2      0x168 /opt/prj/aPlus/src/syscall/_exit.o
 .debug_info    0x0000835a      0x6d5 /opt/prj/aPlus/src/syscall/ioctl.o
 .debug_info    0x00008a2f      0x6df /opt/prj/aPlus/src/syscall/wait.o
 .debug_info    0x0000910e      0x6d5 /opt/prj/aPlus/src/syscall/fcntl.o
 .debug_info    0x000097e3      0x7aa /opt/prj/aPlus/src/syscall/open.o
 .debug_info    0x00009f8d      0x6c7 /opt/prj/aPlus/src/syscall/readdir.o
 .debug_info    0x0000a654      0x187 /opt/prj/aPlus/src/syscall/execve.o
 .debug_info    0x0000a7db      0x1b6 /opt/prj/aPlus/src/syscall/getgroups.o
 .debug_info    0x0000a991      0xa5b /opt/prj/aPlus/src/sched.o
 .debug_info    0x0000b3ec      0x774 /opt/prj/aPlus/src/fs/vfs.o
 .debug_info    0x0000bb60      0x85f /opt/prj/aPlus/src/fs/pipe.o
 .debug_info    0x0000c3bf      0x6a4 /opt/prj/aPlus/src/fs/fs.o
 .debug_info    0x0000ca63      0x6a7 /opt/prj/aPlus/src/fs/devfs.o
 .debug_info    0x0000d10a      0xac7 /opt/prj/aPlus/src/panic.o
 .debug_info    0x0000dbd1      0x130 /opt/prj/aPlus/src/spinlock.o
 .debug_info    0x0000dd01      0x65c /opt/prj/aPlus/src/mm/paging.o
 .debug_info    0x0000e35d      0x5ab /opt/prj/aPlus/src/mm/mm.o
 .debug_info    0x0000e908      0x1a6 /opt/prj/aPlus/src/mm/heap.o
 .debug_info    0x0000eaae      0x65e /opt/prj/aPlus/src/mm/kheap.o
 .debug_info    0x0000f10c      0x180 /opt/prj/aPlus/src/main.o
 .debug_info    0x0000f28c      0x3bb /opt/prj/aPlus/src/debug.o
 .debug_info    0x0000f647      0xb5e /opt/prj/aPlus/src/bufio.o
 .debug_info    0x000101a5      0x911 /opt/prj/aPlus/src/arch/desc.o
 .debug_info    0x00010ab6      0x962 /opt/prj/aPlus/src/arch/task.o
 .debug_info    0x00011418      0x643 /opt/prj/aPlus/src/arch/pci.o
 .debug_info    0x00011a5b      0x553 /opt/prj/aPlus/src/arch/syscall.o
 .debug_info    0x00011fae      0x889 /opt/cross/usr/lib/libc.a(lib_a-errno.o)
 .debug_info    0x00012837      0x894 /opt/cross/usr/lib/libc.a(lib_a-impure.o)
 .debug_info    0x000130cb       0xa1 /opt/cross/usr/lib/libc.a(lib_a-memcmp.o)
 .debug_info    0x0001316c       0xa1 /opt/cross/usr/lib/libc.a(lib_a-memcpy.o)
 .debug_info    0x0001320d       0xa1 /opt/cross/usr/lib/libc.a(lib_a-memset.o)
 .debug_info    0x000132ae      0x462 /opt/cross/usr/lib/libc.a(lib_a-mktime.o)
 .debug_info    0x00013710      0x439 /opt/cross/usr/lib/libc.a(lib_a-mktm_r.o)
 .debug_info    0x00013b49       0xa1 /opt/cross/usr/lib/libc.a(lib_a-strchr.o)
 .debug_info    0x00013bea       0xdd /opt/cross/usr/lib/libc.a(lib_a-strcmp.o)
 .debug_info    0x00013cc7      0x10f /opt/cross/usr/lib/libc.a(lib_a-strcpy.o)
 .debug_info    0x00013dd6      0x980 /opt/cross/usr/lib/libc.a(lib_a-strerror.o)
 .debug_info    0x00014756       0xa1 /opt/cross/usr/lib/libc.a(lib_a-strlen.o)
 .debug_info    0x000147f7       0xa8 /opt/cross/usr/lib/libc.a(lib_a-tzlock.o)
 .debug_info    0x0001489f       0xbb /opt/cross/usr/lib/libc.a(lib_a-tzvars.o)
 .debug_info    0x0001495a       0x84 /opt/cross/usr/lib/libc.a(lib_a-u_strerr.o)
 .debug_info    0x000149de       0xe7 /opt/cross/usr/lib/libc.a(lib_a-div.o)
 .debug_info    0x00014ac5      0x160 /opt/cross/usr/lib/libc.a(lib_a-gettzinfo.o)

.debug_abbrev   0x00000000     0x53f5
 .debug_abbrev  0x00000000      0x205 /opt/prj/aPlus/src/net/rtl8139/rtl8139.o
 .debug_abbrev  0x00000205      0x12a /opt/prj/aPlus/src/net/ipv6.o
 .debug_abbrev  0x0000032f      0x1bd /opt/prj/aPlus/src/net/netif.o
 .debug_abbrev  0x000004ec      0x172 /opt/prj/aPlus/src/net/loopback/loopback.o
 .debug_abbrev  0x0000065e      0x16c /opt/prj/aPlus/src/net/eth.o
 .debug_abbrev  0x000007ca      0x16e /opt/prj/aPlus/src/net/ipv4.o
 .debug_abbrev  0x00000938      0x106 /opt/prj/aPlus/src/net/udp.o
 .debug_abbrev  0x00000a3e      0x186 /opt/prj/aPlus/src/syscall/times.o
 .debug_abbrev  0x00000bc4       0xed /opt/prj/aPlus/src/syscall/sbrk.o
 .debug_abbrev  0x00000cb1       0xf6 /opt/prj/aPlus/src/syscall/link.o
 .debug_abbrev  0x00000da7      0x164 /opt/prj/aPlus/src/syscall/close.o
 .debug_abbrev  0x00000f0b      0x173 /opt/prj/aPlus/src/syscall/fstat.o
 .debug_abbrev  0x0000107e       0xda /opt/prj/aPlus/src/syscall/yield.o
 .debug_abbrev  0x00001158      0x14a /opt/prj/aPlus/src/syscall/fork.o
 .debug_abbrev  0x000012a2       0xfd /opt/prj/aPlus/src/syscall/unlink.o
 .debug_abbrev  0x0000139f      0x137 /opt/prj/aPlus/src/syscall/stat.o
 .debug_abbrev  0x000014d6      0x16a /opt/prj/aPlus/src/syscall/kill.o
 .debug_abbrev  0x00001640      0x16a /opt/prj/aPlus/src/syscall/clone.o
 .debug_abbrev  0x000017aa      0x179 /opt/prj/aPlus/src/syscall/read.o
 .debug_abbrev  0x00001923      0x179 /opt/prj/aPlus/src/syscall/write.o
 .debug_abbrev  0x00001a9c      0x116 /opt/prj/aPlus/src/syscall/gettimeofday.o
 .debug_abbrev  0x00001bb2       0xd7 /opt/prj/aPlus/src/syscall/isatty.o
 .debug_abbrev  0x00001c89       0xdc /opt/prj/aPlus/src/syscall/getpid.o
 .debug_abbrev  0x00001d65      0x154 /opt/prj/aPlus/src/syscall/lseek.o
 .debug_abbrev  0x00001eb9      0x191 /opt/prj/aPlus/src/syscall/chown.o
 .debug_abbrev  0x0000204a       0xed /opt/prj/aPlus/src/syscall/test.o
 .debug_abbrev  0x00002137       0xeb /opt/prj/aPlus/src/syscall/_exit.o
 .debug_abbrev  0x00002222      0x16a /opt/prj/aPlus/src/syscall/ioctl.o
 .debug_abbrev  0x0000238c      0x16e /opt/prj/aPlus/src/syscall/wait.o
 .debug_abbrev  0x000024fa      0x179 /opt/prj/aPlus/src/syscall/fcntl.o
 .debug_abbrev  0x00002673      0x1ab /opt/prj/aPlus/src/syscall/open.o
 .debug_abbrev  0x0000281e      0x179 /opt/prj/aPlus/src/syscall/readdir.o
 .debug_abbrev  0x00002997       0xe0 /opt/prj/aPlus/src/syscall/execve.o
 .debug_abbrev  0x00002a77       0xef /opt/prj/aPlus/src/syscall/getgroups.o
 .debug_abbrev  0x00002b66      0x272 /opt/prj/aPlus/src/sched.o
 .debug_abbrev  0x00002dd8      0x1bf /opt/prj/aPlus/src/fs/vfs.o
 .debug_abbrev  0x00002f97      0x1a5 /opt/prj/aPlus/src/fs/pipe.o
 .debug_abbrev  0x0000313c      0x17e /opt/prj/aPlus/src/fs/fs.o
 .debug_abbrev  0x000032ba      0x191 /opt/prj/aPlus/src/fs/devfs.o
 .debug_abbrev  0x0000344b      0x1e9 /opt/prj/aPlus/src/panic.o
 .debug_abbrev  0x00003634       0xe8 /opt/prj/aPlus/src/spinlock.o
 .debug_abbrev  0x0000371c      0x1df /opt/prj/aPlus/src/mm/paging.o
 .debug_abbrev  0x000038fb      0x1bc /opt/prj/aPlus/src/mm/mm.o
 .debug_abbrev  0x00003ab7       0xc1 /opt/prj/aPlus/src/mm/heap.o
 .debug_abbrev  0x00003b78      0x179 /opt/prj/aPlus/src/mm/kheap.o
 .debug_abbrev  0x00003cf1       0x92 /opt/prj/aPlus/src/main.o
 .debug_abbrev  0x00003d83      0x12f /opt/prj/aPlus/src/debug.o
 .debug_abbrev  0x00003eb2      0x214 /opt/prj/aPlus/src/bufio.o
 .debug_abbrev  0x000040c6      0x221 /opt/prj/aPlus/src/arch/desc.o
 .debug_abbrev  0x000042e7      0x216 /opt/prj/aPlus/src/arch/task.o
 .debug_abbrev  0x000044fd      0x19e /opt/prj/aPlus/src/arch/pci.o
 .debug_abbrev  0x0000469b      0x161 /opt/prj/aPlus/src/arch/syscall.o
 .debug_abbrev  0x000047fc      0x18f /opt/cross/usr/lib/libc.a(lib_a-errno.o)
 .debug_abbrev  0x0000498b      0x180 /opt/cross/usr/lib/libc.a(lib_a-impure.o)
 .debug_abbrev  0x00004b0b       0x14 /opt/cross/usr/lib/libc.a(lib_a-memcmp.o)
 .debug_abbrev  0x00004b1f       0x14 /opt/cross/usr/lib/libc.a(lib_a-memcpy.o)
 .debug_abbrev  0x00004b33       0x14 /opt/cross/usr/lib/libc.a(lib_a-memset.o)
 .debug_abbrev  0x00004b47      0x1c6 /opt/cross/usr/lib/libc.a(lib_a-mktime.o)
 .debug_abbrev  0x00004d0d      0x15c /opt/cross/usr/lib/libc.a(lib_a-mktm_r.o)
 .debug_abbrev  0x00004e69       0x14 /opt/cross/usr/lib/libc.a(lib_a-strchr.o)
 .debug_abbrev  0x00004e7d       0x74 /opt/cross/usr/lib/libc.a(lib_a-strcmp.o)
 .debug_abbrev  0x00004ef1       0x92 /opt/cross/usr/lib/libc.a(lib_a-strcpy.o)
 .debug_abbrev  0x00004f83      0x20c /opt/cross/usr/lib/libc.a(lib_a-strerror.o)
 .debug_abbrev  0x0000518f       0x14 /opt/cross/usr/lib/libc.a(lib_a-strlen.o)
 .debug_abbrev  0x000051a3       0x51 /opt/cross/usr/lib/libc.a(lib_a-tzlock.o)
 .debug_abbrev  0x000051f4       0x52 /opt/cross/usr/lib/libc.a(lib_a-tzvars.o)
 .debug_abbrev  0x00005246       0x5e /opt/cross/usr/lib/libc.a(lib_a-u_strerr.o)
 .debug_abbrev  0x000052a4       0xa9 /opt/cross/usr/lib/libc.a(lib_a-div.o)
 .debug_abbrev  0x0000534d       0xa8 /opt/cross/usr/lib/libc.a(lib_a-gettzinfo.o)

.debug_aranges  0x00000000      0x890
 .debug_aranges
                0x00000000       0x20 /opt/prj/aPlus/src/net/rtl8139/rtl8139.o
 .debug_aranges
                0x00000020       0x20 /opt/prj/aPlus/src/net/ipv6.o
 .debug_aranges
                0x00000040       0x20 /opt/prj/aPlus/src/net/netif.o
 .debug_aranges
                0x00000060       0x20 /opt/prj/aPlus/src/net/loopback/loopback.o
 .debug_aranges
                0x00000080       0x20 /opt/prj/aPlus/src/net/eth.o
 .debug_aranges
                0x000000a0       0x20 /opt/prj/aPlus/src/net/ipv4.o
 .debug_aranges
                0x000000c0       0x20 /opt/prj/aPlus/src/net/udp.o
 .debug_aranges
                0x000000e0       0x20 /opt/prj/aPlus/src/syscall/times.o
 .debug_aranges
                0x00000100       0x20 /opt/prj/aPlus/src/syscall/sbrk.o
 .debug_aranges
                0x00000120       0x20 /opt/prj/aPlus/src/syscall/link.o
 .debug_aranges
                0x00000140       0x20 /opt/prj/aPlus/src/syscall/close.o
 .debug_aranges
                0x00000160       0x20 /opt/prj/aPlus/src/syscall/fstat.o
 .debug_aranges
                0x00000180       0x20 /opt/prj/aPlus/src/syscall/yield.o
 .debug_aranges
                0x000001a0       0x20 /opt/prj/aPlus/src/syscall/fork.o
 .debug_aranges
                0x000001c0       0x20 /opt/prj/aPlus/src/syscall/unlink.o
 .debug_aranges
                0x000001e0       0x20 /opt/prj/aPlus/src/syscall/stat.o
 .debug_aranges
                0x00000200       0x20 /opt/prj/aPlus/src/syscall/kill.o
 .debug_aranges
                0x00000220       0x20 /opt/prj/aPlus/src/syscall/clone.o
 .debug_aranges
                0x00000240       0x20 /opt/prj/aPlus/src/syscall/read.o
 .debug_aranges
                0x00000260       0x20 /opt/prj/aPlus/src/syscall/write.o
 .debug_aranges
                0x00000280       0x20 /opt/prj/aPlus/src/syscall/gettimeofday.o
 .debug_aranges
                0x000002a0       0x20 /opt/prj/aPlus/src/syscall/isatty.o
 .debug_aranges
                0x000002c0       0x20 /opt/prj/aPlus/src/syscall/getpid.o
 .debug_aranges
                0x000002e0       0x20 /opt/prj/aPlus/src/syscall/lseek.o
 .debug_aranges
                0x00000300       0x20 /opt/prj/aPlus/src/syscall/chown.o
 .debug_aranges
                0x00000320       0x20 /opt/prj/aPlus/src/syscall/test.o
 .debug_aranges
                0x00000340       0x20 /opt/prj/aPlus/src/syscall/_exit.o
 .debug_aranges
                0x00000360       0x20 /opt/prj/aPlus/src/syscall/ioctl.o
 .debug_aranges
                0x00000380       0x20 /opt/prj/aPlus/src/syscall/wait.o
 .debug_aranges
                0x000003a0       0x20 /opt/prj/aPlus/src/syscall/fcntl.o
 .debug_aranges
                0x000003c0       0x20 /opt/prj/aPlus/src/syscall/open.o
 .debug_aranges
                0x000003e0       0x20 /opt/prj/aPlus/src/syscall/readdir.o
 .debug_aranges
                0x00000400       0x20 /opt/prj/aPlus/src/syscall/execve.o
 .debug_aranges
                0x00000420       0x20 /opt/prj/aPlus/src/syscall/getgroups.o
 .debug_aranges
                0x00000440       0x20 /opt/prj/aPlus/src/sched.o
 .debug_aranges
                0x00000460       0x20 /opt/prj/aPlus/src/fs/vfs.o
 .debug_aranges
                0x00000480       0x20 /opt/prj/aPlus/src/fs/pipe.o
 .debug_aranges
                0x000004a0       0x20 /opt/prj/aPlus/src/fs/fs.o
 .debug_aranges
                0x000004c0       0x20 /opt/prj/aPlus/src/fs/devfs.o
 .debug_aranges
                0x000004e0       0x20 /opt/prj/aPlus/src/panic.o
 .debug_aranges
                0x00000500       0x20 /opt/prj/aPlus/src/spinlock.o
 .debug_aranges
                0x00000520       0x20 /opt/prj/aPlus/src/mm/paging.o
 .debug_aranges
                0x00000540       0x20 /opt/prj/aPlus/src/mm/mm.o
 .debug_aranges
                0x00000560       0x20 /opt/prj/aPlus/src/mm/heap.o
 .debug_aranges
                0x00000580       0x20 /opt/prj/aPlus/src/mm/kheap.o
 .debug_aranges
                0x000005a0       0x20 /opt/prj/aPlus/src/main.o
 .debug_aranges
                0x000005c0       0x20 /opt/prj/aPlus/src/debug.o
 .debug_aranges
                0x000005e0       0x20 /opt/prj/aPlus/src/bufio.o
 .debug_aranges
                0x00000600       0x20 /opt/prj/aPlus/src/arch/desc.o
 .debug_aranges
                0x00000620       0x20 /opt/prj/aPlus/src/arch/task.o
 .debug_aranges
                0x00000640       0x20 /opt/prj/aPlus/src/arch/pci.o
 .debug_aranges
                0x00000660       0x20 /opt/prj/aPlus/src/arch/syscall.o
 .debug_aranges
                0x00000680       0x20 /opt/cross/usr/lib/libc.a(lib_a-errno.o)
 .debug_aranges
                0x000006a0       0x18 /opt/cross/usr/lib/libc.a(lib_a-impure.o)
 .debug_aranges
                0x000006b8       0x20 /opt/cross/usr/lib/libc.a(lib_a-memcmp.o)
 .debug_aranges
                0x000006d8       0x20 /opt/cross/usr/lib/libc.a(lib_a-memcpy.o)
 .debug_aranges
                0x000006f8       0x20 /opt/cross/usr/lib/libc.a(lib_a-memset.o)
 .debug_aranges
                0x00000718       0x20 /opt/cross/usr/lib/libc.a(lib_a-mktime.o)
 .debug_aranges
                0x00000738       0x20 /opt/cross/usr/lib/libc.a(lib_a-mktm_r.o)
 .debug_aranges
                0x00000758       0x20 /opt/cross/usr/lib/libc.a(lib_a-strchr.o)
 .debug_aranges
                0x00000778       0x20 /opt/cross/usr/lib/libc.a(lib_a-strcmp.o)
 .debug_aranges
                0x00000798       0x20 /opt/cross/usr/lib/libc.a(lib_a-strcpy.o)
 .debug_aranges
                0x000007b8       0x20 /opt/cross/usr/lib/libc.a(lib_a-strerror.o)
 .debug_aranges
                0x000007d8       0x20 /opt/cross/usr/lib/libc.a(lib_a-strlen.o)
 .debug_aranges
                0x000007f8       0x20 /opt/cross/usr/lib/libc.a(lib_a-tzlock.o)
 .debug_aranges
                0x00000818       0x18 /opt/cross/usr/lib/libc.a(lib_a-tzvars.o)
 .debug_aranges
                0x00000830       0x20 /opt/cross/usr/lib/libc.a(lib_a-u_strerr.o)
 .debug_aranges
                0x00000850       0x20 /opt/cross/usr/lib/libc.a(lib_a-div.o)
 .debug_aranges
                0x00000870       0x20 /opt/cross/usr/lib/libc.a(lib_a-gettzinfo.o)

.debug_line     0x00000000     0xbd53
 .debug_line    0x00000000      0x701 /opt/prj/aPlus/src/net/rtl8139/rtl8139.o
 .debug_line    0x00000701      0x281 /opt/prj/aPlus/src/net/ipv6.o
 .debug_line    0x00000982      0xa1d /opt/prj/aPlus/src/net/netif.o
 .debug_line    0x0000139f      0x31a /opt/prj/aPlus/src/net/loopback/loopback.o
 .debug_line    0x000016b9      0x2f5 /opt/prj/aPlus/src/net/eth.o
 .debug_line    0x000019ae      0x427 /opt/prj/aPlus/src/net/ipv4.o
 .debug_line    0x00001dd5      0x14d /opt/prj/aPlus/src/net/udp.o
 .debug_line    0x00001f22      0x1d5 /opt/prj/aPlus/src/syscall/times.o
 .debug_line    0x000020f7      0x152 /opt/prj/aPlus/src/syscall/sbrk.o
 .debug_line    0x00002249      0x126 /opt/prj/aPlus/src/syscall/link.o
 .debug_line    0x0000236f      0x1b6 /opt/prj/aPlus/src/syscall/close.o
 .debug_line    0x00002525      0x234 /opt/prj/aPlus/src/syscall/fstat.o
 .debug_line    0x00002759      0x117 /opt/prj/aPlus/src/syscall/yield.o
 .debug_line    0x00002870      0x195 /opt/prj/aPlus/src/syscall/fork.o
 .debug_line    0x00002a05      0x128 /opt/prj/aPlus/src/syscall/unlink.o
 .debug_line    0x00002b2d      0x199 /opt/prj/aPlus/src/syscall/stat.o
 .debug_line    0x00002cc6      0x1a5 /opt/prj/aPlus/src/syscall/kill.o
 .debug_line    0x00002e6b      0x1c6 /opt/prj/aPlus/src/syscall/clone.o
 .debug_line    0x00003031      0x1e9 /opt/prj/aPlus/src/syscall/read.o
 .debug_line    0x0000321a      0x1ea /opt/prj/aPlus/src/syscall/write.o
 .debug_line    0x00003404      0x189 /opt/prj/aPlus/src/syscall/gettimeofday.o
 .debug_line    0x0000358d      0x118 /opt/prj/aPlus/src/syscall/isatty.o
 .debug_line    0x000036a5      0x14d /opt/prj/aPlus/src/syscall/getpid.o
 .debug_line    0x000037f2      0x1f6 /opt/prj/aPlus/src/syscall/lseek.o
 .debug_line    0x000039e8      0x1c6 /opt/prj/aPlus/src/syscall/chown.o
 .debug_line    0x00003bae      0x11e /opt/prj/aPlus/src/syscall/test.o
 .debug_line    0x00003ccc      0x117 /opt/prj/aPlus/src/syscall/_exit.o
 .debug_line    0x00003de3      0x19e /opt/prj/aPlus/src/syscall/ioctl.o
 .debug_line    0x00003f81      0x1cd /opt/prj/aPlus/src/syscall/wait.o
 .debug_line    0x0000414e      0x1be /opt/prj/aPlus/src/syscall/fcntl.o
 .debug_line    0x0000430c      0x3d1 /opt/prj/aPlus/src/syscall/open.o
 .debug_line    0x000046dd      0x1b0 /opt/prj/aPlus/src/syscall/readdir.o
 .debug_line    0x0000488d      0x120 /opt/prj/aPlus/src/syscall/execve.o
 .debug_line    0x000049ad      0x1e2 /opt/prj/aPlus/src/syscall/getgroups.o
 .debug_line    0x00004b8f      0x6df /opt/prj/aPlus/src/sched.o
 .debug_line    0x0000526e      0x58c /opt/prj/aPlus/src/fs/vfs.o
 .debug_line    0x000057fa      0x34f /opt/prj/aPlus/src/fs/pipe.o
 .debug_line    0x00005b49      0x2e0 /opt/prj/aPlus/src/fs/fs.o
 .debug_line    0x00005e29      0x329 /opt/prj/aPlus/src/fs/devfs.o
 .debug_line    0x00006152      0x56d /opt/prj/aPlus/src/panic.o
 .debug_line    0x000066bf      0x16a /opt/prj/aPlus/src/spinlock.o
 .debug_line    0x00006829      0x5c7 /opt/prj/aPlus/src/mm/paging.o
 .debug_line    0x00006df0      0x496 /opt/prj/aPlus/src/mm/mm.o
 .debug_line    0x00007286      0x179 /opt/prj/aPlus/src/mm/heap.o
 .debug_line    0x000073ff      0x375 /opt/prj/aPlus/src/mm/kheap.o
 .debug_line    0x00007774      0x10b /opt/prj/aPlus/src/main.o
 .debug_line    0x0000787f      0x5b8 /opt/prj/aPlus/src/debug.o
 .debug_line    0x00007e37      0x7a6 /opt/prj/aPlus/src/bufio.o
 .debug_line    0x000085dd      0x5a0 /opt/prj/aPlus/src/arch/desc.o
 .debug_line    0x00008b7d      0x5ca /opt/prj/aPlus/src/arch/task.o
 .debug_line    0x00009147      0x600 /opt/prj/aPlus/src/arch/pci.o
 .debug_line    0x00009747      0x459 /opt/prj/aPlus/src/arch/syscall.o
 .debug_line    0x00009ba0      0x107 /opt/cross/usr/lib/libc.a(lib_a-errno.o)
 .debug_line    0x00009ca7       0xed /opt/cross/usr/lib/libc.a(lib_a-impure.o)
 .debug_line    0x00009d94       0x98 /opt/cross/usr/lib/libc.a(lib_a-memcmp.o)
 .debug_line    0x00009e2c       0x93 /opt/cross/usr/lib/libc.a(lib_a-memcpy.o)
 .debug_line    0x00009ebf       0xac /opt/cross/usr/lib/libc.a(lib_a-memset.o)
 .debug_line    0x00009f6b      0x800 /opt/cross/usr/lib/libc.a(lib_a-mktime.o)
 .debug_line    0x0000a76b      0x83c /opt/cross/usr/lib/libc.a(lib_a-mktm_r.o)
 .debug_line    0x0000afa7       0xd7 /opt/cross/usr/lib/libc.a(lib_a-strchr.o)
 .debug_line    0x0000b07e      0x137 /opt/cross/usr/lib/libc.a(lib_a-strcmp.o)
 .debug_line    0x0000b1b5       0xf9 /opt/cross/usr/lib/libc.a(lib_a-strcpy.o)
 .debug_line    0x0000b2ae      0x683 /opt/cross/usr/lib/libc.a(lib_a-strerror.o)
 .debug_line    0x0000b931       0xa3 /opt/cross/usr/lib/libc.a(lib_a-strlen.o)
 .debug_line    0x0000b9d4       0x71 /opt/cross/usr/lib/libc.a(lib_a-tzlock.o)
 .debug_line    0x0000ba45       0x5c /opt/cross/usr/lib/libc.a(lib_a-tzvars.o)
 .debug_line    0x0000baa1       0x75 /opt/cross/usr/lib/libc.a(lib_a-u_strerr.o)
 .debug_line    0x0000bb16      0x158 /opt/cross/usr/lib/libc.a(lib_a-div.o)
 .debug_line    0x0000bc6e       0xe5 /opt/cross/usr/lib/libc.a(lib_a-gettzinfo.o)

.debug_str      0x00000000     0x2a27
 .debug_str     0x00000000      0x30b /opt/prj/aPlus/src/net/rtl8139/rtl8139.o
                                0x41b (dimensione prima del rilassamento)
 .debug_str     0x0000030b       0x9d /opt/prj/aPlus/src/net/ipv6.o
                                0x309 (dimensione prima del rilassamento)
 .debug_str     0x000003a8      0x193 /opt/prj/aPlus/src/net/netif.o
                                0x4d3 (dimensione prima del rilassamento)
 .debug_str     0x0000053b       0x8c /opt/prj/aPlus/src/net/loopback/loopback.o
                                0x335 (dimensione prima del rilassamento)
 .debug_str     0x000005c7       0x5c /opt/prj/aPlus/src/net/eth.o
                                0x30e (dimensione prima del rilassamento)
 .debug_str     0x00000623       0x75 /opt/prj/aPlus/src/net/ipv4.o
                                0x350 (dimensione prima del rilassamento)
 .debug_str     0x00000698       0x1d /opt/prj/aPlus/src/net/udp.o
                                0x2ab (dimensione prima del rilassamento)
 .debug_str     0x000006b5      0x183 /opt/prj/aPlus/src/syscall/times.o
                                0x37d (dimensione prima del rilassamento)
 .debug_str     0x00000838       0x6e /opt/prj/aPlus/src/syscall/sbrk.o
                                0x1bb (dimensione prima del rilassamento)
 .debug_str     0x000008a6       0x53 /opt/prj/aPlus/src/syscall/link.o
                                0x1ad (dimensione prima del rilassamento)
 .debug_str     0x000008f9       0x4c /opt/prj/aPlus/src/syscall/close.o
                                0x32f (dimensione prima del rilassamento)
 .debug_str     0x00000945       0xe1 /opt/prj/aPlus/src/syscall/fstat.o
                                0x3c9 (dimensione prima del rilassamento)
 .debug_str     0x00000a26       0x5d /opt/prj/aPlus/src/syscall/yield.o
                                0x1aa (dimensione prima del rilassamento)
 .debug_str     0x00000a83       0x54 /opt/prj/aPlus/src/syscall/fork.o
                                0x328 (dimensione prima del rilassamento)
 .debug_str     0x00000ad7       0x59 /opt/prj/aPlus/src/syscall/unlink.o
                                0x1ae (dimensione prima del rilassamento)
 .debug_str     0x00000b30       0x55 /opt/prj/aPlus/src/syscall/stat.o
                                0x2aa (dimensione prima del rilassamento)
 .debug_str     0x00000b85       0x63 /opt/prj/aPlus/src/syscall/kill.o
                                0x331 (dimensione prima del rilassamento)
 .debug_str     0x00000be8       0x65 /opt/prj/aPlus/src/syscall/clone.o
                                0x34c (dimensione prima del rilassamento)
 .debug_str     0x00000c4d       0x54 /opt/prj/aPlus/src/syscall/read.o
                                0x336 (dimensione prima del rilassamento)
 .debug_str     0x00000ca1       0x57 /opt/prj/aPlus/src/syscall/write.o
                                0x339 (dimensione prima del rilassamento)
 .debug_str     0x00000cf8       0xa5 /opt/prj/aPlus/src/syscall/gettimeofday.o
                                0x20f (dimensione prima del rilassamento)
 .debug_str     0x00000d9d       0x4e /opt/prj/aPlus/src/syscall/isatty.o
                                0x19b (dimensione prima del rilassamento)
 .debug_str     0x00000deb       0x5e /opt/prj/aPlus/src/syscall/getpid.o
                                0x1b1 (dimensione prima del rilassamento)
 .debug_str     0x00000e49       0x4c /opt/prj/aPlus/src/syscall/lseek.o
                                0x327 (dimensione prima del rilassamento)
 .debug_str     0x00000e95       0x70 /opt/prj/aPlus/src/syscall/chown.o
                                0x365 (dimensione prima del rilassamento)
 .debug_str     0x00000f05       0x50 /opt/prj/aPlus/src/syscall/test.o
                                0x1a5 (dimensione prima del rilassamento)
 .debug_str     0x00000f55       0x60 /opt/prj/aPlus/src/syscall/_exit.o
                                0x1ad (dimensione prima del rilassamento)
 .debug_str     0x00000fb5       0x4c /opt/prj/aPlus/src/syscall/ioctl.o
                                0x332 (dimensione prima del rilassamento)
 .debug_str     0x00001001       0x5a /opt/prj/aPlus/src/syscall/wait.o
                                0x351 (dimensione prima del rilassamento)
 .debug_str     0x0000105b       0x56 /opt/prj/aPlus/src/syscall/fcntl.o
                                0x339 (dimensione prima del rilassamento)
 .debug_str     0x000010b1       0x55 /opt/prj/aPlus/src/syscall/open.o
                                0x35b (dimensione prima del rilassamento)
 .debug_str     0x00001106       0x52 /opt/prj/aPlus/src/syscall/readdir.o
                                0x338 (dimensione prima del rilassamento)
 .debug_str     0x00001158       0x5b /opt/prj/aPlus/src/syscall/execve.o
                                0x1b1 (dimensione prima del rilassamento)
 .debug_str     0x000011b3       0x5f /opt/prj/aPlus/src/syscall/getgroups.o
                                0x1c6 (dimensione prima del rilassamento)
 .debug_str     0x00001212       0xea /opt/prj/aPlus/src/sched.o
                                0x48b (dimensione prima del rilassamento)
 .debug_str     0x000012fc       0x87 /opt/prj/aPlus/src/fs/vfs.o
                                0x307 (dimensione prima del rilassamento)
 .debug_str     0x00001383       0xda /opt/prj/aPlus/src/fs/pipe.o
                                0x382 (dimensione prima del rilassamento)
 .debug_str     0x0000145d       0x50 /opt/prj/aPlus/src/fs/fs.o
                                0x2ab (dimensione prima del rilassamento)
 .debug_str     0x000014ad       0x3c /opt/prj/aPlus/src/fs/devfs.o
                                0x2e5 (dimensione prima del rilassamento)
 .debug_str     0x000014e9       0xed /opt/prj/aPlus/src/panic.o
                                0x3fd (dimensione prima del rilassamento)
 .debug_str     0x000015d6       0x76 /opt/prj/aPlus/src/spinlock.o
                                0x167 (dimensione prima del rilassamento)
 .debug_str     0x0000164c       0xf9 /opt/prj/aPlus/src/mm/paging.o
                                0x2c8 (dimensione prima del rilassamento)
 .debug_str     0x00001745       0x66 /opt/prj/aPlus/src/mm/mm.o
                                0x296 (dimensione prima del rilassamento)
 .debug_str     0x000017ab       0x1d /opt/prj/aPlus/src/mm/heap.o
                                0x149 (dimensione prima del rilassamento)
 .debug_str     0x000017c8      0x32e /opt/prj/aPlus/src/mm/kheap.o
                                0x489 (dimensione prima del rilassamento)
 .debug_str     0x00001af6       0x5d /opt/prj/aPlus/src/main.o
                                0x1a5 (dimensione prima del rilassamento)
 .debug_str     0x00001b53       0xa6 /opt/prj/aPlus/src/debug.o
                                0x1e6 (dimensione prima del rilassamento)
 .debug_str     0x00001bf9       0x83 /opt/prj/aPlus/src/bufio.o
                                0x422 (dimensione prima del rilassamento)
 .debug_str     0x00001c7c      0x29d /opt/prj/aPlus/src/arch/desc.o
                                0x45d (dimensione prima del rilassamento)
 .debug_str     0x00001f19       0x2c /opt/prj/aPlus/src/arch/task.o
                                0x402 (dimensione prima del rilassamento)
 .debug_str     0x00001f45      0x123 /opt/prj/aPlus/src/arch/pci.o
                                0x2df (dimensione prima del rilassamento)
 .debug_str     0x00002068       0x5a /opt/prj/aPlus/src/arch/syscall.o
                                0x26c (dimensione prima del rilassamento)
 .debug_str     0x000020c2      0x40a /opt/cross/usr/lib/libc.a(lib_a-errno.o)
                                0x506 (dimensione prima del rilassamento)
 .debug_str     0x000024cc       0x89 /opt/cross/usr/lib/libc.a(lib_a-impure.o)
                                0x51e (dimensione prima del rilassamento)
 .debug_str     0x00002555      0x182 /opt/cross/usr/lib/libc.a(lib_a-mktime.o)
                                0x2c3 (dimensione prima del rilassamento)
 .debug_str     0x000026d7       0x9f /opt/cross/usr/lib/libc.a(lib_a-mktm_r.o)
                                0x2aa (dimensione prima del rilassamento)
 .debug_str     0x00002776       0x73 /opt/cross/usr/lib/libc.a(lib_a-strcmp.o)
                                0x146 (dimensione prima del rilassamento)
 .debug_str     0x000027e9       0x61 /opt/cross/usr/lib/libc.a(lib_a-strcpy.o)
                                0x168 (dimensione prima del rilassamento)
 .debug_str     0x0000284a       0x6c /opt/cross/usr/lib/libc.a(lib_a-strerror.o)
                                0x544 (dimensione prima del rilassamento)
 .debug_str     0x000028b6       0x47 /opt/cross/usr/lib/libc.a(lib_a-tzlock.o)
                                0x162 (dimensione prima del rilassamento)
 .debug_str     0x000028fd       0x48 /opt/cross/usr/lib/libc.a(lib_a-tzvars.o)
                                0x157 (dimensione prima del rilassamento)
 .debug_str     0x00002945       0x3a /opt/cross/usr/lib/libc.a(lib_a-u_strerr.o)
                                 0xda (dimensione prima del rilassamento)
 .debug_str     0x0000297f       0x6f /opt/cross/usr/lib/libc.a(lib_a-div.o)
                                0x14d (dimensione prima del rilassamento)
 .debug_str     0x000029ee       0x39 /opt/cross/usr/lib/libc.a(lib_a-gettzinfo.o)
                                0x1be (dimensione prima del rilassamento)

.comment        0x00000000       0x11
 .comment       0x00000000       0x11 /opt/prj/aPlus/src/net/rtl8139/rtl8139.o
                                 0x12 (dimensione prima del rilassamento)
 .comment       0x00000000       0x12 /opt/prj/aPlus/src/net/ipv6.o
 .comment       0x00000000       0x12 /opt/prj/aPlus/src/net/netif.o
 .comment       0x00000000       0x12 /opt/prj/aPlus/src/net/loopback/loopback.o
 .comment       0x00000000       0x12 /opt/prj/aPlus/src/net/eth.o
 .comment       0x00000000       0x12 /opt/prj/aPlus/src/net/ipv4.o
 .comment       0x00000000       0x12 /opt/prj/aPlus/src/net/udp.o
 .comment       0x00000000       0x12 /opt/prj/aPlus/src/syscall/times.o
 .comment       0x00000000       0x12 /opt/prj/aPlus/src/syscall/sbrk.o
 .comment       0x00000000       0x12 /opt/prj/aPlus/src/syscall/link.o
 .comment       0x00000000       0x12 /opt/prj/aPlus/src/syscall/close.o
 .comment       0x00000000       0x12 /opt/prj/aPlus/src/syscall/fstat.o
 .comment       0x00000000       0x12 /opt/prj/aPlus/src/syscall/yield.o
 .comment       0x00000000       0x12 /opt/prj/aPlus/src/syscall/fork.o
 .comment       0x00000000       0x12 /opt/prj/aPlus/src/syscall/unlink.o
 .comment       0x00000000       0x12 /opt/prj/aPlus/src/syscall/stat.o
 .comment       0x00000000       0x12 /opt/prj/aPlus/src/syscall/kill.o
 .comment       0x00000000       0x12 /opt/prj/aPlus/src/syscall/clone.o
 .comment       0x00000000       0x12 /opt/prj/aPlus/src/syscall/read.o
 .comment       0x00000000       0x12 /opt/prj/aPlus/src/syscall/write.o
 .comment       0x00000000       0x12 /opt/prj/aPlus/src/syscall/gettimeofday.o
 .comment       0x00000000       0x12 /opt/prj/aPlus/src/syscall/isatty.o
 .comment       0x00000000       0x12 /opt/prj/aPlus/src/syscall/getpid.o
 .comment       0x00000000       0x12 /opt/prj/aPlus/src/syscall/lseek.o
 .comment       0x00000000       0x12 /opt/prj/aPlus/src/syscall/chown.o
 .comment       0x00000000       0x12 /opt/prj/aPlus/src/syscall/test.o
 .comment       0x00000000       0x12 /opt/prj/aPlus/src/syscall/_exit.o
 .comment       0x00000000       0x12 /opt/prj/aPlus/src/syscall/ioctl.o
 .comment       0x00000000       0x12 /opt/prj/aPlus/src/syscall/wait.o
 .comment       0x00000000       0x12 /opt/prj/aPlus/src/syscall/fcntl.o
 .comment       0x00000000       0x12 /opt/prj/aPlus/src/syscall/open.o
 .comment       0x00000000       0x12 /opt/prj/aPlus/src/syscall/readdir.o
 .comment       0x00000000       0x12 /opt/prj/aPlus/src/syscall/execve.o
 .comment       0x00000000       0x12 /opt/prj/aPlus/src/syscall/getgroups.o
 .comment       0x00000000       0x12 /opt/prj/aPlus/src/sched.o
 .comment       0x00000000       0x12 /opt/prj/aPlus/src/fs/vfs.o
 .comment       0x00000000       0x12 /opt/prj/aPlus/src/fs/pipe.o
 .comment       0x00000000       0x12 /opt/prj/aPlus/src/fs/fs.o
 .comment       0x00000000       0x12 /opt/prj/aPlus/src/fs/devfs.o
 .comment       0x00000000       0x12 /opt/prj/aPlus/src/panic.o
 .comment       0x00000000       0x12 /opt/prj/aPlus/src/spinlock.o
 .comment       0x00000000       0x12 /opt/prj/aPlus/src/mm/paging.o
 .comment       0x00000000       0x12 /opt/prj/aPlus/src/mm/mm.o
 .comment       0x00000000       0x12 /opt/prj/aPlus/src/mm/heap.o
 .comment       0x00000000       0x12 /opt/prj/aPlus/src/mm/kheap.o
 .comment       0x00000000       0x12 /opt/prj/aPlus/src/main.o
 .comment       0x00000000       0x12 /opt/prj/aPlus/src/debug.o
 .comment       0x00000000       0x12 /opt/prj/aPlus/src/bufio.o
 .comment       0x00000000       0x12 /opt/prj/aPlus/src/arch/desc.o
 .comment       0x00000000       0x12 /opt/prj/aPlus/src/arch/task.o
 .comment       0x00000000       0x12 /opt/prj/aPlus/src/arch/pci.o
 .comment       0x00000000       0x12 /opt/prj/aPlus/src/arch/syscall.o
 .comment       0x00000000       0x12 /opt/cross/usr/lib/libposix.a(syscalls.o)
 .comment       0x00000000       0x12 /opt/cross/usr/lib/libc.a(lib_a-errno.o)
 .comment       0x00000000       0x12 /opt/cross/usr/lib/libc.a(lib_a-impure.o)
 .comment       0x00000000       0x12 /opt/cross/usr/lib/libc.a(lib_a-mktime.o)
 .comment       0x00000000       0x12 /opt/cross/usr/lib/libc.a(lib_a-mktm_r.o)
 .comment       0x00000000       0x12 /opt/cross/usr/lib/libc.a(lib_a-strcmp.o)
 .comment       0x00000000       0x12 /opt/cross/usr/lib/libc.a(lib_a-strcpy.o)
 .comment       0x00000000       0x12 /opt/cross/usr/lib/libc.a(lib_a-strerror.o)
 .comment       0x00000000       0x12 /opt/cross/usr/lib/libc.a(lib_a-tzlock.o)
 .comment       0x00000000       0x12 /opt/cross/usr/lib/libc.a(lib_a-tzvars.o)
 .comment       0x00000000       0x12 /opt/cross/usr/lib/libc.a(lib_a-u_strerr.o)
 .comment       0x00000000       0x12 /opt/cross/usr/lib/libc.a(lib_a-div.o)
 .comment       0x00000000       0x12 /opt/cross/usr/lib/libc.a(lib_a-gettzinfo.o)

.debug_loc      0x00000000     0x1195
 .debug_loc     0x00000000      0x5a5 /opt/cross/usr/lib/libc.a(lib_a-mktime.o)
 .debug_loc     0x000005a5      0x4b4 /opt/cross/usr/lib/libc.a(lib_a-mktm_r.o)
 .debug_loc     0x00000a59       0x94 /opt/cross/usr/lib/libc.a(lib_a-strcmp.o)
 .debug_loc     0x00000aed       0xbe /opt/cross/usr/lib/libc.a(lib_a-strcpy.o)
 .debug_loc     0x00000bab      0x4c9 /opt/cross/usr/lib/libc.a(lib_a-strerror.o)
 .debug_loc     0x00001074      0x121 /opt/cross/usr/lib/libc.a(lib_a-div.o)

.debug_ranges   0x00000000       0x98
 .debug_ranges  0x00000000       0x50 /opt/cross/usr/lib/libc.a(lib_a-mktime.o)
 .debug_ranges  0x00000050       0x48 /opt/cross/usr/lib/libc.a(lib_a-mktm_r.o)
